<?xml version="1.0" encoding="utf-8"?>
<TestRun id="82ff6f58-427a-4dad-9944-50935dd091cc" name="@Mac 2026-08-22 14:32:58" xmlns="http://microsoft.com/schemas/VisualStudio/TeamTest/2010">
  <Times creation="2026-08-22T14:32:58.4827480-04:00" queuing="2026-08-22T14:32:58.4827480-04:00" start="2026-08-22T14:32:58.1252810-04:00" finish="2026-08-22T14:32:58.5025640-04:00" />
  <TestSettings name="default" id="bdcfaa44-425e-4251-a2c7-6730f41d9ee2">
    <Deployment runDeploymentRoot="_Mac_2026-08-22_14_32_58" />
  </TestSettings>
  <Results>
    <UnitTestResult executionId="3ef55994-955f-46e0-ad4e-0338788a2d83" testId="e00f9cac-83d4-c992-f2e3-5d823886b3e6" testName="Opstrax.Telematics.Protocols.Tests.J1939DiagnosticDecoderTests.Decode_supports_multiple_dtcs_and_conversion_method_bit" computerName="Mac" duration="00:00:00.0027521" startTime="2026-08-22T14:32:58.4511830-04:00" endTime="2026-08-22T14:32:58.4517000-04:00" testType="13cdc9d9-ddb5-4fa4-a97d-d965ccfc6d4b" outcome="Passed" testListId="8c84fa94-04c1-424b-9868-57a2d4851a1d" relativeResultsDirectory="3ef55994-955f-46e0-ad4e-0338788a2d83" />
    <UnitTestResult executionId="2df3508c-bff4-4110-ac0f-006ad111c9aa" testId="2586b801-2afd-b979-2ab2-fecd8227f84d" testName="Opstrax.Telematics.Protocols.Tests.J1939DiagnosticDecoderTests.Decode_rejects_unsupported_or_malformed_payload(pgn: 65226, payload: [0])" computerName="Mac" duration="00:00:00.0000204" startTime="2026-08-22T14:32:58.4520040-04:00" endTime="2026-08-22T14:32:58.4520270-04:00" testType="13cdc9d9-ddb5-4fa4-a97d-d965ccfc6d4b" outcome="Passed" testListId="8c84fa94-04c1-424b-9868-57a2d4851a1d" relativeResultsDirectory="2df3508c-bff4-4110-ac0f-006ad111c9aa" />
    <UnitTestResult executionId="31dabff1-c77a-49f3-8964-cb8a2b7c2b30" testId="88aa3a1e-e9c0-f05a-1b98-436e3c554af5" testName="Opstrax.Telematics.Protocols.Tests.Gt06AdapterTests.Decodes_valid_location_0x12_fields" computerName="Mac" duration="00:00:00.0003914" startTime="2026-08-22T14:32:58.4665170-04:00" endTime="2026-08-22T14:32:58.4665400-04:00" testType="13cdc9d9-ddb5-4fa4-a97d-d965ccfc6d4b" outcome="Passed" testListId="8c84fa94-04c1-424b-9868-57a2d4851a1d" relativeResultsDirectory="31dabff1-c77a-49f3-8964-cb8a2b7c2b30" />
    <UnitTestResult executionId="910985cf-2419-4910-8a3d-cc8f04fed371" testId="2f59638b-b14e-b1f9-c4eb-1e91d1bfb348" testName="Opstrax.Telematics.Protocols.Tests.Gt06AdapterTests.Decodes_status_0x23_as_status_message" computerName="Mac" duration="00:00:00.0002188" startTime="2026-08-22T14:32:58.4753520-04:00" endTime="2026-08-22T14:32:58.4755330-04:00" testType="13cdc9d9-ddb5-4fa4-a97d-d965ccfc6d4b" outcome="Passed" testListId="8c84fa94-04c1-424b-9868-57a2d4851a1d" relativeResultsDirectory="910985cf-2419-4910-8a3d-cc8f04fed371" />
    <UnitTestResult executionId="6a4db727-666e-422f-868d-ddc23e5f4cff" testId="4d4bae88-c393-0739-db26-e98f29f565b6" testName="Opstrax.Telematics.Protocols.Tests.Gt06AdapterTests.Bad_crc_frame_is_rejected_without_throwing_and_emits_no_message" computerName="Mac" duration="00:00:00.0001221" startTime="2026-08-22T14:32:58.4662110-04:00" endTime="2026-08-22T14:32:58.4662360-04:00" testType="13cdc9d9-ddb5-4fa4-a97d-d965ccfc6d4b" outcome="Passed" testListId="8c84fa94-04c1-424b-9868-57a2d4851a1d" relativeResultsDirectory="6a4db727-666e-422f-868d-ddc23e5f4cff" />
    <UnitTestResult executionId="e3c0e9c4-494a-4cbc-972b-735b1f556f87" testId="0fdd8c1b-640b-981d-1aab-1e247b2950de" testName="Opstrax.Telematics.Protocols.Tests.Gt06AdapterTests.A_hostile_garbage_buffer_never_throws_anything_but_ProtocolException" computerName="Mac" duration="00:00:00.0001167" startTime="2026-08-22T14:32:58.4651620-04:00" endTime="2026-08-22T14:32:58.4651880-04:00" testType="13cdc9d9-ddb5-4fa4-a97d-d965ccfc6d4b" outcome="Passed" testListId="8c84fa94-04c1-424b-9868-57a2d4851a1d" relativeResultsDirectory="e3c0e9c4-494a-4cbc-972b-735b1f556f87" />
    <UnitTestResult executionId="2f14639c-6c7c-45cb-9fa4-48ccff4f01f4" testId="8c4f87c3-7d8e-9b7b-4508-19d4066bd59f" testName="Opstrax.Telematics.Protocols.Tests.J1939DiagnosticDecoderTests.Decode_rejects_unsupported_or_malformed_payload(pgn: 65227, payload: [0, 0, 1])" computerName="Mac" duration="00:00:00.0001029" startTime="2026-08-22T14:32:58.4519380-04:00" endTime="2026-08-22T14:32:58.4519600-04:00" testType="13cdc9d9-ddb5-4fa4-a97d-d965ccfc6d4b" outcome="Passed" testListId="8c84fa94-04c1-424b-9868-57a2d4851a1d" relativeResultsDirectory="2f14639c-6c7c-45cb-9fa4-48ccff4f01f4" />
    <UnitTestResult executionId="505255e1-6f81-4314-84c3-b7fdfc4e441c" testId="0ce6b6ce-e08d-f11c-8b74-2c902ff0e2d4" testName="Opstrax.Telematics.Protocols.Tests.J1939DiagnosticDecoderTests.Decode_rejects_unsupported_or_malformed_payload(pgn: 65225, payload: [0, 0])" computerName="Mac" duration="00:00:00.0001555" startTime="2026-08-22T14:32:58.4518690-04:00" endTime="2026-08-22T14:32:58.4518930-04:00" testType="13cdc9d9-ddb5-4fa4-a97d-d965ccfc6d4b" outcome="Passed" testListId="8c84fa94-04c1-424b-9868-57a2d4851a1d" relativeResultsDirectory="505255e1-6f81-4314-84c3-b7fdfc4e441c" />
    <UnitTestResult executionId="e2d7e238-0d96-43a2-835f-37901240db48" testId="0893f093-c29a-0e39-61ba-b1ab21c5ade1" testName="Opstrax.Telematics.Protocols.Tests.Gt06AdapterTests.Extreme_speed_is_decoded_verbatim_and_never_silently_clamped" computerName="Mac" duration="00:00:00.0002569" startTime="2026-08-22T14:32:58.4730110-04:00" endTime="2026-08-22T14:32:58.4732200-04:00" testType="13cdc9d9-ddb5-4fa4-a97d-d965ccfc6d4b" outcome="Passed" testListId="8c84fa94-04c1-424b-9868-57a2d4851a1d" relativeResultsDirectory="e2d7e238-0d96-43a2-835f-37901240db48" />
    <UnitTestResult executionId="a1011249-16ea-43eb-9cb1-bb0ba5fbee53" testId="6e782c66-3c40-a7a7-9fb6-3307d583ec6a" testName="Opstrax.Telematics.Protocols.Tests.Gt06AdapterTests.TryIdentify_matches_both_start_markers_and_rejects_others" computerName="Mac" duration="00:00:00.0002285" startTime="2026-08-22T14:32:58.4661320-04:00" endTime="2026-08-22T14:32:58.4661560-04:00" testType="13cdc9d9-ddb5-4fa4-a97d-d965ccfc6d4b" outcome="Passed" testListId="8c84fa94-04c1-424b-9868-57a2d4851a1d" relativeResultsDirectory="a1011249-16ea-43eb-9cb1-bb0ba5fbee53" />
    <UnitTestResult executionId="eeea1f7b-35cc-46f0-9095-81a6c12f8925" testId="5c9b8cc4-3cfe-2343-cd23-1e92484026e9" testName="Opstrax.Telematics.Protocols.Tests.Gt06AdapterTests.EncodeCommand_builds_a_valid_0x80_frame_when_given_command_text" computerName="Mac" duration="00:00:00.0002498" startTime="2026-08-22T14:32:58.4733470-04:00" endTime="2026-08-22T14:32:58.4735990-04:00" testType="13cdc9d9-ddb5-4fa4-a97d-d965ccfc6d4b" outcome="Passed" testListId="8c84fa94-04c1-424b-9868-57a2d4851a1d" relativeResultsDirectory="eeea1f7b-35cc-46f0-9095-81a6c12f8925" />
    <UnitTestResult executionId="0a0bcff1-e927-461c-90ad-1443a395f3ad" testId="86d00ac7-4f8e-861e-c528-21324b7fb5e9" testName="Opstrax.Telematics.Protocols.Tests.Gt06AdapterTests.Crc16Itu_matches_the_canonical_x25_check_value" computerName="Mac" duration="00:00:00.0001352" startTime="2026-08-22T14:32:58.4719380-04:00" endTime="2026-08-22T14:32:58.4720290-04:00" testType="13cdc9d9-ddb5-4fa4-a97d-d965ccfc6d4b" outcome="Passed" testListId="8c84fa94-04c1-424b-9868-57a2d4851a1d" relativeResultsDirectory="0a0bcff1-e927-461c-90ad-1443a395f3ad" />
    <UnitTestResult executionId="7650810c-6675-40c2-a99b-f19b33601fcc" testId="8a87b71f-036d-b8ba-3ef8-e455bed480ae" testName="Opstrax.Telematics.Protocols.Tests.J1939DiagnosticDecoderTests.DecodeDm1_extracts_lamps_spn_fmi_occurrence_and_conversion_method" computerName="Mac" duration="00:00:00.0013359" startTime="2026-08-22T14:32:58.4642360-04:00" endTime="2026-08-22T14:32:58.4645180-04:00" testType="13cdc9d9-ddb5-4fa4-a97d-d965ccfc6d4b" outcome="Passed" testListId="8c84fa94-04c1-424b-9868-57a2d4851a1d" relativeResultsDirectory="7650810c-6675-40c2-a99b-f19b33601fcc" />
    <UnitTestResult executionId="946d3ef6-e59c-4f49-91ac-e009324f17ac" testId="e4931f6b-e25b-07d2-9c7d-e18869c09a05" testName="Opstrax.Telematics.Protocols.Tests.Gt06AdapterTests.Decodes_south_and_east_hemispheres_from_the_status_word" computerName="Mac" duration="00:00:00.0001764" startTime="2026-08-22T14:32:58.4704190-04:00" endTime="2026-08-22T14:32:58.4704480-04:00" testType="13cdc9d9-ddb5-4fa4-a97d-d965ccfc6d4b" outcome="Passed" testListId="8c84fa94-04c1-424b-9868-57a2d4851a1d" relativeResultsDirectory="946d3ef6-e59c-4f49-91ac-e009324f17ac" />
    <UnitTestResult executionId="e42f5fac-c26f-45d6-a34d-26b8af7a04c0" testId="a8bbd69c-2d2c-3d8b-65d0-438ea5743eb3" testName="Opstrax.Telematics.Protocols.Tests.Gt06AdapterTests.EncodeAck_for_login_matches_the_expected_server_response" computerName="Mac" duration="00:00:00.0005304" startTime="2026-08-22T14:32:58.4748030-04:00" endTime="2026-08-22T14:32:58.4752830-04:00" testType="13cdc9d9-ddb5-4fa4-a97d-d965ccfc6d4b" outcome="Passed" testListId="8c84fa94-04c1-424b-9868-57a2d4851a1d" relativeResultsDirectory="e42f5fac-c26f-45d6-a34d-26b8af7a04c0" />
    <UnitTestResult executionId="b9489b6a-2e20-4201-9172-ac3f8f9fdac8" testId="a02dd75b-e995-5ec2-3ff2-4b81c5bd3075" testName="Opstrax.Telematics.Protocols.Tests.Gt06AdapterTests.Malformed_length_throws_ProtocolException_and_does_not_crash" computerName="Mac" duration="00:00:00.0001644" startTime="2026-08-22T14:32:58.4664420-04:00" endTime="2026-08-22T14:32:58.4664650-04:00" testType="13cdc9d9-ddb5-4fa4-a97d-d965ccfc6d4b" outcome="Passed" testListId="8c84fa94-04c1-424b-9868-57a2d4851a1d" relativeResultsDirectory="b9489b6a-2e20-4201-9172-ac3f8f9fdac8" />
    <UnitTestResult executionId="0791a7c9-60cf-414a-bb55-a899b8894719" testId="e92f88a9-4870-fa27-28ac-d5e4f8ea8259" testName="Opstrax.Telematics.Protocols.Tests.LifecycleTransitionsSmokeTests.Provisioned_never_transitions_directly_to_online" computerName="Mac" duration="00:00:00.0037463" startTime="2026-08-22T14:32:58.4400040-04:00" endTime="2026-08-22T14:32:58.4480680-04:00" testType="13cdc9d9-ddb5-4fa4-a97d-d965ccfc6d4b" outcome="Passed" testListId="8c84fa94-04c1-424b-9868-57a2d4851a1d" relativeResultsDirectory="0791a7c9-60cf-414a-bb55-a899b8894719" />
    <UnitTestResult executionId="f62f0532-1dae-42d1-9476-18800bb2d91e" testId="1116343a-dd1e-0b08-82a1-349922365330" testName="Opstrax.Telematics.Protocols.Tests.Gt06AdapterTests.EncodeAck_returns_empty_for_a_frame_that_needs_no_ack" computerName="Mac" duration="00:00:00.0007783" startTime="2026-08-22T14:32:58.4648290-04:00" endTime="2026-08-22T14:32:58.4648560-04:00" testType="13cdc9d9-ddb5-4fa4-a97d-d965ccfc6d4b" outcome="Passed" testListId="8c84fa94-04c1-424b-9868-57a2d4851a1d" relativeResultsDirectory="f62f0532-1dae-42d1-9476-18800bb2d91e" />
    <UnitTestResult executionId="e410cdb7-18a1-442d-abc0-d413dc047a51" testId="bdae6d2e-dd9b-ba40-90bc-5ce80d3fdd0e" testName="Opstrax.Telematics.Protocols.Tests.Gt06AdapterTests.Decodes_sos_alarm_0x16_with_position_and_alarm_code" computerName="Mac" duration="00:00:00.0003130" startTime="2026-08-22T14:32:58.4666680-04:00" endTime="2026-08-22T14:32:58.4699320-04:00" testType="13cdc9d9-ddb5-4fa4-a97d-d965ccfc6d4b" outcome="Passed" testListId="8c84fa94-04c1-424b-9868-57a2d4851a1d" relativeResultsDirectory="e410cdb7-18a1-442d-abc0-d413dc047a51" />
    <UnitTestResult executionId="422ef547-e144-4475-b39c-710ff8169490" testId="5f713ad2-b0fb-5f82-1f79-96954f268a72" testName="Opstrax.Telematics.Protocols.Tests.LifecycleTransitionsSmokeTests.Gt06_adapter_declares_protocol_name" computerName="Mac" duration="00:00:00.0003971" startTime="2026-08-22T14:32:58.4511690-04:00" endTime="2026-08-22T14:32:58.4512240-04:00" testType="13cdc9d9-ddb5-4fa4-a97d-d965ccfc6d4b" outcome="Passed" testListId="8c84fa94-04c1-424b-9868-57a2d4851a1d" relativeResultsDirectory="422ef547-e144-4475-b39c-710ff8169490" />
    <UnitTestResult executionId="32e112eb-86d1-458a-ba1a-adb6f7feaf68" testId="826f014c-1049-0c7c-8b5c-219a7f005e7c" testName="Opstrax.Telematics.Protocols.Tests.Gt06AdapterTests.Truncated_frame_reports_needs_more_and_consumes_nothing" computerName="Mac" duration="00:00:00.0000564" startTime="2026-08-22T14:32:58.4662910-04:00" endTime="2026-08-22T14:32:58.4663150-04:00" testType="13cdc9d9-ddb5-4fa4-a97d-d965ccfc6d4b" outcome="Passed" testListId="8c84fa94-04c1-424b-9868-57a2d4851a1d" relativeResultsDirectory="32e112eb-86d1-458a-ba1a-adb6f7feaf68" />
    <UnitTestResult executionId="11467eff-a654-47c7-9c0d-c810a813916f" testId="f82d3221-3584-3899-38c0-8d527a6db9b7" testName="Opstrax.Telematics.Protocols.Tests.Gt06AdapterTests.Decodes_heartbeat_0x13_status_and_requires_ack" computerName="Mac" duration="00:00:00.0091673" startTime="2026-08-22T14:32:58.4406270-04:00" endTime="2026-08-22T14:32:58.4642860-04:00" testType="13cdc9d9-ddb5-4fa4-a97d-d965ccfc6d4b" outcome="Passed" testListId="8c84fa94-04c1-424b-9868-57a2d4851a1d" relativeResultsDirectory="11467eff-a654-47c7-9c0d-c810a813916f" />
    <UnitTestResult executionId="1fb2e0d7-709e-4a4a-83a2-9bb827b1e857" testId="af69750e-309b-ae0f-a157-181bbd76fa07" testName="Opstrax.Telematics.Protocols.Tests.Gt06AdapterTests.Decodes_time_0x8A_as_a_known_non_location_message" computerName="Mac" duration="00:00:00.0010640" startTime="2026-08-22T14:32:58.4745420-04:00" endTime="2026-08-22T14:32:58.4747180-04:00" testType="13cdc9d9-ddb5-4fa4-a97d-d965ccfc6d4b" outcome="Passed" testListId="8c84fa94-04c1-424b-9868-57a2d4851a1d" relativeResultsDirectory="1fb2e0d7-709e-4a4a-83a2-9bb827b1e857" />
    <UnitTestResult executionId="51cd27d0-1812-4b33-9529-112bdbac4f6f" testId="a2b0377e-b83a-409a-4123-2bb08f2968a2" testName="Opstrax.Telematics.Protocols.Tests.Gt06AdapterTests.Unknown_protocol_number_yields_Unknown_and_retains_raw_frame" computerName="Mac" duration="00:00:00.0017795" startTime="2026-08-22T14:32:58.4644350-04:00" endTime="2026-08-22T14:32:58.4646460-04:00" testType="13cdc9d9-ddb5-4fa4-a97d-d965ccfc6d4b" outcome="Passed" testListId="8c84fa94-04c1-424b-9868-57a2d4851a1d" relativeResultsDirectory="51cd27d0-1812-4b33-9529-112bdbac4f6f" />
    <UnitTestResult executionId="0cca1651-7a20-4117-80da-966147ab2edd" testId="e4973a09-c734-aa5b-c1de-daa9b3af70bb" testName="Opstrax.Telematics.Protocols.Tests.Gt06AdapterTests.Decodes_valid_login_with_imei_and_requires_ack" computerName="Mac" duration="00:00:00.0005185" startTime="2026-08-22T14:32:58.4721150-04:00" endTime="2026-08-22T14:32:58.4726000-04:00" testType="13cdc9d9-ddb5-4fa4-a97d-d965ccfc6d4b" outcome="Passed" testListId="8c84fa94-04c1-424b-9868-57a2d4851a1d" relativeResultsDirectory="0cca1651-7a20-4117-80da-966147ab2edd" />
    <UnitTestResult executionId="b61bcfaf-b0ed-4b9b-8853-dcda5b2895c0" testId="a071a1bc-597f-852d-1244-7b342431fc58" testName="Opstrax.Telematics.Protocols.Tests.Gt06AdapterTests.ToCanonicalEvent_stamps_gt06_provenance_and_maps_the_fix" computerName="Mac" duration="00:00:00.0050322" startTime="2026-08-22T14:32:58.4665930-04:00" endTime="2026-08-22T14:32:58.4666160-04:00" testType="13cdc9d9-ddb5-4fa4-a97d-d965ccfc6d4b" outcome="Passed" testListId="8c84fa94-04c1-424b-9868-57a2d4851a1d" relativeResultsDirectory="b61bcfaf-b0ed-4b9b-8853-dcda5b2895c0" />
    <UnitTestResult executionId="ede44252-8953-469b-b7ef-39566f4b2326" testId="32483a69-cef5-349b-01ee-a22587c4426a" testName="Opstrax.Telematics.Protocols.Tests.Gt06AdapterTests.Imei_is_not_trusted_as_tenant_ownership_comes_only_from_the_registry" computerName="Mac" duration="00:00:00.0080651" startTime="2026-08-22T14:32:58.4706850-04:00" endTime="2026-08-22T14:32:58.4718590-04:00" testType="13cdc9d9-ddb5-4fa4-a97d-d965ccfc6d4b" outcome="Passed" testListId="8c84fa94-04c1-424b-9868-57a2d4851a1d" relativeResultsDirectory="ede44252-8953-469b-b7ef-39566f4b2326" />
    <UnitTestResult executionId="35a64951-adea-42f5-8f9e-9def2faa8b13" testId="d9c4c1e8-add1-e9a5-92d9-9a602e92b767" testName="Opstrax.Telematics.Protocols.Tests.Gt06AdapterTests.Decodes_location_0x22_under_the_two_byte_length_7979_framing" computerName="Mac" duration="00:00:00.0001593" startTime="2026-08-22T14:32:58.4705880-04:00" endTime="2026-08-22T14:32:58.4706110-04:00" testType="13cdc9d9-ddb5-4fa4-a97d-d965ccfc6d4b" outcome="Passed" testListId="8c84fa94-04c1-424b-9868-57a2d4851a1d" relativeResultsDirectory="35a64951-adea-42f5-8f9e-9def2faa8b13" />
    <UnitTestResult executionId="0b93aa0f-eb7c-4844-8625-bfe35061d9e7" testId="bab09de1-1bfe-e3b7-74be-8ca4dee345c0" testName="Opstrax.Telematics.Protocols.Tests.Gt06AdapterTests.Duplicate_serial_is_reported_faithfully_for_downstream_idempotency" computerName="Mac" duration="00:00:00.0013495" startTime="2026-08-22T14:32:58.4650030-04:00" endTime="2026-08-22T14:32:58.4650270-04:00" testType="13cdc9d9-ddb5-4fa4-a97d-d965ccfc6d4b" outcome="Passed" testListId="8c84fa94-04c1-424b-9868-57a2d4851a1d" relativeResultsDirectory="0b93aa0f-eb7c-4844-8625-bfe35061d9e7" />
    <UnitTestResult executionId="d98e8c3c-4381-48d4-b65d-352e5bba7cc0" testId="f8e7f11d-a3ce-aeab-b34d-7e727c0f8a76" testName="Opstrax.Telematics.Protocols.Tests.Gt06AdapterTests.A_bad_crc_frame_between_good_frames_is_skipped_without_losing_the_others" computerName="Mac" duration="00:00:00.0007569" startTime="2026-08-22T14:32:58.4650830-04:00" endTime="2026-08-22T14:32:58.4651060-04:00" testType="13cdc9d9-ddb5-4fa4-a97d-d965ccfc6d4b" outcome="Passed" testListId="8c84fa94-04c1-424b-9868-57a2d4851a1d" relativeResultsDirectory="d98e8c3c-4381-48d4-b65d-352e5bba7cc0" />
    <UnitTestResult executionId="2ccb2876-cc00-45b5-ac1a-77e13f50b0f5" testId="46ff76e3-ee41-cdd1-ff32-ae1034dbdf90" testName="Opstrax.Telematics.Protocols.Tests.Gt06AdapterTests.EncodeAck_for_heartbeat_matches_the_expected_server_response" computerName="Mac" duration="00:00:00.0002439" startTime="2026-08-22T14:32:58.4705110-04:00" endTime="2026-08-22T14:32:58.4705350-04:00" testType="13cdc9d9-ddb5-4fa4-a97d-d965ccfc6d4b" outcome="Passed" testListId="8c84fa94-04c1-424b-9868-57a2d4851a1d" relativeResultsDirectory="2ccb2876-cc00-45b5-ac1a-77e13f50b0f5" />
    <UnitTestResult executionId="195edfc3-867b-453c-8a74-90479b16b46c" testId="9bac35aa-8ea7-2c4e-aea2-1ed8b46c06b2" testName="Opstrax.Telematics.Protocols.Tests.J1939DiagnosticDecoderTests.Decode_rejects_payload_over_transport_protocol_limit" computerName="Mac" duration="00:00:00.0032182" startTime="2026-08-22T14:32:58.4406490-04:00" endTime="2026-08-22T14:32:58.4464820-04:00" testType="13cdc9d9-ddb5-4fa4-a97d-d965ccfc6d4b" outcome="Passed" testListId="8c84fa94-04c1-424b-9868-57a2d4851a1d" relativeResultsDirectory="195edfc3-867b-453c-8a74-90479b16b46c" />
    <UnitTestResult executionId="9dee6f6b-8f8d-4565-a1cc-09f2fb090526" testId="647132ae-3450-9b98-05ae-cd0bec1ed60c" testName="Opstrax.Telematics.Protocols.Tests.Gt06AdapterTests.Truncated_frame_completes_once_the_rest_of_the_bytes_arrive" computerName="Mac" duration="00:00:00.0007969" startTime="2026-08-22T14:32:58.4647310-04:00" endTime="2026-08-22T14:32:58.4647630-04:00" testType="13cdc9d9-ddb5-4fa4-a97d-d965ccfc6d4b" outcome="Passed" testListId="8c84fa94-04c1-424b-9868-57a2d4851a1d" relativeResultsDirectory="9dee6f6b-8f8d-4565-a1cc-09f2fb090526" />
    <UnitTestResult executionId="d5dc9531-737a-402e-89fe-3eaebf0412a7" testId="643cfeef-a967-c355-56a6-a5700c9f7b3c" testName="Opstrax.Telematics.Protocols.Tests.Gt06AdapterTests.Metadata_publishes_gt06_name_and_version" computerName="Mac" duration="00:00:00.0000723" startTime="2026-08-22T14:32:58.4743440-04:00" endTime="2026-08-22T14:32:58.4743730-04:00" testType="13cdc9d9-ddb5-4fa4-a97d-d965ccfc6d4b" outcome="Passed" testListId="8c84fa94-04c1-424b-9868-57a2d4851a1d" relativeResultsDirectory="d5dc9531-737a-402e-89fe-3eaebf0412a7" />
    <UnitTestResult executionId="7fb54e6f-2597-4bab-a72a-a128a07e3ec2" testId="abca7fd3-76c3-86c8-9458-24136aacf26d" testName="Opstrax.Telematics.Protocols.Tests.Gt06AdapterTests.Multiple_frames_in_one_buffer_decode_in_wire_order" computerName="Mac" duration="00:00:00.0001442" startTime="2026-08-22T14:32:58.4663680-04:00" endTime="2026-08-22T14:32:58.4663910-04:00" testType="13cdc9d9-ddb5-4fa4-a97d-d965ccfc6d4b" outcome="Passed" testListId="8c84fa94-04c1-424b-9868-57a2d4851a1d" relativeResultsDirectory="7fb54e6f-2597-4bab-a72a-a128a07e3ec2" />
    <UnitTestResult executionId="d45d5b31-4b5a-4d32-af02-f55ac29b5d74" testId="cf9994de-9f12-8876-4f43-061bda8dff48" testName="Opstrax.Telematics.Protocols.Tests.Gt06AdapterTests.Out_of_order_frame_reports_its_own_earlier_device_time_and_higher_serial" computerName="Mac" duration="00:00:00.0002269" startTime="2026-08-22T14:32:58.4649210-04:00" endTime="2026-08-22T14:32:58.4649470-04:00" testType="13cdc9d9-ddb5-4fa4-a97d-d965ccfc6d4b" outcome="Passed" testListId="8c84fa94-04c1-424b-9868-57a2d4851a1d" relativeResultsDirectory="d45d5b31-4b5a-4d32-af02-f55ac29b5d74" />
    <UnitTestResult executionId="0abee366-c29f-4638-9e58-aa506f07c50d" testId="f099230e-f654-5f73-ebcd-d382fc88dc0f" testName="Opstrax.Telematics.Protocols.Tests.J1939DiagnosticDecoderTests.DecodeDm2_marks_message_previously_active_and_skips_na_padding" computerName="Mac" duration="00:00:00.0002814" startTime="2026-08-22T14:32:58.4517730-04:00" endTime="2026-08-22T14:32:58.4518010-04:00" testType="13cdc9d9-ddb5-4fa4-a97d-d965ccfc6d4b" outcome="Passed" testListId="8c84fa94-04c1-424b-9868-57a2d4851a1d" relativeResultsDirectory="0abee366-c29f-4638-9e58-aa506f07c50d" />
    <UnitTestResult executionId="32c160e6-ee34-49cc-b464-337102b45fc5" testId="5e6a113a-4f50-b637-8aeb-aef6bcc37eba" testName="Opstrax.Telematics.Protocols.Tests.Gt06AdapterTests.EncodeCommand_returns_null_when_no_command_text_is_supplied" computerName="Mac" duration="00:00:00.0002080" startTime="2026-08-22T14:32:58.4660400-04:00" endTime="2026-08-22T14:32:58.4660690-04:00" testType="13cdc9d9-ddb5-4fa4-a97d-d965ccfc6d4b" outcome="Passed" testListId="8c84fa94-04c1-424b-9868-57a2d4851a1d" relativeResultsDirectory="32c160e6-ee34-49cc-b464-337102b45fc5" />
    <UnitTestResult executionId="fb668421-b743-4b1d-a36e-a18f8ca4493e" testId="e8fb5115-d3b3-f1e6-2d17-c180ba0965ee" testName="Opstrax.Telematics.Protocols.Tests.Gt06AdapterTests.Invalid_coordinates_are_surfaced_verbatim_and_flagged_not_dropped" computerName="Mac" duration="00:00:00.0002977" startTime="2026-08-22T14:32:58.4727090-04:00" endTime="2026-08-22T14:32:58.4729130-04:00" testType="13cdc9d9-ddb5-4fa4-a97d-d965ccfc6d4b" outcome="Passed" testListId="8c84fa94-04c1-424b-9868-57a2d4851a1d" relativeResultsDirectory="fb668421-b743-4b1d-a36e-a18f8ca4493e" />
  </Results>
  <TestDefinitions>
    <UnitTest name="Opstrax.Telematics.Protocols.Tests.Gt06AdapterTests.TryIdentify_matches_both_start_markers_and_rejects_others" storage="/users/zackkhan/downloads/opstrax-enterprise-build-fixed-nginx/telematics/tests/opstrax.telematics.protocols.tests/bin/release/net8.0/opstrax.telematics.protocols.tests.dll" id="6e782c66-3c40-a7a7-9fb6-3307d583ec6a">
      <Execution id="a1011249-16ea-43eb-9cb1-bb0ba5fbee53" />
      <TestMethod codeBase="/Users/zackkhan/Downloads/opstrax-enterprise-build-fixed-nginx/telematics/tests/Opstrax.Telematics.Protocols.Tests/bin/Release/net8.0/Opstrax.Telematics.Protocols.Tests.dll" adapterTypeName="executor://xunit/VsTestRunner3/netcore/" className="Opstrax.Telematics.Protocols.Tests.Gt06AdapterTests" name="TryIdentify_matches_both_start_markers_and_rejects_others" />
    </UnitTest>
    <UnitTest name="Opstrax.Telematics.Protocols.Tests.Gt06AdapterTests.Duplicate_serial_is_reported_faithfully_for_downstream_idempotency" storage="/users/zackkhan/downloads/opstrax-enterprise-build-fixed-nginx/telematics/tests/opstrax.telematics.protocols.tests/bin/release/net8.0/opstrax.telematics.protocols.tests.dll" id="bab09de1-1bfe-e3b7-74be-8ca4dee345c0">
      <Execution id="0b93aa0f-eb7c-4844-8625-bfe35061d9e7" />
      <TestMethod codeBase="/Users/zackkhan/Downloads/opstrax-enterprise-build-fixed-nginx/telematics/tests/Opstrax.Telematics.Protocols.Tests/bin/Release/net8.0/Opstrax.Telematics.Protocols.Tests.dll" adapterTypeName="executor://xunit/VsTestRunner3/netcore/" className="Opstrax.Telematics.Protocols.Tests.Gt06AdapterTests" name="Duplicate_serial_is_reported_faithfully_for_downstream_idempotency" />
    </UnitTest>
    <UnitTest name="Opstrax.Telematics.Protocols.Tests.J1939DiagnosticDecoderTests.DecodeDm2_marks_message_previously_active_and_skips_na_padding" storage="/users/zackkhan/downloads/opstrax-enterprise-build-fixed-nginx/telematics/tests/opstrax.telematics.protocols.tests/bin/release/net8.0/opstrax.telematics.protocols.tests.dll" id="f099230e-f654-5f73-ebcd-d382fc88dc0f">
      <Execution id="0abee366-c29f-4638-9e58-aa506f07c50d" />
      <TestMethod codeBase="/Users/zackkhan/Downloads/opstrax-enterprise-build-fixed-nginx/telematics/tests/Opstrax.Telematics.Protocols.Tests/bin/Release/net8.0/Opstrax.Telematics.Protocols.Tests.dll" adapterTypeName="executor://xunit/VsTestRunner3/netcore/" className="Opstrax.Telematics.Protocols.Tests.J1939DiagnosticDecoderTests" name="DecodeDm2_marks_message_previously_active_and_skips_na_padding" />
    </UnitTest>
    <UnitTest name="Opstrax.Telematics.Protocols.Tests.Gt06AdapterTests.Decodes_valid_location_0x12_fields" storage="/users/zackkhan/downloads/opstrax-enterprise-build-fixed-nginx/telematics/tests/opstrax.telematics.protocols.tests/bin/release/net8.0/opstrax.telematics.protocols.tests.dll" id="88aa3a1e-e9c0-f05a-1b98-436e3c554af5">
      <Execution id="31dabff1-c77a-49f3-8964-cb8a2b7c2b30" />
      <TestMethod codeBase="/Users/zackkhan/Downloads/opstrax-enterprise-build-fixed-nginx/telematics/tests/Opstrax.Telematics.Protocols.Tests/bin/Release/net8.0/Opstrax.Telematics.Protocols.Tests.dll" adapterTypeName="executor://xunit/VsTestRunner3/netcore/" className="Opstrax.Telematics.Protocols.Tests.Gt06AdapterTests" name="Decodes_valid_location_0x12_fields" />
    </UnitTest>
    <UnitTest name="Opstrax.Telematics.Protocols.Tests.Gt06AdapterTests.Truncated_frame_reports_needs_more_and_consumes_nothing" storage="/users/zackkhan/downloads/opstrax-enterprise-build-fixed-nginx/telematics/tests/opstrax.telematics.protocols.tests/bin/release/net8.0/opstrax.telematics.protocols.tests.dll" id="826f014c-1049-0c7c-8b5c-219a7f005e7c">
      <Execution id="32e112eb-86d1-458a-ba1a-adb6f7feaf68" />
      <TestMethod codeBase="/Users/zackkhan/Downloads/opstrax-enterprise-build-fixed-nginx/telematics/tests/Opstrax.Telematics.Protocols.Tests/bin/Release/net8.0/Opstrax.Telematics.Protocols.Tests.dll" adapterTypeName="executor://xunit/VsTestRunner3/netcore/" className="Opstrax.Telematics.Protocols.Tests.Gt06AdapterTests" name="Truncated_frame_reports_needs_more_and_consumes_nothing" />
    </UnitTest>
    <UnitTest name="Opstrax.Telematics.Protocols.Tests.J1939DiagnosticDecoderTests.Decode_rejects_unsupported_or_malformed_payload(pgn: 65227, payload: [0, 0, 1])" storage="/users/zackkhan/downloads/opstrax-enterprise-build-fixed-nginx/telematics/tests/opstrax.telematics.protocols.tests/bin/release/net8.0/opstrax.telematics.protocols.tests.dll" id="8c4f87c3-7d8e-9b7b-4508-19d4066bd59f">
      <Execution id="2f14639c-6c7c-45cb-9fa4-48ccff4f01f4" />
      <TestMethod codeBase="/Users/zackkhan/Downloads/opstrax-enterprise-build-fixed-nginx/telematics/tests/Opstrax.Telematics.Protocols.Tests/bin/Release/net8.0/Opstrax.Telematics.Protocols.Tests.dll" adapterTypeName="executor://xunit/VsTestRunner3/netcore/" className="Opstrax.Telematics.Protocols.Tests.J1939DiagnosticDecoderTests" name="Decode_rejects_unsupported_or_malformed_payload" />
    </UnitTest>
    <UnitTest name="Opstrax.Telematics.Protocols.Tests.Gt06AdapterTests.ToCanonicalEvent_stamps_gt06_provenance_and_maps_the_fix" storage="/users/zackkhan/downloads/opstrax-enterprise-build-fixed-nginx/telematics/tests/opstrax.telematics.protocols.tests/bin/release/net8.0/opstrax.telematics.protocols.tests.dll" id="a071a1bc-597f-852d-1244-7b342431fc58">
      <Execution id="b61bcfaf-b0ed-4b9b-8853-dcda5b2895c0" />
      <TestMethod codeBase="/Users/zackkhan/Downloads/opstrax-enterprise-build-fixed-nginx/telematics/tests/Opstrax.Telematics.Protocols.Tests/bin/Release/net8.0/Opstrax.Telematics.Protocols.Tests.dll" adapterTypeName="executor://xunit/VsTestRunner3/netcore/" className="Opstrax.Telematics.Protocols.Tests.Gt06AdapterTests" name="ToCanonicalEvent_stamps_gt06_provenance_and_maps_the_fix" />
    </UnitTest>
    <UnitTest name="Opstrax.Telematics.Protocols.Tests.Gt06AdapterTests.EncodeAck_for_login_matches_the_expected_server_response" storage="/users/zackkhan/downloads/opstrax-enterprise-build-fixed-nginx/telematics/tests/opstrax.telematics.protocols.tests/bin/release/net8.0/opstrax.telematics.protocols.tests.dll" id="a8bbd69c-2d2c-3d8b-65d0-438ea5743eb3">
      <Execution id="e42f5fac-c26f-45d6-a34d-26b8af7a04c0" />
      <TestMethod codeBase="/Users/zackkhan/Downloads/opstrax-enterprise-build-fixed-nginx/telematics/tests/Opstrax.Telematics.Protocols.Tests/bin/Release/net8.0/Opstrax.Telematics.Protocols.Tests.dll" adapterTypeName="executor://xunit/VsTestRunner3/netcore/" className="Opstrax.Telematics.Protocols.Tests.Gt06AdapterTests" name="EncodeAck_for_login_matches_the_expected_server_response" />
    </UnitTest>
    <UnitTest name="Opstrax.Telematics.Protocols.Tests.Gt06AdapterTests.Multiple_frames_in_one_buffer_decode_in_wire_order" storage="/users/zackkhan/downloads/opstrax-enterprise-build-fixed-nginx/telematics/tests/opstrax.telematics.protocols.tests/bin/release/net8.0/opstrax.telematics.protocols.tests.dll" id="abca7fd3-76c3-86c8-9458-24136aacf26d">
      <Execution id="7fb54e6f-2597-4bab-a72a-a128a07e3ec2" />
      <TestMethod codeBase="/Users/zackkhan/Downloads/opstrax-enterprise-build-fixed-nginx/telematics/tests/Opstrax.Telematics.Protocols.Tests/bin/Release/net8.0/Opstrax.Telematics.Protocols.Tests.dll" adapterTypeName="executor://xunit/VsTestRunner3/netcore/" className="Opstrax.Telematics.Protocols.Tests.Gt06AdapterTests" name="Multiple_frames_in_one_buffer_decode_in_wire_order" />
    </UnitTest>
    <UnitTest name="Opstrax.Telematics.Protocols.Tests.J1939DiagnosticDecoderTests.Decode_rejects_unsupported_or_malformed_payload(pgn: 65226, payload: [0])" storage="/users/zackkhan/downloads/opstrax-enterprise-build-fixed-nginx/telematics/tests/opstrax.telematics.protocols.tests/bin/release/net8.0/opstrax.telematics.protocols.tests.dll" id="2586b801-2afd-b979-2ab2-fecd8227f84d">
      <Execution id="2df3508c-bff4-4110-ac0f-006ad111c9aa" />
      <TestMethod codeBase="/Users/zackkhan/Downloads/opstrax-enterprise-build-fixed-nginx/telematics/tests/Opstrax.Telematics.Protocols.Tests/bin/Release/net8.0/Opstrax.Telematics.Protocols.Tests.dll" adapterTypeName="executor://xunit/VsTestRunner3/netcore/" className="Opstrax.Telematics.Protocols.Tests.J1939DiagnosticDecoderTests" name="Decode_rejects_unsupported_or_malformed_payload" />
    </UnitTest>
    <UnitTest name="Opstrax.Telematics.Protocols.Tests.Gt06AdapterTests.Invalid_coordinates_are_surfaced_verbatim_and_flagged_not_dropped" storage="/users/zackkhan/downloads/opstrax-enterprise-build-fixed-nginx/telematics/tests/opstrax.telematics.protocols.tests/bin/release/net8.0/opstrax.telematics.protocols.tests.dll" id="e8fb5115-d3b3-f1e6-2d17-c180ba0965ee">
      <Execution id="fb668421-b743-4b1d-a36e-a18f8ca4493e" />
      <TestMethod codeBase="/Users/zackkhan/Downloads/opstrax-enterprise-build-fixed-nginx/telematics/tests/Opstrax.Telematics.Protocols.Tests/bin/Release/net8.0/Opstrax.Telematics.Protocols.Tests.dll" adapterTypeName="executor://xunit/VsTestRunner3/netcore/" className="Opstrax.Telematics.Protocols.Tests.Gt06AdapterTests" name="Invalid_coordinates_are_surfaced_verbatim_and_flagged_not_dropped" />
    </UnitTest>
    <UnitTest name="Opstrax.Telematics.Protocols.Tests.Gt06AdapterTests.EncodeCommand_builds_a_valid_0x80_frame_when_given_command_text" storage="/users/zackkhan/downloads/opstrax-enterprise-build-fixed-nginx/telematics/tests/opstrax.telematics.protocols.tests/bin/release/net8.0/opstrax.telematics.protocols.tests.dll" id="5c9b8cc4-3cfe-2343-cd23-1e92484026e9">
      <Execution id="eeea1f7b-35cc-46f0-9095-81a6c12f8925" />
      <TestMethod codeBase="/Users/zackkhan/Downloads/opstrax-enterprise-build-fixed-nginx/telematics/tests/Opstrax.Telematics.Protocols.Tests/bin/Release/net8.0/Opstrax.Telematics.Protocols.Tests.dll" adapterTypeName="executor://xunit/VsTestRunner3/netcore/" className="Opstrax.Telematics.Protocols.Tests.Gt06AdapterTests" name="EncodeCommand_builds_a_valid_0x80_frame_when_given_command_text" />
    </UnitTest>
    <UnitTest name="Opstrax.Telematics.Protocols.Tests.Gt06AdapterTests.Crc16Itu_matches_the_canonical_x25_check_value" storage="/users/zackkhan/downloads/opstrax-enterprise-build-fixed-nginx/telematics/tests/opstrax.telematics.protocols.tests/bin/release/net8.0/opstrax.telematics.protocols.tests.dll" id="86d00ac7-4f8e-861e-c528-21324b7fb5e9">
      <Execution id="0a0bcff1-e927-461c-90ad-1443a395f3ad" />
      <TestMethod codeBase="/Users/zackkhan/Downloads/opstrax-enterprise-build-fixed-nginx/telematics/tests/Opstrax.Telematics.Protocols.Tests/bin/Release/net8.0/Opstrax.Telematics.Protocols.Tests.dll" adapterTypeName="executor://xunit/VsTestRunner3/netcore/" className="Opstrax.Telematics.Protocols.Tests.Gt06AdapterTests" name="Crc16Itu_matches_the_canonical_x25_check_value" />
    </UnitTest>
    <UnitTest name="Opstrax.Telematics.Protocols.Tests.J1939DiagnosticDecoderTests.Decode_rejects_payload_over_transport_protocol_limit" storage="/users/zackkhan/downloads/opstrax-enterprise-build-fixed-nginx/telematics/tests/opstrax.telematics.protocols.tests/bin/release/net8.0/opstrax.telematics.protocols.tests.dll" id="9bac35aa-8ea7-2c4e-aea2-1ed8b46c06b2">
      <Execution id="195edfc3-867b-453c-8a74-90479b16b46c" />
      <TestMethod codeBase="/Users/zackkhan/Downloads/opstrax-enterprise-build-fixed-nginx/telematics/tests/Opstrax.Telematics.Protocols.Tests/bin/Release/net8.0/Opstrax.Telematics.Protocols.Tests.dll" adapterTypeName="executor://xunit/VsTestRunner3/netcore/" className="Opstrax.Telematics.Protocols.Tests.J1939DiagnosticDecoderTests" name="Decode_rejects_payload_over_transport_protocol_limit" />
    </UnitTest>
    <UnitTest name="Opstrax.Telematics.Protocols.Tests.J1939DiagnosticDecoderTests.Decode_rejects_unsupported_or_malformed_payload(pgn: 65225, payload: [0, 0])" storage="/users/zackkhan/downloads/opstrax-enterprise-build-fixed-nginx/telematics/tests/opstrax.telematics.protocols.tests/bin/release/net8.0/opstrax.telematics.protocols.tests.dll" id="0ce6b6ce-e08d-f11c-8b74-2c902ff0e2d4">
      <Execution id="505255e1-6f81-4314-84c3-b7fdfc4e441c" />
      <TestMethod codeBase="/Users/zackkhan/Downloads/opstrax-enterprise-build-fixed-nginx/telematics/tests/Opstrax.Telematics.Protocols.Tests/bin/Release/net8.0/Opstrax.Telematics.Protocols.Tests.dll" adapterTypeName="executor://xunit/VsTestRunner3/netcore/" className="Opstrax.Telematics.Protocols.Tests.J1939DiagnosticDecoderTests" name="Decode_rejects_unsupported_or_malformed_payload" />
    </UnitTest>
    <UnitTest name="Opstrax.Telematics.Protocols.Tests.J1939DiagnosticDecoderTests.DecodeDm1_extracts_lamps_spn_fmi_occurrence_and_conversion_method" storage="/users/zackkhan/downloads/opstrax-enterprise-build-fixed-nginx/telematics/tests/opstrax.telematics.protocols.tests/bin/release/net8.0/opstrax.telematics.protocols.tests.dll" id="8a87b71f-036d-b8ba-3ef8-e455bed480ae">
      <Execution id="7650810c-6675-40c2-a99b-f19b33601fcc" />
      <TestMethod codeBase="/Users/zackkhan/Downloads/opstrax-enterprise-build-fixed-nginx/telematics/tests/Opstrax.Telematics.Protocols.Tests/bin/Release/net8.0/Opstrax.Telematics.Protocols.Tests.dll" adapterTypeName="executor://xunit/VsTestRunner3/netcore/" className="Opstrax.Telematics.Protocols.Tests.J1939DiagnosticDecoderTests" name="DecodeDm1_extracts_lamps_spn_fmi_occurrence_and_conversion_method" />
    </UnitTest>
    <UnitTest name="Opstrax.Telematics.Protocols.Tests.J1939DiagnosticDecoderTests.Decode_supports_multiple_dtcs_and_conversion_method_bit" storage="/users/zackkhan/downloads/opstrax-enterprise-build-fixed-nginx/telematics/tests/opstrax.telematics.protocols.tests/bin/release/net8.0/opstrax.telematics.protocols.tests.dll" id="e00f9cac-83d4-c992-f2e3-5d823886b3e6">
      <Execution id="3ef55994-955f-46e0-ad4e-0338788a2d83" />
      <TestMethod codeBase="/Users/zackkhan/Downloads/opstrax-enterprise-build-fixed-nginx/telematics/tests/Opstrax.Telematics.Protocols.Tests/bin/Release/net8.0/Opstrax.Telematics.Protocols.Tests.dll" adapterTypeName="executor://xunit/VsTestRunner3/netcore/" className="Opstrax.Telematics.Protocols.Tests.J1939DiagnosticDecoderTests" name="Decode_supports_multiple_dtcs_and_conversion_method_bit" />
    </UnitTest>
    <UnitTest name="Opstrax.Telematics.Protocols.Tests.Gt06AdapterTests.Decodes_time_0x8A_as_a_known_non_location_message" storage="/users/zackkhan/downloads/opstrax-enterprise-build-fixed-nginx/telematics/tests/opstrax.telematics.protocols.tests/bin/release/net8.0/opstrax.telematics.protocols.tests.dll" id="af69750e-309b-ae0f-a157-181bbd76fa07">
      <Execution id="1fb2e0d7-709e-4a4a-83a2-9bb827b1e857" />
      <TestMethod codeBase="/Users/zackkhan/Downloads/opstrax-enterprise-build-fixed-nginx/telematics/tests/Opstrax.Telematics.Protocols.Tests/bin/Release/net8.0/Opstrax.Telematics.Protocols.Tests.dll" adapterTypeName="executor://xunit/VsTestRunner3/netcore/" className="Opstrax.Telematics.Protocols.Tests.Gt06AdapterTests" name="Decodes_time_0x8A_as_a_known_non_location_message" />
    </UnitTest>
    <UnitTest name="Opstrax.Telematics.Protocols.Tests.Gt06AdapterTests.A_hostile_garbage_buffer_never_throws_anything_but_ProtocolException" storage="/users/zackkhan/downloads/opstrax-enterprise-build-fixed-nginx/telematics/tests/opstrax.telematics.protocols.tests/bin/release/net8.0/opstrax.telematics.protocols.tests.dll" id="0fdd8c1b-640b-981d-1aab-1e247b2950de">
      <Execution id="e3c0e9c4-494a-4cbc-972b-735b1f556f87" />
      <TestMethod codeBase="/Users/zackkhan/Downloads/opstrax-enterprise-build-fixed-nginx/telematics/tests/Opstrax.Telematics.Protocols.Tests/bin/Release/net8.0/Opstrax.Telematics.Protocols.Tests.dll" adapterTypeName="executor://xunit/VsTestRunner3/netcore/" className="Opstrax.Telematics.Protocols.Tests.Gt06AdapterTests" name="A_hostile_garbage_buffer_never_throws_anything_but_ProtocolException" />
    </UnitTest>
    <UnitTest name="Opstrax.Telematics.Protocols.Tests.Gt06AdapterTests.Bad_crc_frame_is_rejected_without_throwing_and_emits_no_message" storage="/users/zackkhan/downloads/opstrax-enterprise-build-fixed-nginx/telematics/tests/opstrax.telematics.protocols.tests/bin/release/net8.0/opstrax.telematics.protocols.tests.dll" id="4d4bae88-c393-0739-db26-e98f29f565b6">
      <Execution id="6a4db727-666e-422f-868d-ddc23e5f4cff" />
      <TestMethod codeBase="/Users/zackkhan/Downloads/opstrax-enterprise-build-fixed-nginx/telematics/tests/Opstrax.Telematics.Protocols.Tests/bin/Release/net8.0/Opstrax.Telematics.Protocols.Tests.dll" adapterTypeName="executor://xunit/VsTestRunner3/netcore/" className="Opstrax.Telematics.Protocols.Tests.Gt06AdapterTests" name="Bad_crc_frame_is_rejected_without_throwing_and_emits_no_message" />
    </UnitTest>
    <UnitTest name="Opstrax.Telematics.Protocols.Tests.LifecycleTransitionsSmokeTests.Provisioned_never_transitions_directly_to_online" storage="/users/zackkhan/downloads/opstrax-enterprise-build-fixed-nginx/telematics/tests/opstrax.telematics.protocols.tests/bin/release/net8.0/opstrax.telematics.protocols.tests.dll" id="e92f88a9-4870-fa27-28ac-d5e4f8ea8259">
      <Execution id="0791a7c9-60cf-414a-bb55-a899b8894719" />
      <TestMethod codeBase="/Users/zackkhan/Downloads/opstrax-enterprise-build-fixed-nginx/telematics/tests/Opstrax.Telematics.Protocols.Tests/bin/Release/net8.0/Opstrax.Telematics.Protocols.Tests.dll" adapterTypeName="executor://xunit/VsTestRunner3/netcore/" className="Opstrax.Telematics.Protocols.Tests.LifecycleTransitionsSmokeTests" name="Provisioned_never_transitions_directly_to_online" />
    </UnitTest>
    <UnitTest name="Opstrax.Telematics.Protocols.Tests.Gt06AdapterTests.Decodes_heartbeat_0x13_status_and_requires_ack" storage="/users/zackkhan/downloads/opstrax-enterprise-build-fixed-nginx/telematics/tests/opstrax.telematics.protocols.tests/bin/release/net8.0/opstrax.telematics.protocols.tests.dll" id="f82d3221-3584-3899-38c0-8d527a6db9b7">
      <Execution id="11467eff-a654-47c7-9c0d-c810a813916f" />
      <TestMethod codeBase="/Users/zackkhan/Downloads/opstrax-enterprise-build-fixed-nginx/telematics/tests/Opstrax.Telematics.Protocols.Tests/bin/Release/net8.0/Opstrax.Telematics.Protocols.Tests.dll" adapterTypeName="executor://xunit/VsTestRunner3/netcore/" className="Opstrax.Telematics.Protocols.Tests.Gt06AdapterTests" name="Decodes_heartbeat_0x13_status_and_requires_ack" />
    </UnitTest>
    <UnitTest name="Opstrax.Telematics.Protocols.Tests.Gt06AdapterTests.Decodes_location_0x22_under_the_two_byte_length_7979_framing" storage="/users/zackkhan/downloads/opstrax-enterprise-build-fixed-nginx/telematics/tests/opstrax.telematics.protocols.tests/bin/release/net8.0/opstrax.telematics.protocols.tests.dll" id="d9c4c1e8-add1-e9a5-92d9-9a602e92b767">
      <Execution id="35a64951-adea-42f5-8f9e-9def2faa8b13" />
      <TestMethod codeBase="/Users/zackkhan/Downloads/opstrax-enterprise-build-fixed-nginx/telematics/tests/Opstrax.Telematics.Protocols.Tests/bin/Release/net8.0/Opstrax.Telematics.Protocols.Tests.dll" adapterTypeName="executor://xunit/VsTestRunner3/netcore/" className="Opstrax.Telematics.Protocols.Tests.Gt06AdapterTests" name="Decodes_location_0x22_under_the_two_byte_length_7979_framing" />
    </UnitTest>
    <UnitTest name="Opstrax.Telematics.Protocols.Tests.Gt06AdapterTests.Malformed_length_throws_ProtocolException_and_does_not_crash" storage="/users/zackkhan/downloads/opstrax-enterprise-build-fixed-nginx/telematics/tests/opstrax.telematics.protocols.tests/bin/release/net8.0/opstrax.telematics.protocols.tests.dll" id="a02dd75b-e995-5ec2-3ff2-4b81c5bd3075">
      <Execution id="b9489b6a-2e20-4201-9172-ac3f8f9fdac8" />
      <TestMethod codeBase="/Users/zackkhan/Downloads/opstrax-enterprise-build-fixed-nginx/telematics/tests/Opstrax.Telematics.Protocols.Tests/bin/Release/net8.0/Opstrax.Telematics.Protocols.Tests.dll" adapterTypeName="executor://xunit/VsTestRunner3/netcore/" className="Opstrax.Telematics.Protocols.Tests.Gt06AdapterTests" name="Malformed_length_throws_ProtocolException_and_does_not_crash" />
    </UnitTest>
    <UnitTest name="Opstrax.Telematics.Protocols.Tests.Gt06AdapterTests.Decodes_south_and_east_hemispheres_from_the_status_word" storage="/users/zackkhan/downloads/opstrax-enterprise-build-fixed-nginx/telematics/tests/opstrax.telematics.protocols.tests/bin/release/net8.0/opstrax.telematics.protocols.tests.dll" id="e4931f6b-e25b-07d2-9c7d-e18869c09a05">
      <Execution id="946d3ef6-e59c-4f49-91ac-e009324f17ac" />
      <TestMethod codeBase="/Users/zackkhan/Downloads/opstrax-enterprise-build-fixed-nginx/telematics/tests/Opstrax.Telematics.Protocols.Tests/bin/Release/net8.0/Opstrax.Telematics.Protocols.Tests.dll" adapterTypeName="executor://xunit/VsTestRunner3/netcore/" className="Opstrax.Telematics.Protocols.Tests.Gt06AdapterTests" name="Decodes_south_and_east_hemispheres_from_the_status_word" />
    </UnitTest>
    <UnitTest name="Opstrax.Telematics.Protocols.Tests.LifecycleTransitionsSmokeTests.Gt06_adapter_declares_protocol_name" storage="/users/zackkhan/downloads/opstrax-enterprise-build-fixed-nginx/telematics/tests/opstrax.telematics.protocols.tests/bin/release/net8.0/opstrax.telematics.protocols.tests.dll" id="5f713ad2-b0fb-5f82-1f79-96954f268a72">
      <Execution id="422ef547-e144-4475-b39c-710ff8169490" />
      <TestMethod codeBase="/Users/zackkhan/Downloads/opstrax-enterprise-build-fixed-nginx/telematics/tests/Opstrax.Telematics.Protocols.Tests/bin/Release/net8.0/Opstrax.Telematics.Protocols.Tests.dll" adapterTypeName="executor://xunit/VsTestRunner3/netcore/" className="Opstrax.Telematics.Protocols.Tests.LifecycleTransitionsSmokeTests" name="Gt06_adapter_declares_protocol_name" />
    </UnitTest>
    <UnitTest name="Opstrax.Telematics.Protocols.Tests.Gt06AdapterTests.EncodeCommand_returns_null_when_no_command_text_is_supplied" storage="/users/zackkhan/downloads/opstrax-enterprise-build-fixed-nginx/telematics/tests/opstrax.telematics.protocols.tests/bin/release/net8.0/opstrax.telematics.protocols.tests.dll" id="5e6a113a-4f50-b637-8aeb-aef6bcc37eba">
      <Execution id="32c160e6-ee34-49cc-b464-337102b45fc5" />
      <TestMethod codeBase="/Users/zackkhan/Downloads/opstrax-enterprise-build-fixed-nginx/telematics/tests/Opstrax.Telematics.Protocols.Tests/bin/Release/net8.0/Opstrax.Telematics.Protocols.Tests.dll" adapterTypeName="executor://xunit/VsTestRunner3/netcore/" className="Opstrax.Telematics.Protocols.Tests.Gt06AdapterTests" name="EncodeCommand_returns_null_when_no_command_text_is_supplied" />
    </UnitTest>
    <UnitTest name="Opstrax.Telematics.Protocols.Tests.Gt06AdapterTests.Imei_is_not_trusted_as_tenant_ownership_comes_only_from_the_registry" storage="/users/zackkhan/downloads/opstrax-enterprise-build-fixed-nginx/telematics/tests/opstrax.telematics.protocols.tests/bin/release/net8.0/opstrax.telematics.protocols.tests.dll" id="32483a69-cef5-349b-01ee-a22587c4426a">
      <Execution id="ede44252-8953-469b-b7ef-39566f4b2326" />
      <TestMethod codeBase="/Users/zackkhan/Downloads/opstrax-enterprise-build-fixed-nginx/telematics/tests/Opstrax.Telematics.Protocols.Tests/bin/Release/net8.0/Opstrax.Telematics.Protocols.Tests.dll" adapterTypeName="executor://xunit/VsTestRunner3/netcore/" className="Opstrax.Telematics.Protocols.Tests.Gt06AdapterTests" name="Imei_is_not_trusted_as_tenant_ownership_comes_only_from_the_registry" />
    </UnitTest>
    <UnitTest name="Opstrax.Telematics.Protocols.Tests.Gt06AdapterTests.Decodes_valid_login_with_imei_and_requires_ack" storage="/users/zackkhan/downloads/opstrax-enterprise-build-fixed-nginx/telematics/tests/opstrax.telematics.protocols.tests/bin/release/net8.0/opstrax.telematics.protocols.tests.dll" id="e4973a09-c734-aa5b-c1de-daa9b3af70bb">
      <Execution id="0cca1651-7a20-4117-80da-966147ab2edd" />
      <TestMethod codeBase="/Users/zackkhan/Downloads/opstrax-enterprise-build-fixed-nginx/telematics/tests/Opstrax.Telematics.Protocols.Tests/bin/Release/net8.0/Opstrax.Telematics.Protocols.Tests.dll" adapterTypeName="executor://xunit/VsTestRunner3/netcore/" className="Opstrax.Telematics.Protocols.Tests.Gt06AdapterTests" name="Decodes_valid_login_with_imei_and_requires_ack" />
    </UnitTest>
    <UnitTest name="Opstrax.Telematics.Protocols.Tests.Gt06AdapterTests.Decodes_status_0x23_as_status_message" storage="/users/zackkhan/downloads/opstrax-enterprise-build-fixed-nginx/telematics/tests/opstrax.telematics.protocols.tests/bin/release/net8.0/opstrax.telematics.protocols.tests.dll" id="2f59638b-b14e-b1f9-c4eb-1e91d1bfb348">
      <Execution id="910985cf-2419-4910-8a3d-cc8f04fed371" />
      <TestMethod codeBase="/Users/zackkhan/Downloads/opstrax-enterprise-build-fixed-nginx/telematics/tests/Opstrax.Telematics.Protocols.Tests/bin/Release/net8.0/Opstrax.Telematics.Protocols.Tests.dll" adapterTypeName="executor://xunit/VsTestRunner3/netcore/" className="Opstrax.Telematics.Protocols.Tests.Gt06AdapterTests" name="Decodes_status_0x23_as_status_message" />
    </UnitTest>
    <UnitTest name="Opstrax.Telematics.Protocols.Tests.Gt06AdapterTests.Decodes_sos_alarm_0x16_with_position_and_alarm_code" storage="/users/zackkhan/downloads/opstrax-enterprise-build-fixed-nginx/telematics/tests/opstrax.telematics.protocols.tests/bin/release/net8.0/opstrax.telematics.protocols.tests.dll" id="bdae6d2e-dd9b-ba40-90bc-5ce80d3fdd0e">
      <Execution id="e410cdb7-18a1-442d-abc0-d413dc047a51" />
      <TestMethod codeBase="/Users/zackkhan/Downloads/opstrax-enterprise-build-fixed-nginx/telematics/tests/Opstrax.Telematics.Protocols.Tests/bin/Release/net8.0/Opstrax.Telematics.Protocols.Tests.dll" adapterTypeName="executor://xunit/VsTestRunner3/netcore/" className="Opstrax.Telematics.Protocols.Tests.Gt06AdapterTests" name="Decodes_sos_alarm_0x16_with_position_and_alarm_code" />
    </UnitTest>
    <UnitTest name="Opstrax.Telematics.Protocols.Tests.Gt06AdapterTests.Unknown_protocol_number_yields_Unknown_and_retains_raw_frame" storage="/users/zackkhan/downloads/opstrax-enterprise-build-fixed-nginx/telematics/tests/opstrax.telematics.protocols.tests/bin/release/net8.0/opstrax.telematics.protocols.tests.dll" id="a2b0377e-b83a-409a-4123-2bb08f2968a2">
      <Execution id="51cd27d0-1812-4b33-9529-112bdbac4f6f" />
      <TestMethod codeBase="/Users/zackkhan/Downloads/opstrax-enterprise-build-fixed-nginx/telematics/tests/Opstrax.Telematics.Protocols.Tests/bin/Release/net8.0/Opstrax.Telematics.Protocols.Tests.dll" adapterTypeName="executor://xunit/VsTestRunner3/netcore/" className="Opstrax.Telematics.Protocols.Tests.Gt06AdapterTests" name="Unknown_protocol_number_yields_Unknown_and_retains_raw_frame" />
    </UnitTest>
    <UnitTest name="Opstrax.Telematics.Protocols.Tests.Gt06AdapterTests.Out_of_order_frame_reports_its_own_earlier_device_time_and_higher_serial" storage="/users/zackkhan/downloads/opstrax-enterprise-build-fixed-nginx/telematics/tests/opstrax.telematics.protocols.tests/bin/release/net8.0/opstrax.telematics.protocols.tests.dll" id="cf9994de-9f12-8876-4f43-061bda8dff48">
      <Execution id="d45d5b31-4b5a-4d32-af02-f55ac29b5d74" />
      <TestMethod codeBase="/Users/zackkhan/Downloads/opstrax-enterprise-build-fixed-nginx/telematics/tests/Opstrax.Telematics.Protocols.Tests/bin/Release/net8.0/Opstrax.Telematics.Protocols.Tests.dll" adapterTypeName="executor://xunit/VsTestRunner3/netcore/" className="Opstrax.Telematics.Protocols.Tests.Gt06AdapterTests" name="Out_of_order_frame_reports_its_own_earlier_device_time_and_higher_serial" />
    </UnitTest>
    <UnitTest name="Opstrax.Telematics.Protocols.Tests.Gt06AdapterTests.Metadata_publishes_gt06_name_and_version" storage="/users/zackkhan/downloads/opstrax-enterprise-build-fixed-nginx/telematics/tests/opstrax.telematics.protocols.tests/bin/release/net8.0/opstrax.telematics.protocols.tests.dll" id="643cfeef-a967-c355-56a6-a5700c9f7b3c">
      <Execution id="d5dc9531-737a-402e-89fe-3eaebf0412a7" />
      <TestMethod codeBase="/Users/zackkhan/Downloads/opstrax-enterprise-build-fixed-nginx/telematics/tests/Opstrax.Telematics.Protocols.Tests/bin/Release/net8.0/Opstrax.Telematics.Protocols.Tests.dll" adapterTypeName="executor://xunit/VsTestRunner3/netcore/" className="Opstrax.Telematics.Protocols.Tests.Gt06AdapterTests" name="Metadata_publishes_gt06_name_and_version" />
    </UnitTest>
    <UnitTest name="Opstrax.Telematics.Protocols.Tests.Gt06AdapterTests.Extreme_speed_is_decoded_verbatim_and_never_silently_clamped" storage="/users/zackkhan/downloads/opstrax-enterprise-build-fixed-nginx/telematics/tests/opstrax.telematics.protocols.tests/bin/release/net8.0/opstrax.telematics.protocols.tests.dll" id="0893f093-c29a-0e39-61ba-b1ab21c5ade1">
      <Execution id="e2d7e238-0d96-43a2-835f-37901240db48" />
      <TestMethod codeBase="/Users/zackkhan/Downloads/opstrax-enterprise-build-fixed-nginx/telematics/tests/Opstrax.Telematics.Protocols.Tests/bin/Release/net8.0/Opstrax.Telematics.Protocols.Tests.dll" adapterTypeName="executor://xunit/VsTestRunner3/netcore/" className="Opstrax.Telematics.Protocols.Tests.Gt06AdapterTests" name="Extreme_speed_is_decoded_verbatim_and_never_silently_clamped" />
    </UnitTest>
    <UnitTest name="Opstrax.Telematics.Protocols.Tests.Gt06AdapterTests.EncodeAck_returns_empty_for_a_frame_that_needs_no_ack" storage="/users/zackkhan/downloads/opstrax-enterprise-build-fixed-nginx/telematics/tests/opstrax.telematics.protocols.tests/bin/release/net8.0/opstrax.telematics.protocols.tests.dll" id="1116343a-dd1e-0b08-82a1-349922365330">
      <Execution id="f62f0532-1dae-42d1-9476-18800bb2d91e" />
      <TestMethod codeBase="/Users/zackkhan/Downloads/opstrax-enterprise-build-fixed-nginx/telematics/tests/Opstrax.Telematics.Protocols.Tests/bin/Release/net8.0/Opstrax.Telematics.Protocols.Tests.dll" adapterTypeName="executor://xunit/VsTestRunner3/netcore/" className="Opstrax.Telematics.Protocols.Tests.Gt06AdapterTests" name="EncodeAck_returns_empty_for_a_frame_that_needs_no_ack" />
    </UnitTest>
    <UnitTest name="Opstrax.Telematics.Protocols.Tests.Gt06AdapterTests.EncodeAck_for_heartbeat_matches_the_expected_server_response" storage="/users/zackkhan/downloads/opstrax-enterprise-build-fixed-nginx/telematics/tests/opstrax.telematics.protocols.tests/bin/release/net8.0/opstrax.telematics.protocols.tests.dll" id="46ff76e3-ee41-cdd1-ff32-ae1034dbdf90">
      <Execution id="2ccb2876-cc00-45b5-ac1a-77e13f50b0f5" />
      <TestMethod codeBase="/Users/zackkhan/Downloads/opstrax-enterprise-build-fixed-nginx/telematics/tests/Opstrax.Telematics.Protocols.Tests/bin/Release/net8.0/Opstrax.Telematics.Protocols.Tests.dll" adapterTypeName="executor://xunit/VsTestRunner3/netcore/" className="Opstrax.Telematics.Protocols.Tests.Gt06AdapterTests" name="EncodeAck_for_heartbeat_matches_the_expected_server_response" />
    </UnitTest>
    <UnitTest name="Opstrax.Telematics.Protocols.Tests.Gt06AdapterTests.A_bad_crc_frame_between_good_frames_is_skipped_without_losing_the_others" storage="/users/zackkhan/downloads/opstrax-enterprise-build-fixed-nginx/telematics/tests/opstrax.telematics.protocols.tests/bin/release/net8.0/opstrax.telematics.protocols.tests.dll" id="f8e7f11d-a3ce-aeab-b34d-7e727c0f8a76">
      <Execution id="d98e8c3c-4381-48d4-b65d-352e5bba7cc0" />
      <TestMethod codeBase="/Users/zackkhan/Downloads/opstrax-enterprise-build-fixed-nginx/telematics/tests/Opstrax.Telematics.Protocols.Tests/bin/Release/net8.0/Opstrax.Telematics.Protocols.Tests.dll" adapterTypeName="executor://xunit/VsTestRunner3/netcore/" className="Opstrax.Telematics.Protocols.Tests.Gt06AdapterTests" name="A_bad_crc_frame_between_good_frames_is_skipped_without_losing_the_others" />
    </UnitTest>
    <UnitTest name="Opstrax.Telematics.Protocols.Tests.Gt06AdapterTests.Truncated_frame_completes_once_the_rest_of_the_bytes_arrive" storage="/users/zackkhan/downloads/opstrax-enterprise-build-fixed-nginx/telematics/tests/opstrax.telematics.protocols.tests/bin/release/net8.0/opstrax.telematics.protocols.tests.dll" id="647132ae-3450-9b98-05ae-cd0bec1ed60c">
      <Execution id="9dee6f6b-8f8d-4565-a1cc-09f2fb090526" />
      <TestMethod codeBase="/Users/zackkhan/Downloads/opstrax-enterprise-build-fixed-nginx/telematics/tests/Opstrax.Telematics.Protocols.Tests/bin/Release/net8.0/Opstrax.Telematics.Protocols.Tests.dll" adapterTypeName="executor://xunit/VsTestRunner3/netcore/" className="Opstrax.Telematics.Protocols.Tests.Gt06AdapterTests" name="Truncated_frame_completes_once_the_rest_of_the_bytes_arrive" />
    </UnitTest>
  </TestDefinitions>
  <TestEntries>
    <TestEntry testId="e00f9cac-83d4-c992-f2e3-5d823886b3e6" executionId="3ef55994-955f-46e0-ad4e-0338788a2d83" testListId="8c84fa94-04c1-424b-9868-57a2d4851a1d" />
    <TestEntry testId="2586b801-2afd-b979-2ab2-fecd8227f84d" executionId="2df3508c-bff4-4110-ac0f-006ad111c9aa" testListId="8c84fa94-04c1-424b-9868-57a2d4851a1d" />
    <TestEntry testId="88aa3a1e-e9c0-f05a-1b98-436e3c554af5" executionId="31dabff1-c77a-49f3-8964-cb8a2b7c2b30" testListId="8c84fa94-04c1-424b-9868-57a2d4851a1d" />
    <TestEntry testId="2f59638b-b14e-b1f9-c4eb-1e91d1bfb348" executionId="910985cf-2419-4910-8a3d-cc8f04fed371" testListId="8c84fa94-04c1-424b-9868-57a2d4851a1d" />
    <TestEntry testId="4d4bae88-c393-0739-db26-e98f29f565b6" executionId="6a4db727-666e-422f-868d-ddc23e5f4cff" testListId="8c84fa94-04c1-424b-9868-57a2d4851a1d" />
    <TestEntry testId="0fdd8c1b-640b-981d-1aab-1e247b2950de" executionId="e3c0e9c4-494a-4cbc-972b-735b1f556f87" testListId="8c84fa94-04c1-424b-9868-57a2d4851a1d" />
    <TestEntry testId="8c4f87c3-7d8e-9b7b-4508-19d4066bd59f" executionId="2f14639c-6c7c-45cb-9fa4-48ccff4f01f4" testListId="8c84fa94-04c1-424b-9868-57a2d4851a1d" />
    <TestEntry testId="0ce6b6ce-e08d-f11c-8b74-2c902ff0e2d4" executionId="505255e1-6f81-4314-84c3-b7fdfc4e441c" testListId="8c84fa94-04c1-424b-9868-57a2d4851a1d" />
    <TestEntry testId="0893f093-c29a-0e39-61ba-b1ab21c5ade1" executionId="e2d7e238-0d96-43a2-835f-37901240db48" testListId="8c84fa94-04c1-424b-9868-57a2d4851a1d" />
    <TestEntry testId="6e782c66-3c40-a7a7-9fb6-3307d583ec6a" executionId="a1011249-16ea-43eb-9cb1-bb0ba5fbee53" testListId="8c84fa94-04c1-424b-9868-57a2d4851a1d" />
    <TestEntry testId="5c9b8cc4-3cfe-2343-cd23-1e92484026e9" executionId="eeea1f7b-35cc-46f0-9095-81a6c12f8925" testListId="8c84fa94-04c1-424b-9868-57a2d4851a1d" />
    <TestEntry testId="86d00ac7-4f8e-861e-c528-21324b7fb5e9" executionId="0a0bcff1-e927-461c-90ad-1443a395f3ad" testListId="8c84fa94-04c1-424b-9868-57a2d4851a1d" />
    <TestEntry testId="8a87b71f-036d-b8ba-3ef8-e455bed480ae" executionId="7650810c-6675-40c2-a99b-f19b33601fcc" testListId="8c84fa94-04c1-424b-9868-57a2d4851a1d" />
    <TestEntry testId="e4931f6b-e25b-07d2-9c7d-e18869c09a05" executionId="946d3ef6-e59c-4f49-91ac-e009324f17ac" testListId="8c84fa94-04c1-424b-9868-57a2d4851a1d" />
    <TestEntry testId="a8bbd69c-2d2c-3d8b-65d0-438ea5743eb3" executionId="e42f5fac-c26f-45d6-a34d-26b8af7a04c0" testListId="8c84fa94-04c1-424b-9868-57a2d4851a1d" />
    <TestEntry testId="a02dd75b-e995-5ec2-3ff2-4b81c5bd3075" executionId="b9489b6a-2e20-4201-9172-ac3f8f9fdac8" testListId="8c84fa94-04c1-424b-9868-57a2d4851a1d" />
    <TestEntry testId="e92f88a9-4870-fa27-28ac-d5e4f8ea8259" executionId="0791a7c9-60cf-414a-bb55-a899b8894719" testListId="8c84fa94-04c1-424b-9868-57a2d4851a1d" />
    <TestEntry testId="1116343a-dd1e-0b08-82a1-349922365330" executionId="f62f0532-1dae-42d1-9476-18800bb2d91e" testListId="8c84fa94-04c1-424b-9868-57a2d4851a1d" />
    <TestEntry testId="bdae6d2e-dd9b-ba40-90bc-5ce80d3fdd0e" executionId="e410cdb7-18a1-442d-abc0-d413dc047a51" testListId="8c84fa94-04c1-424b-9868-57a2d4851a1d" />
    <TestEntry testId="5f713ad2-b0fb-5f82-1f79-96954f268a72" executionId="422ef547-e144-4475-b39c-710ff8169490" testListId="8c84fa94-04c1-424b-9868-57a2d4851a1d" />
    <TestEntry testId="826f014c-1049-0c7c-8b5c-219a7f005e7c" executionId="32e112eb-86d1-458a-ba1a-adb6f7feaf68" testListId="8c84fa94-04c1-424b-9868-57a2d4851a1d" />
    <TestEntry testId="f82d3221-3584-3899-38c0-8d527a6db9b7" executionId="11467eff-a654-47c7-9c0d-c810a813916f" testListId="8c84fa94-04c1-424b-9868-57a2d4851a1d" />
    <TestEntry testId="af69750e-309b-ae0f-a157-181bbd76fa07" executionId="1fb2e0d7-709e-4a4a-83a2-9bb827b1e857" testListId="8c84fa94-04c1-424b-9868-57a2d4851a1d" />
    <TestEntry testId="a2b0377e-b83a-409a-4123-2bb08f2968a2" executionId="51cd27d0-1812-4b33-9529-112bdbac4f6f" testListId="8c84fa94-04c1-424b-9868-57a2d4851a1d" />
    <TestEntry testId="e4973a09-c734-aa5b-c1de-daa9b3af70bb" executionId="0cca1651-7a20-4117-80da-966147ab2edd" testListId="8c84fa94-04c1-424b-9868-57a2d4851a1d" />
    <TestEntry testId="a071a1bc-597f-852d-1244-7b342431fc58" executionId="b61bcfaf-b0ed-4b9b-8853-dcda5b2895c0" testListId="8c84fa94-04c1-424b-9868-57a2d4851a1d" />
    <TestEntry testId="32483a69-cef5-349b-01ee-a22587c4426a" executionId="ede44252-8953-469b-b7ef-39566f4b2326" testListId="8c84fa94-04c1-424b-9868-57a2d4851a1d" />
    <TestEntry testId="d9c4c1e8-add1-e9a5-92d9-9a602e92b767" executionId="35a64951-adea-42f5-8f9e-9def2faa8b13" testListId="8c84fa94-04c1-424b-9868-57a2d4851a1d" />
    <TestEntry testId="bab09de1-1bfe-e3b7-74be-8ca4dee345c0" executionId="0b93aa0f-eb7c-4844-8625-bfe35061d9e7" testListId="8c84fa94-04c1-424b-9868-57a2d4851a1d" />
    <TestEntry testId="f8e7f11d-a3ce-aeab-b34d-7e727c0f8a76" executionId="d98e8c3c-4381-48d4-b65d-352e5bba7cc0" testListId="8c84fa94-04c1-424b-9868-57a2d4851a1d" />
    <TestEntry testId="46ff76e3-ee41-cdd1-ff32-ae1034dbdf90" executionId="2ccb2876-cc00-45b5-ac1a-77e13f50b0f5" testListId="8c84fa94-04c1-424b-9868-57a2d4851a1d" />
    <TestEntry testId="9bac35aa-8ea7-2c4e-aea2-1ed8b46c06b2" executionId="195edfc3-867b-453c-8a74-90479b16b46c" testListId="8c84fa94-04c1-424b-9868-57a2d4851a1d" />
    <TestEntry testId="647132ae-3450-9b98-05ae-cd0bec1ed60c" executionId="9dee6f6b-8f8d-4565-a1cc-09f2fb090526" testListId="8c84fa94-04c1-424b-9868-57a2d4851a1d" />
    <TestEntry testId="643cfeef-a967-c355-56a6-a5700c9f7b3c" executionId="d5dc9531-737a-402e-89fe-3eaebf0412a7" testListId="8c84fa94-04c1-424b-9868-57a2d4851a1d" />
    <TestEntry testId="abca7fd3-76c3-86c8-9458-24136aacf26d" executionId="7fb54e6f-2597-4bab-a72a-a128a07e3ec2" testListId="8c84fa94-04c1-424b-9868-57a2d4851a1d" />
    <TestEntry testId="cf9994de-9f12-8876-4f43-061bda8dff48" executionId="d45d5b31-4b5a-4d32-af02-f55ac29b5d74" testListId="8c84fa94-04c1-424b-9868-57a2d4851a1d" />
    <TestEntry testId="f099230e-f654-5f73-ebcd-d382fc88dc0f" executionId="0abee366-c29f-4638-9e58-aa506f07c50d" testListId="8c84fa94-04c1-424b-9868-57a2d4851a1d" />
    <TestEntry testId="5e6a113a-4f50-b637-8aeb-aef6bcc37eba" executionId="32c160e6-ee34-49cc-b464-337102b45fc5" testListId="8c84fa94-04c1-424b-9868-57a2d4851a1d" />
    <TestEntry testId="e8fb5115-d3b3-f1e6-2d17-c180ba0965ee" executionId="fb668421-b743-4b1d-a36e-a18f8ca4493e" testListId="8c84fa94-04c1-424b-9868-57a2d4851a1d" />
  </TestEntries>
  <TestLists>
    <TestList name="Results Not in a List" id="8c84fa94-04c1-424b-9868-57a2d4851a1d" />
    <TestList name="All Loaded Results" id="19431567-8539-422a-85d7-44ee4e166bda" />
  </TestLists>
  <ResultSummary outcome="Completed">
    <Counters total="39" executed="39" passed="39" failed="0" error="0" timeout="0" aborted="0" inconclusive="0" passedButRunAborted="0" notRunnable="0" notExecuted="0" disconnected="0" warning="0" completed="0" inProgress="0" pending="0" />
    <Output>
      <StdOut>[xUnit.net 00:00:00.00] xUnit.net VSTest Adapter v3.1.4+50e68bbb8b (64-bit .NET 8.0.27)
[xUnit.net 00:00:00.03]   Discovering: Opstrax.Telematics.Protocols.Tests
[xUnit.net 00:00:00.06]   Discovered:  Opstrax.Telematics.Protocols.Tests
[xUnit.net 00:00:00.07]   Starting:    Opstrax.Telematics.Protocols.Tests
[xUnit.net 00:00:00.12]   Finished:    Opstrax.Telematics.Protocols.Tests
</StdOut>
    </Output>
  </ResultSummary>
</TestRun>