<?xml version="1.0" encoding="utf-8"?>
<TestRun id="69536a5f-1863-41c1-8a10-cf1eb365fcc8" name="@Mac 2026-08-21 16:37:22" xmlns="http://microsoft.com/schemas/VisualStudio/TeamTest/2010">
  <Times creation="2026-08-21T16:37:22.4817650-04:00" queuing="2026-08-21T16:37:22.4817650-04:00" start="2026-08-21T16:37:22.0365420-04:00" finish="2026-08-21T16:37:22.5033800-04:00" />
  <TestSettings name="default" id="babaf1c6-a920-4cde-891d-cf002ca90641">
    <Deployment runDeploymentRoot="_Mac_2026-08-21_16_37_22" />
  </TestSettings>
  <Results>
    <UnitTestResult executionId="5b859abc-25f6-4ea9-b986-a027f5ad7f64" testId="d3d6281b-502d-f105-61f5-21203a86184c" testName="Opstrax.Telematics.Security.Tests.InMemoryReplayGuardTests.WraparoundMode_RepeatedHeartbeatInLaterGenerationGetsANewEventIdentity" computerName="Mac" duration="00:00:00.0008621" startTime="2026-08-21T16:37:22.4577370-04:00" endTime="2026-08-21T16:37:22.4577610-04:00" testType="13cdc9d9-ddb5-4fa4-a97d-d965ccfc6d4b" outcome="Passed" testListId="8c84fa94-04c1-424b-9868-57a2d4851a1d" relativeResultsDirectory="5b859abc-25f6-4ea9-b986-a027f5ad7f64" />
    <UnitTestResult executionId="5571be39-29eb-4e5c-9f89-7e2c37dd95f7" testId="be0c5350-8836-2918-e325-3c1ba031c088" testName="Opstrax.Telematics.Security.Tests.DefaultDeviceAuthenticatorTests.Matching_source_ip_passes_when_pinned" computerName="Mac" duration="00:00:00.0002155" startTime="2026-08-21T16:37:22.4548100-04:00" endTime="2026-08-21T16:37:22.4548330-04:00" testType="13cdc9d9-ddb5-4fa4-a97d-d965ccfc6d4b" outcome="Passed" testListId="8c84fa94-04c1-424b-9868-57a2d4851a1d" relativeResultsDirectory="5571be39-29eb-4e5c-9f89-7e2c37dd95f7" />
    <UnitTestResult executionId="42e52220-fbb6-4d37-a3f8-2f1061d4143d" testId="876a1422-ad18-208d-fc51-4e67f8114e7c" testName="Opstrax.Telematics.Security.Tests.DefaultDeviceAuthenticatorTests.Allowlisted_imei_passes_under_allowlist_only_policy" computerName="Mac" duration="00:00:00.0002578" startTime="2026-08-21T16:37:22.4256250-04:00" endTime="2026-08-21T16:37:22.4256530-04:00" testType="13cdc9d9-ddb5-4fa4-a97d-d965ccfc6d4b" outcome="Passed" testListId="8c84fa94-04c1-424b-9868-57a2d4851a1d" relativeResultsDirectory="42e52220-fbb6-4d37-a3f8-2f1061d4143d" />
    <UnitTestResult executionId="b7b1b84a-5ef0-4566-8b08-7f44a327f43c" testId="fc67560a-907b-d535-1e78-d92123c3d0d2" testName="Opstrax.Telematics.Security.Tests.DefaultDeviceAuthenticatorTests.Valid_per_device_hmac_authenticates_cryptographically" computerName="Mac" duration="00:00:00.0026797" startTime="2026-08-21T16:37:22.4253140-04:00" endTime="2026-08-21T16:37:22.4255640-04:00" testType="13cdc9d9-ddb5-4fa4-a97d-d965ccfc6d4b" outcome="Passed" testListId="8c84fa94-04c1-424b-9868-57a2d4851a1d" relativeResultsDirectory="b7b1b84a-5ef0-4566-8b08-7f44a327f43c" />
    <UnitTestResult executionId="be43cf78-7d09-4a14-a01d-83209bd99015" testId="d17baf58-e266-3d04-19ee-4953343e329e" testName="Opstrax.Telematics.Security.Tests.InMemoryReplayGuardTests.InvalidDeviceId_Throws(deviceId: null)" computerName="Mac" duration="00:00:00.0001123" startTime="2026-08-21T16:37:22.4578130-04:00" endTime="2026-08-21T16:37:22.4578360-04:00" testType="13cdc9d9-ddb5-4fa4-a97d-d965ccfc6d4b" outcome="Passed" testListId="8c84fa94-04c1-424b-9868-57a2d4851a1d" relativeResultsDirectory="be43cf78-7d09-4a14-a01d-83209bd99015" />
    <UnitTestResult executionId="5bf71f50-45df-4562-b196-5f7841cce207" testId="ccbcbc7f-3460-9ab2-e32d-6b0aebd5c9f6" testName="Opstrax.Telematics.Security.Tests.InMemoryReplayGuardTests.OutOfOrder_IsRecorded_SoRetryHasStableEventIdentity" computerName="Mac" duration="00:00:00.0014864" startTime="2026-08-21T16:37:22.4252950-04:00" endTime="2026-08-21T16:37:22.4253550-04:00" testType="13cdc9d9-ddb5-4fa4-a97d-d965ccfc6d4b" outcome="Passed" testListId="8c84fa94-04c1-424b-9868-57a2d4851a1d" relativeResultsDirectory="5bf71f50-45df-4562-b196-5f7841cce207" />
    <UnitTestResult executionId="8a5b456d-0847-420f-96a8-488cee86025a" testId="ba56164b-5b75-9c76-6eba-d8deae41552a" testName="Opstrax.Telematics.Security.Tests.DefaultDeviceAuthenticatorTests.Retired_device_is_rejected" computerName="Mac" duration="00:00:00.0001686" startTime="2026-08-21T16:37:22.4559640-04:00" endTime="2026-08-21T16:37:22.4559880-04:00" testType="13cdc9d9-ddb5-4fa4-a97d-d965ccfc6d4b" outcome="Passed" testListId="8c84fa94-04c1-424b-9868-57a2d4851a1d" relativeResultsDirectory="8a5b456d-0847-420f-96a8-488cee86025a" />
    <UnitTestResult executionId="a3366725-bcce-4ac2-8b7a-215772f5683c" testId="2a2826e9-1e37-c5e9-af51-8ec0d48dcba7" testName="Opstrax.Telematics.Security.Tests.DefaultDeviceAuthenticatorTests.Quarantined_device_is_kept_quarantined" computerName="Mac" duration="00:00:00.0001765" startTime="2026-08-21T16:37:22.4560430-04:00" endTime="2026-08-21T16:37:22.4560660-04:00" testType="13cdc9d9-ddb5-4fa4-a97d-d965ccfc6d4b" outcome="Passed" testListId="8c84fa94-04c1-424b-9868-57a2d4851a1d" relativeResultsDirectory="a3366725-bcce-4ac2-8b7a-215772f5683c" />
    <UnitTestResult executionId="b4cf0570-33ac-47bb-a864-f5db91e3a9a7" testId="e2578d55-e8ab-8e9d-bf34-fc21e6332680" testName="Opstrax.Telematics.Security.Tests.DefaultDeviceAuthenticatorTests.Suspended_device_is_rejected" computerName="Mac" duration="00:00:00.0002081" startTime="2026-08-21T16:37:22.4558820-04:00" endTime="2026-08-21T16:37:22.4559070-04:00" testType="13cdc9d9-ddb5-4fa4-a97d-d965ccfc6d4b" outcome="Passed" testListId="8c84fa94-04c1-424b-9868-57a2d4851a1d" relativeResultsDirectory="b4cf0570-33ac-47bb-a864-f5db91e3a9a7" />
    <UnitTestResult executionId="56101820-ab99-46f4-a4cb-e75b709089d4" testId="bcfa12ee-dc11-f321-14f8-ddfb994896fd" testName="Opstrax.Telematics.Security.Tests.DefaultDeviceAuthenticatorTests.Login_with_no_identifier_is_rejected" computerName="Mac" duration="00:00:00.0002296" startTime="2026-08-21T16:37:22.4548850-04:00" endTime="2026-08-21T16:37:22.4549080-04:00" testType="13cdc9d9-ddb5-4fa4-a97d-d965ccfc6d4b" outcome="Passed" testListId="8c84fa94-04c1-424b-9868-57a2d4851a1d" relativeResultsDirectory="56101820-ab99-46f4-a4cb-e75b709089d4" />
    <UnitTestResult executionId="2848b121-0998-4cfc-bfb2-3e446faddb3d" testId="5b940e85-0c26-a8cd-19e4-a4252bf33884" testName="Opstrax.Telematics.Security.Tests.InMemoryReplayGuardTests.LowerSerialAfterHigher_IsOutOfOrder_AndCarriesHighWater" computerName="Mac" duration="00:00:00.0072840" startTime="2026-08-21T16:37:22.4093850-04:00" endTime="2026-08-21T16:37:22.4215300-04:00" testType="13cdc9d9-ddb5-4fa4-a97d-d965ccfc6d4b" outcome="Passed" testListId="8c84fa94-04c1-424b-9868-57a2d4851a1d" relativeResultsDirectory="2848b121-0998-4cfc-bfb2-3e446faddb3d" />
    <UnitTestResult executionId="da91a023-519c-4510-b6ed-88f154d58d48" testId="f789d0bd-9f00-840f-a67a-d03863f20f28" testName="Opstrax.Telematics.Security.Tests.InMemoryReplayGuardTests.WraparoundMode_TreatsCounterWrap_AsForwardProgress" computerName="Mac" duration="00:00:00.0000686" startTime="2026-08-21T16:37:22.4579490-04:00" endTime="2026-08-21T16:37:22.4579710-04:00" testType="13cdc9d9-ddb5-4fa4-a97d-d965ccfc6d4b" outcome="Passed" testListId="8c84fa94-04c1-424b-9868-57a2d4851a1d" relativeResultsDirectory="da91a023-519c-4510-b6ed-88f154d58d48" />
    <UnitTestResult executionId="435708fd-8242-4ed4-b871-e0c48fab4221" testId="02fe7a7f-a60a-857f-42b1-827ca19e4a9d" testName="Opstrax.Telematics.Security.Tests.InMemoryReplayGuardTests.DifferentDevices_AreTrackedIndependently" computerName="Mac" duration="00:00:00.0000699" startTime="2026-08-21T16:37:22.4584100-04:00" endTime="2026-08-21T16:37:22.4584320-04:00" testType="13cdc9d9-ddb5-4fa4-a97d-d965ccfc6d4b" outcome="Passed" testListId="8c84fa94-04c1-424b-9868-57a2d4851a1d" relativeResultsDirectory="435708fd-8242-4ed4-b871-e0c48fab4221" />
    <UnitTestResult executionId="602abe7e-78ab-474c-998d-69855cf122c8" testId="b1840d51-a99d-014a-dda8-dd65b5943dd4" testName="Opstrax.Telematics.Security.Tests.InMemoryReplayGuardTests.WraparoundMode_ExactHalfRange_IsAmbiguousAndFailsClosed" computerName="Mac" duration="00:00:00.0000611" startTime="2026-08-21T16:37:22.4583290-04:00" endTime="2026-08-21T16:37:22.4583540-04:00" testType="13cdc9d9-ddb5-4fa4-a97d-d965ccfc6d4b" outcome="Passed" testListId="8c84fa94-04c1-424b-9868-57a2d4851a1d" relativeResultsDirectory="602abe7e-78ab-474c-998d-69855cf122c8" />
    <UnitTestResult executionId="d0ab725e-2114-4cae-a95c-0d569e5e3589" testId="7ddd372f-7024-a461-f6b2-948bfeaf7fa6" testName="Opstrax.Telematics.Security.Tests.InMemoryReplayGuardTests.ReplayOfAcceptedFrame_IsAlwaysRejected_EvenAfterEviction" computerName="Mac" duration="00:00:00.0001332" startTime="2026-08-21T16:37:22.4569460-04:00" endTime="2026-08-21T16:37:22.4569700-04:00" testType="13cdc9d9-ddb5-4fa4-a97d-d965ccfc6d4b" outcome="Passed" testListId="8c84fa94-04c1-424b-9868-57a2d4851a1d" relativeResultsDirectory="d0ab725e-2114-4cae-a95c-0d569e5e3589" />
    <UnitTestResult executionId="4ecbab20-b056-4113-9c03-3546a6588d90" testId="f30febec-0caa-b4f4-7e9e-370a61c421ba" testName="Opstrax.Telematics.Security.Tests.InMemoryReplayGuardTests.RecentUse_RefreshesLruRecency" computerName="Mac" duration="00:00:00.0001508" startTime="2026-08-21T16:37:22.4568610-04:00" endTime="2026-08-21T16:37:22.4568860-04:00" testType="13cdc9d9-ddb5-4fa4-a97d-d965ccfc6d4b" outcome="Passed" testListId="8c84fa94-04c1-424b-9868-57a2d4851a1d" relativeResultsDirectory="4ecbab20-b056-4113-9c03-3546a6588d90" />
    <UnitTestResult executionId="dfc34130-0838-49a6-be9d-85ff22e07872" testId="aa20771f-adb9-d906-cc6f-5ae00b53ea14" testName="Opstrax.Telematics.Security.Tests.InMemoryReplayGuardTests.FirstOccurrence_IsAccepted" computerName="Mac" duration="00:00:00.0000742" startTime="2026-08-21T16:37:22.4576600-04:00" endTime="2026-08-21T16:37:22.4576830-04:00" testType="13cdc9d9-ddb5-4fa4-a97d-d965ccfc6d4b" outcome="Passed" testListId="8c84fa94-04c1-424b-9868-57a2d4851a1d" relativeResultsDirectory="dfc34130-0838-49a6-be9d-85ff22e07872" />
    <UnitTestResult executionId="d68dfaf8-031a-48e2-803f-11f83224e3f7" testId="94371466-9076-9261-41a6-7005c4d6d632" testName="Opstrax.Telematics.Security.Tests.InMemoryReplayGuardTests.DedupWindow_EvictsLeastRecentEntry_AtCapacity" computerName="Mac" duration="00:00:00.0000994" startTime="2026-08-21T16:37:22.4573380-04:00" endTime="2026-08-21T16:37:22.4573640-04:00" testType="13cdc9d9-ddb5-4fa4-a97d-d965ccfc6d4b" outcome="Passed" testListId="8c84fa94-04c1-424b-9868-57a2d4851a1d" relativeResultsDirectory="d68dfaf8-031a-48e2-803f-11f83224e3f7" />
    <UnitTestResult executionId="b2ea92f7-ad01-400f-9bf7-fd2c87d36d3f" testId="020684c3-030d-b9cf-1de6-928d0d3201d1" testName="Opstrax.Telematics.Security.Tests.InMemoryReplayGuardTests.InvalidDeviceId_Throws(deviceId: &quot;&quot;)" computerName="Mac" duration="00:00:00.0000735" startTime="2026-08-21T16:37:22.4578740-04:00" endTime="2026-08-21T16:37:22.4578970-04:00" testType="13cdc9d9-ddb5-4fa4-a97d-d965ccfc6d4b" outcome="Passed" testListId="8c84fa94-04c1-424b-9868-57a2d4851a1d" relativeResultsDirectory="b2ea92f7-ad01-400f-9bf7-fd2c87d36d3f" />
    <UnitTestResult executionId="227ca36d-f054-46f6-92e1-328643cfdb15" testId="73806078-f273-81ce-8082-8f3043dd57b5" testName="Opstrax.Telematics.Security.Tests.InMemoryReplayGuardTests.ExactDuplicate_IsDuplicateReplay" computerName="Mac" duration="00:00:00.0000620" startTime="2026-08-21T16:37:22.4575840-04:00" endTime="2026-08-21T16:37:22.4576080-04:00" testType="13cdc9d9-ddb5-4fa4-a97d-d965ccfc6d4b" outcome="Passed" testListId="8c84fa94-04c1-424b-9868-57a2d4851a1d" relativeResultsDirectory="227ca36d-f054-46f6-92e1-328643cfdb15" />
    <UnitTestResult executionId="4038675b-caea-4c66-86f0-fde99836e586" testId="ebd9c00c-8f04-3736-2030-578bdb5ef18b" testName="Opstrax.Telematics.Security.Tests.DefaultDeviceAuthenticatorTests.Changed_sim_iccid_quarantines_the_device" computerName="Mac" duration="00:00:00.0002120" startTime="2026-08-21T16:37:22.4544840-04:00" endTime="2026-08-21T16:37:22.4545110-04:00" testType="13cdc9d9-ddb5-4fa4-a97d-d965ccfc6d4b" outcome="Passed" testListId="8c84fa94-04c1-424b-9868-57a2d4851a1d" relativeResultsDirectory="4038675b-caea-4c66-86f0-fde99836e586" />
    <UnitTestResult executionId="5e7b1c6c-9058-40ed-8044-6497196043fd" testId="e3af3ca2-c63e-6042-08bd-7fde0088d2bb" testName="Opstrax.Telematics.Security.Tests.DefaultDeviceAuthenticatorTests.Invalid_per_device_hmac_is_rejected" computerName="Mac" duration="00:00:00.0002877" startTime="2026-08-21T16:37:22.4546520-04:00" endTime="2026-08-21T16:37:22.4546790-04:00" testType="13cdc9d9-ddb5-4fa4-a97d-d965ccfc6d4b" outcome="Passed" testListId="8c84fa94-04c1-424b-9868-57a2d4851a1d" relativeResultsDirectory="5e7b1c6c-9058-40ed-8044-6497196043fd" />
    <UnitTestResult executionId="7af78af0-9f11-4ecf-8012-603c5e0751aa" testId="b226cdb9-5673-5946-91b7-489a2e973ea2" testName="Opstrax.Telematics.Security.Tests.DefaultDeviceAuthenticatorTests.Wrong_source_ip_is_rejected_when_pinned" computerName="Mac" duration="00:00:00.0004620" startTime="2026-08-21T16:37:22.4543990-04:00" endTime="2026-08-21T16:37:22.4544250-04:00" testType="13cdc9d9-ddb5-4fa4-a97d-d965ccfc6d4b" outcome="Passed" testListId="8c84fa94-04c1-424b-9868-57a2d4851a1d" relativeResultsDirectory="7af78af0-9f11-4ecf-8012-603c5e0751aa" />
    <UnitTestResult executionId="eb4b485a-41bc-43e1-9c94-6536bab65ff8" testId="f882a6bd-a657-b9a6-9021-f6e76a46ce70" testName="Opstrax.Telematics.Security.Tests.DefaultDeviceAuthenticatorTests.Cryptographic_modes_are_classified_as_such" computerName="Mac" duration="00:00:00.0000530" startTime="2026-08-21T16:37:22.4561990-04:00" endTime="2026-08-21T16:37:22.4562220-04:00" testType="13cdc9d9-ddb5-4fa4-a97d-d965ccfc6d4b" outcome="Passed" testListId="8c84fa94-04c1-424b-9868-57a2d4851a1d" relativeResultsDirectory="eb4b485a-41bc-43e1-9c94-6536bab65ff8" />
    <UnitTestResult executionId="1ead5b79-c9bb-4ceb-aff2-d47d56887ee1" testId="bbf4e4b6-a3e6-c065-6642-dcac4eeb6d9e" testName="Opstrax.Telematics.Security.Tests.InMemoryReplayGuardTests.InvalidConstructorArgs_Throw" computerName="Mac" duration="00:00:00.0002837" startTime="2026-08-21T16:37:22.4574210-04:00" endTime="2026-08-21T16:37:22.4574440-04:00" testType="13cdc9d9-ddb5-4fa4-a97d-d965ccfc6d4b" outcome="Passed" testListId="8c84fa94-04c1-424b-9868-57a2d4851a1d" relativeResultsDirectory="1ead5b79-c9bb-4ceb-aff2-d47d56887ee1" />
    <UnitTestResult executionId="b6b35077-16eb-4abf-8965-58990e8cde40" testId="50f25420-b2e5-2980-e396-6fa66e439793" testName="Opstrax.Telematics.Security.Tests.InMemoryReplayGuardTests.ConcurrentDuplicates_AcceptExactlyOnce_NoTornState" computerName="Mac" duration="00:00:00.0140226" startTime="2026-08-21T16:37:22.4255410-04:00" endTime="2026-08-21T16:37:22.4568000-04:00" testType="13cdc9d9-ddb5-4fa4-a97d-d965ccfc6d4b" outcome="Passed" testListId="8c84fa94-04c1-424b-9868-57a2d4851a1d" relativeResultsDirectory="b6b35077-16eb-4abf-8965-58990e8cde40" />
    <UnitTestResult executionId="a08d92bc-2037-4a71-aa5a-a2bcf417a6a0" testId="09b67f79-67f3-dd19-acfc-24a9a027d1f8" testName="Opstrax.Telematics.Security.Tests.DefaultDeviceAuthenticatorTests.Provisioned_but_never_connected_device_cannot_authenticate" computerName="Mac" duration="00:00:00.0002092" startTime="2026-08-21T16:37:22.4543000-04:00" endTime="2026-08-21T16:37:22.4543280-04:00" testType="13cdc9d9-ddb5-4fa4-a97d-d965ccfc6d4b" outcome="Passed" testListId="8c84fa94-04c1-424b-9868-57a2d4851a1d" relativeResultsDirectory="a08d92bc-2037-4a71-aa5a-a2bcf417a6a0" />
    <UnitTestResult executionId="e4512571-3a63-4477-89b0-3876d73d9280" testId="77228ea7-03de-2ec4-d54b-aa6f95815862" testName="Opstrax.Telematics.Security.Tests.DefaultDeviceAuthenticatorTests.Missing_source_ip_is_rejected_when_a_pin_is_configured" computerName="Mac" duration="00:00:00.0018774" startTime="2026-08-21T16:37:22.4257160-04:00" endTime="2026-08-21T16:37:22.4257430-04:00" testType="13cdc9d9-ddb5-4fa4-a97d-d965ccfc6d4b" outcome="Passed" testListId="8c84fa94-04c1-424b-9868-57a2d4851a1d" relativeResultsDirectory="e4512571-3a63-4477-89b0-3876d73d9280" />
    <UnitTestResult executionId="92a8a089-63f4-4931-ac2a-416027dcdcc3" testId="445f4c58-7959-336d-ffba-506fa8aeae3c" testName="Opstrax.Telematics.Security.Tests.DefaultDeviceAuthenticatorTests.Unresolvable_credential_fails_closed" computerName="Mac" duration="00:00:00.0002246" startTime="2026-08-21T16:37:22.4547350-04:00" endTime="2026-08-21T16:37:22.4547580-04:00" testType="13cdc9d9-ddb5-4fa4-a97d-d965ccfc6d4b" outcome="Passed" testListId="8c84fa94-04c1-424b-9868-57a2d4851a1d" relativeResultsDirectory="92a8a089-63f4-4931-ac2a-416027dcdcc3" />
    <UnitTestResult executionId="dfe99b4c-1d88-4a54-bfdd-7af7daa3f8a6" testId="929a1f52-7257-b563-6fce-b70e411439b7" testName="Opstrax.Telematics.Security.Tests.DefaultDeviceAuthenticatorTests.Matching_sim_iccid_passes" computerName="Mac" duration="00:00:00.0064773" startTime="2026-08-21T16:37:22.4102730-04:00" endTime="2026-08-21T16:37:22.4196130-04:00" testType="13cdc9d9-ddb5-4fa4-a97d-d965ccfc6d4b" outcome="Passed" testListId="8c84fa94-04c1-424b-9868-57a2d4851a1d" relativeResultsDirectory="dfe99b4c-1d88-4a54-bfdd-7af7daa3f8a6" />
    <UnitTestResult executionId="bec96f50-d84a-40ae-9d9a-d9a0c6b17d1e" testId="17e34384-f51e-b57d-329c-d3b513995bb4" testName="Opstrax.Telematics.Security.Tests.InMemoryReplayGuardTests.EqualSerial_DistinctContent_IsAccepted_ButDoesNotBlockLaterProgress" computerName="Mac" duration="00:00:00.0000756" startTime="2026-08-21T16:37:22.4575040-04:00" endTime="2026-08-21T16:37:22.4575280-04:00" testType="13cdc9d9-ddb5-4fa4-a97d-d965ccfc6d4b" outcome="Passed" testListId="8c84fa94-04c1-424b-9868-57a2d4851a1d" relativeResultsDirectory="bec96f50-d84a-40ae-9d9a-d9a0c6b17d1e" />
    <UnitTestResult executionId="5ba497bd-139a-4939-9386-ef42cd350a90" testId="b45449e1-723a-2c45-f11a-69a3341f5e06" testName="Opstrax.Telematics.Security.Tests.DefaultDeviceAuthenticatorTests.ImeiAllowlistOnly_is_flagged_low_trust_and_non_cryptographic" computerName="Mac" duration="00:00:00.0000551" startTime="2026-08-21T16:37:22.4540980-04:00" endTime="2026-08-21T16:37:22.4541450-04:00" testType="13cdc9d9-ddb5-4fa4-a97d-d965ccfc6d4b" outcome="Passed" testListId="8c84fa94-04c1-424b-9868-57a2d4851a1d" relativeResultsDirectory="5ba497bd-139a-4939-9386-ef42cd350a90" />
    <UnitTestResult executionId="13aa09d4-807d-4b59-9f9d-a38d3907d957" testId="44f1c6c1-beab-95ba-6355-0c3540d47682" testName="Opstrax.Telematics.Security.Tests.DefaultDeviceAuthenticatorTests.RawTcp_DoesNotPretendCertificateAuthenticationOccurred(mode: MutualTls)" computerName="Mac" duration="00:00:00.0000848" startTime="2026-08-21T16:37:22.4258730-04:00" endTime="2026-08-21T16:37:22.4259040-04:00" testType="13cdc9d9-ddb5-4fa4-a97d-d965ccfc6d4b" outcome="Passed" testListId="8c84fa94-04c1-424b-9868-57a2d4851a1d" relativeResultsDirectory="13aa09d4-807d-4b59-9f9d-a38d3907d957" />
    <UnitTestResult executionId="cb153349-abf2-4465-87fa-95b3f72c51e3" testId="8333762b-1700-7cee-ebe2-610c750cb938" testName="Opstrax.Telematics.Security.Tests.DefaultDeviceAuthenticatorTests.RawTcp_DoesNotPretendCertificateAuthenticationOccurred(mode: ClientCertificate)" computerName="Mac" duration="00:00:00.0003049" startTime="2026-08-21T16:37:22.4258010-04:00" endTime="2026-08-21T16:37:22.4258290-04:00" testType="13cdc9d9-ddb5-4fa4-a97d-d965ccfc6d4b" outcome="Passed" testListId="8c84fa94-04c1-424b-9868-57a2d4851a1d" relativeResultsDirectory="cb153349-abf2-4465-87fa-95b3f72c51e3" />
    <UnitTestResult executionId="da3dc12d-c54e-4471-8567-2ea39e4287fe" testId="df005015-f69b-3df7-2b9a-e6991331b8a0" testName="Opstrax.Telematics.Security.Tests.DefaultDeviceAuthenticatorTests.Unknown_imei_does_not_resolve_to_an_owner_and_is_rejected" computerName="Mac" duration="00:00:00.0026917" startTime="2026-08-21T16:37:22.4545700-04:00" endTime="2026-08-21T16:37:22.4545940-04:00" testType="13cdc9d9-ddb5-4fa4-a97d-d965ccfc6d4b" outcome="Passed" testListId="8c84fa94-04c1-424b-9868-57a2d4851a1d" relativeResultsDirectory="da3dc12d-c54e-4471-8567-2ea39e4287fe" />
    <UnitTestResult executionId="20787341-7573-437d-9765-d3ce5c2ebcac" testId="7bb3df63-f03f-5f86-ea02-92366f6fbf3a" testName="Opstrax.Telematics.Security.Tests.InMemoryReplayGuardTests.ConcurrentDistinctDevices_DoNotContend_AndAllAccept" computerName="Mac" duration="00:00:00.0115916" startTime="2026-08-21T16:37:22.4585620-04:00" endTime="2026-08-21T16:37:22.4585840-04:00" testType="13cdc9d9-ddb5-4fa4-a97d-d965ccfc6d4b" outcome="Passed" testListId="8c84fa94-04c1-424b-9868-57a2d4851a1d" relativeResultsDirectory="20787341-7573-437d-9765-d3ce5c2ebcac" />
    <UnitTestResult executionId="0b38b214-7a60-4927-8577-73edc49d2ae1" testId="1ddca2af-2a79-d09b-7f3e-a66d5d3c477d" testName="Opstrax.Telematics.Security.Tests.DefaultDeviceAuthenticatorTests.Missing_hmac_proof_is_rejected_under_hmac_policy" computerName="Mac" duration="00:00:00.0002685" startTime="2026-08-21T16:37:22.4561220-04:00" endTime="2026-08-21T16:37:22.4561450-04:00" testType="13cdc9d9-ddb5-4fa4-a97d-d965ccfc6d4b" outcome="Passed" testListId="8c84fa94-04c1-424b-9868-57a2d4851a1d" relativeResultsDirectory="0b38b214-7a60-4927-8577-73edc49d2ae1" />
    <UnitTestResult executionId="f3063415-db6a-4c96-bc1e-5982a2e030b7" testId="a85b62a1-6990-178e-a216-93d9ecde86b9" testName="Opstrax.Telematics.Security.Tests.DefaultDeviceAuthenticatorTests.Successful_imei_allowlist_login_is_explicitly_not_cryptographically_authenticated" computerName="Mac" duration="00:00:00.0001873" startTime="2026-08-21T16:37:22.4557760-04:00" endTime="2026-08-21T16:37:22.4558090-04:00" testType="13cdc9d9-ddb5-4fa4-a97d-d965ccfc6d4b" outcome="Passed" testListId="8c84fa94-04c1-424b-9868-57a2d4851a1d" relativeResultsDirectory="f3063415-db6a-4c96-bc1e-5982a2e030b7" />
    <UnitTestResult executionId="03ecd4d1-72de-4beb-b5f9-0ce5c3972067" testId="8eb4bff4-5dcf-66b8-58c6-e894c13cf4df" testName="Opstrax.Telematics.Security.Tests.InMemoryReplayGuardTests.CheckAsync_IsBehaviorParity_And_Dedups" computerName="Mac" duration="00:00:00.0005153" startTime="2026-08-21T16:37:22.4584860-04:00" endTime="2026-08-21T16:37:22.4585080-04:00" testType="13cdc9d9-ddb5-4fa4-a97d-d965ccfc6d4b" outcome="Passed" testListId="8c84fa94-04c1-424b-9868-57a2d4851a1d" relativeResultsDirectory="03ecd4d1-72de-4beb-b5f9-0ce5c3972067" />
  </Results>
  <TestDefinitions>
    <UnitTest name="Opstrax.Telematics.Security.Tests.DefaultDeviceAuthenticatorTests.Quarantined_device_is_kept_quarantined" storage="/users/zackkhan/downloads/opstrax-enterprise-build-fixed-nginx/telematics/tests/opstrax.telematics.security.tests/bin/release/net8.0/opstrax.telematics.security.tests.dll" id="2a2826e9-1e37-c5e9-af51-8ec0d48dcba7">
      <Execution id="a3366725-bcce-4ac2-8b7a-215772f5683c" />
      <TestMethod codeBase="/Users/zackkhan/Downloads/opstrax-enterprise-build-fixed-nginx/telematics/tests/Opstrax.Telematics.Security.Tests/bin/Release/net8.0/Opstrax.Telematics.Security.Tests.dll" adapterTypeName="executor://xunit/VsTestRunner3/netcore/" className="Opstrax.Telematics.Security.Tests.DefaultDeviceAuthenticatorTests" name="Quarantined_device_is_kept_quarantined" />
    </UnitTest>
    <UnitTest name="Opstrax.Telematics.Security.Tests.DefaultDeviceAuthenticatorTests.RawTcp_DoesNotPretendCertificateAuthenticationOccurred(mode: MutualTls)" storage="/users/zackkhan/downloads/opstrax-enterprise-build-fixed-nginx/telematics/tests/opstrax.telematics.security.tests/bin/release/net8.0/opstrax.telematics.security.tests.dll" id="44f1c6c1-beab-95ba-6355-0c3540d47682">
      <Execution id="13aa09d4-807d-4b59-9f9d-a38d3907d957" />
      <TestMethod codeBase="/Users/zackkhan/Downloads/opstrax-enterprise-build-fixed-nginx/telematics/tests/Opstrax.Telematics.Security.Tests/bin/Release/net8.0/Opstrax.Telematics.Security.Tests.dll" adapterTypeName="executor://xunit/VsTestRunner3/netcore/" className="Opstrax.Telematics.Security.Tests.DefaultDeviceAuthenticatorTests" name="RawTcp_DoesNotPretendCertificateAuthenticationOccurred" />
    </UnitTest>
    <UnitTest name="Opstrax.Telematics.Security.Tests.InMemoryReplayGuardTests.EqualSerial_DistinctContent_IsAccepted_ButDoesNotBlockLaterProgress" storage="/users/zackkhan/downloads/opstrax-enterprise-build-fixed-nginx/telematics/tests/opstrax.telematics.security.tests/bin/release/net8.0/opstrax.telematics.security.tests.dll" id="17e34384-f51e-b57d-329c-d3b513995bb4">
      <Execution id="bec96f50-d84a-40ae-9d9a-d9a0c6b17d1e" />
      <TestMethod codeBase="/Users/zackkhan/Downloads/opstrax-enterprise-build-fixed-nginx/telematics/tests/Opstrax.Telematics.Security.Tests/bin/Release/net8.0/Opstrax.Telematics.Security.Tests.dll" adapterTypeName="executor://xunit/VsTestRunner3/netcore/" className="Opstrax.Telematics.Security.Tests.InMemoryReplayGuardTests" name="EqualSerial_DistinctContent_IsAccepted_ButDoesNotBlockLaterProgress" />
    </UnitTest>
    <UnitTest name="Opstrax.Telematics.Security.Tests.DefaultDeviceAuthenticatorTests.Suspended_device_is_rejected" storage="/users/zackkhan/downloads/opstrax-enterprise-build-fixed-nginx/telematics/tests/opstrax.telematics.security.tests/bin/release/net8.0/opstrax.telematics.security.tests.dll" id="e2578d55-e8ab-8e9d-bf34-fc21e6332680">
      <Execution id="b4cf0570-33ac-47bb-a864-f5db91e3a9a7" />
      <TestMethod codeBase="/Users/zackkhan/Downloads/opstrax-enterprise-build-fixed-nginx/telematics/tests/Opstrax.Telematics.Security.Tests/bin/Release/net8.0/Opstrax.Telematics.Security.Tests.dll" adapterTypeName="executor://xunit/VsTestRunner3/netcore/" className="Opstrax.Telematics.Security.Tests.DefaultDeviceAuthenticatorTests" name="Suspended_device_is_rejected" />
    </UnitTest>
    <UnitTest name="Opstrax.Telematics.Security.Tests.DefaultDeviceAuthenticatorTests.Unresolvable_credential_fails_closed" storage="/users/zackkhan/downloads/opstrax-enterprise-build-fixed-nginx/telematics/tests/opstrax.telematics.security.tests/bin/release/net8.0/opstrax.telematics.security.tests.dll" id="445f4c58-7959-336d-ffba-506fa8aeae3c">
      <Execution id="92a8a089-63f4-4931-ac2a-416027dcdcc3" />
      <TestMethod codeBase="/Users/zackkhan/Downloads/opstrax-enterprise-build-fixed-nginx/telematics/tests/Opstrax.Telematics.Security.Tests/bin/Release/net8.0/Opstrax.Telematics.Security.Tests.dll" adapterTypeName="executor://xunit/VsTestRunner3/netcore/" className="Opstrax.Telematics.Security.Tests.DefaultDeviceAuthenticatorTests" name="Unresolvable_credential_fails_closed" />
    </UnitTest>
    <UnitTest name="Opstrax.Telematics.Security.Tests.InMemoryReplayGuardTests.WraparoundMode_RepeatedHeartbeatInLaterGenerationGetsANewEventIdentity" storage="/users/zackkhan/downloads/opstrax-enterprise-build-fixed-nginx/telematics/tests/opstrax.telematics.security.tests/bin/release/net8.0/opstrax.telematics.security.tests.dll" id="d3d6281b-502d-f105-61f5-21203a86184c">
      <Execution id="5b859abc-25f6-4ea9-b986-a027f5ad7f64" />
      <TestMethod codeBase="/Users/zackkhan/Downloads/opstrax-enterprise-build-fixed-nginx/telematics/tests/Opstrax.Telematics.Security.Tests/bin/Release/net8.0/Opstrax.Telematics.Security.Tests.dll" adapterTypeName="executor://xunit/VsTestRunner3/netcore/" className="Opstrax.Telematics.Security.Tests.InMemoryReplayGuardTests" name="WraparoundMode_RepeatedHeartbeatInLaterGenerationGetsANewEventIdentity" />
    </UnitTest>
    <UnitTest name="Opstrax.Telematics.Security.Tests.DefaultDeviceAuthenticatorTests.Invalid_per_device_hmac_is_rejected" storage="/users/zackkhan/downloads/opstrax-enterprise-build-fixed-nginx/telematics/tests/opstrax.telematics.security.tests/bin/release/net8.0/opstrax.telematics.security.tests.dll" id="e3af3ca2-c63e-6042-08bd-7fde0088d2bb">
      <Execution id="5e7b1c6c-9058-40ed-8044-6497196043fd" />
      <TestMethod codeBase="/Users/zackkhan/Downloads/opstrax-enterprise-build-fixed-nginx/telematics/tests/Opstrax.Telematics.Security.Tests/bin/Release/net8.0/Opstrax.Telematics.Security.Tests.dll" adapterTypeName="executor://xunit/VsTestRunner3/netcore/" className="Opstrax.Telematics.Security.Tests.DefaultDeviceAuthenticatorTests" name="Invalid_per_device_hmac_is_rejected" />
    </UnitTest>
    <UnitTest name="Opstrax.Telematics.Security.Tests.InMemoryReplayGuardTests.InvalidConstructorArgs_Throw" storage="/users/zackkhan/downloads/opstrax-enterprise-build-fixed-nginx/telematics/tests/opstrax.telematics.security.tests/bin/release/net8.0/opstrax.telematics.security.tests.dll" id="bbf4e4b6-a3e6-c065-6642-dcac4eeb6d9e">
      <Execution id="1ead5b79-c9bb-4ceb-aff2-d47d56887ee1" />
      <TestMethod codeBase="/Users/zackkhan/Downloads/opstrax-enterprise-build-fixed-nginx/telematics/tests/Opstrax.Telematics.Security.Tests/bin/Release/net8.0/Opstrax.Telematics.Security.Tests.dll" adapterTypeName="executor://xunit/VsTestRunner3/netcore/" className="Opstrax.Telematics.Security.Tests.InMemoryReplayGuardTests" name="InvalidConstructorArgs_Throw" />
    </UnitTest>
    <UnitTest name="Opstrax.Telematics.Security.Tests.InMemoryReplayGuardTests.ConcurrentDistinctDevices_DoNotContend_AndAllAccept" storage="/users/zackkhan/downloads/opstrax-enterprise-build-fixed-nginx/telematics/tests/opstrax.telematics.security.tests/bin/release/net8.0/opstrax.telematics.security.tests.dll" id="7bb3df63-f03f-5f86-ea02-92366f6fbf3a">
      <Execution id="20787341-7573-437d-9765-d3ce5c2ebcac" />
      <TestMethod codeBase="/Users/zackkhan/Downloads/opstrax-enterprise-build-fixed-nginx/telematics/tests/Opstrax.Telematics.Security.Tests/bin/Release/net8.0/Opstrax.Telematics.Security.Tests.dll" adapterTypeName="executor://xunit/VsTestRunner3/netcore/" className="Opstrax.Telematics.Security.Tests.InMemoryReplayGuardTests" name="ConcurrentDistinctDevices_DoNotContend_AndAllAccept" />
    </UnitTest>
    <UnitTest name="Opstrax.Telematics.Security.Tests.DefaultDeviceAuthenticatorTests.Provisioned_but_never_connected_device_cannot_authenticate" storage="/users/zackkhan/downloads/opstrax-enterprise-build-fixed-nginx/telematics/tests/opstrax.telematics.security.tests/bin/release/net8.0/opstrax.telematics.security.tests.dll" id="09b67f79-67f3-dd19-acfc-24a9a027d1f8">
      <Execution id="a08d92bc-2037-4a71-aa5a-a2bcf417a6a0" />
      <TestMethod codeBase="/Users/zackkhan/Downloads/opstrax-enterprise-build-fixed-nginx/telematics/tests/Opstrax.Telematics.Security.Tests/bin/Release/net8.0/Opstrax.Telematics.Security.Tests.dll" adapterTypeName="executor://xunit/VsTestRunner3/netcore/" className="Opstrax.Telematics.Security.Tests.DefaultDeviceAuthenticatorTests" name="Provisioned_but_never_connected_device_cannot_authenticate" />
    </UnitTest>
    <UnitTest name="Opstrax.Telematics.Security.Tests.DefaultDeviceAuthenticatorTests.Changed_sim_iccid_quarantines_the_device" storage="/users/zackkhan/downloads/opstrax-enterprise-build-fixed-nginx/telematics/tests/opstrax.telematics.security.tests/bin/release/net8.0/opstrax.telematics.security.tests.dll" id="ebd9c00c-8f04-3736-2030-578bdb5ef18b">
      <Execution id="4038675b-caea-4c66-86f0-fde99836e586" />
      <TestMethod codeBase="/Users/zackkhan/Downloads/opstrax-enterprise-build-fixed-nginx/telematics/tests/Opstrax.Telematics.Security.Tests/bin/Release/net8.0/Opstrax.Telematics.Security.Tests.dll" adapterTypeName="executor://xunit/VsTestRunner3/netcore/" className="Opstrax.Telematics.Security.Tests.DefaultDeviceAuthenticatorTests" name="Changed_sim_iccid_quarantines_the_device" />
    </UnitTest>
    <UnitTest name="Opstrax.Telematics.Security.Tests.DefaultDeviceAuthenticatorTests.RawTcp_DoesNotPretendCertificateAuthenticationOccurred(mode: ClientCertificate)" storage="/users/zackkhan/downloads/opstrax-enterprise-build-fixed-nginx/telematics/tests/opstrax.telematics.security.tests/bin/release/net8.0/opstrax.telematics.security.tests.dll" id="8333762b-1700-7cee-ebe2-610c750cb938">
      <Execution id="cb153349-abf2-4465-87fa-95b3f72c51e3" />
      <TestMethod codeBase="/Users/zackkhan/Downloads/opstrax-enterprise-build-fixed-nginx/telematics/tests/Opstrax.Telematics.Security.Tests/bin/Release/net8.0/Opstrax.Telematics.Security.Tests.dll" adapterTypeName="executor://xunit/VsTestRunner3/netcore/" className="Opstrax.Telematics.Security.Tests.DefaultDeviceAuthenticatorTests" name="RawTcp_DoesNotPretendCertificateAuthenticationOccurred" />
    </UnitTest>
    <UnitTest name="Opstrax.Telematics.Security.Tests.InMemoryReplayGuardTests.ReplayOfAcceptedFrame_IsAlwaysRejected_EvenAfterEviction" storage="/users/zackkhan/downloads/opstrax-enterprise-build-fixed-nginx/telematics/tests/opstrax.telematics.security.tests/bin/release/net8.0/opstrax.telematics.security.tests.dll" id="7ddd372f-7024-a461-f6b2-948bfeaf7fa6">
      <Execution id="d0ab725e-2114-4cae-a95c-0d569e5e3589" />
      <TestMethod codeBase="/Users/zackkhan/Downloads/opstrax-enterprise-build-fixed-nginx/telematics/tests/Opstrax.Telematics.Security.Tests/bin/Release/net8.0/Opstrax.Telematics.Security.Tests.dll" adapterTypeName="executor://xunit/VsTestRunner3/netcore/" className="Opstrax.Telematics.Security.Tests.InMemoryReplayGuardTests" name="ReplayOfAcceptedFrame_IsAlwaysRejected_EvenAfterEviction" />
    </UnitTest>
    <UnitTest name="Opstrax.Telematics.Security.Tests.InMemoryReplayGuardTests.ExactDuplicate_IsDuplicateReplay" storage="/users/zackkhan/downloads/opstrax-enterprise-build-fixed-nginx/telematics/tests/opstrax.telematics.security.tests/bin/release/net8.0/opstrax.telematics.security.tests.dll" id="73806078-f273-81ce-8082-8f3043dd57b5">
      <Execution id="227ca36d-f054-46f6-92e1-328643cfdb15" />
      <TestMethod codeBase="/Users/zackkhan/Downloads/opstrax-enterprise-build-fixed-nginx/telematics/tests/Opstrax.Telematics.Security.Tests/bin/Release/net8.0/Opstrax.Telematics.Security.Tests.dll" adapterTypeName="executor://xunit/VsTestRunner3/netcore/" className="Opstrax.Telematics.Security.Tests.InMemoryReplayGuardTests" name="ExactDuplicate_IsDuplicateReplay" />
    </UnitTest>
    <UnitTest name="Opstrax.Telematics.Security.Tests.InMemoryReplayGuardTests.InvalidDeviceId_Throws(deviceId: null)" storage="/users/zackkhan/downloads/opstrax-enterprise-build-fixed-nginx/telematics/tests/opstrax.telematics.security.tests/bin/release/net8.0/opstrax.telematics.security.tests.dll" id="d17baf58-e266-3d04-19ee-4953343e329e">
      <Execution id="be43cf78-7d09-4a14-a01d-83209bd99015" />
      <TestMethod codeBase="/Users/zackkhan/Downloads/opstrax-enterprise-build-fixed-nginx/telematics/tests/Opstrax.Telematics.Security.Tests/bin/Release/net8.0/Opstrax.Telematics.Security.Tests.dll" adapterTypeName="executor://xunit/VsTestRunner3/netcore/" className="Opstrax.Telematics.Security.Tests.InMemoryReplayGuardTests" name="InvalidDeviceId_Throws" />
    </UnitTest>
    <UnitTest name="Opstrax.Telematics.Security.Tests.InMemoryReplayGuardTests.InvalidDeviceId_Throws(deviceId: &quot;&quot;)" storage="/users/zackkhan/downloads/opstrax-enterprise-build-fixed-nginx/telematics/tests/opstrax.telematics.security.tests/bin/release/net8.0/opstrax.telematics.security.tests.dll" id="020684c3-030d-b9cf-1de6-928d0d3201d1">
      <Execution id="b2ea92f7-ad01-400f-9bf7-fd2c87d36d3f" />
      <TestMethod codeBase="/Users/zackkhan/Downloads/opstrax-enterprise-build-fixed-nginx/telematics/tests/Opstrax.Telematics.Security.Tests/bin/Release/net8.0/Opstrax.Telematics.Security.Tests.dll" adapterTypeName="executor://xunit/VsTestRunner3/netcore/" className="Opstrax.Telematics.Security.Tests.InMemoryReplayGuardTests" name="InvalidDeviceId_Throws" />
    </UnitTest>
    <UnitTest name="Opstrax.Telematics.Security.Tests.InMemoryReplayGuardTests.RecentUse_RefreshesLruRecency" storage="/users/zackkhan/downloads/opstrax-enterprise-build-fixed-nginx/telematics/tests/opstrax.telematics.security.tests/bin/release/net8.0/opstrax.telematics.security.tests.dll" id="f30febec-0caa-b4f4-7e9e-370a61c421ba">
      <Execution id="4ecbab20-b056-4113-9c03-3546a6588d90" />
      <TestMethod codeBase="/Users/zackkhan/Downloads/opstrax-enterprise-build-fixed-nginx/telematics/tests/Opstrax.Telematics.Security.Tests/bin/Release/net8.0/Opstrax.Telematics.Security.Tests.dll" adapterTypeName="executor://xunit/VsTestRunner3/netcore/" className="Opstrax.Telematics.Security.Tests.InMemoryReplayGuardTests" name="RecentUse_RefreshesLruRecency" />
    </UnitTest>
    <UnitTest name="Opstrax.Telematics.Security.Tests.InMemoryReplayGuardTests.OutOfOrder_IsRecorded_SoRetryHasStableEventIdentity" storage="/users/zackkhan/downloads/opstrax-enterprise-build-fixed-nginx/telematics/tests/opstrax.telematics.security.tests/bin/release/net8.0/opstrax.telematics.security.tests.dll" id="ccbcbc7f-3460-9ab2-e32d-6b0aebd5c9f6">
      <Execution id="5bf71f50-45df-4562-b196-5f7841cce207" />
      <TestMethod codeBase="/Users/zackkhan/Downloads/opstrax-enterprise-build-fixed-nginx/telematics/tests/Opstrax.Telematics.Security.Tests/bin/Release/net8.0/Opstrax.Telematics.Security.Tests.dll" adapterTypeName="executor://xunit/VsTestRunner3/netcore/" className="Opstrax.Telematics.Security.Tests.InMemoryReplayGuardTests" name="OutOfOrder_IsRecorded_SoRetryHasStableEventIdentity" />
    </UnitTest>
    <UnitTest name="Opstrax.Telematics.Security.Tests.DefaultDeviceAuthenticatorTests.Successful_imei_allowlist_login_is_explicitly_not_cryptographically_authenticated" storage="/users/zackkhan/downloads/opstrax-enterprise-build-fixed-nginx/telematics/tests/opstrax.telematics.security.tests/bin/release/net8.0/opstrax.telematics.security.tests.dll" id="a85b62a1-6990-178e-a216-93d9ecde86b9">
      <Execution id="f3063415-db6a-4c96-bc1e-5982a2e030b7" />
      <TestMethod codeBase="/Users/zackkhan/Downloads/opstrax-enterprise-build-fixed-nginx/telematics/tests/Opstrax.Telematics.Security.Tests/bin/Release/net8.0/Opstrax.Telematics.Security.Tests.dll" adapterTypeName="executor://xunit/VsTestRunner3/netcore/" className="Opstrax.Telematics.Security.Tests.DefaultDeviceAuthenticatorTests" name="Successful_imei_allowlist_login_is_explicitly_not_cryptographically_authenticated" />
    </UnitTest>
    <UnitTest name="Opstrax.Telematics.Security.Tests.DefaultDeviceAuthenticatorTests.Missing_hmac_proof_is_rejected_under_hmac_policy" storage="/users/zackkhan/downloads/opstrax-enterprise-build-fixed-nginx/telematics/tests/opstrax.telematics.security.tests/bin/release/net8.0/opstrax.telematics.security.tests.dll" id="1ddca2af-2a79-d09b-7f3e-a66d5d3c477d">
      <Execution id="0b38b214-7a60-4927-8577-73edc49d2ae1" />
      <TestMethod codeBase="/Users/zackkhan/Downloads/opstrax-enterprise-build-fixed-nginx/telematics/tests/Opstrax.Telematics.Security.Tests/bin/Release/net8.0/Opstrax.Telematics.Security.Tests.dll" adapterTypeName="executor://xunit/VsTestRunner3/netcore/" className="Opstrax.Telematics.Security.Tests.DefaultDeviceAuthenticatorTests" name="Missing_hmac_proof_is_rejected_under_hmac_policy" />
    </UnitTest>
    <UnitTest name="Opstrax.Telematics.Security.Tests.InMemoryReplayGuardTests.CheckAsync_IsBehaviorParity_And_Dedups" storage="/users/zackkhan/downloads/opstrax-enterprise-build-fixed-nginx/telematics/tests/opstrax.telematics.security.tests/bin/release/net8.0/opstrax.telematics.security.tests.dll" id="8eb4bff4-5dcf-66b8-58c6-e894c13cf4df">
      <Execution id="03ecd4d1-72de-4beb-b5f9-0ce5c3972067" />
      <TestMethod codeBase="/Users/zackkhan/Downloads/opstrax-enterprise-build-fixed-nginx/telematics/tests/Opstrax.Telematics.Security.Tests/bin/Release/net8.0/Opstrax.Telematics.Security.Tests.dll" adapterTypeName="executor://xunit/VsTestRunner3/netcore/" className="Opstrax.Telematics.Security.Tests.InMemoryReplayGuardTests" name="CheckAsync_IsBehaviorParity_And_Dedups" />
    </UnitTest>
    <UnitTest name="Opstrax.Telematics.Security.Tests.InMemoryReplayGuardTests.WraparoundMode_TreatsCounterWrap_AsForwardProgress" storage="/users/zackkhan/downloads/opstrax-enterprise-build-fixed-nginx/telematics/tests/opstrax.telematics.security.tests/bin/release/net8.0/opstrax.telematics.security.tests.dll" id="f789d0bd-9f00-840f-a67a-d03863f20f28">
      <Execution id="da91a023-519c-4510-b6ed-88f154d58d48" />
      <TestMethod codeBase="/Users/zackkhan/Downloads/opstrax-enterprise-build-fixed-nginx/telematics/tests/Opstrax.Telematics.Security.Tests/bin/Release/net8.0/Opstrax.Telematics.Security.Tests.dll" adapterTypeName="executor://xunit/VsTestRunner3/netcore/" className="Opstrax.Telematics.Security.Tests.InMemoryReplayGuardTests" name="WraparoundMode_TreatsCounterWrap_AsForwardProgress" />
    </UnitTest>
    <UnitTest name="Opstrax.Telematics.Security.Tests.InMemoryReplayGuardTests.ConcurrentDuplicates_AcceptExactlyOnce_NoTornState" storage="/users/zackkhan/downloads/opstrax-enterprise-build-fixed-nginx/telematics/tests/opstrax.telematics.security.tests/bin/release/net8.0/opstrax.telematics.security.tests.dll" id="50f25420-b2e5-2980-e396-6fa66e439793">
      <Execution id="b6b35077-16eb-4abf-8965-58990e8cde40" />
      <TestMethod codeBase="/Users/zackkhan/Downloads/opstrax-enterprise-build-fixed-nginx/telematics/tests/Opstrax.Telematics.Security.Tests/bin/Release/net8.0/Opstrax.Telematics.Security.Tests.dll" adapterTypeName="executor://xunit/VsTestRunner3/netcore/" className="Opstrax.Telematics.Security.Tests.InMemoryReplayGuardTests" name="ConcurrentDuplicates_AcceptExactlyOnce_NoTornState" />
    </UnitTest>
    <UnitTest name="Opstrax.Telematics.Security.Tests.DefaultDeviceAuthenticatorTests.Retired_device_is_rejected" storage="/users/zackkhan/downloads/opstrax-enterprise-build-fixed-nginx/telematics/tests/opstrax.telematics.security.tests/bin/release/net8.0/opstrax.telematics.security.tests.dll" id="ba56164b-5b75-9c76-6eba-d8deae41552a">
      <Execution id="8a5b456d-0847-420f-96a8-488cee86025a" />
      <TestMethod codeBase="/Users/zackkhan/Downloads/opstrax-enterprise-build-fixed-nginx/telematics/tests/Opstrax.Telematics.Security.Tests/bin/Release/net8.0/Opstrax.Telematics.Security.Tests.dll" adapterTypeName="executor://xunit/VsTestRunner3/netcore/" className="Opstrax.Telematics.Security.Tests.DefaultDeviceAuthenticatorTests" name="Retired_device_is_rejected" />
    </UnitTest>
    <UnitTest name="Opstrax.Telematics.Security.Tests.DefaultDeviceAuthenticatorTests.ImeiAllowlistOnly_is_flagged_low_trust_and_non_cryptographic" storage="/users/zackkhan/downloads/opstrax-enterprise-build-fixed-nginx/telematics/tests/opstrax.telematics.security.tests/bin/release/net8.0/opstrax.telematics.security.tests.dll" id="b45449e1-723a-2c45-f11a-69a3341f5e06">
      <Execution id="5ba497bd-139a-4939-9386-ef42cd350a90" />
      <TestMethod codeBase="/Users/zackkhan/Downloads/opstrax-enterprise-build-fixed-nginx/telematics/tests/Opstrax.Telematics.Security.Tests/bin/Release/net8.0/Opstrax.Telematics.Security.Tests.dll" adapterTypeName="executor://xunit/VsTestRunner3/netcore/" className="Opstrax.Telematics.Security.Tests.DefaultDeviceAuthenticatorTests" name="ImeiAllowlistOnly_is_flagged_low_trust_and_non_cryptographic" />
    </UnitTest>
    <UnitTest name="Opstrax.Telematics.Security.Tests.InMemoryReplayGuardTests.WraparoundMode_ExactHalfRange_IsAmbiguousAndFailsClosed" storage="/users/zackkhan/downloads/opstrax-enterprise-build-fixed-nginx/telematics/tests/opstrax.telematics.security.tests/bin/release/net8.0/opstrax.telematics.security.tests.dll" id="b1840d51-a99d-014a-dda8-dd65b5943dd4">
      <Execution id="602abe7e-78ab-474c-998d-69855cf122c8" />
      <TestMethod codeBase="/Users/zackkhan/Downloads/opstrax-enterprise-build-fixed-nginx/telematics/tests/Opstrax.Telematics.Security.Tests/bin/Release/net8.0/Opstrax.Telematics.Security.Tests.dll" adapterTypeName="executor://xunit/VsTestRunner3/netcore/" className="Opstrax.Telematics.Security.Tests.InMemoryReplayGuardTests" name="WraparoundMode_ExactHalfRange_IsAmbiguousAndFailsClosed" />
    </UnitTest>
    <UnitTest name="Opstrax.Telematics.Security.Tests.DefaultDeviceAuthenticatorTests.Login_with_no_identifier_is_rejected" storage="/users/zackkhan/downloads/opstrax-enterprise-build-fixed-nginx/telematics/tests/opstrax.telematics.security.tests/bin/release/net8.0/opstrax.telematics.security.tests.dll" id="bcfa12ee-dc11-f321-14f8-ddfb994896fd">
      <Execution id="56101820-ab99-46f4-a4cb-e75b709089d4" />
      <TestMethod codeBase="/Users/zackkhan/Downloads/opstrax-enterprise-build-fixed-nginx/telematics/tests/Opstrax.Telematics.Security.Tests/bin/Release/net8.0/Opstrax.Telematics.Security.Tests.dll" adapterTypeName="executor://xunit/VsTestRunner3/netcore/" className="Opstrax.Telematics.Security.Tests.DefaultDeviceAuthenticatorTests" name="Login_with_no_identifier_is_rejected" />
    </UnitTest>
    <UnitTest name="Opstrax.Telematics.Security.Tests.DefaultDeviceAuthenticatorTests.Missing_source_ip_is_rejected_when_a_pin_is_configured" storage="/users/zackkhan/downloads/opstrax-enterprise-build-fixed-nginx/telematics/tests/opstrax.telematics.security.tests/bin/release/net8.0/opstrax.telematics.security.tests.dll" id="77228ea7-03de-2ec4-d54b-aa6f95815862">
      <Execution id="e4512571-3a63-4477-89b0-3876d73d9280" />
      <TestMethod codeBase="/Users/zackkhan/Downloads/opstrax-enterprise-build-fixed-nginx/telematics/tests/Opstrax.Telematics.Security.Tests/bin/Release/net8.0/Opstrax.Telematics.Security.Tests.dll" adapterTypeName="executor://xunit/VsTestRunner3/netcore/" className="Opstrax.Telematics.Security.Tests.DefaultDeviceAuthenticatorTests" name="Missing_source_ip_is_rejected_when_a_pin_is_configured" />
    </UnitTest>
    <UnitTest name="Opstrax.Telematics.Security.Tests.InMemoryReplayGuardTests.LowerSerialAfterHigher_IsOutOfOrder_AndCarriesHighWater" storage="/users/zackkhan/downloads/opstrax-enterprise-build-fixed-nginx/telematics/tests/opstrax.telematics.security.tests/bin/release/net8.0/opstrax.telematics.security.tests.dll" id="5b940e85-0c26-a8cd-19e4-a4252bf33884">
      <Execution id="2848b121-0998-4cfc-bfb2-3e446faddb3d" />
      <TestMethod codeBase="/Users/zackkhan/Downloads/opstrax-enterprise-build-fixed-nginx/telematics/tests/Opstrax.Telematics.Security.Tests/bin/Release/net8.0/Opstrax.Telematics.Security.Tests.dll" adapterTypeName="executor://xunit/VsTestRunner3/netcore/" className="Opstrax.Telematics.Security.Tests.InMemoryReplayGuardTests" name="LowerSerialAfterHigher_IsOutOfOrder_AndCarriesHighWater" />
    </UnitTest>
    <UnitTest name="Opstrax.Telematics.Security.Tests.DefaultDeviceAuthenticatorTests.Cryptographic_modes_are_classified_as_such" storage="/users/zackkhan/downloads/opstrax-enterprise-build-fixed-nginx/telematics/tests/opstrax.telematics.security.tests/bin/release/net8.0/opstrax.telematics.security.tests.dll" id="f882a6bd-a657-b9a6-9021-f6e76a46ce70">
      <Execution id="eb4b485a-41bc-43e1-9c94-6536bab65ff8" />
      <TestMethod codeBase="/Users/zackkhan/Downloads/opstrax-enterprise-build-fixed-nginx/telematics/tests/Opstrax.Telematics.Security.Tests/bin/Release/net8.0/Opstrax.Telematics.Security.Tests.dll" adapterTypeName="executor://xunit/VsTestRunner3/netcore/" className="Opstrax.Telematics.Security.Tests.DefaultDeviceAuthenticatorTests" name="Cryptographic_modes_are_classified_as_such" />
    </UnitTest>
    <UnitTest name="Opstrax.Telematics.Security.Tests.InMemoryReplayGuardTests.DedupWindow_EvictsLeastRecentEntry_AtCapacity" storage="/users/zackkhan/downloads/opstrax-enterprise-build-fixed-nginx/telematics/tests/opstrax.telematics.security.tests/bin/release/net8.0/opstrax.telematics.security.tests.dll" id="94371466-9076-9261-41a6-7005c4d6d632">
      <Execution id="d68dfaf8-031a-48e2-803f-11f83224e3f7" />
      <TestMethod codeBase="/Users/zackkhan/Downloads/opstrax-enterprise-build-fixed-nginx/telematics/tests/Opstrax.Telematics.Security.Tests/bin/Release/net8.0/Opstrax.Telematics.Security.Tests.dll" adapterTypeName="executor://xunit/VsTestRunner3/netcore/" className="Opstrax.Telematics.Security.Tests.InMemoryReplayGuardTests" name="DedupWindow_EvictsLeastRecentEntry_AtCapacity" />
    </UnitTest>
    <UnitTest name="Opstrax.Telematics.Security.Tests.DefaultDeviceAuthenticatorTests.Matching_source_ip_passes_when_pinned" storage="/users/zackkhan/downloads/opstrax-enterprise-build-fixed-nginx/telematics/tests/opstrax.telematics.security.tests/bin/release/net8.0/opstrax.telematics.security.tests.dll" id="be0c5350-8836-2918-e325-3c1ba031c088">
      <Execution id="5571be39-29eb-4e5c-9f89-7e2c37dd95f7" />
      <TestMethod codeBase="/Users/zackkhan/Downloads/opstrax-enterprise-build-fixed-nginx/telematics/tests/Opstrax.Telematics.Security.Tests/bin/Release/net8.0/Opstrax.Telematics.Security.Tests.dll" adapterTypeName="executor://xunit/VsTestRunner3/netcore/" className="Opstrax.Telematics.Security.Tests.DefaultDeviceAuthenticatorTests" name="Matching_source_ip_passes_when_pinned" />
    </UnitTest>
    <UnitTest name="Opstrax.Telematics.Security.Tests.DefaultDeviceAuthenticatorTests.Unknown_imei_does_not_resolve_to_an_owner_and_is_rejected" storage="/users/zackkhan/downloads/opstrax-enterprise-build-fixed-nginx/telematics/tests/opstrax.telematics.security.tests/bin/release/net8.0/opstrax.telematics.security.tests.dll" id="df005015-f69b-3df7-2b9a-e6991331b8a0">
      <Execution id="da3dc12d-c54e-4471-8567-2ea39e4287fe" />
      <TestMethod codeBase="/Users/zackkhan/Downloads/opstrax-enterprise-build-fixed-nginx/telematics/tests/Opstrax.Telematics.Security.Tests/bin/Release/net8.0/Opstrax.Telematics.Security.Tests.dll" adapterTypeName="executor://xunit/VsTestRunner3/netcore/" className="Opstrax.Telematics.Security.Tests.DefaultDeviceAuthenticatorTests" name="Unknown_imei_does_not_resolve_to_an_owner_and_is_rejected" />
    </UnitTest>
    <UnitTest name="Opstrax.Telematics.Security.Tests.DefaultDeviceAuthenticatorTests.Wrong_source_ip_is_rejected_when_pinned" storage="/users/zackkhan/downloads/opstrax-enterprise-build-fixed-nginx/telematics/tests/opstrax.telematics.security.tests/bin/release/net8.0/opstrax.telematics.security.tests.dll" id="b226cdb9-5673-5946-91b7-489a2e973ea2">
      <Execution id="7af78af0-9f11-4ecf-8012-603c5e0751aa" />
      <TestMethod codeBase="/Users/zackkhan/Downloads/opstrax-enterprise-build-fixed-nginx/telematics/tests/Opstrax.Telematics.Security.Tests/bin/Release/net8.0/Opstrax.Telematics.Security.Tests.dll" adapterTypeName="executor://xunit/VsTestRunner3/netcore/" className="Opstrax.Telematics.Security.Tests.DefaultDeviceAuthenticatorTests" name="Wrong_source_ip_is_rejected_when_pinned" />
    </UnitTest>
    <UnitTest name="Opstrax.Telematics.Security.Tests.InMemoryReplayGuardTests.DifferentDevices_AreTrackedIndependently" storage="/users/zackkhan/downloads/opstrax-enterprise-build-fixed-nginx/telematics/tests/opstrax.telematics.security.tests/bin/release/net8.0/opstrax.telematics.security.tests.dll" id="02fe7a7f-a60a-857f-42b1-827ca19e4a9d">
      <Execution id="435708fd-8242-4ed4-b871-e0c48fab4221" />
      <TestMethod codeBase="/Users/zackkhan/Downloads/opstrax-enterprise-build-fixed-nginx/telematics/tests/Opstrax.Telematics.Security.Tests/bin/Release/net8.0/Opstrax.Telematics.Security.Tests.dll" adapterTypeName="executor://xunit/VsTestRunner3/netcore/" className="Opstrax.Telematics.Security.Tests.InMemoryReplayGuardTests" name="DifferentDevices_AreTrackedIndependently" />
    </UnitTest>
    <UnitTest name="Opstrax.Telematics.Security.Tests.InMemoryReplayGuardTests.FirstOccurrence_IsAccepted" storage="/users/zackkhan/downloads/opstrax-enterprise-build-fixed-nginx/telematics/tests/opstrax.telematics.security.tests/bin/release/net8.0/opstrax.telematics.security.tests.dll" id="aa20771f-adb9-d906-cc6f-5ae00b53ea14">
      <Execution id="dfc34130-0838-49a6-be9d-85ff22e07872" />
      <TestMethod codeBase="/Users/zackkhan/Downloads/opstrax-enterprise-build-fixed-nginx/telematics/tests/Opstrax.Telematics.Security.Tests/bin/Release/net8.0/Opstrax.Telematics.Security.Tests.dll" adapterTypeName="executor://xunit/VsTestRunner3/netcore/" className="Opstrax.Telematics.Security.Tests.InMemoryReplayGuardTests" name="FirstOccurrence_IsAccepted" />
    </UnitTest>
    <UnitTest name="Opstrax.Telematics.Security.Tests.DefaultDeviceAuthenticatorTests.Allowlisted_imei_passes_under_allowlist_only_policy" storage="/users/zackkhan/downloads/opstrax-enterprise-build-fixed-nginx/telematics/tests/opstrax.telematics.security.tests/bin/release/net8.0/opstrax.telematics.security.tests.dll" id="876a1422-ad18-208d-fc51-4e67f8114e7c">
      <Execution id="42e52220-fbb6-4d37-a3f8-2f1061d4143d" />
      <TestMethod codeBase="/Users/zackkhan/Downloads/opstrax-enterprise-build-fixed-nginx/telematics/tests/Opstrax.Telematics.Security.Tests/bin/Release/net8.0/Opstrax.Telematics.Security.Tests.dll" adapterTypeName="executor://xunit/VsTestRunner3/netcore/" className="Opstrax.Telematics.Security.Tests.DefaultDeviceAuthenticatorTests" name="Allowlisted_imei_passes_under_allowlist_only_policy" />
    </UnitTest>
    <UnitTest name="Opstrax.Telematics.Security.Tests.DefaultDeviceAuthenticatorTests.Matching_sim_iccid_passes" storage="/users/zackkhan/downloads/opstrax-enterprise-build-fixed-nginx/telematics/tests/opstrax.telematics.security.tests/bin/release/net8.0/opstrax.telematics.security.tests.dll" id="929a1f52-7257-b563-6fce-b70e411439b7">
      <Execution id="dfe99b4c-1d88-4a54-bfdd-7af7daa3f8a6" />
      <TestMethod codeBase="/Users/zackkhan/Downloads/opstrax-enterprise-build-fixed-nginx/telematics/tests/Opstrax.Telematics.Security.Tests/bin/Release/net8.0/Opstrax.Telematics.Security.Tests.dll" adapterTypeName="executor://xunit/VsTestRunner3/netcore/" className="Opstrax.Telematics.Security.Tests.DefaultDeviceAuthenticatorTests" name="Matching_sim_iccid_passes" />
    </UnitTest>
    <UnitTest name="Opstrax.Telematics.Security.Tests.DefaultDeviceAuthenticatorTests.Valid_per_device_hmac_authenticates_cryptographically" storage="/users/zackkhan/downloads/opstrax-enterprise-build-fixed-nginx/telematics/tests/opstrax.telematics.security.tests/bin/release/net8.0/opstrax.telematics.security.tests.dll" id="fc67560a-907b-d535-1e78-d92123c3d0d2">
      <Execution id="b7b1b84a-5ef0-4566-8b08-7f44a327f43c" />
      <TestMethod codeBase="/Users/zackkhan/Downloads/opstrax-enterprise-build-fixed-nginx/telematics/tests/Opstrax.Telematics.Security.Tests/bin/Release/net8.0/Opstrax.Telematics.Security.Tests.dll" adapterTypeName="executor://xunit/VsTestRunner3/netcore/" className="Opstrax.Telematics.Security.Tests.DefaultDeviceAuthenticatorTests" name="Valid_per_device_hmac_authenticates_cryptographically" />
    </UnitTest>
  </TestDefinitions>
  <TestEntries>
    <TestEntry testId="d3d6281b-502d-f105-61f5-21203a86184c" executionId="5b859abc-25f6-4ea9-b986-a027f5ad7f64" testListId="8c84fa94-04c1-424b-9868-57a2d4851a1d" />
    <TestEntry testId="be0c5350-8836-2918-e325-3c1ba031c088" executionId="5571be39-29eb-4e5c-9f89-7e2c37dd95f7" testListId="8c84fa94-04c1-424b-9868-57a2d4851a1d" />
    <TestEntry testId="876a1422-ad18-208d-fc51-4e67f8114e7c" executionId="42e52220-fbb6-4d37-a3f8-2f1061d4143d" testListId="8c84fa94-04c1-424b-9868-57a2d4851a1d" />
    <TestEntry testId="fc67560a-907b-d535-1e78-d92123c3d0d2" executionId="b7b1b84a-5ef0-4566-8b08-7f44a327f43c" testListId="8c84fa94-04c1-424b-9868-57a2d4851a1d" />
    <TestEntry testId="d17baf58-e266-3d04-19ee-4953343e329e" executionId="be43cf78-7d09-4a14-a01d-83209bd99015" testListId="8c84fa94-04c1-424b-9868-57a2d4851a1d" />
    <TestEntry testId="ccbcbc7f-3460-9ab2-e32d-6b0aebd5c9f6" executionId="5bf71f50-45df-4562-b196-5f7841cce207" testListId="8c84fa94-04c1-424b-9868-57a2d4851a1d" />
    <TestEntry testId="ba56164b-5b75-9c76-6eba-d8deae41552a" executionId="8a5b456d-0847-420f-96a8-488cee86025a" testListId="8c84fa94-04c1-424b-9868-57a2d4851a1d" />
    <TestEntry testId="2a2826e9-1e37-c5e9-af51-8ec0d48dcba7" executionId="a3366725-bcce-4ac2-8b7a-215772f5683c" testListId="8c84fa94-04c1-424b-9868-57a2d4851a1d" />
    <TestEntry testId="e2578d55-e8ab-8e9d-bf34-fc21e6332680" executionId="b4cf0570-33ac-47bb-a864-f5db91e3a9a7" testListId="8c84fa94-04c1-424b-9868-57a2d4851a1d" />
    <TestEntry testId="bcfa12ee-dc11-f321-14f8-ddfb994896fd" executionId="56101820-ab99-46f4-a4cb-e75b709089d4" testListId="8c84fa94-04c1-424b-9868-57a2d4851a1d" />
    <TestEntry testId="5b940e85-0c26-a8cd-19e4-a4252bf33884" executionId="2848b121-0998-4cfc-bfb2-3e446faddb3d" testListId="8c84fa94-04c1-424b-9868-57a2d4851a1d" />
    <TestEntry testId="f789d0bd-9f00-840f-a67a-d03863f20f28" executionId="da91a023-519c-4510-b6ed-88f154d58d48" testListId="8c84fa94-04c1-424b-9868-57a2d4851a1d" />
    <TestEntry testId="02fe7a7f-a60a-857f-42b1-827ca19e4a9d" executionId="435708fd-8242-4ed4-b871-e0c48fab4221" testListId="8c84fa94-04c1-424b-9868-57a2d4851a1d" />
    <TestEntry testId="b1840d51-a99d-014a-dda8-dd65b5943dd4" executionId="602abe7e-78ab-474c-998d-69855cf122c8" testListId="8c84fa94-04c1-424b-9868-57a2d4851a1d" />
    <TestEntry testId="7ddd372f-7024-a461-f6b2-948bfeaf7fa6" executionId="d0ab725e-2114-4cae-a95c-0d569e5e3589" testListId="8c84fa94-04c1-424b-9868-57a2d4851a1d" />
    <TestEntry testId="f30febec-0caa-b4f4-7e9e-370a61c421ba" executionId="4ecbab20-b056-4113-9c03-3546a6588d90" testListId="8c84fa94-04c1-424b-9868-57a2d4851a1d" />
    <TestEntry testId="aa20771f-adb9-d906-cc6f-5ae00b53ea14" executionId="dfc34130-0838-49a6-be9d-85ff22e07872" testListId="8c84fa94-04c1-424b-9868-57a2d4851a1d" />
    <TestEntry testId="94371466-9076-9261-41a6-7005c4d6d632" executionId="d68dfaf8-031a-48e2-803f-11f83224e3f7" testListId="8c84fa94-04c1-424b-9868-57a2d4851a1d" />
    <TestEntry testId="020684c3-030d-b9cf-1de6-928d0d3201d1" executionId="b2ea92f7-ad01-400f-9bf7-fd2c87d36d3f" testListId="8c84fa94-04c1-424b-9868-57a2d4851a1d" />
    <TestEntry testId="73806078-f273-81ce-8082-8f3043dd57b5" executionId="227ca36d-f054-46f6-92e1-328643cfdb15" testListId="8c84fa94-04c1-424b-9868-57a2d4851a1d" />
    <TestEntry testId="ebd9c00c-8f04-3736-2030-578bdb5ef18b" executionId="4038675b-caea-4c66-86f0-fde99836e586" testListId="8c84fa94-04c1-424b-9868-57a2d4851a1d" />
    <TestEntry testId="e3af3ca2-c63e-6042-08bd-7fde0088d2bb" executionId="5e7b1c6c-9058-40ed-8044-6497196043fd" testListId="8c84fa94-04c1-424b-9868-57a2d4851a1d" />
    <TestEntry testId="b226cdb9-5673-5946-91b7-489a2e973ea2" executionId="7af78af0-9f11-4ecf-8012-603c5e0751aa" testListId="8c84fa94-04c1-424b-9868-57a2d4851a1d" />
    <TestEntry testId="f882a6bd-a657-b9a6-9021-f6e76a46ce70" executionId="eb4b485a-41bc-43e1-9c94-6536bab65ff8" testListId="8c84fa94-04c1-424b-9868-57a2d4851a1d" />
    <TestEntry testId="bbf4e4b6-a3e6-c065-6642-dcac4eeb6d9e" executionId="1ead5b79-c9bb-4ceb-aff2-d47d56887ee1" testListId="8c84fa94-04c1-424b-9868-57a2d4851a1d" />
    <TestEntry testId="50f25420-b2e5-2980-e396-6fa66e439793" executionId="b6b35077-16eb-4abf-8965-58990e8cde40" testListId="8c84fa94-04c1-424b-9868-57a2d4851a1d" />
    <TestEntry testId="09b67f79-67f3-dd19-acfc-24a9a027d1f8" executionId="a08d92bc-2037-4a71-aa5a-a2bcf417a6a0" testListId="8c84fa94-04c1-424b-9868-57a2d4851a1d" />
    <TestEntry testId="77228ea7-03de-2ec4-d54b-aa6f95815862" executionId="e4512571-3a63-4477-89b0-3876d73d9280" testListId="8c84fa94-04c1-424b-9868-57a2d4851a1d" />
    <TestEntry testId="445f4c58-7959-336d-ffba-506fa8aeae3c" executionId="92a8a089-63f4-4931-ac2a-416027dcdcc3" testListId="8c84fa94-04c1-424b-9868-57a2d4851a1d" />
    <TestEntry testId="929a1f52-7257-b563-6fce-b70e411439b7" executionId="dfe99b4c-1d88-4a54-bfdd-7af7daa3f8a6" testListId="8c84fa94-04c1-424b-9868-57a2d4851a1d" />
    <TestEntry testId="17e34384-f51e-b57d-329c-d3b513995bb4" executionId="bec96f50-d84a-40ae-9d9a-d9a0c6b17d1e" testListId="8c84fa94-04c1-424b-9868-57a2d4851a1d" />
    <TestEntry testId="b45449e1-723a-2c45-f11a-69a3341f5e06" executionId="5ba497bd-139a-4939-9386-ef42cd350a90" testListId="8c84fa94-04c1-424b-9868-57a2d4851a1d" />
    <TestEntry testId="44f1c6c1-beab-95ba-6355-0c3540d47682" executionId="13aa09d4-807d-4b59-9f9d-a38d3907d957" testListId="8c84fa94-04c1-424b-9868-57a2d4851a1d" />
    <TestEntry testId="8333762b-1700-7cee-ebe2-610c750cb938" executionId="cb153349-abf2-4465-87fa-95b3f72c51e3" testListId="8c84fa94-04c1-424b-9868-57a2d4851a1d" />
    <TestEntry testId="df005015-f69b-3df7-2b9a-e6991331b8a0" executionId="da3dc12d-c54e-4471-8567-2ea39e4287fe" testListId="8c84fa94-04c1-424b-9868-57a2d4851a1d" />
    <TestEntry testId="7bb3df63-f03f-5f86-ea02-92366f6fbf3a" executionId="20787341-7573-437d-9765-d3ce5c2ebcac" testListId="8c84fa94-04c1-424b-9868-57a2d4851a1d" />
    <TestEntry testId="1ddca2af-2a79-d09b-7f3e-a66d5d3c477d" executionId="0b38b214-7a60-4927-8577-73edc49d2ae1" testListId="8c84fa94-04c1-424b-9868-57a2d4851a1d" />
    <TestEntry testId="a85b62a1-6990-178e-a216-93d9ecde86b9" executionId="f3063415-db6a-4c96-bc1e-5982a2e030b7" testListId="8c84fa94-04c1-424b-9868-57a2d4851a1d" />
    <TestEntry testId="8eb4bff4-5dcf-66b8-58c6-e894c13cf4df" executionId="03ecd4d1-72de-4beb-b5f9-0ce5c3972067" testListId="8c84fa94-04c1-424b-9868-57a2d4851a1d" />
  </TestEntries>
  <TestLists>
    <TestList name="Results Not in a List" id="8c84fa94-04c1-424b-9868-57a2d4851a1d" />
    <TestList name="All Loaded Results" id="19431567-8539-422a-85d7-44ee4e166bda" />
  </TestLists>
  <ResultSummary outcome="Completed">
    <Counters total="39" executed="39" passed="39" failed="0" error="0" timeout="0" aborted="0" inconclusive="0" passedButRunAborted="0" notRunnable="0" notExecuted="0" disconnected="0" warning="0" completed="0" inProgress="0" pending="0" />
    <Output>
      <StdOut>[xUnit.net 00:00:00.00] xUnit.net VSTest Adapter v3.1.4+50e68bbb8b (64-bit .NET 8.0.27)
[xUnit.net 00:00:00.04]   Discovering: Opstrax.Telematics.Security.Tests
[xUnit.net 00:00:00.06]   Discovered:  Opstrax.Telematics.Security.Tests
[xUnit.net 00:00:00.08]   Starting:    Opstrax.Telematics.Security.Tests
[xUnit.net 00:00:00.14]   Finished:    Opstrax.Telematics.Security.Tests
</StdOut>
    </Output>
  </ResultSummary>
</TestRun>