<?xml version="1.0" encoding="utf-8"?>
<TestRun id="ba8e7531-f44e-45a0-adca-6d96a9a98bd2" name="@Mac 2026-08-23 00:25:10" xmlns="http://microsoft.com/schemas/VisualStudio/TeamTest/2010">
  <Times creation="2026-08-23T00:25:10.5933950-04:00" queuing="2026-08-23T00:25:10.5933950-04:00" start="2026-08-23T00:25:10.1591070-04:00" finish="2026-08-23T00:25:10.6156140-04:00" />
  <TestSettings name="default" id="06f693e0-5c2a-416f-b741-826d65ca0c4d">
    <Deployment runDeploymentRoot="_Mac_2026-08-23_00_25_10" />
  </TestSettings>
  <Results>
    <UnitTestResult executionId="aebf2a7f-2a5a-46f6-9ef2-0090ae0fd6f4" testId="bbf4e4b6-a3e6-c065-6642-dcac4eeb6d9e" testName="Opstrax.Telematics.Security.Tests.InMemoryReplayGuardTests.InvalidConstructorArgs_Throw" computerName="Mac" duration="00:00:00.0003070" startTime="2026-08-23T00:25:10.5805770-04:00" endTime="2026-08-23T00:25:10.5809410-04:00" testType="13cdc9d9-ddb5-4fa4-a97d-d965ccfc6d4b" outcome="Passed" testListId="8c84fa94-04c1-424b-9868-57a2d4851a1d" relativeResultsDirectory="aebf2a7f-2a5a-46f6-9ef2-0090ae0fd6f4" />
    <UnitTestResult executionId="c512a6cc-ccf2-4150-934b-fd2dad22b0d5" testId="be0c5350-8836-2918-e325-3c1ba031c088" testName="Opstrax.Telematics.Security.Tests.DefaultDeviceAuthenticatorTests.Matching_source_ip_passes_when_pinned" computerName="Mac" duration="00:00:00.0002710" startTime="2026-08-23T00:25:10.5795170-04:00" endTime="2026-08-23T00:25:10.5796200-04:00" testType="13cdc9d9-ddb5-4fa4-a97d-d965ccfc6d4b" outcome="Passed" testListId="8c84fa94-04c1-424b-9868-57a2d4851a1d" relativeResultsDirectory="c512a6cc-ccf2-4150-934b-fd2dad22b0d5" />
    <UnitTestResult executionId="c8fdda14-d72b-4bcd-a1df-e8984219290f" testId="8333762b-1700-7cee-ebe2-610c750cb938" testName="Opstrax.Telematics.Security.Tests.DefaultDeviceAuthenticatorTests.RawTcp_DoesNotPretendCertificateAuthenticationOccurred(mode: ClientCertificate)" computerName="Mac" duration="00:00:00.0002908" startTime="2026-08-23T00:25:10.5768640-04:00" endTime="2026-08-23T00:25:10.5768880-04:00" testType="13cdc9d9-ddb5-4fa4-a97d-d965ccfc6d4b" outcome="Passed" testListId="8c84fa94-04c1-424b-9868-57a2d4851a1d" relativeResultsDirectory="c8fdda14-d72b-4bcd-a1df-e8984219290f" />
    <UnitTestResult executionId="ad1b0579-129f-4fd1-9b77-14aca861b46d" testId="40809114-38e6-e601-3df7-c1cbc3eea77d" testName="Opstrax.Telematics.Security.Tests.DeploymentHardeningContractTests.DeployCompose_RefusesToStartWithoutAnExplicitAllowlistFile" computerName="Mac" duration="00:00:00.0003085" startTime="2026-08-23T00:25:10.5783840-04:00" endTime="2026-08-23T00:25:10.5784130-04:00" testType="13cdc9d9-ddb5-4fa4-a97d-d965ccfc6d4b" outcome="Passed" testListId="8c84fa94-04c1-424b-9868-57a2d4851a1d" relativeResultsDirectory="ad1b0579-129f-4fd1-9b77-14aca861b46d" />
    <UnitTestResult executionId="89efc601-4c4d-4900-a8bf-0343a127f912" testId="8348dcab-c662-7ab7-5663-c35b23b33b60" testName="Opstrax.Telematics.Security.Tests.DeploymentHardeningContractTests.Installer_AcceptsNoSecretOnTheCommandLine" computerName="Mac" duration="00:00:00.0001898" startTime="2026-08-23T00:25:10.5475920-04:00" endTime="2026-08-23T00:25:10.5476340-04:00" testType="13cdc9d9-ddb5-4fa4-a97d-d965ccfc6d4b" outcome="Passed" testListId="8c84fa94-04c1-424b-9868-57a2d4851a1d" relativeResultsDirectory="89efc601-4c4d-4900-a8bf-0343a127f912" />
    <UnitTestResult executionId="b34bb7f9-18aa-45fc-8d24-e2ce16c20c08" testId="0a075dec-2038-e620-b513-49b8096a1297" testName="Opstrax.Telematics.Security.Tests.DeploymentHardeningContractTests.Installer_NeverSeedsTheAllowlistFromTheExampleFile" computerName="Mac" duration="00:00:00.0046665" startTime="2026-08-23T00:25:10.5343560-04:00" endTime="2026-08-23T00:25:10.5418840-04:00" testType="13cdc9d9-ddb5-4fa4-a97d-d965ccfc6d4b" outcome="Passed" testListId="8c84fa94-04c1-424b-9868-57a2d4851a1d" relativeResultsDirectory="b34bb7f9-18aa-45fc-8d24-e2ce16c20c08" />
    <UnitTestResult executionId="12f32566-86df-4999-b34a-5dfb2d52d6b5" testId="b226cdb9-5673-5946-91b7-489a2e973ea2" testName="Opstrax.Telematics.Security.Tests.DefaultDeviceAuthenticatorTests.Wrong_source_ip_is_rejected_when_pinned" computerName="Mac" duration="00:00:00.0006727" startTime="2026-08-23T00:25:10.5779470-04:00" endTime="2026-08-23T00:25:10.5779700-04:00" testType="13cdc9d9-ddb5-4fa4-a97d-d965ccfc6d4b" outcome="Passed" testListId="8c84fa94-04c1-424b-9868-57a2d4851a1d" relativeResultsDirectory="12f32566-86df-4999-b34a-5dfb2d52d6b5" />
    <UnitTestResult executionId="15d343e2-577a-46b8-a5ee-2ece748a6fd2" testId="ba56164b-5b75-9c76-6eba-d8deae41552a" testName="Opstrax.Telematics.Security.Tests.DefaultDeviceAuthenticatorTests.Retired_device_is_rejected" computerName="Mac" duration="00:00:00.0002495" startTime="2026-08-23T00:25:10.5804270-04:00" endTime="2026-08-23T00:25:10.5805990-04:00" testType="13cdc9d9-ddb5-4fa4-a97d-d965ccfc6d4b" outcome="Passed" testListId="8c84fa94-04c1-424b-9868-57a2d4851a1d" relativeResultsDirectory="15d343e2-577a-46b8-a5ee-2ece748a6fd2" />
    <UnitTestResult executionId="a2fab6e6-e7a4-459e-b410-cd1f8eb554b3" testId="2a2826e9-1e37-c5e9-af51-8ec0d48dcba7" testName="Opstrax.Telematics.Security.Tests.DefaultDeviceAuthenticatorTests.Quarantined_device_is_kept_quarantined" computerName="Mac" duration="00:00:00.0002147" startTime="2026-08-23T00:25:10.5809170-04:00" endTime="2026-08-23T00:25:10.5810170-04:00" testType="13cdc9d9-ddb5-4fa4-a97d-d965ccfc6d4b" outcome="Passed" testListId="8c84fa94-04c1-424b-9868-57a2d4851a1d" relativeResultsDirectory="a2fab6e6-e7a4-459e-b410-cd1f8eb554b3" />
    <UnitTestResult executionId="b7e4eac6-4b03-409b-a769-2fdb6f79a2de" testId="020684c3-030d-b9cf-1de6-928d0d3201d1" testName="Opstrax.Telematics.Security.Tests.InMemoryReplayGuardTests.InvalidDeviceId_Throws(deviceId: &quot;&quot;)" computerName="Mac" duration="00:00:00.0000763" startTime="2026-08-23T00:25:10.5818380-04:00" endTime="2026-08-23T00:25:10.5818610-04:00" testType="13cdc9d9-ddb5-4fa4-a97d-d965ccfc6d4b" outcome="Passed" testListId="8c84fa94-04c1-424b-9868-57a2d4851a1d" relativeResultsDirectory="b7e4eac6-4b03-409b-a769-2fdb6f79a2de" />
    <UnitTestResult executionId="c96a656f-2a92-4a08-a289-794b71cdc31c" testId="bcfa12ee-dc11-f321-14f8-ddfb994896fd" testName="Opstrax.Telematics.Security.Tests.DefaultDeviceAuthenticatorTests.Login_with_no_identifier_is_rejected" computerName="Mac" duration="00:00:00.0002217" startTime="2026-08-23T00:25:10.5800090-04:00" endTime="2026-08-23T00:25:10.5800350-04:00" testType="13cdc9d9-ddb5-4fa4-a97d-d965ccfc6d4b" outcome="Passed" testListId="8c84fa94-04c1-424b-9868-57a2d4851a1d" relativeResultsDirectory="c96a656f-2a92-4a08-a289-794b71cdc31c" />
    <UnitTestResult executionId="59c4c305-1581-4df2-bdee-bd5c765d8269" testId="cdd77305-7bfb-9fb0-2ac9-ffc552f4b4b1" testName="Opstrax.Telematics.Security.Tests.DeploymentHardeningContractTests.ExampleAllowlist_ParsesToZeroAdmissibleEntries_ThroughTheRealParser" computerName="Mac" duration="00:00:00.0069266" startTime="2026-08-23T00:25:10.5762490-04:00" endTime="2026-08-23T00:25:10.5782770-04:00" testType="13cdc9d9-ddb5-4fa4-a97d-d965ccfc6d4b" outcome="Passed" testListId="8c84fa94-04c1-424b-9868-57a2d4851a1d" relativeResultsDirectory="59c4c305-1581-4df2-bdee-bd5c765d8269" />
    <UnitTestResult executionId="da2747bb-d414-406c-b3cb-d4311de5fc1a" testId="929a1f52-7257-b563-6fce-b70e411439b7" testName="Opstrax.Telematics.Security.Tests.DefaultDeviceAuthenticatorTests.Matching_sim_iccid_passes" computerName="Mac" duration="00:00:00.0072578" startTime="2026-08-23T00:25:10.5343350-04:00" endTime="2026-08-23T00:25:10.5484020-04:00" testType="13cdc9d9-ddb5-4fa4-a97d-d965ccfc6d4b" outcome="Passed" testListId="8c84fa94-04c1-424b-9868-57a2d4851a1d" relativeResultsDirectory="da2747bb-d414-406c-b3cb-d4311de5fc1a" />
    <UnitTestResult executionId="87fb2755-299a-4b75-ba02-1ea68df75928" testId="e3af3ca2-c63e-6042-08bd-7fde0088d2bb" testName="Opstrax.Telematics.Security.Tests.DefaultDeviceAuthenticatorTests.Invalid_per_device_hmac_is_rejected" computerName="Mac" duration="00:00:00.0002892" startTime="2026-08-23T00:25:10.5793520-04:00" endTime="2026-08-23T00:25:10.5793820-04:00" testType="13cdc9d9-ddb5-4fa4-a97d-d965ccfc6d4b" outcome="Passed" testListId="8c84fa94-04c1-424b-9868-57a2d4851a1d" relativeResultsDirectory="87fb2755-299a-4b75-ba02-1ea68df75928" />
    <UnitTestResult executionId="fad0d10a-fc7c-49bd-b35e-f5ddc6d66a2d" testId="7bb3df63-f03f-5f86-ea02-92366f6fbf3a" testName="Opstrax.Telematics.Security.Tests.InMemoryReplayGuardTests.ConcurrentDistinctDevices_DoNotContend_AndAllAccept" computerName="Mac" duration="00:00:00.0108932" startTime="2026-08-23T00:25:10.5854710-04:00" endTime="2026-08-23T00:25:10.5854920-04:00" testType="13cdc9d9-ddb5-4fa4-a97d-d965ccfc6d4b" outcome="Passed" testListId="8c84fa94-04c1-424b-9868-57a2d4851a1d" relativeResultsDirectory="fad0d10a-fc7c-49bd-b35e-f5ddc6d66a2d" />
    <UnitTestResult executionId="1089728e-e417-4190-b6ad-ab4103e9e961" testId="7ddd372f-7024-a461-f6b2-948bfeaf7fa6" testName="Opstrax.Telematics.Security.Tests.InMemoryReplayGuardTests.ReplayOfAcceptedFrame_IsAlwaysRejected_EvenAfterEviction" computerName="Mac" duration="00:00:00.0001334" startTime="2026-08-23T00:25:10.5803460-04:00" endTime="2026-08-23T00:25:10.5804490-04:00" testType="13cdc9d9-ddb5-4fa4-a97d-d965ccfc6d4b" outcome="Passed" testListId="8c84fa94-04c1-424b-9868-57a2d4851a1d" relativeResultsDirectory="1089728e-e417-4190-b6ad-ab4103e9e961" />
    <UnitTestResult executionId="9242461e-ca67-4aa9-96ef-7871c0243a03" testId="44f1c6c1-beab-95ba-6355-0c3540d47682" testName="Opstrax.Telematics.Security.Tests.DefaultDeviceAuthenticatorTests.RawTcp_DoesNotPretendCertificateAuthenticationOccurred(mode: MutualTls)" computerName="Mac" duration="00:00:00.0001332" startTime="2026-08-23T00:25:10.5769280-04:00" endTime="2026-08-23T00:25:10.5769540-04:00" testType="13cdc9d9-ddb5-4fa4-a97d-d965ccfc6d4b" outcome="Passed" testListId="8c84fa94-04c1-424b-9868-57a2d4851a1d" relativeResultsDirectory="9242461e-ca67-4aa9-96ef-7871c0243a03" />
    <UnitTestResult executionId="411c85a8-1556-4ff5-8f71-968541f94dc1" testId="aa20771f-adb9-d906-cc6f-5ae00b53ea14" testName="Opstrax.Telematics.Security.Tests.InMemoryReplayGuardTests.FirstOccurrence_IsAccepted" computerName="Mac" duration="00:00:00.0000858" startTime="2026-08-23T00:25:10.5812170-04:00" endTime="2026-08-23T00:25:10.5812400-04:00" testType="13cdc9d9-ddb5-4fa4-a97d-d965ccfc6d4b" outcome="Passed" testListId="8c84fa94-04c1-424b-9868-57a2d4851a1d" relativeResultsDirectory="411c85a8-1556-4ff5-8f71-968541f94dc1" />
    <UnitTestResult executionId="3c00122f-8e63-4937-8b6b-f1cd64f504d1" testId="fc67560a-907b-d535-1e78-d92123c3d0d2" testName="Opstrax.Telematics.Security.Tests.DefaultDeviceAuthenticatorTests.Valid_per_device_hmac_authenticates_cryptographically" computerName="Mac" duration="00:00:00.0025271" startTime="2026-08-23T00:25:10.5762960-04:00" endTime="2026-08-23T00:25:10.5766340-04:00" testType="13cdc9d9-ddb5-4fa4-a97d-d965ccfc6d4b" outcome="Passed" testListId="8c84fa94-04c1-424b-9868-57a2d4851a1d" relativeResultsDirectory="3c00122f-8e63-4937-8b6b-f1cd64f504d1" />
    <UnitTestResult executionId="057d281c-749f-4c86-a9a7-420d039ce53b" testId="ebd9c00c-8f04-3736-2030-578bdb5ef18b" testName="Opstrax.Telematics.Security.Tests.DefaultDeviceAuthenticatorTests.Changed_sim_iccid_quarantines_the_device" computerName="Mac" duration="00:00:00.0003180" startTime="2026-08-23T00:25:10.5780230-04:00" endTime="2026-08-23T00:25:10.5780480-04:00" testType="13cdc9d9-ddb5-4fa4-a97d-d965ccfc6d4b" outcome="Passed" testListId="8c84fa94-04c1-424b-9868-57a2d4851a1d" relativeResultsDirectory="057d281c-749f-4c86-a9a7-420d039ce53b" />
    <UnitTestResult executionId="412fb6b0-8f75-47e6-b472-bddf9c0b2643" testId="8eb4bff4-5dcf-66b8-58c6-e894c13cf4df" testName="Opstrax.Telematics.Security.Tests.InMemoryReplayGuardTests.CheckAsync_IsBehaviorParity_And_Dedups" computerName="Mac" duration="00:00:00.0004798" startTime="2026-08-23T00:25:10.5854030-04:00" endTime="2026-08-23T00:25:10.5854240-04:00" testType="13cdc9d9-ddb5-4fa4-a97d-d965ccfc6d4b" outcome="Passed" testListId="8c84fa94-04c1-424b-9868-57a2d4851a1d" relativeResultsDirectory="412fb6b0-8f75-47e6-b472-bddf9c0b2643" />
    <UnitTestResult executionId="a3d8ea4d-493f-4cc5-9ee7-ac133ef3ba82" testId="1c8e81f1-6352-877a-8b3f-9fc338644a72" testName="Opstrax.Telematics.Security.Tests.DeploymentHardeningContractTests.ServiceManifests_DoNotDeclareTheRetiredTelemetrySecretKeys(manifest: &quot;docker-compose.yml&quot;)" computerName="Mac" duration="00:00:00.0002384" startTime="2026-08-23T00:25:10.5481770-04:00" endTime="2026-08-23T00:25:10.5482030-04:00" testType="13cdc9d9-ddb5-4fa4-a97d-d965ccfc6d4b" outcome="Passed" testListId="8c84fa94-04c1-424b-9868-57a2d4851a1d" relativeResultsDirectory="a3d8ea4d-493f-4cc5-9ee7-ac133ef3ba82" />
    <UnitTestResult executionId="bb0121b4-4ba2-455b-85ea-73ef823221db" testId="17e34384-f51e-b57d-329c-d3b513995bb4" testName="Opstrax.Telematics.Security.Tests.InMemoryReplayGuardTests.EqualSerial_DistinctContent_IsAccepted_ButDoesNotBlockLaterProgress" computerName="Mac" duration="00:00:00.0000816" startTime="2026-08-23T00:25:10.5809940-04:00" endTime="2026-08-23T00:25:10.5810920-04:00" testType="13cdc9d9-ddb5-4fa4-a97d-d965ccfc6d4b" outcome="Passed" testListId="8c84fa94-04c1-424b-9868-57a2d4851a1d" relativeResultsDirectory="bb0121b4-4ba2-455b-85ea-73ef823221db" />
    <UnitTestResult executionId="4cd7d9e9-ea9f-4581-bb49-03dfaf76aeb9" testId="df005015-f69b-3df7-2b9a-e6991331b8a0" testName="Opstrax.Telematics.Security.Tests.DefaultDeviceAuthenticatorTests.Unknown_imei_does_not_resolve_to_an_owner_and_is_rejected" computerName="Mac" duration="00:00:00.0071160" startTime="2026-08-23T00:25:10.5782160-04:00" endTime="2026-08-23T00:25:10.5792780-04:00" testType="13cdc9d9-ddb5-4fa4-a97d-d965ccfc6d4b" outcome="Passed" testListId="8c84fa94-04c1-424b-9868-57a2d4851a1d" relativeResultsDirectory="4cd7d9e9-ea9f-4581-bb49-03dfaf76aeb9" />
    <UnitTestResult executionId="2d7ec17c-0019-41c7-810a-a2df9c6e130b" testId="d17baf58-e266-3d04-19ee-4953343e329e" testName="Opstrax.Telematics.Security.Tests.InMemoryReplayGuardTests.InvalidDeviceId_Throws(deviceId: null)" computerName="Mac" duration="00:00:00.0001299" startTime="2026-08-23T00:25:10.5815150-04:00" endTime="2026-08-23T00:25:10.5815380-04:00" testType="13cdc9d9-ddb5-4fa4-a97d-d965ccfc6d4b" outcome="Passed" testListId="8c84fa94-04c1-424b-9868-57a2d4851a1d" relativeResultsDirectory="2d7ec17c-0019-41c7-810a-a2df9c6e130b" />
    <UnitTestResult executionId="0ea33299-1f3a-47ed-8865-acdc6a6405c4" testId="c9e0dbfe-fb19-0513-1c60-0d5fa1cb9b4a" testName="Opstrax.Telematics.Security.Tests.DeploymentHardeningContractTests.GatewayCompositionRoot_HasNoCommandLineConfigurationSource" computerName="Mac" duration="00:00:00.0004109" startTime="2026-08-23T00:25:10.5483690-04:00" endTime="2026-08-23T00:25:10.5484570-04:00" testType="13cdc9d9-ddb5-4fa4-a97d-d965ccfc6d4b" outcome="Passed" testListId="8c84fa94-04c1-424b-9868-57a2d4851a1d" relativeResultsDirectory="0ea33299-1f3a-47ed-8865-acdc6a6405c4" />
    <UnitTestResult executionId="0b082556-acef-456d-be08-8c607cf43aa8" testId="f882a6bd-a657-b9a6-9021-f6e76a46ce70" testName="Opstrax.Telematics.Security.Tests.DefaultDeviceAuthenticatorTests.Cryptographic_modes_are_classified_as_such" computerName="Mac" duration="00:00:00.0000397" startTime="2026-08-23T00:25:10.5813690-04:00" endTime="2026-08-23T00:25:10.5813900-04:00" testType="13cdc9d9-ddb5-4fa4-a97d-d965ccfc6d4b" outcome="Passed" testListId="8c84fa94-04c1-424b-9868-57a2d4851a1d" relativeResultsDirectory="0b082556-acef-456d-be08-8c607cf43aa8" />
    <UnitTestResult executionId="9d8892ee-bee7-4a17-9a11-df36c6323969" testId="445f4c58-7959-336d-ffba-506fa8aeae3c" testName="Opstrax.Telematics.Security.Tests.DefaultDeviceAuthenticatorTests.Unresolvable_credential_fails_closed" computerName="Mac" duration="00:00:00.0002140" startTime="2026-08-23T00:25:10.5794390-04:00" endTime="2026-08-23T00:25:10.5794620-04:00" testType="13cdc9d9-ddb5-4fa4-a97d-d965ccfc6d4b" outcome="Passed" testListId="8c84fa94-04c1-424b-9868-57a2d4851a1d" relativeResultsDirectory="9d8892ee-bee7-4a17-9a11-df36c6323969" />
    <UnitTestResult executionId="50385762-7591-4972-9493-09540f15a876" testId="5b940e85-0c26-a8cd-19e4-a4252bf33884" testName="Opstrax.Telematics.Security.Tests.InMemoryReplayGuardTests.LowerSerialAfterHigher_IsOutOfOrder_AndCarriesHighWater" computerName="Mac" duration="00:00:00.0078662" startTime="2026-08-23T00:25:10.5336780-04:00" endTime="2026-08-23T00:25:10.5763260-04:00" testType="13cdc9d9-ddb5-4fa4-a97d-d965ccfc6d4b" outcome="Passed" testListId="8c84fa94-04c1-424b-9868-57a2d4851a1d" relativeResultsDirectory="50385762-7591-4972-9493-09540f15a876" />
    <UnitTestResult executionId="aca118d7-d5f2-47ee-aa04-e0621fadd2e6" testId="94371466-9076-9261-41a6-7005c4d6d632" testName="Opstrax.Telematics.Security.Tests.InMemoryReplayGuardTests.DedupWindow_EvictsLeastRecentEntry_AtCapacity" computerName="Mac" duration="00:00:00.0001035" startTime="2026-08-23T00:25:10.5805030-04:00" endTime="2026-08-23T00:25:10.5805260-04:00" testType="13cdc9d9-ddb5-4fa4-a97d-d965ccfc6d4b" outcome="Passed" testListId="8c84fa94-04c1-424b-9868-57a2d4851a1d" relativeResultsDirectory="aca118d7-d5f2-47ee-aa04-e0621fadd2e6" />
    <UnitTestResult executionId="7f250b5d-2114-4d6a-b396-d539462699f8" testId="02fe7a7f-a60a-857f-42b1-827ca19e4a9d" testName="Opstrax.Telematics.Security.Tests.InMemoryReplayGuardTests.DifferentDevices_AreTrackedIndependently" computerName="Mac" duration="00:00:00.0000703" startTime="2026-08-23T00:25:10.5853220-04:00" endTime="2026-08-23T00:25:10.5853450-04:00" testType="13cdc9d9-ddb5-4fa4-a97d-d965ccfc6d4b" outcome="Passed" testListId="8c84fa94-04c1-424b-9868-57a2d4851a1d" relativeResultsDirectory="7f250b5d-2114-4d6a-b396-d539462699f8" />
    <UnitTestResult executionId="e80f0e1b-1652-466d-b732-3c6152b014e0" testId="b45449e1-723a-2c45-f11a-69a3341f5e06" testName="Opstrax.Telematics.Security.Tests.DefaultDeviceAuthenticatorTests.ImeiAllowlistOnly_is_flagged_low_trust_and_non_cryptographic" computerName="Mac" duration="00:00:00.0000556" startTime="2026-08-23T00:25:10.5770060-04:00" endTime="2026-08-23T00:25:10.5770290-04:00" testType="13cdc9d9-ddb5-4fa4-a97d-d965ccfc6d4b" outcome="Passed" testListId="8c84fa94-04c1-424b-9868-57a2d4851a1d" relativeResultsDirectory="e80f0e1b-1652-466d-b732-3c6152b014e0" />
    <UnitTestResult executionId="e9fc67af-f58e-4c85-89b8-3510e522f939" testId="d3d6281b-502d-f105-61f5-21203a86184c" testName="Opstrax.Telematics.Security.Tests.InMemoryReplayGuardTests.WraparoundMode_RepeatedHeartbeatInLaterGenerationGetsANewEventIdentity" computerName="Mac" duration="00:00:00.0008689" startTime="2026-08-23T00:25:10.5813210-04:00" endTime="2026-08-23T00:25:10.5814640-04:00" testType="13cdc9d9-ddb5-4fa4-a97d-d965ccfc6d4b" outcome="Passed" testListId="8c84fa94-04c1-424b-9868-57a2d4851a1d" relativeResultsDirectory="e9fc67af-f58e-4c85-89b8-3510e522f939" />
    <UnitTestResult executionId="f6ec684a-35f4-455f-b971-12cb51414573" testId="50f25420-b2e5-2980-e396-6fa66e439793" testName="Opstrax.Telematics.Security.Tests.InMemoryReplayGuardTests.ConcurrentDuplicates_AcceptExactlyOnce_NoTornState" computerName="Mac" duration="00:00:00.0126674" startTime="2026-08-23T00:25:10.5766050-04:00" endTime="2026-08-23T00:25:10.5801190-04:00" testType="13cdc9d9-ddb5-4fa4-a97d-d965ccfc6d4b" outcome="Passed" testListId="8c84fa94-04c1-424b-9868-57a2d4851a1d" relativeResultsDirectory="f6ec684a-35f4-455f-b971-12cb51414573" />
    <UnitTestResult executionId="91b869a2-0a9b-47ef-a9fa-54835e17a3f0" testId="e2578d55-e8ab-8e9d-bf34-fc21e6332680" testName="Opstrax.Telematics.Security.Tests.DefaultDeviceAuthenticatorTests.Suspended_device_is_rejected" computerName="Mac" duration="00:00:00.0002033" startTime="2026-08-23T00:25:10.5802680-04:00" endTime="2026-08-23T00:25:10.5803720-04:00" testType="13cdc9d9-ddb5-4fa4-a97d-d965ccfc6d4b" outcome="Passed" testListId="8c84fa94-04c1-424b-9868-57a2d4851a1d" relativeResultsDirectory="91b869a2-0a9b-47ef-a9fa-54835e17a3f0" />
    <UnitTestResult executionId="dcd586fb-ec99-4717-9f19-ff4926833f67" testId="77228ea7-03de-2ec4-d54b-aa6f95815862" testName="Opstrax.Telematics.Security.Tests.DefaultDeviceAuthenticatorTests.Missing_source_ip_is_rejected_when_a_pin_is_configured" computerName="Mac" duration="00:00:00.0017160" startTime="2026-08-23T00:25:10.5767790-04:00" endTime="2026-08-23T00:25:10.5768050-04:00" testType="13cdc9d9-ddb5-4fa4-a97d-d965ccfc6d4b" outcome="Passed" testListId="8c84fa94-04c1-424b-9868-57a2d4851a1d" relativeResultsDirectory="dcd586fb-ec99-4717-9f19-ff4926833f67" />
    <UnitTestResult executionId="f6e52fec-7b34-4b78-ae19-ff689777f60d" testId="b1840d51-a99d-014a-dda8-dd65b5943dd4" testName="Opstrax.Telematics.Security.Tests.InMemoryReplayGuardTests.WraparoundMode_ExactHalfRange_IsAmbiguousAndFailsClosed" computerName="Mac" duration="00:00:00.0000668" startTime="2026-08-23T00:25:10.5819930-04:00" endTime="2026-08-23T00:25:10.5820180-04:00" testType="13cdc9d9-ddb5-4fa4-a97d-d965ccfc6d4b" outcome="Passed" testListId="8c84fa94-04c1-424b-9868-57a2d4851a1d" relativeResultsDirectory="f6e52fec-7b34-4b78-ae19-ff689777f60d" />
    <UnitTestResult executionId="603a5f83-7ce3-4fff-b370-8595bc911c12" testId="1ddca2af-2a79-d09b-7f3e-a66d5d3c477d" testName="Opstrax.Telematics.Security.Tests.DefaultDeviceAuthenticatorTests.Missing_hmac_proof_is_rejected_under_hmac_policy" computerName="Mac" duration="00:00:00.0002484" startTime="2026-08-23T00:25:10.5810700-04:00" endTime="2026-08-23T00:25:10.5812930-04:00" testType="13cdc9d9-ddb5-4fa4-a97d-d965ccfc6d4b" outcome="Passed" testListId="8c84fa94-04c1-424b-9868-57a2d4851a1d" relativeResultsDirectory="603a5f83-7ce3-4fff-b370-8595bc911c12" />
    <UnitTestResult executionId="d96f3658-1d2b-49a1-8edb-6a6badaf1ca9" testId="876a1422-ad18-208d-fc51-4e67f8114e7c" testName="Opstrax.Telematics.Security.Tests.DefaultDeviceAuthenticatorTests.Allowlisted_imei_passes_under_allowlist_only_policy" computerName="Mac" duration="00:00:00.0002262" startTime="2026-08-23T00:25:10.5766960-04:00" endTime="2026-08-23T00:25:10.5767220-04:00" testType="13cdc9d9-ddb5-4fa4-a97d-d965ccfc6d4b" outcome="Passed" testListId="8c84fa94-04c1-424b-9868-57a2d4851a1d" relativeResultsDirectory="d96f3658-1d2b-49a1-8edb-6a6badaf1ca9" />
    <UnitTestResult executionId="ebeaf628-f76b-4408-bd9c-9715e85ec52d" testId="f30febec-0caa-b4f4-7e9e-370a61c421ba" testName="Opstrax.Telematics.Security.Tests.InMemoryReplayGuardTests.RecentUse_RefreshesLruRecency" computerName="Mac" duration="00:00:00.0001386" startTime="2026-08-23T00:25:10.5801840-04:00" endTime="2026-08-23T00:25:10.5802910-04:00" testType="13cdc9d9-ddb5-4fa4-a97d-d965ccfc6d4b" outcome="Passed" testListId="8c84fa94-04c1-424b-9868-57a2d4851a1d" relativeResultsDirectory="ebeaf628-f76b-4408-bd9c-9715e85ec52d" />
    <UnitTestResult executionId="46c3f052-e2cf-491f-8793-a6b68912dca5" testId="12514c01-30ae-a549-8b88-514fe4f56103" testName="Opstrax.Telematics.Security.Tests.DeploymentHardeningContractTests.ServiceManifests_DoNotDeclareTheRetiredTelemetrySecretKeys(manifest: &quot;render.yaml&quot;)" computerName="Mac" duration="00:00:00.0003079" startTime="2026-08-23T00:25:10.5482520-04:00" endTime="2026-08-23T00:25:10.5482920-04:00" testType="13cdc9d9-ddb5-4fa4-a97d-d965ccfc6d4b" outcome="Passed" testListId="8c84fa94-04c1-424b-9868-57a2d4851a1d" relativeResultsDirectory="46c3f052-e2cf-491f-8793-a6b68912dca5" />
    <UnitTestResult executionId="20057059-1a3e-478c-a292-1ce8f19528b6" testId="09b67f79-67f3-dd19-acfc-24a9a027d1f8" testName="Opstrax.Telematics.Security.Tests.DefaultDeviceAuthenticatorTests.Provisioned_but_never_connected_device_cannot_authenticate" computerName="Mac" duration="00:00:00.0002746" startTime="2026-08-23T00:25:10.5778560-04:00" endTime="2026-08-23T00:25:10.5778850-04:00" testType="13cdc9d9-ddb5-4fa4-a97d-d965ccfc6d4b" outcome="Passed" testListId="8c84fa94-04c1-424b-9868-57a2d4851a1d" relativeResultsDirectory="20057059-1a3e-478c-a292-1ce8f19528b6" />
    <UnitTestResult executionId="98dce2c4-f2e7-4cab-9663-1ef1cf19fd7c" testId="f789d0bd-9f00-840f-a67a-d03863f20f28" testName="Opstrax.Telematics.Security.Tests.InMemoryReplayGuardTests.WraparoundMode_TreatsCounterWrap_AsForwardProgress" computerName="Mac" duration="00:00:00.0000733" startTime="2026-08-23T00:25:10.5819140-04:00" endTime="2026-08-23T00:25:10.5819350-04:00" testType="13cdc9d9-ddb5-4fa4-a97d-d965ccfc6d4b" outcome="Passed" testListId="8c84fa94-04c1-424b-9868-57a2d4851a1d" relativeResultsDirectory="98dce2c4-f2e7-4cab-9663-1ef1cf19fd7c" />
    <UnitTestResult executionId="a63bae70-5c39-4aa5-9483-1972e9fe71b1" testId="a85b62a1-6990-178e-a216-93d9ecde86b9" testName="Opstrax.Telematics.Security.Tests.DefaultDeviceAuthenticatorTests.Successful_imei_allowlist_login_is_explicitly_not_cryptographically_authenticated" computerName="Mac" duration="00:00:00.0002515" startTime="2026-08-23T00:25:10.5800940-04:00" endTime="2026-08-23T00:25:10.5802080-04:00" testType="13cdc9d9-ddb5-4fa4-a97d-d965ccfc6d4b" outcome="Passed" testListId="8c84fa94-04c1-424b-9868-57a2d4851a1d" relativeResultsDirectory="a63bae70-5c39-4aa5-9483-1972e9fe71b1" />
    <UnitTestResult executionId="f35110ee-4b18-491e-9bf2-15f191e108a2" testId="0ed9aa71-184a-13d6-615c-3852b0f7c490" testName="Opstrax.Telematics.Security.Tests.DeploymentHardeningContractTests.ExampleAllowlist_NoLongerShipsThePilotImei" computerName="Mac" duration="00:00:00.0002703" startTime="2026-08-23T00:25:10.5480690-04:00" endTime="2026-08-23T00:25:10.5481030-04:00" testType="13cdc9d9-ddb5-4fa4-a97d-d965ccfc6d4b" outcome="Passed" testListId="8c84fa94-04c1-424b-9868-57a2d4851a1d" relativeResultsDirectory="f35110ee-4b18-491e-9bf2-15f191e108a2" />
    <UnitTestResult executionId="1d941303-64cc-4231-b1ec-983cec51fab2" testId="ccbcbc7f-3460-9ab2-e32d-6b0aebd5c9f6" testName="Opstrax.Telematics.Security.Tests.InMemoryReplayGuardTests.OutOfOrder_IsRecorded_SoRetryHasStableEventIdentity" computerName="Mac" duration="00:00:00.0017852" startTime="2026-08-23T00:25:10.5765070-04:00" endTime="2026-08-23T00:25:10.5765380-04:00" testType="13cdc9d9-ddb5-4fa4-a97d-d965ccfc6d4b" outcome="Passed" testListId="8c84fa94-04c1-424b-9868-57a2d4851a1d" relativeResultsDirectory="1d941303-64cc-4231-b1ec-983cec51fab2" />
    <UnitTestResult executionId="954ceda0-a625-4005-98e3-b9eec44ef40c" testId="73806078-f273-81ce-8082-8f3043dd57b5" testName="Opstrax.Telematics.Security.Tests.InMemoryReplayGuardTests.ExactDuplicate_IsDuplicateReplay" computerName="Mac" duration="00:00:00.0000655" startTime="2026-08-23T00:25:10.5811440-04:00" endTime="2026-08-23T00:25:10.5811660-04:00" testType="13cdc9d9-ddb5-4fa4-a97d-d965ccfc6d4b" outcome="Passed" testListId="8c84fa94-04c1-424b-9868-57a2d4851a1d" relativeResultsDirectory="954ceda0-a625-4005-98e3-b9eec44ef40c" />
  </Results>
  <TestDefinitions>
    <UnitTest name="Opstrax.Telematics.Security.Tests.DefaultDeviceAuthenticatorTests.Quarantined_device_is_kept_quarantined" storage="/users/zackkhan/downloads/opstrax-enterprise-build-fixed-nginx/telematics/tests/opstrax.telematics.security.tests/bin/release/net8.0/opstrax.telematics.security.tests.dll" id="2a2826e9-1e37-c5e9-af51-8ec0d48dcba7">
      <Execution id="a2fab6e6-e7a4-459e-b410-cd1f8eb554b3" />
      <TestMethod codeBase="/Users/zackkhan/Downloads/opstrax-enterprise-build-fixed-nginx/telematics/tests/Opstrax.Telematics.Security.Tests/bin/Release/net8.0/Opstrax.Telematics.Security.Tests.dll" adapterTypeName="executor://xunit/VsTestRunner3/netcore/" className="Opstrax.Telematics.Security.Tests.DefaultDeviceAuthenticatorTests" name="Quarantined_device_is_kept_quarantined" />
    </UnitTest>
    <UnitTest name="Opstrax.Telematics.Security.Tests.DeploymentHardeningContractTests.DeployCompose_RefusesToStartWithoutAnExplicitAllowlistFile" storage="/users/zackkhan/downloads/opstrax-enterprise-build-fixed-nginx/telematics/tests/opstrax.telematics.security.tests/bin/release/net8.0/opstrax.telematics.security.tests.dll" id="40809114-38e6-e601-3df7-c1cbc3eea77d">
      <Execution id="ad1b0579-129f-4fd1-9b77-14aca861b46d" />
      <TestMethod codeBase="/Users/zackkhan/Downloads/opstrax-enterprise-build-fixed-nginx/telematics/tests/Opstrax.Telematics.Security.Tests/bin/Release/net8.0/Opstrax.Telematics.Security.Tests.dll" adapterTypeName="executor://xunit/VsTestRunner3/netcore/" className="Opstrax.Telematics.Security.Tests.DeploymentHardeningContractTests" name="DeployCompose_RefusesToStartWithoutAnExplicitAllowlistFile" />
    </UnitTest>
    <UnitTest name="Opstrax.Telematics.Security.Tests.DefaultDeviceAuthenticatorTests.RawTcp_DoesNotPretendCertificateAuthenticationOccurred(mode: MutualTls)" storage="/users/zackkhan/downloads/opstrax-enterprise-build-fixed-nginx/telematics/tests/opstrax.telematics.security.tests/bin/release/net8.0/opstrax.telematics.security.tests.dll" id="44f1c6c1-beab-95ba-6355-0c3540d47682">
      <Execution id="9242461e-ca67-4aa9-96ef-7871c0243a03" />
      <TestMethod codeBase="/Users/zackkhan/Downloads/opstrax-enterprise-build-fixed-nginx/telematics/tests/Opstrax.Telematics.Security.Tests/bin/Release/net8.0/Opstrax.Telematics.Security.Tests.dll" adapterTypeName="executor://xunit/VsTestRunner3/netcore/" className="Opstrax.Telematics.Security.Tests.DefaultDeviceAuthenticatorTests" name="RawTcp_DoesNotPretendCertificateAuthenticationOccurred" />
    </UnitTest>
    <UnitTest name="Opstrax.Telematics.Security.Tests.InMemoryReplayGuardTests.EqualSerial_DistinctContent_IsAccepted_ButDoesNotBlockLaterProgress" storage="/users/zackkhan/downloads/opstrax-enterprise-build-fixed-nginx/telematics/tests/opstrax.telematics.security.tests/bin/release/net8.0/opstrax.telematics.security.tests.dll" id="17e34384-f51e-b57d-329c-d3b513995bb4">
      <Execution id="bb0121b4-4ba2-455b-85ea-73ef823221db" />
      <TestMethod codeBase="/Users/zackkhan/Downloads/opstrax-enterprise-build-fixed-nginx/telematics/tests/Opstrax.Telematics.Security.Tests/bin/Release/net8.0/Opstrax.Telematics.Security.Tests.dll" adapterTypeName="executor://xunit/VsTestRunner3/netcore/" className="Opstrax.Telematics.Security.Tests.InMemoryReplayGuardTests" name="EqualSerial_DistinctContent_IsAccepted_ButDoesNotBlockLaterProgress" />
    </UnitTest>
    <UnitTest name="Opstrax.Telematics.Security.Tests.DefaultDeviceAuthenticatorTests.Suspended_device_is_rejected" storage="/users/zackkhan/downloads/opstrax-enterprise-build-fixed-nginx/telematics/tests/opstrax.telematics.security.tests/bin/release/net8.0/opstrax.telematics.security.tests.dll" id="e2578d55-e8ab-8e9d-bf34-fc21e6332680">
      <Execution id="91b869a2-0a9b-47ef-a9fa-54835e17a3f0" />
      <TestMethod codeBase="/Users/zackkhan/Downloads/opstrax-enterprise-build-fixed-nginx/telematics/tests/Opstrax.Telematics.Security.Tests/bin/Release/net8.0/Opstrax.Telematics.Security.Tests.dll" adapterTypeName="executor://xunit/VsTestRunner3/netcore/" className="Opstrax.Telematics.Security.Tests.DefaultDeviceAuthenticatorTests" name="Suspended_device_is_rejected" />
    </UnitTest>
    <UnitTest name="Opstrax.Telematics.Security.Tests.DefaultDeviceAuthenticatorTests.Unresolvable_credential_fails_closed" storage="/users/zackkhan/downloads/opstrax-enterprise-build-fixed-nginx/telematics/tests/opstrax.telematics.security.tests/bin/release/net8.0/opstrax.telematics.security.tests.dll" id="445f4c58-7959-336d-ffba-506fa8aeae3c">
      <Execution id="9d8892ee-bee7-4a17-9a11-df36c6323969" />
      <TestMethod codeBase="/Users/zackkhan/Downloads/opstrax-enterprise-build-fixed-nginx/telematics/tests/Opstrax.Telematics.Security.Tests/bin/Release/net8.0/Opstrax.Telematics.Security.Tests.dll" adapterTypeName="executor://xunit/VsTestRunner3/netcore/" className="Opstrax.Telematics.Security.Tests.DefaultDeviceAuthenticatorTests" name="Unresolvable_credential_fails_closed" />
    </UnitTest>
    <UnitTest name="Opstrax.Telematics.Security.Tests.InMemoryReplayGuardTests.WraparoundMode_RepeatedHeartbeatInLaterGenerationGetsANewEventIdentity" storage="/users/zackkhan/downloads/opstrax-enterprise-build-fixed-nginx/telematics/tests/opstrax.telematics.security.tests/bin/release/net8.0/opstrax.telematics.security.tests.dll" id="d3d6281b-502d-f105-61f5-21203a86184c">
      <Execution id="e9fc67af-f58e-4c85-89b8-3510e522f939" />
      <TestMethod codeBase="/Users/zackkhan/Downloads/opstrax-enterprise-build-fixed-nginx/telematics/tests/Opstrax.Telematics.Security.Tests/bin/Release/net8.0/Opstrax.Telematics.Security.Tests.dll" adapterTypeName="executor://xunit/VsTestRunner3/netcore/" className="Opstrax.Telematics.Security.Tests.InMemoryReplayGuardTests" name="WraparoundMode_RepeatedHeartbeatInLaterGenerationGetsANewEventIdentity" />
    </UnitTest>
    <UnitTest name="Opstrax.Telematics.Security.Tests.DefaultDeviceAuthenticatorTests.Invalid_per_device_hmac_is_rejected" storage="/users/zackkhan/downloads/opstrax-enterprise-build-fixed-nginx/telematics/tests/opstrax.telematics.security.tests/bin/release/net8.0/opstrax.telematics.security.tests.dll" id="e3af3ca2-c63e-6042-08bd-7fde0088d2bb">
      <Execution id="87fb2755-299a-4b75-ba02-1ea68df75928" />
      <TestMethod codeBase="/Users/zackkhan/Downloads/opstrax-enterprise-build-fixed-nginx/telematics/tests/Opstrax.Telematics.Security.Tests/bin/Release/net8.0/Opstrax.Telematics.Security.Tests.dll" adapterTypeName="executor://xunit/VsTestRunner3/netcore/" className="Opstrax.Telematics.Security.Tests.DefaultDeviceAuthenticatorTests" name="Invalid_per_device_hmac_is_rejected" />
    </UnitTest>
    <UnitTest name="Opstrax.Telematics.Security.Tests.InMemoryReplayGuardTests.InvalidConstructorArgs_Throw" storage="/users/zackkhan/downloads/opstrax-enterprise-build-fixed-nginx/telematics/tests/opstrax.telematics.security.tests/bin/release/net8.0/opstrax.telematics.security.tests.dll" id="bbf4e4b6-a3e6-c065-6642-dcac4eeb6d9e">
      <Execution id="aebf2a7f-2a5a-46f6-9ef2-0090ae0fd6f4" />
      <TestMethod codeBase="/Users/zackkhan/Downloads/opstrax-enterprise-build-fixed-nginx/telematics/tests/Opstrax.Telematics.Security.Tests/bin/Release/net8.0/Opstrax.Telematics.Security.Tests.dll" adapterTypeName="executor://xunit/VsTestRunner3/netcore/" className="Opstrax.Telematics.Security.Tests.InMemoryReplayGuardTests" name="InvalidConstructorArgs_Throw" />
    </UnitTest>
    <UnitTest name="Opstrax.Telematics.Security.Tests.InMemoryReplayGuardTests.ConcurrentDistinctDevices_DoNotContend_AndAllAccept" storage="/users/zackkhan/downloads/opstrax-enterprise-build-fixed-nginx/telematics/tests/opstrax.telematics.security.tests/bin/release/net8.0/opstrax.telematics.security.tests.dll" id="7bb3df63-f03f-5f86-ea02-92366f6fbf3a">
      <Execution id="fad0d10a-fc7c-49bd-b35e-f5ddc6d66a2d" />
      <TestMethod codeBase="/Users/zackkhan/Downloads/opstrax-enterprise-build-fixed-nginx/telematics/tests/Opstrax.Telematics.Security.Tests/bin/Release/net8.0/Opstrax.Telematics.Security.Tests.dll" adapterTypeName="executor://xunit/VsTestRunner3/netcore/" className="Opstrax.Telematics.Security.Tests.InMemoryReplayGuardTests" name="ConcurrentDistinctDevices_DoNotContend_AndAllAccept" />
    </UnitTest>
    <UnitTest name="Opstrax.Telematics.Security.Tests.DefaultDeviceAuthenticatorTests.Provisioned_but_never_connected_device_cannot_authenticate" storage="/users/zackkhan/downloads/opstrax-enterprise-build-fixed-nginx/telematics/tests/opstrax.telematics.security.tests/bin/release/net8.0/opstrax.telematics.security.tests.dll" id="09b67f79-67f3-dd19-acfc-24a9a027d1f8">
      <Execution id="20057059-1a3e-478c-a292-1ce8f19528b6" />
      <TestMethod codeBase="/Users/zackkhan/Downloads/opstrax-enterprise-build-fixed-nginx/telematics/tests/Opstrax.Telematics.Security.Tests/bin/Release/net8.0/Opstrax.Telematics.Security.Tests.dll" adapterTypeName="executor://xunit/VsTestRunner3/netcore/" className="Opstrax.Telematics.Security.Tests.DefaultDeviceAuthenticatorTests" name="Provisioned_but_never_connected_device_cannot_authenticate" />
    </UnitTest>
    <UnitTest name="Opstrax.Telematics.Security.Tests.DefaultDeviceAuthenticatorTests.Changed_sim_iccid_quarantines_the_device" storage="/users/zackkhan/downloads/opstrax-enterprise-build-fixed-nginx/telematics/tests/opstrax.telematics.security.tests/bin/release/net8.0/opstrax.telematics.security.tests.dll" id="ebd9c00c-8f04-3736-2030-578bdb5ef18b">
      <Execution id="057d281c-749f-4c86-a9a7-420d039ce53b" />
      <TestMethod codeBase="/Users/zackkhan/Downloads/opstrax-enterprise-build-fixed-nginx/telematics/tests/Opstrax.Telematics.Security.Tests/bin/Release/net8.0/Opstrax.Telematics.Security.Tests.dll" adapterTypeName="executor://xunit/VsTestRunner3/netcore/" className="Opstrax.Telematics.Security.Tests.DefaultDeviceAuthenticatorTests" name="Changed_sim_iccid_quarantines_the_device" />
    </UnitTest>
    <UnitTest name="Opstrax.Telematics.Security.Tests.DeploymentHardeningContractTests.ExampleAllowlist_ParsesToZeroAdmissibleEntries_ThroughTheRealParser" storage="/users/zackkhan/downloads/opstrax-enterprise-build-fixed-nginx/telematics/tests/opstrax.telematics.security.tests/bin/release/net8.0/opstrax.telematics.security.tests.dll" id="cdd77305-7bfb-9fb0-2ac9-ffc552f4b4b1">
      <Execution id="59c4c305-1581-4df2-bdee-bd5c765d8269" />
      <TestMethod codeBase="/Users/zackkhan/Downloads/opstrax-enterprise-build-fixed-nginx/telematics/tests/Opstrax.Telematics.Security.Tests/bin/Release/net8.0/Opstrax.Telematics.Security.Tests.dll" adapterTypeName="executor://xunit/VsTestRunner3/netcore/" className="Opstrax.Telematics.Security.Tests.DeploymentHardeningContractTests" name="ExampleAllowlist_ParsesToZeroAdmissibleEntries_ThroughTheRealParser" />
    </UnitTest>
    <UnitTest name="Opstrax.Telematics.Security.Tests.DefaultDeviceAuthenticatorTests.RawTcp_DoesNotPretendCertificateAuthenticationOccurred(mode: ClientCertificate)" storage="/users/zackkhan/downloads/opstrax-enterprise-build-fixed-nginx/telematics/tests/opstrax.telematics.security.tests/bin/release/net8.0/opstrax.telematics.security.tests.dll" id="8333762b-1700-7cee-ebe2-610c750cb938">
      <Execution id="c8fdda14-d72b-4bcd-a1df-e8984219290f" />
      <TestMethod codeBase="/Users/zackkhan/Downloads/opstrax-enterprise-build-fixed-nginx/telematics/tests/Opstrax.Telematics.Security.Tests/bin/Release/net8.0/Opstrax.Telematics.Security.Tests.dll" adapterTypeName="executor://xunit/VsTestRunner3/netcore/" className="Opstrax.Telematics.Security.Tests.DefaultDeviceAuthenticatorTests" name="RawTcp_DoesNotPretendCertificateAuthenticationOccurred" />
    </UnitTest>
    <UnitTest name="Opstrax.Telematics.Security.Tests.InMemoryReplayGuardTests.ReplayOfAcceptedFrame_IsAlwaysRejected_EvenAfterEviction" storage="/users/zackkhan/downloads/opstrax-enterprise-build-fixed-nginx/telematics/tests/opstrax.telematics.security.tests/bin/release/net8.0/opstrax.telematics.security.tests.dll" id="7ddd372f-7024-a461-f6b2-948bfeaf7fa6">
      <Execution id="1089728e-e417-4190-b6ad-ab4103e9e961" />
      <TestMethod codeBase="/Users/zackkhan/Downloads/opstrax-enterprise-build-fixed-nginx/telematics/tests/Opstrax.Telematics.Security.Tests/bin/Release/net8.0/Opstrax.Telematics.Security.Tests.dll" adapterTypeName="executor://xunit/VsTestRunner3/netcore/" className="Opstrax.Telematics.Security.Tests.InMemoryReplayGuardTests" name="ReplayOfAcceptedFrame_IsAlwaysRejected_EvenAfterEviction" />
    </UnitTest>
    <UnitTest name="Opstrax.Telematics.Security.Tests.InMemoryReplayGuardTests.ExactDuplicate_IsDuplicateReplay" storage="/users/zackkhan/downloads/opstrax-enterprise-build-fixed-nginx/telematics/tests/opstrax.telematics.security.tests/bin/release/net8.0/opstrax.telematics.security.tests.dll" id="73806078-f273-81ce-8082-8f3043dd57b5">
      <Execution id="954ceda0-a625-4005-98e3-b9eec44ef40c" />
      <TestMethod codeBase="/Users/zackkhan/Downloads/opstrax-enterprise-build-fixed-nginx/telematics/tests/Opstrax.Telematics.Security.Tests/bin/Release/net8.0/Opstrax.Telematics.Security.Tests.dll" adapterTypeName="executor://xunit/VsTestRunner3/netcore/" className="Opstrax.Telematics.Security.Tests.InMemoryReplayGuardTests" name="ExactDuplicate_IsDuplicateReplay" />
    </UnitTest>
    <UnitTest name="Opstrax.Telematics.Security.Tests.DeploymentHardeningContractTests.ExampleAllowlist_NoLongerShipsThePilotImei" storage="/users/zackkhan/downloads/opstrax-enterprise-build-fixed-nginx/telematics/tests/opstrax.telematics.security.tests/bin/release/net8.0/opstrax.telematics.security.tests.dll" id="0ed9aa71-184a-13d6-615c-3852b0f7c490">
      <Execution id="f35110ee-4b18-491e-9bf2-15f191e108a2" />
      <TestMethod codeBase="/Users/zackkhan/Downloads/opstrax-enterprise-build-fixed-nginx/telematics/tests/Opstrax.Telematics.Security.Tests/bin/Release/net8.0/Opstrax.Telematics.Security.Tests.dll" adapterTypeName="executor://xunit/VsTestRunner3/netcore/" className="Opstrax.Telematics.Security.Tests.DeploymentHardeningContractTests" name="ExampleAllowlist_NoLongerShipsThePilotImei" />
    </UnitTest>
    <UnitTest name="Opstrax.Telematics.Security.Tests.InMemoryReplayGuardTests.InvalidDeviceId_Throws(deviceId: null)" storage="/users/zackkhan/downloads/opstrax-enterprise-build-fixed-nginx/telematics/tests/opstrax.telematics.security.tests/bin/release/net8.0/opstrax.telematics.security.tests.dll" id="d17baf58-e266-3d04-19ee-4953343e329e">
      <Execution id="2d7ec17c-0019-41c7-810a-a2df9c6e130b" />
      <TestMethod codeBase="/Users/zackkhan/Downloads/opstrax-enterprise-build-fixed-nginx/telematics/tests/Opstrax.Telematics.Security.Tests/bin/Release/net8.0/Opstrax.Telematics.Security.Tests.dll" adapterTypeName="executor://xunit/VsTestRunner3/netcore/" className="Opstrax.Telematics.Security.Tests.InMemoryReplayGuardTests" name="InvalidDeviceId_Throws" />
    </UnitTest>
    <UnitTest name="Opstrax.Telematics.Security.Tests.InMemoryReplayGuardTests.InvalidDeviceId_Throws(deviceId: &quot;&quot;)" storage="/users/zackkhan/downloads/opstrax-enterprise-build-fixed-nginx/telematics/tests/opstrax.telematics.security.tests/bin/release/net8.0/opstrax.telematics.security.tests.dll" id="020684c3-030d-b9cf-1de6-928d0d3201d1">
      <Execution id="b7e4eac6-4b03-409b-a769-2fdb6f79a2de" />
      <TestMethod codeBase="/Users/zackkhan/Downloads/opstrax-enterprise-build-fixed-nginx/telematics/tests/Opstrax.Telematics.Security.Tests/bin/Release/net8.0/Opstrax.Telematics.Security.Tests.dll" adapterTypeName="executor://xunit/VsTestRunner3/netcore/" className="Opstrax.Telematics.Security.Tests.InMemoryReplayGuardTests" name="InvalidDeviceId_Throws" />
    </UnitTest>
    <UnitTest name="Opstrax.Telematics.Security.Tests.DeploymentHardeningContractTests.GatewayCompositionRoot_HasNoCommandLineConfigurationSource" storage="/users/zackkhan/downloads/opstrax-enterprise-build-fixed-nginx/telematics/tests/opstrax.telematics.security.tests/bin/release/net8.0/opstrax.telematics.security.tests.dll" id="c9e0dbfe-fb19-0513-1c60-0d5fa1cb9b4a">
      <Execution id="0ea33299-1f3a-47ed-8865-acdc6a6405c4" />
      <TestMethod codeBase="/Users/zackkhan/Downloads/opstrax-enterprise-build-fixed-nginx/telematics/tests/Opstrax.Telematics.Security.Tests/bin/Release/net8.0/Opstrax.Telematics.Security.Tests.dll" adapterTypeName="executor://xunit/VsTestRunner3/netcore/" className="Opstrax.Telematics.Security.Tests.DeploymentHardeningContractTests" name="GatewayCompositionRoot_HasNoCommandLineConfigurationSource" />
    </UnitTest>
    <UnitTest name="Opstrax.Telematics.Security.Tests.InMemoryReplayGuardTests.RecentUse_RefreshesLruRecency" storage="/users/zackkhan/downloads/opstrax-enterprise-build-fixed-nginx/telematics/tests/opstrax.telematics.security.tests/bin/release/net8.0/opstrax.telematics.security.tests.dll" id="f30febec-0caa-b4f4-7e9e-370a61c421ba">
      <Execution id="ebeaf628-f76b-4408-bd9c-9715e85ec52d" />
      <TestMethod codeBase="/Users/zackkhan/Downloads/opstrax-enterprise-build-fixed-nginx/telematics/tests/Opstrax.Telematics.Security.Tests/bin/Release/net8.0/Opstrax.Telematics.Security.Tests.dll" adapterTypeName="executor://xunit/VsTestRunner3/netcore/" className="Opstrax.Telematics.Security.Tests.InMemoryReplayGuardTests" name="RecentUse_RefreshesLruRecency" />
    </UnitTest>
    <UnitTest name="Opstrax.Telematics.Security.Tests.InMemoryReplayGuardTests.OutOfOrder_IsRecorded_SoRetryHasStableEventIdentity" storage="/users/zackkhan/downloads/opstrax-enterprise-build-fixed-nginx/telematics/tests/opstrax.telematics.security.tests/bin/release/net8.0/opstrax.telematics.security.tests.dll" id="ccbcbc7f-3460-9ab2-e32d-6b0aebd5c9f6">
      <Execution id="1d941303-64cc-4231-b1ec-983cec51fab2" />
      <TestMethod codeBase="/Users/zackkhan/Downloads/opstrax-enterprise-build-fixed-nginx/telematics/tests/Opstrax.Telematics.Security.Tests/bin/Release/net8.0/Opstrax.Telematics.Security.Tests.dll" adapterTypeName="executor://xunit/VsTestRunner3/netcore/" className="Opstrax.Telematics.Security.Tests.InMemoryReplayGuardTests" name="OutOfOrder_IsRecorded_SoRetryHasStableEventIdentity" />
    </UnitTest>
    <UnitTest name="Opstrax.Telematics.Security.Tests.DeploymentHardeningContractTests.Installer_AcceptsNoSecretOnTheCommandLine" storage="/users/zackkhan/downloads/opstrax-enterprise-build-fixed-nginx/telematics/tests/opstrax.telematics.security.tests/bin/release/net8.0/opstrax.telematics.security.tests.dll" id="8348dcab-c662-7ab7-5663-c35b23b33b60">
      <Execution id="89efc601-4c4d-4900-a8bf-0343a127f912" />
      <TestMethod codeBase="/Users/zackkhan/Downloads/opstrax-enterprise-build-fixed-nginx/telematics/tests/Opstrax.Telematics.Security.Tests/bin/Release/net8.0/Opstrax.Telematics.Security.Tests.dll" adapterTypeName="executor://xunit/VsTestRunner3/netcore/" className="Opstrax.Telematics.Security.Tests.DeploymentHardeningContractTests" name="Installer_AcceptsNoSecretOnTheCommandLine" />
    </UnitTest>
    <UnitTest name="Opstrax.Telematics.Security.Tests.DefaultDeviceAuthenticatorTests.Successful_imei_allowlist_login_is_explicitly_not_cryptographically_authenticated" storage="/users/zackkhan/downloads/opstrax-enterprise-build-fixed-nginx/telematics/tests/opstrax.telematics.security.tests/bin/release/net8.0/opstrax.telematics.security.tests.dll" id="a85b62a1-6990-178e-a216-93d9ecde86b9">
      <Execution id="a63bae70-5c39-4aa5-9483-1972e9fe71b1" />
      <TestMethod codeBase="/Users/zackkhan/Downloads/opstrax-enterprise-build-fixed-nginx/telematics/tests/Opstrax.Telematics.Security.Tests/bin/Release/net8.0/Opstrax.Telematics.Security.Tests.dll" adapterTypeName="executor://xunit/VsTestRunner3/netcore/" className="Opstrax.Telematics.Security.Tests.DefaultDeviceAuthenticatorTests" name="Successful_imei_allowlist_login_is_explicitly_not_cryptographically_authenticated" />
    </UnitTest>
    <UnitTest name="Opstrax.Telematics.Security.Tests.DefaultDeviceAuthenticatorTests.Missing_hmac_proof_is_rejected_under_hmac_policy" storage="/users/zackkhan/downloads/opstrax-enterprise-build-fixed-nginx/telematics/tests/opstrax.telematics.security.tests/bin/release/net8.0/opstrax.telematics.security.tests.dll" id="1ddca2af-2a79-d09b-7f3e-a66d5d3c477d">
      <Execution id="603a5f83-7ce3-4fff-b370-8595bc911c12" />
      <TestMethod codeBase="/Users/zackkhan/Downloads/opstrax-enterprise-build-fixed-nginx/telematics/tests/Opstrax.Telematics.Security.Tests/bin/Release/net8.0/Opstrax.Telematics.Security.Tests.dll" adapterTypeName="executor://xunit/VsTestRunner3/netcore/" className="Opstrax.Telematics.Security.Tests.DefaultDeviceAuthenticatorTests" name="Missing_hmac_proof_is_rejected_under_hmac_policy" />
    </UnitTest>
    <UnitTest name="Opstrax.Telematics.Security.Tests.InMemoryReplayGuardTests.CheckAsync_IsBehaviorParity_And_Dedups" storage="/users/zackkhan/downloads/opstrax-enterprise-build-fixed-nginx/telematics/tests/opstrax.telematics.security.tests/bin/release/net8.0/opstrax.telematics.security.tests.dll" id="8eb4bff4-5dcf-66b8-58c6-e894c13cf4df">
      <Execution id="412fb6b0-8f75-47e6-b472-bddf9c0b2643" />
      <TestMethod codeBase="/Users/zackkhan/Downloads/opstrax-enterprise-build-fixed-nginx/telematics/tests/Opstrax.Telematics.Security.Tests/bin/Release/net8.0/Opstrax.Telematics.Security.Tests.dll" adapterTypeName="executor://xunit/VsTestRunner3/netcore/" className="Opstrax.Telematics.Security.Tests.InMemoryReplayGuardTests" name="CheckAsync_IsBehaviorParity_And_Dedups" />
    </UnitTest>
    <UnitTest name="Opstrax.Telematics.Security.Tests.InMemoryReplayGuardTests.WraparoundMode_TreatsCounterWrap_AsForwardProgress" storage="/users/zackkhan/downloads/opstrax-enterprise-build-fixed-nginx/telematics/tests/opstrax.telematics.security.tests/bin/release/net8.0/opstrax.telematics.security.tests.dll" id="f789d0bd-9f00-840f-a67a-d03863f20f28">
      <Execution id="98dce2c4-f2e7-4cab-9663-1ef1cf19fd7c" />
      <TestMethod codeBase="/Users/zackkhan/Downloads/opstrax-enterprise-build-fixed-nginx/telematics/tests/Opstrax.Telematics.Security.Tests/bin/Release/net8.0/Opstrax.Telematics.Security.Tests.dll" adapterTypeName="executor://xunit/VsTestRunner3/netcore/" className="Opstrax.Telematics.Security.Tests.InMemoryReplayGuardTests" name="WraparoundMode_TreatsCounterWrap_AsForwardProgress" />
    </UnitTest>
    <UnitTest name="Opstrax.Telematics.Security.Tests.InMemoryReplayGuardTests.ConcurrentDuplicates_AcceptExactlyOnce_NoTornState" storage="/users/zackkhan/downloads/opstrax-enterprise-build-fixed-nginx/telematics/tests/opstrax.telematics.security.tests/bin/release/net8.0/opstrax.telematics.security.tests.dll" id="50f25420-b2e5-2980-e396-6fa66e439793">
      <Execution id="f6ec684a-35f4-455f-b971-12cb51414573" />
      <TestMethod codeBase="/Users/zackkhan/Downloads/opstrax-enterprise-build-fixed-nginx/telematics/tests/Opstrax.Telematics.Security.Tests/bin/Release/net8.0/Opstrax.Telematics.Security.Tests.dll" adapterTypeName="executor://xunit/VsTestRunner3/netcore/" className="Opstrax.Telematics.Security.Tests.InMemoryReplayGuardTests" name="ConcurrentDuplicates_AcceptExactlyOnce_NoTornState" />
    </UnitTest>
    <UnitTest name="Opstrax.Telematics.Security.Tests.DefaultDeviceAuthenticatorTests.Retired_device_is_rejected" storage="/users/zackkhan/downloads/opstrax-enterprise-build-fixed-nginx/telematics/tests/opstrax.telematics.security.tests/bin/release/net8.0/opstrax.telematics.security.tests.dll" id="ba56164b-5b75-9c76-6eba-d8deae41552a">
      <Execution id="15d343e2-577a-46b8-a5ee-2ece748a6fd2" />
      <TestMethod codeBase="/Users/zackkhan/Downloads/opstrax-enterprise-build-fixed-nginx/telematics/tests/Opstrax.Telematics.Security.Tests/bin/Release/net8.0/Opstrax.Telematics.Security.Tests.dll" adapterTypeName="executor://xunit/VsTestRunner3/netcore/" className="Opstrax.Telematics.Security.Tests.DefaultDeviceAuthenticatorTests" name="Retired_device_is_rejected" />
    </UnitTest>
    <UnitTest name="Opstrax.Telematics.Security.Tests.DefaultDeviceAuthenticatorTests.ImeiAllowlistOnly_is_flagged_low_trust_and_non_cryptographic" storage="/users/zackkhan/downloads/opstrax-enterprise-build-fixed-nginx/telematics/tests/opstrax.telematics.security.tests/bin/release/net8.0/opstrax.telematics.security.tests.dll" id="b45449e1-723a-2c45-f11a-69a3341f5e06">
      <Execution id="e80f0e1b-1652-466d-b732-3c6152b014e0" />
      <TestMethod codeBase="/Users/zackkhan/Downloads/opstrax-enterprise-build-fixed-nginx/telematics/tests/Opstrax.Telematics.Security.Tests/bin/Release/net8.0/Opstrax.Telematics.Security.Tests.dll" adapterTypeName="executor://xunit/VsTestRunner3/netcore/" className="Opstrax.Telematics.Security.Tests.DefaultDeviceAuthenticatorTests" name="ImeiAllowlistOnly_is_flagged_low_trust_and_non_cryptographic" />
    </UnitTest>
    <UnitTest name="Opstrax.Telematics.Security.Tests.InMemoryReplayGuardTests.WraparoundMode_ExactHalfRange_IsAmbiguousAndFailsClosed" storage="/users/zackkhan/downloads/opstrax-enterprise-build-fixed-nginx/telematics/tests/opstrax.telematics.security.tests/bin/release/net8.0/opstrax.telematics.security.tests.dll" id="b1840d51-a99d-014a-dda8-dd65b5943dd4">
      <Execution id="f6e52fec-7b34-4b78-ae19-ff689777f60d" />
      <TestMethod codeBase="/Users/zackkhan/Downloads/opstrax-enterprise-build-fixed-nginx/telematics/tests/Opstrax.Telematics.Security.Tests/bin/Release/net8.0/Opstrax.Telematics.Security.Tests.dll" adapterTypeName="executor://xunit/VsTestRunner3/netcore/" className="Opstrax.Telematics.Security.Tests.InMemoryReplayGuardTests" name="WraparoundMode_ExactHalfRange_IsAmbiguousAndFailsClosed" />
    </UnitTest>
    <UnitTest name="Opstrax.Telematics.Security.Tests.DefaultDeviceAuthenticatorTests.Login_with_no_identifier_is_rejected" storage="/users/zackkhan/downloads/opstrax-enterprise-build-fixed-nginx/telematics/tests/opstrax.telematics.security.tests/bin/release/net8.0/opstrax.telematics.security.tests.dll" id="bcfa12ee-dc11-f321-14f8-ddfb994896fd">
      <Execution id="c96a656f-2a92-4a08-a289-794b71cdc31c" />
      <TestMethod codeBase="/Users/zackkhan/Downloads/opstrax-enterprise-build-fixed-nginx/telematics/tests/Opstrax.Telematics.Security.Tests/bin/Release/net8.0/Opstrax.Telematics.Security.Tests.dll" adapterTypeName="executor://xunit/VsTestRunner3/netcore/" className="Opstrax.Telematics.Security.Tests.DefaultDeviceAuthenticatorTests" name="Login_with_no_identifier_is_rejected" />
    </UnitTest>
    <UnitTest name="Opstrax.Telematics.Security.Tests.DefaultDeviceAuthenticatorTests.Missing_source_ip_is_rejected_when_a_pin_is_configured" storage="/users/zackkhan/downloads/opstrax-enterprise-build-fixed-nginx/telematics/tests/opstrax.telematics.security.tests/bin/release/net8.0/opstrax.telematics.security.tests.dll" id="77228ea7-03de-2ec4-d54b-aa6f95815862">
      <Execution id="dcd586fb-ec99-4717-9f19-ff4926833f67" />
      <TestMethod codeBase="/Users/zackkhan/Downloads/opstrax-enterprise-build-fixed-nginx/telematics/tests/Opstrax.Telematics.Security.Tests/bin/Release/net8.0/Opstrax.Telematics.Security.Tests.dll" adapterTypeName="executor://xunit/VsTestRunner3/netcore/" className="Opstrax.Telematics.Security.Tests.DefaultDeviceAuthenticatorTests" name="Missing_source_ip_is_rejected_when_a_pin_is_configured" />
    </UnitTest>
    <UnitTest name="Opstrax.Telematics.Security.Tests.InMemoryReplayGuardTests.LowerSerialAfterHigher_IsOutOfOrder_AndCarriesHighWater" storage="/users/zackkhan/downloads/opstrax-enterprise-build-fixed-nginx/telematics/tests/opstrax.telematics.security.tests/bin/release/net8.0/opstrax.telematics.security.tests.dll" id="5b940e85-0c26-a8cd-19e4-a4252bf33884">
      <Execution id="50385762-7591-4972-9493-09540f15a876" />
      <TestMethod codeBase="/Users/zackkhan/Downloads/opstrax-enterprise-build-fixed-nginx/telematics/tests/Opstrax.Telematics.Security.Tests/bin/Release/net8.0/Opstrax.Telematics.Security.Tests.dll" adapterTypeName="executor://xunit/VsTestRunner3/netcore/" className="Opstrax.Telematics.Security.Tests.InMemoryReplayGuardTests" name="LowerSerialAfterHigher_IsOutOfOrder_AndCarriesHighWater" />
    </UnitTest>
    <UnitTest name="Opstrax.Telematics.Security.Tests.DeploymentHardeningContractTests.Installer_NeverSeedsTheAllowlistFromTheExampleFile" storage="/users/zackkhan/downloads/opstrax-enterprise-build-fixed-nginx/telematics/tests/opstrax.telematics.security.tests/bin/release/net8.0/opstrax.telematics.security.tests.dll" id="0a075dec-2038-e620-b513-49b8096a1297">
      <Execution id="b34bb7f9-18aa-45fc-8d24-e2ce16c20c08" />
      <TestMethod codeBase="/Users/zackkhan/Downloads/opstrax-enterprise-build-fixed-nginx/telematics/tests/Opstrax.Telematics.Security.Tests/bin/Release/net8.0/Opstrax.Telematics.Security.Tests.dll" adapterTypeName="executor://xunit/VsTestRunner3/netcore/" className="Opstrax.Telematics.Security.Tests.DeploymentHardeningContractTests" name="Installer_NeverSeedsTheAllowlistFromTheExampleFile" />
    </UnitTest>
    <UnitTest name="Opstrax.Telematics.Security.Tests.DefaultDeviceAuthenticatorTests.Cryptographic_modes_are_classified_as_such" storage="/users/zackkhan/downloads/opstrax-enterprise-build-fixed-nginx/telematics/tests/opstrax.telematics.security.tests/bin/release/net8.0/opstrax.telematics.security.tests.dll" id="f882a6bd-a657-b9a6-9021-f6e76a46ce70">
      <Execution id="0b082556-acef-456d-be08-8c607cf43aa8" />
      <TestMethod codeBase="/Users/zackkhan/Downloads/opstrax-enterprise-build-fixed-nginx/telematics/tests/Opstrax.Telematics.Security.Tests/bin/Release/net8.0/Opstrax.Telematics.Security.Tests.dll" adapterTypeName="executor://xunit/VsTestRunner3/netcore/" className="Opstrax.Telematics.Security.Tests.DefaultDeviceAuthenticatorTests" name="Cryptographic_modes_are_classified_as_such" />
    </UnitTest>
    <UnitTest name="Opstrax.Telematics.Security.Tests.InMemoryReplayGuardTests.DedupWindow_EvictsLeastRecentEntry_AtCapacity" storage="/users/zackkhan/downloads/opstrax-enterprise-build-fixed-nginx/telematics/tests/opstrax.telematics.security.tests/bin/release/net8.0/opstrax.telematics.security.tests.dll" id="94371466-9076-9261-41a6-7005c4d6d632">
      <Execution id="aca118d7-d5f2-47ee-aa04-e0621fadd2e6" />
      <TestMethod codeBase="/Users/zackkhan/Downloads/opstrax-enterprise-build-fixed-nginx/telematics/tests/Opstrax.Telematics.Security.Tests/bin/Release/net8.0/Opstrax.Telematics.Security.Tests.dll" adapterTypeName="executor://xunit/VsTestRunner3/netcore/" className="Opstrax.Telematics.Security.Tests.InMemoryReplayGuardTests" name="DedupWindow_EvictsLeastRecentEntry_AtCapacity" />
    </UnitTest>
    <UnitTest name="Opstrax.Telematics.Security.Tests.DefaultDeviceAuthenticatorTests.Matching_source_ip_passes_when_pinned" storage="/users/zackkhan/downloads/opstrax-enterprise-build-fixed-nginx/telematics/tests/opstrax.telematics.security.tests/bin/release/net8.0/opstrax.telematics.security.tests.dll" id="be0c5350-8836-2918-e325-3c1ba031c088">
      <Execution id="c512a6cc-ccf2-4150-934b-fd2dad22b0d5" />
      <TestMethod codeBase="/Users/zackkhan/Downloads/opstrax-enterprise-build-fixed-nginx/telematics/tests/Opstrax.Telematics.Security.Tests/bin/Release/net8.0/Opstrax.Telematics.Security.Tests.dll" adapterTypeName="executor://xunit/VsTestRunner3/netcore/" className="Opstrax.Telematics.Security.Tests.DefaultDeviceAuthenticatorTests" name="Matching_source_ip_passes_when_pinned" />
    </UnitTest>
    <UnitTest name="Opstrax.Telematics.Security.Tests.DefaultDeviceAuthenticatorTests.Unknown_imei_does_not_resolve_to_an_owner_and_is_rejected" storage="/users/zackkhan/downloads/opstrax-enterprise-build-fixed-nginx/telematics/tests/opstrax.telematics.security.tests/bin/release/net8.0/opstrax.telematics.security.tests.dll" id="df005015-f69b-3df7-2b9a-e6991331b8a0">
      <Execution id="4cd7d9e9-ea9f-4581-bb49-03dfaf76aeb9" />
      <TestMethod codeBase="/Users/zackkhan/Downloads/opstrax-enterprise-build-fixed-nginx/telematics/tests/Opstrax.Telematics.Security.Tests/bin/Release/net8.0/Opstrax.Telematics.Security.Tests.dll" adapterTypeName="executor://xunit/VsTestRunner3/netcore/" className="Opstrax.Telematics.Security.Tests.DefaultDeviceAuthenticatorTests" name="Unknown_imei_does_not_resolve_to_an_owner_and_is_rejected" />
    </UnitTest>
    <UnitTest name="Opstrax.Telematics.Security.Tests.DefaultDeviceAuthenticatorTests.Wrong_source_ip_is_rejected_when_pinned" storage="/users/zackkhan/downloads/opstrax-enterprise-build-fixed-nginx/telematics/tests/opstrax.telematics.security.tests/bin/release/net8.0/opstrax.telematics.security.tests.dll" id="b226cdb9-5673-5946-91b7-489a2e973ea2">
      <Execution id="12f32566-86df-4999-b34a-5dfb2d52d6b5" />
      <TestMethod codeBase="/Users/zackkhan/Downloads/opstrax-enterprise-build-fixed-nginx/telematics/tests/Opstrax.Telematics.Security.Tests/bin/Release/net8.0/Opstrax.Telematics.Security.Tests.dll" adapterTypeName="executor://xunit/VsTestRunner3/netcore/" className="Opstrax.Telematics.Security.Tests.DefaultDeviceAuthenticatorTests" name="Wrong_source_ip_is_rejected_when_pinned" />
    </UnitTest>
    <UnitTest name="Opstrax.Telematics.Security.Tests.InMemoryReplayGuardTests.DifferentDevices_AreTrackedIndependently" storage="/users/zackkhan/downloads/opstrax-enterprise-build-fixed-nginx/telematics/tests/opstrax.telematics.security.tests/bin/release/net8.0/opstrax.telematics.security.tests.dll" id="02fe7a7f-a60a-857f-42b1-827ca19e4a9d">
      <Execution id="7f250b5d-2114-4d6a-b396-d539462699f8" />
      <TestMethod codeBase="/Users/zackkhan/Downloads/opstrax-enterprise-build-fixed-nginx/telematics/tests/Opstrax.Telematics.Security.Tests/bin/Release/net8.0/Opstrax.Telematics.Security.Tests.dll" adapterTypeName="executor://xunit/VsTestRunner3/netcore/" className="Opstrax.Telematics.Security.Tests.InMemoryReplayGuardTests" name="DifferentDevices_AreTrackedIndependently" />
    </UnitTest>
    <UnitTest name="Opstrax.Telematics.Security.Tests.InMemoryReplayGuardTests.FirstOccurrence_IsAccepted" storage="/users/zackkhan/downloads/opstrax-enterprise-build-fixed-nginx/telematics/tests/opstrax.telematics.security.tests/bin/release/net8.0/opstrax.telematics.security.tests.dll" id="aa20771f-adb9-d906-cc6f-5ae00b53ea14">
      <Execution id="411c85a8-1556-4ff5-8f71-968541f94dc1" />
      <TestMethod codeBase="/Users/zackkhan/Downloads/opstrax-enterprise-build-fixed-nginx/telematics/tests/Opstrax.Telematics.Security.Tests/bin/Release/net8.0/Opstrax.Telematics.Security.Tests.dll" adapterTypeName="executor://xunit/VsTestRunner3/netcore/" className="Opstrax.Telematics.Security.Tests.InMemoryReplayGuardTests" name="FirstOccurrence_IsAccepted" />
    </UnitTest>
    <UnitTest name="Opstrax.Telematics.Security.Tests.DeploymentHardeningContractTests.ServiceManifests_DoNotDeclareTheRetiredTelemetrySecretKeys(manifest: &quot;render.yaml&quot;)" storage="/users/zackkhan/downloads/opstrax-enterprise-build-fixed-nginx/telematics/tests/opstrax.telematics.security.tests/bin/release/net8.0/opstrax.telematics.security.tests.dll" id="12514c01-30ae-a549-8b88-514fe4f56103">
      <Execution id="46c3f052-e2cf-491f-8793-a6b68912dca5" />
      <TestMethod codeBase="/Users/zackkhan/Downloads/opstrax-enterprise-build-fixed-nginx/telematics/tests/Opstrax.Telematics.Security.Tests/bin/Release/net8.0/Opstrax.Telematics.Security.Tests.dll" adapterTypeName="executor://xunit/VsTestRunner3/netcore/" className="Opstrax.Telematics.Security.Tests.DeploymentHardeningContractTests" name="ServiceManifests_DoNotDeclareTheRetiredTelemetrySecretKeys" />
    </UnitTest>
    <UnitTest name="Opstrax.Telematics.Security.Tests.DefaultDeviceAuthenticatorTests.Allowlisted_imei_passes_under_allowlist_only_policy" storage="/users/zackkhan/downloads/opstrax-enterprise-build-fixed-nginx/telematics/tests/opstrax.telematics.security.tests/bin/release/net8.0/opstrax.telematics.security.tests.dll" id="876a1422-ad18-208d-fc51-4e67f8114e7c">
      <Execution id="d96f3658-1d2b-49a1-8edb-6a6badaf1ca9" />
      <TestMethod codeBase="/Users/zackkhan/Downloads/opstrax-enterprise-build-fixed-nginx/telematics/tests/Opstrax.Telematics.Security.Tests/bin/Release/net8.0/Opstrax.Telematics.Security.Tests.dll" adapterTypeName="executor://xunit/VsTestRunner3/netcore/" className="Opstrax.Telematics.Security.Tests.DefaultDeviceAuthenticatorTests" name="Allowlisted_imei_passes_under_allowlist_only_policy" />
    </UnitTest>
    <UnitTest name="Opstrax.Telematics.Security.Tests.DefaultDeviceAuthenticatorTests.Matching_sim_iccid_passes" storage="/users/zackkhan/downloads/opstrax-enterprise-build-fixed-nginx/telematics/tests/opstrax.telematics.security.tests/bin/release/net8.0/opstrax.telematics.security.tests.dll" id="929a1f52-7257-b563-6fce-b70e411439b7">
      <Execution id="da2747bb-d414-406c-b3cb-d4311de5fc1a" />
      <TestMethod codeBase="/Users/zackkhan/Downloads/opstrax-enterprise-build-fixed-nginx/telematics/tests/Opstrax.Telematics.Security.Tests/bin/Release/net8.0/Opstrax.Telematics.Security.Tests.dll" adapterTypeName="executor://xunit/VsTestRunner3/netcore/" className="Opstrax.Telematics.Security.Tests.DefaultDeviceAuthenticatorTests" name="Matching_sim_iccid_passes" />
    </UnitTest>
    <UnitTest name="Opstrax.Telematics.Security.Tests.DeploymentHardeningContractTests.ServiceManifests_DoNotDeclareTheRetiredTelemetrySecretKeys(manifest: &quot;docker-compose.yml&quot;)" storage="/users/zackkhan/downloads/opstrax-enterprise-build-fixed-nginx/telematics/tests/opstrax.telematics.security.tests/bin/release/net8.0/opstrax.telematics.security.tests.dll" id="1c8e81f1-6352-877a-8b3f-9fc338644a72">
      <Execution id="a3d8ea4d-493f-4cc5-9ee7-ac133ef3ba82" />
      <TestMethod codeBase="/Users/zackkhan/Downloads/opstrax-enterprise-build-fixed-nginx/telematics/tests/Opstrax.Telematics.Security.Tests/bin/Release/net8.0/Opstrax.Telematics.Security.Tests.dll" adapterTypeName="executor://xunit/VsTestRunner3/netcore/" className="Opstrax.Telematics.Security.Tests.DeploymentHardeningContractTests" name="ServiceManifests_DoNotDeclareTheRetiredTelemetrySecretKeys" />
    </UnitTest>
    <UnitTest name="Opstrax.Telematics.Security.Tests.DefaultDeviceAuthenticatorTests.Valid_per_device_hmac_authenticates_cryptographically" storage="/users/zackkhan/downloads/opstrax-enterprise-build-fixed-nginx/telematics/tests/opstrax.telematics.security.tests/bin/release/net8.0/opstrax.telematics.security.tests.dll" id="fc67560a-907b-d535-1e78-d92123c3d0d2">
      <Execution id="3c00122f-8e63-4937-8b6b-f1cd64f504d1" />
      <TestMethod codeBase="/Users/zackkhan/Downloads/opstrax-enterprise-build-fixed-nginx/telematics/tests/Opstrax.Telematics.Security.Tests/bin/Release/net8.0/Opstrax.Telematics.Security.Tests.dll" adapterTypeName="executor://xunit/VsTestRunner3/netcore/" className="Opstrax.Telematics.Security.Tests.DefaultDeviceAuthenticatorTests" name="Valid_per_device_hmac_authenticates_cryptographically" />
    </UnitTest>
  </TestDefinitions>
  <TestEntries>
    <TestEntry testId="bbf4e4b6-a3e6-c065-6642-dcac4eeb6d9e" executionId="aebf2a7f-2a5a-46f6-9ef2-0090ae0fd6f4" testListId="8c84fa94-04c1-424b-9868-57a2d4851a1d" />
    <TestEntry testId="be0c5350-8836-2918-e325-3c1ba031c088" executionId="c512a6cc-ccf2-4150-934b-fd2dad22b0d5" testListId="8c84fa94-04c1-424b-9868-57a2d4851a1d" />
    <TestEntry testId="8333762b-1700-7cee-ebe2-610c750cb938" executionId="c8fdda14-d72b-4bcd-a1df-e8984219290f" testListId="8c84fa94-04c1-424b-9868-57a2d4851a1d" />
    <TestEntry testId="40809114-38e6-e601-3df7-c1cbc3eea77d" executionId="ad1b0579-129f-4fd1-9b77-14aca861b46d" testListId="8c84fa94-04c1-424b-9868-57a2d4851a1d" />
    <TestEntry testId="8348dcab-c662-7ab7-5663-c35b23b33b60" executionId="89efc601-4c4d-4900-a8bf-0343a127f912" testListId="8c84fa94-04c1-424b-9868-57a2d4851a1d" />
    <TestEntry testId="0a075dec-2038-e620-b513-49b8096a1297" executionId="b34bb7f9-18aa-45fc-8d24-e2ce16c20c08" testListId="8c84fa94-04c1-424b-9868-57a2d4851a1d" />
    <TestEntry testId="b226cdb9-5673-5946-91b7-489a2e973ea2" executionId="12f32566-86df-4999-b34a-5dfb2d52d6b5" testListId="8c84fa94-04c1-424b-9868-57a2d4851a1d" />
    <TestEntry testId="ba56164b-5b75-9c76-6eba-d8deae41552a" executionId="15d343e2-577a-46b8-a5ee-2ece748a6fd2" testListId="8c84fa94-04c1-424b-9868-57a2d4851a1d" />
    <TestEntry testId="2a2826e9-1e37-c5e9-af51-8ec0d48dcba7" executionId="a2fab6e6-e7a4-459e-b410-cd1f8eb554b3" testListId="8c84fa94-04c1-424b-9868-57a2d4851a1d" />
    <TestEntry testId="020684c3-030d-b9cf-1de6-928d0d3201d1" executionId="b7e4eac6-4b03-409b-a769-2fdb6f79a2de" testListId="8c84fa94-04c1-424b-9868-57a2d4851a1d" />
    <TestEntry testId="bcfa12ee-dc11-f321-14f8-ddfb994896fd" executionId="c96a656f-2a92-4a08-a289-794b71cdc31c" testListId="8c84fa94-04c1-424b-9868-57a2d4851a1d" />
    <TestEntry testId="cdd77305-7bfb-9fb0-2ac9-ffc552f4b4b1" executionId="59c4c305-1581-4df2-bdee-bd5c765d8269" testListId="8c84fa94-04c1-424b-9868-57a2d4851a1d" />
    <TestEntry testId="929a1f52-7257-b563-6fce-b70e411439b7" executionId="da2747bb-d414-406c-b3cb-d4311de5fc1a" testListId="8c84fa94-04c1-424b-9868-57a2d4851a1d" />
    <TestEntry testId="e3af3ca2-c63e-6042-08bd-7fde0088d2bb" executionId="87fb2755-299a-4b75-ba02-1ea68df75928" testListId="8c84fa94-04c1-424b-9868-57a2d4851a1d" />
    <TestEntry testId="7bb3df63-f03f-5f86-ea02-92366f6fbf3a" executionId="fad0d10a-fc7c-49bd-b35e-f5ddc6d66a2d" testListId="8c84fa94-04c1-424b-9868-57a2d4851a1d" />
    <TestEntry testId="7ddd372f-7024-a461-f6b2-948bfeaf7fa6" executionId="1089728e-e417-4190-b6ad-ab4103e9e961" testListId="8c84fa94-04c1-424b-9868-57a2d4851a1d" />
    <TestEntry testId="44f1c6c1-beab-95ba-6355-0c3540d47682" executionId="9242461e-ca67-4aa9-96ef-7871c0243a03" testListId="8c84fa94-04c1-424b-9868-57a2d4851a1d" />
    <TestEntry testId="aa20771f-adb9-d906-cc6f-5ae00b53ea14" executionId="411c85a8-1556-4ff5-8f71-968541f94dc1" testListId="8c84fa94-04c1-424b-9868-57a2d4851a1d" />
    <TestEntry testId="fc67560a-907b-d535-1e78-d92123c3d0d2" executionId="3c00122f-8e63-4937-8b6b-f1cd64f504d1" testListId="8c84fa94-04c1-424b-9868-57a2d4851a1d" />
    <TestEntry testId="ebd9c00c-8f04-3736-2030-578bdb5ef18b" executionId="057d281c-749f-4c86-a9a7-420d039ce53b" testListId="8c84fa94-04c1-424b-9868-57a2d4851a1d" />
    <TestEntry testId="8eb4bff4-5dcf-66b8-58c6-e894c13cf4df" executionId="412fb6b0-8f75-47e6-b472-bddf9c0b2643" testListId="8c84fa94-04c1-424b-9868-57a2d4851a1d" />
    <TestEntry testId="1c8e81f1-6352-877a-8b3f-9fc338644a72" executionId="a3d8ea4d-493f-4cc5-9ee7-ac133ef3ba82" testListId="8c84fa94-04c1-424b-9868-57a2d4851a1d" />
    <TestEntry testId="17e34384-f51e-b57d-329c-d3b513995bb4" executionId="bb0121b4-4ba2-455b-85ea-73ef823221db" testListId="8c84fa94-04c1-424b-9868-57a2d4851a1d" />
    <TestEntry testId="df005015-f69b-3df7-2b9a-e6991331b8a0" executionId="4cd7d9e9-ea9f-4581-bb49-03dfaf76aeb9" testListId="8c84fa94-04c1-424b-9868-57a2d4851a1d" />
    <TestEntry testId="d17baf58-e266-3d04-19ee-4953343e329e" executionId="2d7ec17c-0019-41c7-810a-a2df9c6e130b" testListId="8c84fa94-04c1-424b-9868-57a2d4851a1d" />
    <TestEntry testId="c9e0dbfe-fb19-0513-1c60-0d5fa1cb9b4a" executionId="0ea33299-1f3a-47ed-8865-acdc6a6405c4" testListId="8c84fa94-04c1-424b-9868-57a2d4851a1d" />
    <TestEntry testId="f882a6bd-a657-b9a6-9021-f6e76a46ce70" executionId="0b082556-acef-456d-be08-8c607cf43aa8" testListId="8c84fa94-04c1-424b-9868-57a2d4851a1d" />
    <TestEntry testId="445f4c58-7959-336d-ffba-506fa8aeae3c" executionId="9d8892ee-bee7-4a17-9a11-df36c6323969" testListId="8c84fa94-04c1-424b-9868-57a2d4851a1d" />
    <TestEntry testId="5b940e85-0c26-a8cd-19e4-a4252bf33884" executionId="50385762-7591-4972-9493-09540f15a876" testListId="8c84fa94-04c1-424b-9868-57a2d4851a1d" />
    <TestEntry testId="94371466-9076-9261-41a6-7005c4d6d632" executionId="aca118d7-d5f2-47ee-aa04-e0621fadd2e6" testListId="8c84fa94-04c1-424b-9868-57a2d4851a1d" />
    <TestEntry testId="02fe7a7f-a60a-857f-42b1-827ca19e4a9d" executionId="7f250b5d-2114-4d6a-b396-d539462699f8" testListId="8c84fa94-04c1-424b-9868-57a2d4851a1d" />
    <TestEntry testId="b45449e1-723a-2c45-f11a-69a3341f5e06" executionId="e80f0e1b-1652-466d-b732-3c6152b014e0" testListId="8c84fa94-04c1-424b-9868-57a2d4851a1d" />
    <TestEntry testId="d3d6281b-502d-f105-61f5-21203a86184c" executionId="e9fc67af-f58e-4c85-89b8-3510e522f939" testListId="8c84fa94-04c1-424b-9868-57a2d4851a1d" />
    <TestEntry testId="50f25420-b2e5-2980-e396-6fa66e439793" executionId="f6ec684a-35f4-455f-b971-12cb51414573" testListId="8c84fa94-04c1-424b-9868-57a2d4851a1d" />
    <TestEntry testId="e2578d55-e8ab-8e9d-bf34-fc21e6332680" executionId="91b869a2-0a9b-47ef-a9fa-54835e17a3f0" testListId="8c84fa94-04c1-424b-9868-57a2d4851a1d" />
    <TestEntry testId="77228ea7-03de-2ec4-d54b-aa6f95815862" executionId="dcd586fb-ec99-4717-9f19-ff4926833f67" testListId="8c84fa94-04c1-424b-9868-57a2d4851a1d" />
    <TestEntry testId="b1840d51-a99d-014a-dda8-dd65b5943dd4" executionId="f6e52fec-7b34-4b78-ae19-ff689777f60d" testListId="8c84fa94-04c1-424b-9868-57a2d4851a1d" />
    <TestEntry testId="1ddca2af-2a79-d09b-7f3e-a66d5d3c477d" executionId="603a5f83-7ce3-4fff-b370-8595bc911c12" testListId="8c84fa94-04c1-424b-9868-57a2d4851a1d" />
    <TestEntry testId="876a1422-ad18-208d-fc51-4e67f8114e7c" executionId="d96f3658-1d2b-49a1-8edb-6a6badaf1ca9" testListId="8c84fa94-04c1-424b-9868-57a2d4851a1d" />
    <TestEntry testId="f30febec-0caa-b4f4-7e9e-370a61c421ba" executionId="ebeaf628-f76b-4408-bd9c-9715e85ec52d" testListId="8c84fa94-04c1-424b-9868-57a2d4851a1d" />
    <TestEntry testId="12514c01-30ae-a549-8b88-514fe4f56103" executionId="46c3f052-e2cf-491f-8793-a6b68912dca5" testListId="8c84fa94-04c1-424b-9868-57a2d4851a1d" />
    <TestEntry testId="09b67f79-67f3-dd19-acfc-24a9a027d1f8" executionId="20057059-1a3e-478c-a292-1ce8f19528b6" testListId="8c84fa94-04c1-424b-9868-57a2d4851a1d" />
    <TestEntry testId="f789d0bd-9f00-840f-a67a-d03863f20f28" executionId="98dce2c4-f2e7-4cab-9663-1ef1cf19fd7c" testListId="8c84fa94-04c1-424b-9868-57a2d4851a1d" />
    <TestEntry testId="a85b62a1-6990-178e-a216-93d9ecde86b9" executionId="a63bae70-5c39-4aa5-9483-1972e9fe71b1" testListId="8c84fa94-04c1-424b-9868-57a2d4851a1d" />
    <TestEntry testId="0ed9aa71-184a-13d6-615c-3852b0f7c490" executionId="f35110ee-4b18-491e-9bf2-15f191e108a2" testListId="8c84fa94-04c1-424b-9868-57a2d4851a1d" />
    <TestEntry testId="ccbcbc7f-3460-9ab2-e32d-6b0aebd5c9f6" executionId="1d941303-64cc-4231-b1ec-983cec51fab2" testListId="8c84fa94-04c1-424b-9868-57a2d4851a1d" />
    <TestEntry testId="73806078-f273-81ce-8082-8f3043dd57b5" executionId="954ceda0-a625-4005-98e3-b9eec44ef40c" testListId="8c84fa94-04c1-424b-9868-57a2d4851a1d" />
  </TestEntries>
  <TestLists>
    <TestList name="Results Not in a List" id="8c84fa94-04c1-424b-9868-57a2d4851a1d" />
    <TestList name="All Loaded Results" id="19431567-8539-422a-85d7-44ee4e166bda" />
  </TestLists>
  <ResultSummary outcome="Completed">
    <Counters total="47" executed="47" passed="47" failed="0" error="0" timeout="0" aborted="0" inconclusive="0" passedButRunAborted="0" notRunnable="0" notExecuted="0" disconnected="0" warning="0" completed="0" inProgress="0" pending="0" />
    <Output>
      <StdOut>[xUnit.net 00:00:00.00] xUnit.net VSTest Adapter v3.1.4+50e68bbb8b (64-bit .NET 8.0.27)
[xUnit.net 00:00:00.05]   Discovering: Opstrax.Telematics.Security.Tests
[xUnit.net 00:00:00.07]   Discovered:  Opstrax.Telematics.Security.Tests
[xUnit.net 00:00:00.09]   Starting:    Opstrax.Telematics.Security.Tests
[xUnit.net 00:00:00.16]   Finished:    Opstrax.Telematics.Security.Tests
</StdOut>
    </Output>
  </ResultSummary>
</TestRun>