<?xml version="1.0" encoding="utf-8"?>
<TestRun id="1561e736-7365-4aa3-9c6c-cea85cb87a39" name="@Mac 2026-08-22 22:27:08" xmlns="http://microsoft.com/schemas/VisualStudio/TeamTest/2010">
  <Times creation="2026-08-22T22:27:08.9144000-04:00" queuing="2026-08-22T22:27:08.9144000-04:00" start="2026-08-22T22:27:08.2882090-04:00" finish="2026-08-22T22:27:08.9409500-04:00" />
  <TestSettings name="default" id="c5d36a6a-6a8d-4254-99b0-00c44b985990">
    <Deployment runDeploymentRoot="_Mac_2026-08-22_22_27_08" />
  </TestSettings>
  <Results>
    <UnitTestResult executionId="7d75e4b9-c450-4255-a6b9-ddc7d8ed1e2b" testId="5b940e85-0c26-a8cd-19e4-a4252bf33884" testName="Opstrax.Telematics.Security.Tests.InMemoryReplayGuardTests.LowerSerialAfterHigher_IsOutOfOrder_AndCarriesHighWater" computerName="Mac" duration="00:00:00.0120160" startTime="2026-08-22T22:27:08.8326980-04:00" endTime="2026-08-22T22:27:08.8897960-04:00" testType="13cdc9d9-ddb5-4fa4-a97d-d965ccfc6d4b" outcome="Passed" testListId="8c84fa94-04c1-424b-9868-57a2d4851a1d" relativeResultsDirectory="7d75e4b9-c450-4255-a6b9-ddc7d8ed1e2b" />
    <UnitTestResult executionId="2dea4b5d-0687-40e6-bfed-d323c47ddc5f" testId="8333762b-1700-7cee-ebe2-610c750cb938" testName="Opstrax.Telematics.Security.Tests.DefaultDeviceAuthenticatorTests.RawTcp_DoesNotPretendCertificateAuthenticationOccurred(mode: ClientCertificate)" computerName="Mac" duration="00:00:00.0002876" startTime="2026-08-22T22:27:08.8904560-04:00" endTime="2026-08-22T22:27:08.8904860-04:00" testType="13cdc9d9-ddb5-4fa4-a97d-d965ccfc6d4b" outcome="Passed" testListId="8c84fa94-04c1-424b-9868-57a2d4851a1d" relativeResultsDirectory="2dea4b5d-0687-40e6-bfed-d323c47ddc5f" />
    <UnitTestResult executionId="3c06da66-0fbe-4052-9888-77e994748366" testId="876a1422-ad18-208d-fc51-4e67f8114e7c" testName="Opstrax.Telematics.Security.Tests.DefaultDeviceAuthenticatorTests.Allowlisted_imei_passes_under_allowlist_only_policy" computerName="Mac" duration="00:00:00.0005627" startTime="2026-08-22T22:27:08.8902610-04:00" endTime="2026-08-22T22:27:08.8902900-04:00" testType="13cdc9d9-ddb5-4fa4-a97d-d965ccfc6d4b" outcome="Passed" testListId="8c84fa94-04c1-424b-9868-57a2d4851a1d" relativeResultsDirectory="3c06da66-0fbe-4052-9888-77e994748366" />
    <UnitTestResult executionId="a7eb3325-bc2a-4fe9-a926-7599629ae8f3" testId="77228ea7-03de-2ec4-d54b-aa6f95815862" testName="Opstrax.Telematics.Security.Tests.DefaultDeviceAuthenticatorTests.Missing_source_ip_is_rejected_when_a_pin_is_configured" computerName="Mac" duration="00:00:00.0020788" startTime="2026-08-22T22:27:08.8903600-04:00" endTime="2026-08-22T22:27:08.8903880-04:00" testType="13cdc9d9-ddb5-4fa4-a97d-d965ccfc6d4b" outcome="Passed" testListId="8c84fa94-04c1-424b-9868-57a2d4851a1d" relativeResultsDirectory="a7eb3325-bc2a-4fe9-a926-7599629ae8f3" />
    <UnitTestResult executionId="023eed44-3002-4779-8328-ba6f92b5b2fd" testId="50f25420-b2e5-2980-e396-6fa66e439793" testName="Opstrax.Telematics.Security.Tests.InMemoryReplayGuardTests.ConcurrentDuplicates_AcceptExactlyOnce_NoTornState" computerName="Mac" duration="00:00:00.0178676" startTime="2026-08-22T22:27:08.8901460-04:00" endTime="2026-08-22T22:27:08.8953910-04:00" testType="13cdc9d9-ddb5-4fa4-a97d-d965ccfc6d4b" outcome="Passed" testListId="8c84fa94-04c1-424b-9868-57a2d4851a1d" relativeResultsDirectory="023eed44-3002-4779-8328-ba6f92b5b2fd" />
    <UnitTestResult executionId="826b21da-467f-45d9-b9ba-374398d050af" testId="b1840d51-a99d-014a-dda8-dd65b5943dd4" testName="Opstrax.Telematics.Security.Tests.InMemoryReplayGuardTests.WraparoundMode_ExactHalfRange_IsAmbiguousAndFailsClosed" computerName="Mac" duration="00:00:00.0000958" startTime="2026-08-22T22:27:08.8987990-04:00" endTime="2026-08-22T22:27:08.8988590-04:00" testType="13cdc9d9-ddb5-4fa4-a97d-d965ccfc6d4b" outcome="Passed" testListId="8c84fa94-04c1-424b-9868-57a2d4851a1d" relativeResultsDirectory="826b21da-467f-45d9-b9ba-374398d050af" />
    <UnitTestResult executionId="598628d0-8518-4bff-bc53-62dd4c6f978c" testId="d17baf58-e266-3d04-19ee-4953343e329e" testName="Opstrax.Telematics.Security.Tests.InMemoryReplayGuardTests.InvalidDeviceId_Throws(deviceId: null)" computerName="Mac" duration="00:00:00.0001964" startTime="2026-08-22T22:27:08.8978690-04:00" endTime="2026-08-22T22:27:08.8978970-04:00" testType="13cdc9d9-ddb5-4fa4-a97d-d965ccfc6d4b" outcome="Passed" testListId="8c84fa94-04c1-424b-9868-57a2d4851a1d" relativeResultsDirectory="598628d0-8518-4bff-bc53-62dd4c6f978c" />
    <UnitTestResult executionId="49e4b8f3-b761-472b-a3ca-ca64c494d727" testId="aa20771f-adb9-d906-cc6f-5ae00b53ea14" testName="Opstrax.Telematics.Security.Tests.InMemoryReplayGuardTests.FirstOccurrence_IsAccepted" computerName="Mac" duration="00:00:00.0001203" startTime="2026-08-22T22:27:08.8976770-04:00" endTime="2026-08-22T22:27:08.8977090-04:00" testType="13cdc9d9-ddb5-4fa4-a97d-d965ccfc6d4b" outcome="Passed" testListId="8c84fa94-04c1-424b-9868-57a2d4851a1d" relativeResultsDirectory="49e4b8f3-b761-472b-a3ca-ca64c494d727" />
    <UnitTestResult executionId="df588a12-9c72-4cf2-955b-acdd39da0641" testId="445f4c58-7959-336d-ffba-506fa8aeae3c" testName="Opstrax.Telematics.Security.Tests.DefaultDeviceAuthenticatorTests.Unresolvable_credential_fails_closed" computerName="Mac" duration="00:00:00.0049289" startTime="2026-08-22T22:27:08.8942860-04:00" endTime="2026-08-22T22:27:08.8943160-04:00" testType="13cdc9d9-ddb5-4fa4-a97d-d965ccfc6d4b" outcome="Passed" testListId="8c84fa94-04c1-424b-9868-57a2d4851a1d" relativeResultsDirectory="df588a12-9c72-4cf2-955b-acdd39da0641" />
    <UnitTestResult executionId="4e57a776-b368-404e-a3c5-418e41e5dd02" testId="12514c01-30ae-a549-8b88-514fe4f56103" testName="Opstrax.Telematics.Security.Tests.DeploymentHardeningContractTests.ServiceManifests_DoNotDeclareTheRetiredTelemetrySecretKeys(manifest: &quot;render.yaml&quot;)" computerName="Mac" duration="00:00:00.0005039" startTime="2026-08-22T22:27:08.8536990-04:00" endTime="2026-08-22T22:27:08.8537370-04:00" testType="13cdc9d9-ddb5-4fa4-a97d-d965ccfc6d4b" outcome="Passed" testListId="8c84fa94-04c1-424b-9868-57a2d4851a1d" relativeResultsDirectory="4e57a776-b368-404e-a3c5-418e41e5dd02" />
    <UnitTestResult executionId="b9ff1b0d-e764-4f25-823b-abfe7d3b9b00" testId="f882a6bd-a657-b9a6-9021-f6e76a46ce70" testName="Opstrax.Telematics.Security.Tests.DefaultDeviceAuthenticatorTests.Cryptographic_modes_are_classified_as_such" computerName="Mac" duration="00:00:00.0000527" startTime="2026-08-22T22:27:08.8969910-04:00" endTime="2026-08-22T22:27:08.8970820-04:00" testType="13cdc9d9-ddb5-4fa4-a97d-d965ccfc6d4b" outcome="Passed" testListId="8c84fa94-04c1-424b-9868-57a2d4851a1d" relativeResultsDirectory="b9ff1b0d-e764-4f25-823b-abfe7d3b9b00" />
    <UnitTestResult executionId="1c27f71f-a4ee-4442-bd1b-78f5afcad377" testId="b226cdb9-5673-5946-91b7-489a2e973ea2" testName="Opstrax.Telematics.Security.Tests.DefaultDeviceAuthenticatorTests.Wrong_source_ip_is_rejected_when_pinned" computerName="Mac" duration="00:00:00.0006349" startTime="2026-08-22T22:27:08.8924600-04:00" endTime="2026-08-22T22:27:08.8924920-04:00" testType="13cdc9d9-ddb5-4fa4-a97d-d965ccfc6d4b" outcome="Passed" testListId="8c84fa94-04c1-424b-9868-57a2d4851a1d" relativeResultsDirectory="1c27f71f-a4ee-4442-bd1b-78f5afcad377" />
    <UnitTestResult executionId="03aae880-8d85-4b59-9b21-ba2bc18e7b8d" testId="a85b62a1-6990-178e-a216-93d9ecde86b9" testName="Opstrax.Telematics.Security.Tests.DefaultDeviceAuthenticatorTests.Successful_imei_allowlist_login_is_explicitly_not_cryptographically_authenticated" computerName="Mac" duration="00:00:00.0007640" startTime="2026-08-22T22:27:08.8950640-04:00" endTime="2026-08-22T22:27:08.8950960-04:00" testType="13cdc9d9-ddb5-4fa4-a97d-d965ccfc6d4b" outcome="Passed" testListId="8c84fa94-04c1-424b-9868-57a2d4851a1d" relativeResultsDirectory="03aae880-8d85-4b59-9b21-ba2bc18e7b8d" />
    <UnitTestResult executionId="1451e6b8-963b-4fc6-853d-273ba0b60594" testId="09b67f79-67f3-dd19-acfc-24a9a027d1f8" testName="Opstrax.Telematics.Security.Tests.DefaultDeviceAuthenticatorTests.Provisioned_but_never_connected_device_cannot_authenticate" computerName="Mac" duration="00:00:00.0002599" startTime="2026-08-22T22:27:08.8922850-04:00" endTime="2026-08-22T22:27:08.8923370-04:00" testType="13cdc9d9-ddb5-4fa4-a97d-d965ccfc6d4b" outcome="Passed" testListId="8c84fa94-04c1-424b-9868-57a2d4851a1d" relativeResultsDirectory="1451e6b8-963b-4fc6-853d-273ba0b60594" />
    <UnitTestResult executionId="95fbba15-0d7a-4906-9528-10dec23f0ced" testId="c9e0dbfe-fb19-0513-1c60-0d5fa1cb9b4a" testName="Opstrax.Telematics.Security.Tests.DeploymentHardeningContractTests.GatewayCompositionRoot_HasNoCommandLineConfigurationSource" computerName="Mac" duration="00:00:00.0004493" startTime="2026-08-22T22:27:08.8538170-04:00" endTime="2026-08-22T22:27:08.8538540-04:00" testType="13cdc9d9-ddb5-4fa4-a97d-d965ccfc6d4b" outcome="Passed" testListId="8c84fa94-04c1-424b-9868-57a2d4851a1d" relativeResultsDirectory="95fbba15-0d7a-4906-9528-10dec23f0ced" />
    <UnitTestResult executionId="10a9ecb6-cf29-4d58-a84e-f4b8e0a5163c" testId="ccbcbc7f-3460-9ab2-e32d-6b0aebd5c9f6" testName="Opstrax.Telematics.Security.Tests.InMemoryReplayGuardTests.OutOfOrder_IsRecorded_SoRetryHasStableEventIdentity" computerName="Mac" duration="00:00:00.0028502" startTime="2026-08-22T22:27:08.8900290-04:00" endTime="2026-08-22T22:27:08.8900620-04:00" testType="13cdc9d9-ddb5-4fa4-a97d-d965ccfc6d4b" outcome="Passed" testListId="8c84fa94-04c1-424b-9868-57a2d4851a1d" relativeResultsDirectory="10a9ecb6-cf29-4d58-a84e-f4b8e0a5163c" />
    <UnitTestResult executionId="11c14cf5-4086-497c-b2a1-8708f8d4948e" testId="ba56164b-5b75-9c76-6eba-d8deae41552a" testName="Opstrax.Telematics.Security.Tests.DefaultDeviceAuthenticatorTests.Retired_device_is_rejected" computerName="Mac" duration="00:00:00.0003008" startTime="2026-08-22T22:27:08.8952640-04:00" endTime="2026-08-22T22:27:08.8952940-04:00" testType="13cdc9d9-ddb5-4fa4-a97d-d965ccfc6d4b" outcome="Passed" testListId="8c84fa94-04c1-424b-9868-57a2d4851a1d" relativeResultsDirectory="11c14cf5-4086-497c-b2a1-8708f8d4948e" />
    <UnitTestResult executionId="51431902-512e-40f0-a9b3-8a9d0657ff26" testId="d3d6281b-502d-f105-61f5-21203a86184c" testName="Opstrax.Telematics.Security.Tests.InMemoryReplayGuardTests.WraparoundMode_RepeatedHeartbeatInLaterGenerationGetsANewEventIdentity" computerName="Mac" duration="00:00:00.0013127" startTime="2026-08-22T22:27:08.8977750-04:00" endTime="2026-08-22T22:27:08.8978030-04:00" testType="13cdc9d9-ddb5-4fa4-a97d-d965ccfc6d4b" outcome="Passed" testListId="8c84fa94-04c1-424b-9868-57a2d4851a1d" relativeResultsDirectory="51431902-512e-40f0-a9b3-8a9d0657ff26" />
    <UnitTestResult executionId="6b2a1cd6-3544-47da-acca-bc1cb310ccae" testId="f30febec-0caa-b4f4-7e9e-370a61c421ba" testName="Opstrax.Telematics.Security.Tests.InMemoryReplayGuardTests.RecentUse_RefreshesLruRecency" computerName="Mac" duration="00:00:00.0001583" startTime="2026-08-22T22:27:08.8954610-04:00" endTime="2026-08-22T22:27:08.8954880-04:00" testType="13cdc9d9-ddb5-4fa4-a97d-d965ccfc6d4b" outcome="Passed" testListId="8c84fa94-04c1-424b-9868-57a2d4851a1d" relativeResultsDirectory="6b2a1cd6-3544-47da-acca-bc1cb310ccae" />
    <UnitTestResult executionId="9dd0f4a7-c802-4d22-85bf-ad930150a4d5" testId="44f1c6c1-beab-95ba-6355-0c3540d47682" testName="Opstrax.Telematics.Security.Tests.DefaultDeviceAuthenticatorTests.RawTcp_DoesNotPretendCertificateAuthenticationOccurred(mode: MutualTls)" computerName="Mac" duration="00:00:00.0001117" startTime="2026-08-22T22:27:08.8905350-04:00" endTime="2026-08-22T22:27:08.8905630-04:00" testType="13cdc9d9-ddb5-4fa4-a97d-d965ccfc6d4b" outcome="Passed" testListId="8c84fa94-04c1-424b-9868-57a2d4851a1d" relativeResultsDirectory="9dd0f4a7-c802-4d22-85bf-ad930150a4d5" />
    <UnitTestResult executionId="ddb933f0-bd1c-41cd-91ca-6d16a44f5e95" testId="0ed9aa71-184a-13d6-615c-3852b0f7c490" testName="Opstrax.Telematics.Security.Tests.DeploymentHardeningContractTests.ExampleAllowlist_NoLongerShipsThePilotImei" computerName="Mac" duration="00:00:00.0003517" startTime="2026-08-22T22:27:08.8534450-04:00" endTime="2026-08-22T22:27:08.8534850-04:00" testType="13cdc9d9-ddb5-4fa4-a97d-d965ccfc6d4b" outcome="Passed" testListId="8c84fa94-04c1-424b-9868-57a2d4851a1d" relativeResultsDirectory="ddb933f0-bd1c-41cd-91ca-6d16a44f5e95" />
    <UnitTestResult executionId="20041342-7d9f-4253-976e-73afb6f10137" testId="1ddca2af-2a79-d09b-7f3e-a66d5d3c477d" testName="Opstrax.Telematics.Security.Tests.DefaultDeviceAuthenticatorTests.Missing_hmac_proof_is_rejected_under_hmac_policy" computerName="Mac" duration="00:00:00.0005010" startTime="2026-08-22T22:27:08.8958000-04:00" endTime="2026-08-22T22:27:08.8967640-04:00" testType="13cdc9d9-ddb5-4fa4-a97d-d965ccfc6d4b" outcome="Passed" testListId="8c84fa94-04c1-424b-9868-57a2d4851a1d" relativeResultsDirectory="20041342-7d9f-4253-976e-73afb6f10137" />
    <UnitTestResult executionId="3cc10fec-4d95-4a25-8715-ec55ee67104a" testId="7ddd372f-7024-a461-f6b2-948bfeaf7fa6" testName="Opstrax.Telematics.Security.Tests.InMemoryReplayGuardTests.ReplayOfAcceptedFrame_IsAlwaysRejected_EvenAfterEviction" computerName="Mac" duration="00:00:00.0001604" startTime="2026-08-22T22:27:08.8955530-04:00" endTime="2026-08-22T22:27:08.8958350-04:00" testType="13cdc9d9-ddb5-4fa4-a97d-d965ccfc6d4b" outcome="Passed" testListId="8c84fa94-04c1-424b-9868-57a2d4851a1d" relativeResultsDirectory="3cc10fec-4d95-4a25-8715-ec55ee67104a" />
    <UnitTestResult executionId="8e3d6847-81d4-4ccf-9ccb-4be6cfe22372" testId="cdd77305-7bfb-9fb0-2ac9-ffc552f4b4b1" testName="Opstrax.Telematics.Security.Tests.DeploymentHardeningContractTests.ExampleAllowlist_ParsesToZeroAdmissibleEntries_ThroughTheRealParser" computerName="Mac" duration="00:00:00.0091466" startTime="2026-08-22T22:27:08.8539330-04:00" endTime="2026-08-22T22:27:08.8926040-04:00" testType="13cdc9d9-ddb5-4fa4-a97d-d965ccfc6d4b" outcome="Passed" testListId="8c84fa94-04c1-424b-9868-57a2d4851a1d" relativeResultsDirectory="8e3d6847-81d4-4ccf-9ccb-4be6cfe22372" />
    <UnitTestResult executionId="8df9b9db-fdeb-4979-9267-516a1f925a6c" testId="e3af3ca2-c63e-6042-08bd-7fde0088d2bb" testName="Opstrax.Telematics.Security.Tests.DefaultDeviceAuthenticatorTests.Invalid_per_device_hmac_is_rejected" computerName="Mac" duration="00:00:00.0003654" startTime="2026-08-22T22:27:08.8941740-04:00" endTime="2026-08-22T22:27:08.8942100-04:00" testType="13cdc9d9-ddb5-4fa4-a97d-d965ccfc6d4b" outcome="Passed" testListId="8c84fa94-04c1-424b-9868-57a2d4851a1d" relativeResultsDirectory="8df9b9db-fdeb-4979-9267-516a1f925a6c" />
    <UnitTestResult executionId="c46bdb24-f78f-46b8-a1e7-7362210b086f" testId="40809114-38e6-e601-3df7-c1cbc3eea77d" testName="Opstrax.Telematics.Security.Tests.DeploymentHardeningContractTests.DeployCompose_RefusesToStartWithoutAnExplicitAllowlistFile" computerName="Mac" duration="00:00:00.0003411" startTime="2026-08-22T22:27:08.8927890-04:00" endTime="2026-08-22T22:27:08.8929870-04:00" testType="13cdc9d9-ddb5-4fa4-a97d-d965ccfc6d4b" outcome="Passed" testListId="8c84fa94-04c1-424b-9868-57a2d4851a1d" relativeResultsDirectory="c46bdb24-f78f-46b8-a1e7-7362210b086f" />
    <UnitTestResult executionId="af8eb5be-a6bc-42db-98f3-81481a9d4129" testId="ebd9c00c-8f04-3736-2030-578bdb5ef18b" testName="Opstrax.Telematics.Security.Tests.DefaultDeviceAuthenticatorTests.Changed_sim_iccid_quarantines_the_device" computerName="Mac" duration="00:00:00.0003189" startTime="2026-08-22T22:27:08.8925750-04:00" endTime="2026-08-22T22:27:08.8928210-04:00" testType="13cdc9d9-ddb5-4fa4-a97d-d965ccfc6d4b" outcome="Passed" testListId="8c84fa94-04c1-424b-9868-57a2d4851a1d" relativeResultsDirectory="af8eb5be-a6bc-42db-98f3-81481a9d4129" />
    <UnitTestResult executionId="53004fc9-3014-4851-980e-7e65cc178e09" testId="7bb3df63-f03f-5f86-ea02-92366f6fbf3a" testName="Opstrax.Telematics.Security.Tests.InMemoryReplayGuardTests.ConcurrentDistinctDevices_DoNotContend_AndAllAccept" computerName="Mac" duration="00:00:00.0139959" startTime="2026-08-22T22:27:08.9028500-04:00" endTime="2026-08-22T22:27:08.9028780-04:00" testType="13cdc9d9-ddb5-4fa4-a97d-d965ccfc6d4b" outcome="Passed" testListId="8c84fa94-04c1-424b-9868-57a2d4851a1d" relativeResultsDirectory="53004fc9-3014-4851-980e-7e65cc178e09" />
    <UnitTestResult executionId="744b14e7-305d-481c-9a7a-bb75e3505d2a" testId="2a2826e9-1e37-c5e9-af51-8ec0d48dcba7" testName="Opstrax.Telematics.Security.Tests.DefaultDeviceAuthenticatorTests.Quarantined_device_is_kept_quarantined" computerName="Mac" duration="00:00:00.0002470" startTime="2026-08-22T22:27:08.8953630-04:00" endTime="2026-08-22T22:27:08.8956080-04:00" testType="13cdc9d9-ddb5-4fa4-a97d-d965ccfc6d4b" outcome="Passed" testListId="8c84fa94-04c1-424b-9868-57a2d4851a1d" relativeResultsDirectory="744b14e7-305d-481c-9a7a-bb75e3505d2a" />
    <UnitTestResult executionId="7b5e8e14-4d12-453d-b2dd-05d625a08a26" testId="17e34384-f51e-b57d-329c-d3b513995bb4" testName="Opstrax.Telematics.Security.Tests.InMemoryReplayGuardTests.EqualSerial_DistinctContent_IsAccepted_ButDoesNotBlockLaterProgress" computerName="Mac" duration="00:00:00.0001793" startTime="2026-08-22T22:27:08.8974680-04:00" endTime="2026-08-22T22:27:08.8974990-04:00" testType="13cdc9d9-ddb5-4fa4-a97d-d965ccfc6d4b" outcome="Passed" testListId="8c84fa94-04c1-424b-9868-57a2d4851a1d" relativeResultsDirectory="7b5e8e14-4d12-453d-b2dd-05d625a08a26" />
    <UnitTestResult executionId="e60b88ad-daa4-41e4-930a-3e01120ca84e" testId="bbf4e4b6-a3e6-c065-6642-dcac4eeb6d9e" testName="Opstrax.Telematics.Security.Tests.InMemoryReplayGuardTests.InvalidConstructorArgs_Throw" computerName="Mac" duration="00:00:00.0010024" startTime="2026-08-22T22:27:08.8966620-04:00" endTime="2026-08-22T22:27:08.8973830-04:00" testType="13cdc9d9-ddb5-4fa4-a97d-d965ccfc6d4b" outcome="Passed" testListId="8c84fa94-04c1-424b-9868-57a2d4851a1d" relativeResultsDirectory="e60b88ad-daa4-41e4-930a-3e01120ca84e" />
    <UnitTestResult executionId="56765dcd-1586-4e81-9881-8f8d11e1b3fb" testId="be0c5350-8836-2918-e325-3c1ba031c088" testName="Opstrax.Telematics.Security.Tests.DefaultDeviceAuthenticatorTests.Matching_source_ip_passes_when_pinned" computerName="Mac" duration="00:00:00.0002919" startTime="2026-08-22T22:27:08.8944180-04:00" endTime="2026-08-22T22:27:08.8944470-04:00" testType="13cdc9d9-ddb5-4fa4-a97d-d965ccfc6d4b" outcome="Passed" testListId="8c84fa94-04c1-424b-9868-57a2d4851a1d" relativeResultsDirectory="56765dcd-1586-4e81-9881-8f8d11e1b3fb" />
    <UnitTestResult executionId="df545bbf-294b-4b0f-8ebe-6d1444ea0317" testId="8eb4bff4-5dcf-66b8-58c6-e894c13cf4df" testName="Opstrax.Telematics.Security.Tests.InMemoryReplayGuardTests.CheckAsync_IsBehaviorParity_And_Dedups" computerName="Mac" duration="00:00:00.0006401" startTime="2026-08-22T22:27:08.9027480-04:00" endTime="2026-08-22T22:27:08.9027790-04:00" testType="13cdc9d9-ddb5-4fa4-a97d-d965ccfc6d4b" outcome="Passed" testListId="8c84fa94-04c1-424b-9868-57a2d4851a1d" relativeResultsDirectory="df545bbf-294b-4b0f-8ebe-6d1444ea0317" />
    <UnitTestResult executionId="a6fce0f0-69a6-42d4-a252-2bdba5bcf1e1" testId="df005015-f69b-3df7-2b9a-e6991331b8a0" testName="Opstrax.Telematics.Security.Tests.DefaultDeviceAuthenticatorTests.Unknown_imei_does_not_resolve_to_an_owner_and_is_rejected" computerName="Mac" duration="00:00:00.0047227" startTime="2026-08-22T22:27:08.8928910-04:00" endTime="2026-08-22T22:27:08.8940310-04:00" testType="13cdc9d9-ddb5-4fa4-a97d-d965ccfc6d4b" outcome="Passed" testListId="8c84fa94-04c1-424b-9868-57a2d4851a1d" relativeResultsDirectory="a6fce0f0-69a6-42d4-a252-2bdba5bcf1e1" />
    <UnitTestResult executionId="b58161c9-7677-4608-b2ea-bdf8985820e2" testId="0a075dec-2038-e620-b513-49b8096a1297" testName="Opstrax.Telematics.Security.Tests.DeploymentHardeningContractTests.Installer_NeverSeedsTheAllowlistFromTheExampleFile" computerName="Mac" duration="00:00:00.0063318" startTime="2026-08-22T22:27:08.8302810-04:00" endTime="2026-08-22T22:27:08.8431950-04:00" testType="13cdc9d9-ddb5-4fa4-a97d-d965ccfc6d4b" outcome="Passed" testListId="8c84fa94-04c1-424b-9868-57a2d4851a1d" relativeResultsDirectory="b58161c9-7677-4608-b2ea-bdf8985820e2" />
    <UnitTestResult executionId="eaec48bb-1b7c-435e-a596-31e29dfcd8ed" testId="02fe7a7f-a60a-857f-42b1-827ca19e4a9d" testName="Opstrax.Telematics.Security.Tests.InMemoryReplayGuardTests.DifferentDevices_AreTrackedIndependently" computerName="Mac" duration="00:00:00.0000929" startTime="2026-08-22T22:27:08.9025970-04:00" endTime="2026-08-22T22:27:08.9026370-04:00" testType="13cdc9d9-ddb5-4fa4-a97d-d965ccfc6d4b" outcome="Passed" testListId="8c84fa94-04c1-424b-9868-57a2d4851a1d" relativeResultsDirectory="eaec48bb-1b7c-435e-a596-31e29dfcd8ed" />
    <UnitTestResult executionId="9ac1ce90-1257-4787-9f0a-d896df30f986" testId="fc67560a-907b-d535-1e78-d92123c3d0d2" testName="Opstrax.Telematics.Security.Tests.DefaultDeviceAuthenticatorTests.Valid_per_device_hmac_authenticates_cryptographically" computerName="Mac" duration="00:00:00.0041479" startTime="2026-08-22T22:27:08.8897290-04:00" endTime="2026-08-22T22:27:08.8901780-04:00" testType="13cdc9d9-ddb5-4fa4-a97d-d965ccfc6d4b" outcome="Passed" testListId="8c84fa94-04c1-424b-9868-57a2d4851a1d" relativeResultsDirectory="9ac1ce90-1257-4787-9f0a-d896df30f986" />
    <UnitTestResult executionId="cb30e061-4600-4687-9046-65eaa79cd7a4" testId="929a1f52-7257-b563-6fce-b70e411439b7" testName="Opstrax.Telematics.Security.Tests.DefaultDeviceAuthenticatorTests.Matching_sim_iccid_passes" computerName="Mac" duration="00:00:00.0111805" startTime="2026-08-22T22:27:08.8325600-04:00" endTime="2026-08-22T22:27:08.8539650-04:00" testType="13cdc9d9-ddb5-4fa4-a97d-d965ccfc6d4b" outcome="Passed" testListId="8c84fa94-04c1-424b-9868-57a2d4851a1d" relativeResultsDirectory="cb30e061-4600-4687-9046-65eaa79cd7a4" />
    <UnitTestResult executionId="f4b96576-f460-4f2b-a8d0-c919074c1e1d" testId="e2578d55-e8ab-8e9d-bf34-fc21e6332680" testName="Opstrax.Telematics.Security.Tests.DefaultDeviceAuthenticatorTests.Suspended_device_is_rejected" computerName="Mac" duration="00:00:00.0009141" startTime="2026-08-22T22:27:08.8951670-04:00" endTime="2026-08-22T22:27:08.8951990-04:00" testType="13cdc9d9-ddb5-4fa4-a97d-d965ccfc6d4b" outcome="Passed" testListId="8c84fa94-04c1-424b-9868-57a2d4851a1d" relativeResultsDirectory="f4b96576-f460-4f2b-a8d0-c919074c1e1d" />
    <UnitTestResult executionId="5ccae788-b0c4-4822-b43a-d4da3575afa1" testId="f789d0bd-9f00-840f-a67a-d03863f20f28" testName="Opstrax.Telematics.Security.Tests.InMemoryReplayGuardTests.WraparoundMode_TreatsCounterWrap_AsForwardProgress" computerName="Mac" duration="00:00:00.0000963" startTime="2026-08-22T22:27:08.8985650-04:00" endTime="2026-08-22T22:27:08.8986330-04:00" testType="13cdc9d9-ddb5-4fa4-a97d-d965ccfc6d4b" outcome="Passed" testListId="8c84fa94-04c1-424b-9868-57a2d4851a1d" relativeResultsDirectory="5ccae788-b0c4-4822-b43a-d4da3575afa1" />
    <UnitTestResult executionId="4290b95b-439a-4a9a-a773-e786cf0b4cdd" testId="020684c3-030d-b9cf-1de6-928d0d3201d1" testName="Opstrax.Telematics.Security.Tests.InMemoryReplayGuardTests.InvalidDeviceId_Throws(deviceId: &quot;&quot;)" computerName="Mac" duration="00:00:00.0001237" startTime="2026-08-22T22:27:08.8983490-04:00" endTime="2026-08-22T22:27:08.8983790-04:00" testType="13cdc9d9-ddb5-4fa4-a97d-d965ccfc6d4b" outcome="Passed" testListId="8c84fa94-04c1-424b-9868-57a2d4851a1d" relativeResultsDirectory="4290b95b-439a-4a9a-a773-e786cf0b4cdd" />
    <UnitTestResult executionId="d0f76a95-9376-4300-94e0-03cec439d416" testId="1c8e81f1-6352-877a-8b3f-9fc338644a72" testName="Opstrax.Telematics.Security.Tests.DeploymentHardeningContractTests.ServiceManifests_DoNotDeclareTheRetiredTelemetrySecretKeys(manifest: &quot;docker-compose.yml&quot;)" computerName="Mac" duration="00:00:00.0003128" startTime="2026-08-22T22:27:08.8536030-04:00" endTime="2026-08-22T22:27:08.8536370-04:00" testType="13cdc9d9-ddb5-4fa4-a97d-d965ccfc6d4b" outcome="Passed" testListId="8c84fa94-04c1-424b-9868-57a2d4851a1d" relativeResultsDirectory="d0f76a95-9376-4300-94e0-03cec439d416" />
    <UnitTestResult executionId="2fca040c-eec3-47a7-9f33-88a24543d52e" testId="73806078-f273-81ce-8082-8f3043dd57b5" testName="Opstrax.Telematics.Security.Tests.InMemoryReplayGuardTests.ExactDuplicate_IsDuplicateReplay" computerName="Mac" duration="00:00:00.0001016" startTime="2026-08-22T22:27:08.8975740-04:00" endTime="2026-08-22T22:27:08.8976070-04:00" testType="13cdc9d9-ddb5-4fa4-a97d-d965ccfc6d4b" outcome="Passed" testListId="8c84fa94-04c1-424b-9868-57a2d4851a1d" relativeResultsDirectory="2fca040c-eec3-47a7-9f33-88a24543d52e" />
    <UnitTestResult executionId="29b820bb-a99c-4172-ae60-5f6f7fdda038" testId="8348dcab-c662-7ab7-5663-c35b23b33b60" testName="Opstrax.Telematics.Security.Tests.DeploymentHardeningContractTests.Installer_AcceptsNoSecretOnTheCommandLine" computerName="Mac" duration="00:00:00.0003048" startTime="2026-08-22T22:27:08.8523660-04:00" endTime="2026-08-22T22:27:08.8525200-04:00" testType="13cdc9d9-ddb5-4fa4-a97d-d965ccfc6d4b" outcome="Passed" testListId="8c84fa94-04c1-424b-9868-57a2d4851a1d" relativeResultsDirectory="29b820bb-a99c-4172-ae60-5f6f7fdda038" />
    <UnitTestResult executionId="1652a37b-fda1-4016-91e8-d8c629a32568" testId="b45449e1-723a-2c45-f11a-69a3341f5e06" testName="Opstrax.Telematics.Security.Tests.DefaultDeviceAuthenticatorTests.ImeiAllowlistOnly_is_flagged_low_trust_and_non_cryptographic" computerName="Mac" duration="00:00:00.0000529" startTime="2026-08-22T22:27:08.8906340-04:00" endTime="2026-08-22T22:27:08.8906600-04:00" testType="13cdc9d9-ddb5-4fa4-a97d-d965ccfc6d4b" outcome="Passed" testListId="8c84fa94-04c1-424b-9868-57a2d4851a1d" relativeResultsDirectory="1652a37b-fda1-4016-91e8-d8c629a32568" />
    <UnitTestResult executionId="1e8a1de1-6565-4826-9909-93da067b301c" testId="94371466-9076-9261-41a6-7005c4d6d632" testName="Opstrax.Telematics.Security.Tests.InMemoryReplayGuardTests.DedupWindow_EvictsLeastRecentEntry_AtCapacity" computerName="Mac" duration="00:00:00.0001250" startTime="2026-08-22T22:27:08.8962900-04:00" endTime="2026-08-22T22:27:08.8963750-04:00" testType="13cdc9d9-ddb5-4fa4-a97d-d965ccfc6d4b" outcome="Passed" testListId="8c84fa94-04c1-424b-9868-57a2d4851a1d" relativeResultsDirectory="1e8a1de1-6565-4826-9909-93da067b301c" />
    <UnitTestResult executionId="67f16e6a-7e54-45f7-9957-cfd7ad0578ca" testId="bcfa12ee-dc11-f321-14f8-ddfb994896fd" testName="Opstrax.Telematics.Security.Tests.DefaultDeviceAuthenticatorTests.Login_with_no_identifier_is_rejected" computerName="Mac" duration="00:00:00.0002603" startTime="2026-08-22T22:27:08.8949570-04:00" endTime="2026-08-22T22:27:08.8949890-04:00" testType="13cdc9d9-ddb5-4fa4-a97d-d965ccfc6d4b" outcome="Passed" testListId="8c84fa94-04c1-424b-9868-57a2d4851a1d" relativeResultsDirectory="67f16e6a-7e54-45f7-9957-cfd7ad0578ca" />
  </Results>
  <TestDefinitions>
    <UnitTest name="Opstrax.Telematics.Security.Tests.DefaultDeviceAuthenticatorTests.Quarantined_device_is_kept_quarantined" storage="/users/zackkhan/downloads/opstrax-enterprise-build-fixed-nginx/telematics/tests/opstrax.telematics.security.tests/bin/release/net8.0/opstrax.telematics.security.tests.dll" id="2a2826e9-1e37-c5e9-af51-8ec0d48dcba7">
      <Execution id="744b14e7-305d-481c-9a7a-bb75e3505d2a" />
      <TestMethod codeBase="/Users/zackkhan/Downloads/opstrax-enterprise-build-fixed-nginx/telematics/tests/Opstrax.Telematics.Security.Tests/bin/Release/net8.0/Opstrax.Telematics.Security.Tests.dll" adapterTypeName="executor://xunit/VsTestRunner3/netcore/" className="Opstrax.Telematics.Security.Tests.DefaultDeviceAuthenticatorTests" name="Quarantined_device_is_kept_quarantined" />
    </UnitTest>
    <UnitTest name="Opstrax.Telematics.Security.Tests.DeploymentHardeningContractTests.DeployCompose_RefusesToStartWithoutAnExplicitAllowlistFile" storage="/users/zackkhan/downloads/opstrax-enterprise-build-fixed-nginx/telematics/tests/opstrax.telematics.security.tests/bin/release/net8.0/opstrax.telematics.security.tests.dll" id="40809114-38e6-e601-3df7-c1cbc3eea77d">
      <Execution id="c46bdb24-f78f-46b8-a1e7-7362210b086f" />
      <TestMethod codeBase="/Users/zackkhan/Downloads/opstrax-enterprise-build-fixed-nginx/telematics/tests/Opstrax.Telematics.Security.Tests/bin/Release/net8.0/Opstrax.Telematics.Security.Tests.dll" adapterTypeName="executor://xunit/VsTestRunner3/netcore/" className="Opstrax.Telematics.Security.Tests.DeploymentHardeningContractTests" name="DeployCompose_RefusesToStartWithoutAnExplicitAllowlistFile" />
    </UnitTest>
    <UnitTest name="Opstrax.Telematics.Security.Tests.DefaultDeviceAuthenticatorTests.RawTcp_DoesNotPretendCertificateAuthenticationOccurred(mode: MutualTls)" storage="/users/zackkhan/downloads/opstrax-enterprise-build-fixed-nginx/telematics/tests/opstrax.telematics.security.tests/bin/release/net8.0/opstrax.telematics.security.tests.dll" id="44f1c6c1-beab-95ba-6355-0c3540d47682">
      <Execution id="9dd0f4a7-c802-4d22-85bf-ad930150a4d5" />
      <TestMethod codeBase="/Users/zackkhan/Downloads/opstrax-enterprise-build-fixed-nginx/telematics/tests/Opstrax.Telematics.Security.Tests/bin/Release/net8.0/Opstrax.Telematics.Security.Tests.dll" adapterTypeName="executor://xunit/VsTestRunner3/netcore/" className="Opstrax.Telematics.Security.Tests.DefaultDeviceAuthenticatorTests" name="RawTcp_DoesNotPretendCertificateAuthenticationOccurred" />
    </UnitTest>
    <UnitTest name="Opstrax.Telematics.Security.Tests.InMemoryReplayGuardTests.EqualSerial_DistinctContent_IsAccepted_ButDoesNotBlockLaterProgress" storage="/users/zackkhan/downloads/opstrax-enterprise-build-fixed-nginx/telematics/tests/opstrax.telematics.security.tests/bin/release/net8.0/opstrax.telematics.security.tests.dll" id="17e34384-f51e-b57d-329c-d3b513995bb4">
      <Execution id="7b5e8e14-4d12-453d-b2dd-05d625a08a26" />
      <TestMethod codeBase="/Users/zackkhan/Downloads/opstrax-enterprise-build-fixed-nginx/telematics/tests/Opstrax.Telematics.Security.Tests/bin/Release/net8.0/Opstrax.Telematics.Security.Tests.dll" adapterTypeName="executor://xunit/VsTestRunner3/netcore/" className="Opstrax.Telematics.Security.Tests.InMemoryReplayGuardTests" name="EqualSerial_DistinctContent_IsAccepted_ButDoesNotBlockLaterProgress" />
    </UnitTest>
    <UnitTest name="Opstrax.Telematics.Security.Tests.DefaultDeviceAuthenticatorTests.Suspended_device_is_rejected" storage="/users/zackkhan/downloads/opstrax-enterprise-build-fixed-nginx/telematics/tests/opstrax.telematics.security.tests/bin/release/net8.0/opstrax.telematics.security.tests.dll" id="e2578d55-e8ab-8e9d-bf34-fc21e6332680">
      <Execution id="f4b96576-f460-4f2b-a8d0-c919074c1e1d" />
      <TestMethod codeBase="/Users/zackkhan/Downloads/opstrax-enterprise-build-fixed-nginx/telematics/tests/Opstrax.Telematics.Security.Tests/bin/Release/net8.0/Opstrax.Telematics.Security.Tests.dll" adapterTypeName="executor://xunit/VsTestRunner3/netcore/" className="Opstrax.Telematics.Security.Tests.DefaultDeviceAuthenticatorTests" name="Suspended_device_is_rejected" />
    </UnitTest>
    <UnitTest name="Opstrax.Telematics.Security.Tests.DefaultDeviceAuthenticatorTests.Unresolvable_credential_fails_closed" storage="/users/zackkhan/downloads/opstrax-enterprise-build-fixed-nginx/telematics/tests/opstrax.telematics.security.tests/bin/release/net8.0/opstrax.telematics.security.tests.dll" id="445f4c58-7959-336d-ffba-506fa8aeae3c">
      <Execution id="df588a12-9c72-4cf2-955b-acdd39da0641" />
      <TestMethod codeBase="/Users/zackkhan/Downloads/opstrax-enterprise-build-fixed-nginx/telematics/tests/Opstrax.Telematics.Security.Tests/bin/Release/net8.0/Opstrax.Telematics.Security.Tests.dll" adapterTypeName="executor://xunit/VsTestRunner3/netcore/" className="Opstrax.Telematics.Security.Tests.DefaultDeviceAuthenticatorTests" name="Unresolvable_credential_fails_closed" />
    </UnitTest>
    <UnitTest name="Opstrax.Telematics.Security.Tests.InMemoryReplayGuardTests.WraparoundMode_RepeatedHeartbeatInLaterGenerationGetsANewEventIdentity" storage="/users/zackkhan/downloads/opstrax-enterprise-build-fixed-nginx/telematics/tests/opstrax.telematics.security.tests/bin/release/net8.0/opstrax.telematics.security.tests.dll" id="d3d6281b-502d-f105-61f5-21203a86184c">
      <Execution id="51431902-512e-40f0-a9b3-8a9d0657ff26" />
      <TestMethod codeBase="/Users/zackkhan/Downloads/opstrax-enterprise-build-fixed-nginx/telematics/tests/Opstrax.Telematics.Security.Tests/bin/Release/net8.0/Opstrax.Telematics.Security.Tests.dll" adapterTypeName="executor://xunit/VsTestRunner3/netcore/" className="Opstrax.Telematics.Security.Tests.InMemoryReplayGuardTests" name="WraparoundMode_RepeatedHeartbeatInLaterGenerationGetsANewEventIdentity" />
    </UnitTest>
    <UnitTest name="Opstrax.Telematics.Security.Tests.DefaultDeviceAuthenticatorTests.Invalid_per_device_hmac_is_rejected" storage="/users/zackkhan/downloads/opstrax-enterprise-build-fixed-nginx/telematics/tests/opstrax.telematics.security.tests/bin/release/net8.0/opstrax.telematics.security.tests.dll" id="e3af3ca2-c63e-6042-08bd-7fde0088d2bb">
      <Execution id="8df9b9db-fdeb-4979-9267-516a1f925a6c" />
      <TestMethod codeBase="/Users/zackkhan/Downloads/opstrax-enterprise-build-fixed-nginx/telematics/tests/Opstrax.Telematics.Security.Tests/bin/Release/net8.0/Opstrax.Telematics.Security.Tests.dll" adapterTypeName="executor://xunit/VsTestRunner3/netcore/" className="Opstrax.Telematics.Security.Tests.DefaultDeviceAuthenticatorTests" name="Invalid_per_device_hmac_is_rejected" />
    </UnitTest>
    <UnitTest name="Opstrax.Telematics.Security.Tests.InMemoryReplayGuardTests.InvalidConstructorArgs_Throw" storage="/users/zackkhan/downloads/opstrax-enterprise-build-fixed-nginx/telematics/tests/opstrax.telematics.security.tests/bin/release/net8.0/opstrax.telematics.security.tests.dll" id="bbf4e4b6-a3e6-c065-6642-dcac4eeb6d9e">
      <Execution id="e60b88ad-daa4-41e4-930a-3e01120ca84e" />
      <TestMethod codeBase="/Users/zackkhan/Downloads/opstrax-enterprise-build-fixed-nginx/telematics/tests/Opstrax.Telematics.Security.Tests/bin/Release/net8.0/Opstrax.Telematics.Security.Tests.dll" adapterTypeName="executor://xunit/VsTestRunner3/netcore/" className="Opstrax.Telematics.Security.Tests.InMemoryReplayGuardTests" name="InvalidConstructorArgs_Throw" />
    </UnitTest>
    <UnitTest name="Opstrax.Telematics.Security.Tests.InMemoryReplayGuardTests.ConcurrentDistinctDevices_DoNotContend_AndAllAccept" storage="/users/zackkhan/downloads/opstrax-enterprise-build-fixed-nginx/telematics/tests/opstrax.telematics.security.tests/bin/release/net8.0/opstrax.telematics.security.tests.dll" id="7bb3df63-f03f-5f86-ea02-92366f6fbf3a">
      <Execution id="53004fc9-3014-4851-980e-7e65cc178e09" />
      <TestMethod codeBase="/Users/zackkhan/Downloads/opstrax-enterprise-build-fixed-nginx/telematics/tests/Opstrax.Telematics.Security.Tests/bin/Release/net8.0/Opstrax.Telematics.Security.Tests.dll" adapterTypeName="executor://xunit/VsTestRunner3/netcore/" className="Opstrax.Telematics.Security.Tests.InMemoryReplayGuardTests" name="ConcurrentDistinctDevices_DoNotContend_AndAllAccept" />
    </UnitTest>
    <UnitTest name="Opstrax.Telematics.Security.Tests.DefaultDeviceAuthenticatorTests.Provisioned_but_never_connected_device_cannot_authenticate" storage="/users/zackkhan/downloads/opstrax-enterprise-build-fixed-nginx/telematics/tests/opstrax.telematics.security.tests/bin/release/net8.0/opstrax.telematics.security.tests.dll" id="09b67f79-67f3-dd19-acfc-24a9a027d1f8">
      <Execution id="1451e6b8-963b-4fc6-853d-273ba0b60594" />
      <TestMethod codeBase="/Users/zackkhan/Downloads/opstrax-enterprise-build-fixed-nginx/telematics/tests/Opstrax.Telematics.Security.Tests/bin/Release/net8.0/Opstrax.Telematics.Security.Tests.dll" adapterTypeName="executor://xunit/VsTestRunner3/netcore/" className="Opstrax.Telematics.Security.Tests.DefaultDeviceAuthenticatorTests" name="Provisioned_but_never_connected_device_cannot_authenticate" />
    </UnitTest>
    <UnitTest name="Opstrax.Telematics.Security.Tests.DefaultDeviceAuthenticatorTests.Changed_sim_iccid_quarantines_the_device" storage="/users/zackkhan/downloads/opstrax-enterprise-build-fixed-nginx/telematics/tests/opstrax.telematics.security.tests/bin/release/net8.0/opstrax.telematics.security.tests.dll" id="ebd9c00c-8f04-3736-2030-578bdb5ef18b">
      <Execution id="af8eb5be-a6bc-42db-98f3-81481a9d4129" />
      <TestMethod codeBase="/Users/zackkhan/Downloads/opstrax-enterprise-build-fixed-nginx/telematics/tests/Opstrax.Telematics.Security.Tests/bin/Release/net8.0/Opstrax.Telematics.Security.Tests.dll" adapterTypeName="executor://xunit/VsTestRunner3/netcore/" className="Opstrax.Telematics.Security.Tests.DefaultDeviceAuthenticatorTests" name="Changed_sim_iccid_quarantines_the_device" />
    </UnitTest>
    <UnitTest name="Opstrax.Telematics.Security.Tests.DeploymentHardeningContractTests.ExampleAllowlist_ParsesToZeroAdmissibleEntries_ThroughTheRealParser" storage="/users/zackkhan/downloads/opstrax-enterprise-build-fixed-nginx/telematics/tests/opstrax.telematics.security.tests/bin/release/net8.0/opstrax.telematics.security.tests.dll" id="cdd77305-7bfb-9fb0-2ac9-ffc552f4b4b1">
      <Execution id="8e3d6847-81d4-4ccf-9ccb-4be6cfe22372" />
      <TestMethod codeBase="/Users/zackkhan/Downloads/opstrax-enterprise-build-fixed-nginx/telematics/tests/Opstrax.Telematics.Security.Tests/bin/Release/net8.0/Opstrax.Telematics.Security.Tests.dll" adapterTypeName="executor://xunit/VsTestRunner3/netcore/" className="Opstrax.Telematics.Security.Tests.DeploymentHardeningContractTests" name="ExampleAllowlist_ParsesToZeroAdmissibleEntries_ThroughTheRealParser" />
    </UnitTest>
    <UnitTest name="Opstrax.Telematics.Security.Tests.DefaultDeviceAuthenticatorTests.RawTcp_DoesNotPretendCertificateAuthenticationOccurred(mode: ClientCertificate)" storage="/users/zackkhan/downloads/opstrax-enterprise-build-fixed-nginx/telematics/tests/opstrax.telematics.security.tests/bin/release/net8.0/opstrax.telematics.security.tests.dll" id="8333762b-1700-7cee-ebe2-610c750cb938">
      <Execution id="2dea4b5d-0687-40e6-bfed-d323c47ddc5f" />
      <TestMethod codeBase="/Users/zackkhan/Downloads/opstrax-enterprise-build-fixed-nginx/telematics/tests/Opstrax.Telematics.Security.Tests/bin/Release/net8.0/Opstrax.Telematics.Security.Tests.dll" adapterTypeName="executor://xunit/VsTestRunner3/netcore/" className="Opstrax.Telematics.Security.Tests.DefaultDeviceAuthenticatorTests" name="RawTcp_DoesNotPretendCertificateAuthenticationOccurred" />
    </UnitTest>
    <UnitTest name="Opstrax.Telematics.Security.Tests.InMemoryReplayGuardTests.ReplayOfAcceptedFrame_IsAlwaysRejected_EvenAfterEviction" storage="/users/zackkhan/downloads/opstrax-enterprise-build-fixed-nginx/telematics/tests/opstrax.telematics.security.tests/bin/release/net8.0/opstrax.telematics.security.tests.dll" id="7ddd372f-7024-a461-f6b2-948bfeaf7fa6">
      <Execution id="3cc10fec-4d95-4a25-8715-ec55ee67104a" />
      <TestMethod codeBase="/Users/zackkhan/Downloads/opstrax-enterprise-build-fixed-nginx/telematics/tests/Opstrax.Telematics.Security.Tests/bin/Release/net8.0/Opstrax.Telematics.Security.Tests.dll" adapterTypeName="executor://xunit/VsTestRunner3/netcore/" className="Opstrax.Telematics.Security.Tests.InMemoryReplayGuardTests" name="ReplayOfAcceptedFrame_IsAlwaysRejected_EvenAfterEviction" />
    </UnitTest>
    <UnitTest name="Opstrax.Telematics.Security.Tests.InMemoryReplayGuardTests.ExactDuplicate_IsDuplicateReplay" storage="/users/zackkhan/downloads/opstrax-enterprise-build-fixed-nginx/telematics/tests/opstrax.telematics.security.tests/bin/release/net8.0/opstrax.telematics.security.tests.dll" id="73806078-f273-81ce-8082-8f3043dd57b5">
      <Execution id="2fca040c-eec3-47a7-9f33-88a24543d52e" />
      <TestMethod codeBase="/Users/zackkhan/Downloads/opstrax-enterprise-build-fixed-nginx/telematics/tests/Opstrax.Telematics.Security.Tests/bin/Release/net8.0/Opstrax.Telematics.Security.Tests.dll" adapterTypeName="executor://xunit/VsTestRunner3/netcore/" className="Opstrax.Telematics.Security.Tests.InMemoryReplayGuardTests" name="ExactDuplicate_IsDuplicateReplay" />
    </UnitTest>
    <UnitTest name="Opstrax.Telematics.Security.Tests.DeploymentHardeningContractTests.ExampleAllowlist_NoLongerShipsThePilotImei" storage="/users/zackkhan/downloads/opstrax-enterprise-build-fixed-nginx/telematics/tests/opstrax.telematics.security.tests/bin/release/net8.0/opstrax.telematics.security.tests.dll" id="0ed9aa71-184a-13d6-615c-3852b0f7c490">
      <Execution id="ddb933f0-bd1c-41cd-91ca-6d16a44f5e95" />
      <TestMethod codeBase="/Users/zackkhan/Downloads/opstrax-enterprise-build-fixed-nginx/telematics/tests/Opstrax.Telematics.Security.Tests/bin/Release/net8.0/Opstrax.Telematics.Security.Tests.dll" adapterTypeName="executor://xunit/VsTestRunner3/netcore/" className="Opstrax.Telematics.Security.Tests.DeploymentHardeningContractTests" name="ExampleAllowlist_NoLongerShipsThePilotImei" />
    </UnitTest>
    <UnitTest name="Opstrax.Telematics.Security.Tests.InMemoryReplayGuardTests.InvalidDeviceId_Throws(deviceId: null)" storage="/users/zackkhan/downloads/opstrax-enterprise-build-fixed-nginx/telematics/tests/opstrax.telematics.security.tests/bin/release/net8.0/opstrax.telematics.security.tests.dll" id="d17baf58-e266-3d04-19ee-4953343e329e">
      <Execution id="598628d0-8518-4bff-bc53-62dd4c6f978c" />
      <TestMethod codeBase="/Users/zackkhan/Downloads/opstrax-enterprise-build-fixed-nginx/telematics/tests/Opstrax.Telematics.Security.Tests/bin/Release/net8.0/Opstrax.Telematics.Security.Tests.dll" adapterTypeName="executor://xunit/VsTestRunner3/netcore/" className="Opstrax.Telematics.Security.Tests.InMemoryReplayGuardTests" name="InvalidDeviceId_Throws" />
    </UnitTest>
    <UnitTest name="Opstrax.Telematics.Security.Tests.InMemoryReplayGuardTests.InvalidDeviceId_Throws(deviceId: &quot;&quot;)" storage="/users/zackkhan/downloads/opstrax-enterprise-build-fixed-nginx/telematics/tests/opstrax.telematics.security.tests/bin/release/net8.0/opstrax.telematics.security.tests.dll" id="020684c3-030d-b9cf-1de6-928d0d3201d1">
      <Execution id="4290b95b-439a-4a9a-a773-e786cf0b4cdd" />
      <TestMethod codeBase="/Users/zackkhan/Downloads/opstrax-enterprise-build-fixed-nginx/telematics/tests/Opstrax.Telematics.Security.Tests/bin/Release/net8.0/Opstrax.Telematics.Security.Tests.dll" adapterTypeName="executor://xunit/VsTestRunner3/netcore/" className="Opstrax.Telematics.Security.Tests.InMemoryReplayGuardTests" name="InvalidDeviceId_Throws" />
    </UnitTest>
    <UnitTest name="Opstrax.Telematics.Security.Tests.DeploymentHardeningContractTests.GatewayCompositionRoot_HasNoCommandLineConfigurationSource" storage="/users/zackkhan/downloads/opstrax-enterprise-build-fixed-nginx/telematics/tests/opstrax.telematics.security.tests/bin/release/net8.0/opstrax.telematics.security.tests.dll" id="c9e0dbfe-fb19-0513-1c60-0d5fa1cb9b4a">
      <Execution id="95fbba15-0d7a-4906-9528-10dec23f0ced" />
      <TestMethod codeBase="/Users/zackkhan/Downloads/opstrax-enterprise-build-fixed-nginx/telematics/tests/Opstrax.Telematics.Security.Tests/bin/Release/net8.0/Opstrax.Telematics.Security.Tests.dll" adapterTypeName="executor://xunit/VsTestRunner3/netcore/" className="Opstrax.Telematics.Security.Tests.DeploymentHardeningContractTests" name="GatewayCompositionRoot_HasNoCommandLineConfigurationSource" />
    </UnitTest>
    <UnitTest name="Opstrax.Telematics.Security.Tests.InMemoryReplayGuardTests.RecentUse_RefreshesLruRecency" storage="/users/zackkhan/downloads/opstrax-enterprise-build-fixed-nginx/telematics/tests/opstrax.telematics.security.tests/bin/release/net8.0/opstrax.telematics.security.tests.dll" id="f30febec-0caa-b4f4-7e9e-370a61c421ba">
      <Execution id="6b2a1cd6-3544-47da-acca-bc1cb310ccae" />
      <TestMethod codeBase="/Users/zackkhan/Downloads/opstrax-enterprise-build-fixed-nginx/telematics/tests/Opstrax.Telematics.Security.Tests/bin/Release/net8.0/Opstrax.Telematics.Security.Tests.dll" adapterTypeName="executor://xunit/VsTestRunner3/netcore/" className="Opstrax.Telematics.Security.Tests.InMemoryReplayGuardTests" name="RecentUse_RefreshesLruRecency" />
    </UnitTest>
    <UnitTest name="Opstrax.Telematics.Security.Tests.InMemoryReplayGuardTests.OutOfOrder_IsRecorded_SoRetryHasStableEventIdentity" storage="/users/zackkhan/downloads/opstrax-enterprise-build-fixed-nginx/telematics/tests/opstrax.telematics.security.tests/bin/release/net8.0/opstrax.telematics.security.tests.dll" id="ccbcbc7f-3460-9ab2-e32d-6b0aebd5c9f6">
      <Execution id="10a9ecb6-cf29-4d58-a84e-f4b8e0a5163c" />
      <TestMethod codeBase="/Users/zackkhan/Downloads/opstrax-enterprise-build-fixed-nginx/telematics/tests/Opstrax.Telematics.Security.Tests/bin/Release/net8.0/Opstrax.Telematics.Security.Tests.dll" adapterTypeName="executor://xunit/VsTestRunner3/netcore/" className="Opstrax.Telematics.Security.Tests.InMemoryReplayGuardTests" name="OutOfOrder_IsRecorded_SoRetryHasStableEventIdentity" />
    </UnitTest>
    <UnitTest name="Opstrax.Telematics.Security.Tests.DeploymentHardeningContractTests.Installer_AcceptsNoSecretOnTheCommandLine" storage="/users/zackkhan/downloads/opstrax-enterprise-build-fixed-nginx/telematics/tests/opstrax.telematics.security.tests/bin/release/net8.0/opstrax.telematics.security.tests.dll" id="8348dcab-c662-7ab7-5663-c35b23b33b60">
      <Execution id="29b820bb-a99c-4172-ae60-5f6f7fdda038" />
      <TestMethod codeBase="/Users/zackkhan/Downloads/opstrax-enterprise-build-fixed-nginx/telematics/tests/Opstrax.Telematics.Security.Tests/bin/Release/net8.0/Opstrax.Telematics.Security.Tests.dll" adapterTypeName="executor://xunit/VsTestRunner3/netcore/" className="Opstrax.Telematics.Security.Tests.DeploymentHardeningContractTests" name="Installer_AcceptsNoSecretOnTheCommandLine" />
    </UnitTest>
    <UnitTest name="Opstrax.Telematics.Security.Tests.DefaultDeviceAuthenticatorTests.Successful_imei_allowlist_login_is_explicitly_not_cryptographically_authenticated" storage="/users/zackkhan/downloads/opstrax-enterprise-build-fixed-nginx/telematics/tests/opstrax.telematics.security.tests/bin/release/net8.0/opstrax.telematics.security.tests.dll" id="a85b62a1-6990-178e-a216-93d9ecde86b9">
      <Execution id="03aae880-8d85-4b59-9b21-ba2bc18e7b8d" />
      <TestMethod codeBase="/Users/zackkhan/Downloads/opstrax-enterprise-build-fixed-nginx/telematics/tests/Opstrax.Telematics.Security.Tests/bin/Release/net8.0/Opstrax.Telematics.Security.Tests.dll" adapterTypeName="executor://xunit/VsTestRunner3/netcore/" className="Opstrax.Telematics.Security.Tests.DefaultDeviceAuthenticatorTests" name="Successful_imei_allowlist_login_is_explicitly_not_cryptographically_authenticated" />
    </UnitTest>
    <UnitTest name="Opstrax.Telematics.Security.Tests.DefaultDeviceAuthenticatorTests.Missing_hmac_proof_is_rejected_under_hmac_policy" storage="/users/zackkhan/downloads/opstrax-enterprise-build-fixed-nginx/telematics/tests/opstrax.telematics.security.tests/bin/release/net8.0/opstrax.telematics.security.tests.dll" id="1ddca2af-2a79-d09b-7f3e-a66d5d3c477d">
      <Execution id="20041342-7d9f-4253-976e-73afb6f10137" />
      <TestMethod codeBase="/Users/zackkhan/Downloads/opstrax-enterprise-build-fixed-nginx/telematics/tests/Opstrax.Telematics.Security.Tests/bin/Release/net8.0/Opstrax.Telematics.Security.Tests.dll" adapterTypeName="executor://xunit/VsTestRunner3/netcore/" className="Opstrax.Telematics.Security.Tests.DefaultDeviceAuthenticatorTests" name="Missing_hmac_proof_is_rejected_under_hmac_policy" />
    </UnitTest>
    <UnitTest name="Opstrax.Telematics.Security.Tests.InMemoryReplayGuardTests.CheckAsync_IsBehaviorParity_And_Dedups" storage="/users/zackkhan/downloads/opstrax-enterprise-build-fixed-nginx/telematics/tests/opstrax.telematics.security.tests/bin/release/net8.0/opstrax.telematics.security.tests.dll" id="8eb4bff4-5dcf-66b8-58c6-e894c13cf4df">
      <Execution id="df545bbf-294b-4b0f-8ebe-6d1444ea0317" />
      <TestMethod codeBase="/Users/zackkhan/Downloads/opstrax-enterprise-build-fixed-nginx/telematics/tests/Opstrax.Telematics.Security.Tests/bin/Release/net8.0/Opstrax.Telematics.Security.Tests.dll" adapterTypeName="executor://xunit/VsTestRunner3/netcore/" className="Opstrax.Telematics.Security.Tests.InMemoryReplayGuardTests" name="CheckAsync_IsBehaviorParity_And_Dedups" />
    </UnitTest>
    <UnitTest name="Opstrax.Telematics.Security.Tests.InMemoryReplayGuardTests.WraparoundMode_TreatsCounterWrap_AsForwardProgress" storage="/users/zackkhan/downloads/opstrax-enterprise-build-fixed-nginx/telematics/tests/opstrax.telematics.security.tests/bin/release/net8.0/opstrax.telematics.security.tests.dll" id="f789d0bd-9f00-840f-a67a-d03863f20f28">
      <Execution id="5ccae788-b0c4-4822-b43a-d4da3575afa1" />
      <TestMethod codeBase="/Users/zackkhan/Downloads/opstrax-enterprise-build-fixed-nginx/telematics/tests/Opstrax.Telematics.Security.Tests/bin/Release/net8.0/Opstrax.Telematics.Security.Tests.dll" adapterTypeName="executor://xunit/VsTestRunner3/netcore/" className="Opstrax.Telematics.Security.Tests.InMemoryReplayGuardTests" name="WraparoundMode_TreatsCounterWrap_AsForwardProgress" />
    </UnitTest>
    <UnitTest name="Opstrax.Telematics.Security.Tests.InMemoryReplayGuardTests.ConcurrentDuplicates_AcceptExactlyOnce_NoTornState" storage="/users/zackkhan/downloads/opstrax-enterprise-build-fixed-nginx/telematics/tests/opstrax.telematics.security.tests/bin/release/net8.0/opstrax.telematics.security.tests.dll" id="50f25420-b2e5-2980-e396-6fa66e439793">
      <Execution id="023eed44-3002-4779-8328-ba6f92b5b2fd" />
      <TestMethod codeBase="/Users/zackkhan/Downloads/opstrax-enterprise-build-fixed-nginx/telematics/tests/Opstrax.Telematics.Security.Tests/bin/Release/net8.0/Opstrax.Telematics.Security.Tests.dll" adapterTypeName="executor://xunit/VsTestRunner3/netcore/" className="Opstrax.Telematics.Security.Tests.InMemoryReplayGuardTests" name="ConcurrentDuplicates_AcceptExactlyOnce_NoTornState" />
    </UnitTest>
    <UnitTest name="Opstrax.Telematics.Security.Tests.DefaultDeviceAuthenticatorTests.Retired_device_is_rejected" storage="/users/zackkhan/downloads/opstrax-enterprise-build-fixed-nginx/telematics/tests/opstrax.telematics.security.tests/bin/release/net8.0/opstrax.telematics.security.tests.dll" id="ba56164b-5b75-9c76-6eba-d8deae41552a">
      <Execution id="11c14cf5-4086-497c-b2a1-8708f8d4948e" />
      <TestMethod codeBase="/Users/zackkhan/Downloads/opstrax-enterprise-build-fixed-nginx/telematics/tests/Opstrax.Telematics.Security.Tests/bin/Release/net8.0/Opstrax.Telematics.Security.Tests.dll" adapterTypeName="executor://xunit/VsTestRunner3/netcore/" className="Opstrax.Telematics.Security.Tests.DefaultDeviceAuthenticatorTests" name="Retired_device_is_rejected" />
    </UnitTest>
    <UnitTest name="Opstrax.Telematics.Security.Tests.DefaultDeviceAuthenticatorTests.ImeiAllowlistOnly_is_flagged_low_trust_and_non_cryptographic" storage="/users/zackkhan/downloads/opstrax-enterprise-build-fixed-nginx/telematics/tests/opstrax.telematics.security.tests/bin/release/net8.0/opstrax.telematics.security.tests.dll" id="b45449e1-723a-2c45-f11a-69a3341f5e06">
      <Execution id="1652a37b-fda1-4016-91e8-d8c629a32568" />
      <TestMethod codeBase="/Users/zackkhan/Downloads/opstrax-enterprise-build-fixed-nginx/telematics/tests/Opstrax.Telematics.Security.Tests/bin/Release/net8.0/Opstrax.Telematics.Security.Tests.dll" adapterTypeName="executor://xunit/VsTestRunner3/netcore/" className="Opstrax.Telematics.Security.Tests.DefaultDeviceAuthenticatorTests" name="ImeiAllowlistOnly_is_flagged_low_trust_and_non_cryptographic" />
    </UnitTest>
    <UnitTest name="Opstrax.Telematics.Security.Tests.InMemoryReplayGuardTests.WraparoundMode_ExactHalfRange_IsAmbiguousAndFailsClosed" storage="/users/zackkhan/downloads/opstrax-enterprise-build-fixed-nginx/telematics/tests/opstrax.telematics.security.tests/bin/release/net8.0/opstrax.telematics.security.tests.dll" id="b1840d51-a99d-014a-dda8-dd65b5943dd4">
      <Execution id="826b21da-467f-45d9-b9ba-374398d050af" />
      <TestMethod codeBase="/Users/zackkhan/Downloads/opstrax-enterprise-build-fixed-nginx/telematics/tests/Opstrax.Telematics.Security.Tests/bin/Release/net8.0/Opstrax.Telematics.Security.Tests.dll" adapterTypeName="executor://xunit/VsTestRunner3/netcore/" className="Opstrax.Telematics.Security.Tests.InMemoryReplayGuardTests" name="WraparoundMode_ExactHalfRange_IsAmbiguousAndFailsClosed" />
    </UnitTest>
    <UnitTest name="Opstrax.Telematics.Security.Tests.DefaultDeviceAuthenticatorTests.Login_with_no_identifier_is_rejected" storage="/users/zackkhan/downloads/opstrax-enterprise-build-fixed-nginx/telematics/tests/opstrax.telematics.security.tests/bin/release/net8.0/opstrax.telematics.security.tests.dll" id="bcfa12ee-dc11-f321-14f8-ddfb994896fd">
      <Execution id="67f16e6a-7e54-45f7-9957-cfd7ad0578ca" />
      <TestMethod codeBase="/Users/zackkhan/Downloads/opstrax-enterprise-build-fixed-nginx/telematics/tests/Opstrax.Telematics.Security.Tests/bin/Release/net8.0/Opstrax.Telematics.Security.Tests.dll" adapterTypeName="executor://xunit/VsTestRunner3/netcore/" className="Opstrax.Telematics.Security.Tests.DefaultDeviceAuthenticatorTests" name="Login_with_no_identifier_is_rejected" />
    </UnitTest>
    <UnitTest name="Opstrax.Telematics.Security.Tests.DefaultDeviceAuthenticatorTests.Missing_source_ip_is_rejected_when_a_pin_is_configured" storage="/users/zackkhan/downloads/opstrax-enterprise-build-fixed-nginx/telematics/tests/opstrax.telematics.security.tests/bin/release/net8.0/opstrax.telematics.security.tests.dll" id="77228ea7-03de-2ec4-d54b-aa6f95815862">
      <Execution id="a7eb3325-bc2a-4fe9-a926-7599629ae8f3" />
      <TestMethod codeBase="/Users/zackkhan/Downloads/opstrax-enterprise-build-fixed-nginx/telematics/tests/Opstrax.Telematics.Security.Tests/bin/Release/net8.0/Opstrax.Telematics.Security.Tests.dll" adapterTypeName="executor://xunit/VsTestRunner3/netcore/" className="Opstrax.Telematics.Security.Tests.DefaultDeviceAuthenticatorTests" name="Missing_source_ip_is_rejected_when_a_pin_is_configured" />
    </UnitTest>
    <UnitTest name="Opstrax.Telematics.Security.Tests.InMemoryReplayGuardTests.LowerSerialAfterHigher_IsOutOfOrder_AndCarriesHighWater" storage="/users/zackkhan/downloads/opstrax-enterprise-build-fixed-nginx/telematics/tests/opstrax.telematics.security.tests/bin/release/net8.0/opstrax.telematics.security.tests.dll" id="5b940e85-0c26-a8cd-19e4-a4252bf33884">
      <Execution id="7d75e4b9-c450-4255-a6b9-ddc7d8ed1e2b" />
      <TestMethod codeBase="/Users/zackkhan/Downloads/opstrax-enterprise-build-fixed-nginx/telematics/tests/Opstrax.Telematics.Security.Tests/bin/Release/net8.0/Opstrax.Telematics.Security.Tests.dll" adapterTypeName="executor://xunit/VsTestRunner3/netcore/" className="Opstrax.Telematics.Security.Tests.InMemoryReplayGuardTests" name="LowerSerialAfterHigher_IsOutOfOrder_AndCarriesHighWater" />
    </UnitTest>
    <UnitTest name="Opstrax.Telematics.Security.Tests.DeploymentHardeningContractTests.Installer_NeverSeedsTheAllowlistFromTheExampleFile" storage="/users/zackkhan/downloads/opstrax-enterprise-build-fixed-nginx/telematics/tests/opstrax.telematics.security.tests/bin/release/net8.0/opstrax.telematics.security.tests.dll" id="0a075dec-2038-e620-b513-49b8096a1297">
      <Execution id="b58161c9-7677-4608-b2ea-bdf8985820e2" />
      <TestMethod codeBase="/Users/zackkhan/Downloads/opstrax-enterprise-build-fixed-nginx/telematics/tests/Opstrax.Telematics.Security.Tests/bin/Release/net8.0/Opstrax.Telematics.Security.Tests.dll" adapterTypeName="executor://xunit/VsTestRunner3/netcore/" className="Opstrax.Telematics.Security.Tests.DeploymentHardeningContractTests" name="Installer_NeverSeedsTheAllowlistFromTheExampleFile" />
    </UnitTest>
    <UnitTest name="Opstrax.Telematics.Security.Tests.DefaultDeviceAuthenticatorTests.Cryptographic_modes_are_classified_as_such" storage="/users/zackkhan/downloads/opstrax-enterprise-build-fixed-nginx/telematics/tests/opstrax.telematics.security.tests/bin/release/net8.0/opstrax.telematics.security.tests.dll" id="f882a6bd-a657-b9a6-9021-f6e76a46ce70">
      <Execution id="b9ff1b0d-e764-4f25-823b-abfe7d3b9b00" />
      <TestMethod codeBase="/Users/zackkhan/Downloads/opstrax-enterprise-build-fixed-nginx/telematics/tests/Opstrax.Telematics.Security.Tests/bin/Release/net8.0/Opstrax.Telematics.Security.Tests.dll" adapterTypeName="executor://xunit/VsTestRunner3/netcore/" className="Opstrax.Telematics.Security.Tests.DefaultDeviceAuthenticatorTests" name="Cryptographic_modes_are_classified_as_such" />
    </UnitTest>
    <UnitTest name="Opstrax.Telematics.Security.Tests.InMemoryReplayGuardTests.DedupWindow_EvictsLeastRecentEntry_AtCapacity" storage="/users/zackkhan/downloads/opstrax-enterprise-build-fixed-nginx/telematics/tests/opstrax.telematics.security.tests/bin/release/net8.0/opstrax.telematics.security.tests.dll" id="94371466-9076-9261-41a6-7005c4d6d632">
      <Execution id="1e8a1de1-6565-4826-9909-93da067b301c" />
      <TestMethod codeBase="/Users/zackkhan/Downloads/opstrax-enterprise-build-fixed-nginx/telematics/tests/Opstrax.Telematics.Security.Tests/bin/Release/net8.0/Opstrax.Telematics.Security.Tests.dll" adapterTypeName="executor://xunit/VsTestRunner3/netcore/" className="Opstrax.Telematics.Security.Tests.InMemoryReplayGuardTests" name="DedupWindow_EvictsLeastRecentEntry_AtCapacity" />
    </UnitTest>
    <UnitTest name="Opstrax.Telematics.Security.Tests.DefaultDeviceAuthenticatorTests.Matching_source_ip_passes_when_pinned" storage="/users/zackkhan/downloads/opstrax-enterprise-build-fixed-nginx/telematics/tests/opstrax.telematics.security.tests/bin/release/net8.0/opstrax.telematics.security.tests.dll" id="be0c5350-8836-2918-e325-3c1ba031c088">
      <Execution id="56765dcd-1586-4e81-9881-8f8d11e1b3fb" />
      <TestMethod codeBase="/Users/zackkhan/Downloads/opstrax-enterprise-build-fixed-nginx/telematics/tests/Opstrax.Telematics.Security.Tests/bin/Release/net8.0/Opstrax.Telematics.Security.Tests.dll" adapterTypeName="executor://xunit/VsTestRunner3/netcore/" className="Opstrax.Telematics.Security.Tests.DefaultDeviceAuthenticatorTests" name="Matching_source_ip_passes_when_pinned" />
    </UnitTest>
    <UnitTest name="Opstrax.Telematics.Security.Tests.DefaultDeviceAuthenticatorTests.Unknown_imei_does_not_resolve_to_an_owner_and_is_rejected" storage="/users/zackkhan/downloads/opstrax-enterprise-build-fixed-nginx/telematics/tests/opstrax.telematics.security.tests/bin/release/net8.0/opstrax.telematics.security.tests.dll" id="df005015-f69b-3df7-2b9a-e6991331b8a0">
      <Execution id="a6fce0f0-69a6-42d4-a252-2bdba5bcf1e1" />
      <TestMethod codeBase="/Users/zackkhan/Downloads/opstrax-enterprise-build-fixed-nginx/telematics/tests/Opstrax.Telematics.Security.Tests/bin/Release/net8.0/Opstrax.Telematics.Security.Tests.dll" adapterTypeName="executor://xunit/VsTestRunner3/netcore/" className="Opstrax.Telematics.Security.Tests.DefaultDeviceAuthenticatorTests" name="Unknown_imei_does_not_resolve_to_an_owner_and_is_rejected" />
    </UnitTest>
    <UnitTest name="Opstrax.Telematics.Security.Tests.DefaultDeviceAuthenticatorTests.Wrong_source_ip_is_rejected_when_pinned" storage="/users/zackkhan/downloads/opstrax-enterprise-build-fixed-nginx/telematics/tests/opstrax.telematics.security.tests/bin/release/net8.0/opstrax.telematics.security.tests.dll" id="b226cdb9-5673-5946-91b7-489a2e973ea2">
      <Execution id="1c27f71f-a4ee-4442-bd1b-78f5afcad377" />
      <TestMethod codeBase="/Users/zackkhan/Downloads/opstrax-enterprise-build-fixed-nginx/telematics/tests/Opstrax.Telematics.Security.Tests/bin/Release/net8.0/Opstrax.Telematics.Security.Tests.dll" adapterTypeName="executor://xunit/VsTestRunner3/netcore/" className="Opstrax.Telematics.Security.Tests.DefaultDeviceAuthenticatorTests" name="Wrong_source_ip_is_rejected_when_pinned" />
    </UnitTest>
    <UnitTest name="Opstrax.Telematics.Security.Tests.InMemoryReplayGuardTests.DifferentDevices_AreTrackedIndependently" storage="/users/zackkhan/downloads/opstrax-enterprise-build-fixed-nginx/telematics/tests/opstrax.telematics.security.tests/bin/release/net8.0/opstrax.telematics.security.tests.dll" id="02fe7a7f-a60a-857f-42b1-827ca19e4a9d">
      <Execution id="eaec48bb-1b7c-435e-a596-31e29dfcd8ed" />
      <TestMethod codeBase="/Users/zackkhan/Downloads/opstrax-enterprise-build-fixed-nginx/telematics/tests/Opstrax.Telematics.Security.Tests/bin/Release/net8.0/Opstrax.Telematics.Security.Tests.dll" adapterTypeName="executor://xunit/VsTestRunner3/netcore/" className="Opstrax.Telematics.Security.Tests.InMemoryReplayGuardTests" name="DifferentDevices_AreTrackedIndependently" />
    </UnitTest>
    <UnitTest name="Opstrax.Telematics.Security.Tests.InMemoryReplayGuardTests.FirstOccurrence_IsAccepted" storage="/users/zackkhan/downloads/opstrax-enterprise-build-fixed-nginx/telematics/tests/opstrax.telematics.security.tests/bin/release/net8.0/opstrax.telematics.security.tests.dll" id="aa20771f-adb9-d906-cc6f-5ae00b53ea14">
      <Execution id="49e4b8f3-b761-472b-a3ca-ca64c494d727" />
      <TestMethod codeBase="/Users/zackkhan/Downloads/opstrax-enterprise-build-fixed-nginx/telematics/tests/Opstrax.Telematics.Security.Tests/bin/Release/net8.0/Opstrax.Telematics.Security.Tests.dll" adapterTypeName="executor://xunit/VsTestRunner3/netcore/" className="Opstrax.Telematics.Security.Tests.InMemoryReplayGuardTests" name="FirstOccurrence_IsAccepted" />
    </UnitTest>
    <UnitTest name="Opstrax.Telematics.Security.Tests.DeploymentHardeningContractTests.ServiceManifests_DoNotDeclareTheRetiredTelemetrySecretKeys(manifest: &quot;render.yaml&quot;)" storage="/users/zackkhan/downloads/opstrax-enterprise-build-fixed-nginx/telematics/tests/opstrax.telematics.security.tests/bin/release/net8.0/opstrax.telematics.security.tests.dll" id="12514c01-30ae-a549-8b88-514fe4f56103">
      <Execution id="4e57a776-b368-404e-a3c5-418e41e5dd02" />
      <TestMethod codeBase="/Users/zackkhan/Downloads/opstrax-enterprise-build-fixed-nginx/telematics/tests/Opstrax.Telematics.Security.Tests/bin/Release/net8.0/Opstrax.Telematics.Security.Tests.dll" adapterTypeName="executor://xunit/VsTestRunner3/netcore/" className="Opstrax.Telematics.Security.Tests.DeploymentHardeningContractTests" name="ServiceManifests_DoNotDeclareTheRetiredTelemetrySecretKeys" />
    </UnitTest>
    <UnitTest name="Opstrax.Telematics.Security.Tests.DefaultDeviceAuthenticatorTests.Allowlisted_imei_passes_under_allowlist_only_policy" storage="/users/zackkhan/downloads/opstrax-enterprise-build-fixed-nginx/telematics/tests/opstrax.telematics.security.tests/bin/release/net8.0/opstrax.telematics.security.tests.dll" id="876a1422-ad18-208d-fc51-4e67f8114e7c">
      <Execution id="3c06da66-0fbe-4052-9888-77e994748366" />
      <TestMethod codeBase="/Users/zackkhan/Downloads/opstrax-enterprise-build-fixed-nginx/telematics/tests/Opstrax.Telematics.Security.Tests/bin/Release/net8.0/Opstrax.Telematics.Security.Tests.dll" adapterTypeName="executor://xunit/VsTestRunner3/netcore/" className="Opstrax.Telematics.Security.Tests.DefaultDeviceAuthenticatorTests" name="Allowlisted_imei_passes_under_allowlist_only_policy" />
    </UnitTest>
    <UnitTest name="Opstrax.Telematics.Security.Tests.DefaultDeviceAuthenticatorTests.Matching_sim_iccid_passes" storage="/users/zackkhan/downloads/opstrax-enterprise-build-fixed-nginx/telematics/tests/opstrax.telematics.security.tests/bin/release/net8.0/opstrax.telematics.security.tests.dll" id="929a1f52-7257-b563-6fce-b70e411439b7">
      <Execution id="cb30e061-4600-4687-9046-65eaa79cd7a4" />
      <TestMethod codeBase="/Users/zackkhan/Downloads/opstrax-enterprise-build-fixed-nginx/telematics/tests/Opstrax.Telematics.Security.Tests/bin/Release/net8.0/Opstrax.Telematics.Security.Tests.dll" adapterTypeName="executor://xunit/VsTestRunner3/netcore/" className="Opstrax.Telematics.Security.Tests.DefaultDeviceAuthenticatorTests" name="Matching_sim_iccid_passes" />
    </UnitTest>
    <UnitTest name="Opstrax.Telematics.Security.Tests.DeploymentHardeningContractTests.ServiceManifests_DoNotDeclareTheRetiredTelemetrySecretKeys(manifest: &quot;docker-compose.yml&quot;)" storage="/users/zackkhan/downloads/opstrax-enterprise-build-fixed-nginx/telematics/tests/opstrax.telematics.security.tests/bin/release/net8.0/opstrax.telematics.security.tests.dll" id="1c8e81f1-6352-877a-8b3f-9fc338644a72">
      <Execution id="d0f76a95-9376-4300-94e0-03cec439d416" />
      <TestMethod codeBase="/Users/zackkhan/Downloads/opstrax-enterprise-build-fixed-nginx/telematics/tests/Opstrax.Telematics.Security.Tests/bin/Release/net8.0/Opstrax.Telematics.Security.Tests.dll" adapterTypeName="executor://xunit/VsTestRunner3/netcore/" className="Opstrax.Telematics.Security.Tests.DeploymentHardeningContractTests" name="ServiceManifests_DoNotDeclareTheRetiredTelemetrySecretKeys" />
    </UnitTest>
    <UnitTest name="Opstrax.Telematics.Security.Tests.DefaultDeviceAuthenticatorTests.Valid_per_device_hmac_authenticates_cryptographically" storage="/users/zackkhan/downloads/opstrax-enterprise-build-fixed-nginx/telematics/tests/opstrax.telematics.security.tests/bin/release/net8.0/opstrax.telematics.security.tests.dll" id="fc67560a-907b-d535-1e78-d92123c3d0d2">
      <Execution id="9ac1ce90-1257-4787-9f0a-d896df30f986" />
      <TestMethod codeBase="/Users/zackkhan/Downloads/opstrax-enterprise-build-fixed-nginx/telematics/tests/Opstrax.Telematics.Security.Tests/bin/Release/net8.0/Opstrax.Telematics.Security.Tests.dll" adapterTypeName="executor://xunit/VsTestRunner3/netcore/" className="Opstrax.Telematics.Security.Tests.DefaultDeviceAuthenticatorTests" name="Valid_per_device_hmac_authenticates_cryptographically" />
    </UnitTest>
  </TestDefinitions>
  <TestEntries>
    <TestEntry testId="5b940e85-0c26-a8cd-19e4-a4252bf33884" executionId="7d75e4b9-c450-4255-a6b9-ddc7d8ed1e2b" testListId="8c84fa94-04c1-424b-9868-57a2d4851a1d" />
    <TestEntry testId="8333762b-1700-7cee-ebe2-610c750cb938" executionId="2dea4b5d-0687-40e6-bfed-d323c47ddc5f" testListId="8c84fa94-04c1-424b-9868-57a2d4851a1d" />
    <TestEntry testId="876a1422-ad18-208d-fc51-4e67f8114e7c" executionId="3c06da66-0fbe-4052-9888-77e994748366" testListId="8c84fa94-04c1-424b-9868-57a2d4851a1d" />
    <TestEntry testId="77228ea7-03de-2ec4-d54b-aa6f95815862" executionId="a7eb3325-bc2a-4fe9-a926-7599629ae8f3" testListId="8c84fa94-04c1-424b-9868-57a2d4851a1d" />
    <TestEntry testId="50f25420-b2e5-2980-e396-6fa66e439793" executionId="023eed44-3002-4779-8328-ba6f92b5b2fd" testListId="8c84fa94-04c1-424b-9868-57a2d4851a1d" />
    <TestEntry testId="b1840d51-a99d-014a-dda8-dd65b5943dd4" executionId="826b21da-467f-45d9-b9ba-374398d050af" testListId="8c84fa94-04c1-424b-9868-57a2d4851a1d" />
    <TestEntry testId="d17baf58-e266-3d04-19ee-4953343e329e" executionId="598628d0-8518-4bff-bc53-62dd4c6f978c" testListId="8c84fa94-04c1-424b-9868-57a2d4851a1d" />
    <TestEntry testId="aa20771f-adb9-d906-cc6f-5ae00b53ea14" executionId="49e4b8f3-b761-472b-a3ca-ca64c494d727" testListId="8c84fa94-04c1-424b-9868-57a2d4851a1d" />
    <TestEntry testId="445f4c58-7959-336d-ffba-506fa8aeae3c" executionId="df588a12-9c72-4cf2-955b-acdd39da0641" testListId="8c84fa94-04c1-424b-9868-57a2d4851a1d" />
    <TestEntry testId="12514c01-30ae-a549-8b88-514fe4f56103" executionId="4e57a776-b368-404e-a3c5-418e41e5dd02" testListId="8c84fa94-04c1-424b-9868-57a2d4851a1d" />
    <TestEntry testId="f882a6bd-a657-b9a6-9021-f6e76a46ce70" executionId="b9ff1b0d-e764-4f25-823b-abfe7d3b9b00" testListId="8c84fa94-04c1-424b-9868-57a2d4851a1d" />
    <TestEntry testId="b226cdb9-5673-5946-91b7-489a2e973ea2" executionId="1c27f71f-a4ee-4442-bd1b-78f5afcad377" testListId="8c84fa94-04c1-424b-9868-57a2d4851a1d" />
    <TestEntry testId="a85b62a1-6990-178e-a216-93d9ecde86b9" executionId="03aae880-8d85-4b59-9b21-ba2bc18e7b8d" testListId="8c84fa94-04c1-424b-9868-57a2d4851a1d" />
    <TestEntry testId="09b67f79-67f3-dd19-acfc-24a9a027d1f8" executionId="1451e6b8-963b-4fc6-853d-273ba0b60594" testListId="8c84fa94-04c1-424b-9868-57a2d4851a1d" />
    <TestEntry testId="c9e0dbfe-fb19-0513-1c60-0d5fa1cb9b4a" executionId="95fbba15-0d7a-4906-9528-10dec23f0ced" testListId="8c84fa94-04c1-424b-9868-57a2d4851a1d" />
    <TestEntry testId="ccbcbc7f-3460-9ab2-e32d-6b0aebd5c9f6" executionId="10a9ecb6-cf29-4d58-a84e-f4b8e0a5163c" testListId="8c84fa94-04c1-424b-9868-57a2d4851a1d" />
    <TestEntry testId="ba56164b-5b75-9c76-6eba-d8deae41552a" executionId="11c14cf5-4086-497c-b2a1-8708f8d4948e" testListId="8c84fa94-04c1-424b-9868-57a2d4851a1d" />
    <TestEntry testId="d3d6281b-502d-f105-61f5-21203a86184c" executionId="51431902-512e-40f0-a9b3-8a9d0657ff26" testListId="8c84fa94-04c1-424b-9868-57a2d4851a1d" />
    <TestEntry testId="f30febec-0caa-b4f4-7e9e-370a61c421ba" executionId="6b2a1cd6-3544-47da-acca-bc1cb310ccae" testListId="8c84fa94-04c1-424b-9868-57a2d4851a1d" />
    <TestEntry testId="44f1c6c1-beab-95ba-6355-0c3540d47682" executionId="9dd0f4a7-c802-4d22-85bf-ad930150a4d5" testListId="8c84fa94-04c1-424b-9868-57a2d4851a1d" />
    <TestEntry testId="0ed9aa71-184a-13d6-615c-3852b0f7c490" executionId="ddb933f0-bd1c-41cd-91ca-6d16a44f5e95" testListId="8c84fa94-04c1-424b-9868-57a2d4851a1d" />
    <TestEntry testId="1ddca2af-2a79-d09b-7f3e-a66d5d3c477d" executionId="20041342-7d9f-4253-976e-73afb6f10137" testListId="8c84fa94-04c1-424b-9868-57a2d4851a1d" />
    <TestEntry testId="7ddd372f-7024-a461-f6b2-948bfeaf7fa6" executionId="3cc10fec-4d95-4a25-8715-ec55ee67104a" testListId="8c84fa94-04c1-424b-9868-57a2d4851a1d" />
    <TestEntry testId="cdd77305-7bfb-9fb0-2ac9-ffc552f4b4b1" executionId="8e3d6847-81d4-4ccf-9ccb-4be6cfe22372" testListId="8c84fa94-04c1-424b-9868-57a2d4851a1d" />
    <TestEntry testId="e3af3ca2-c63e-6042-08bd-7fde0088d2bb" executionId="8df9b9db-fdeb-4979-9267-516a1f925a6c" testListId="8c84fa94-04c1-424b-9868-57a2d4851a1d" />
    <TestEntry testId="40809114-38e6-e601-3df7-c1cbc3eea77d" executionId="c46bdb24-f78f-46b8-a1e7-7362210b086f" testListId="8c84fa94-04c1-424b-9868-57a2d4851a1d" />
    <TestEntry testId="ebd9c00c-8f04-3736-2030-578bdb5ef18b" executionId="af8eb5be-a6bc-42db-98f3-81481a9d4129" testListId="8c84fa94-04c1-424b-9868-57a2d4851a1d" />
    <TestEntry testId="7bb3df63-f03f-5f86-ea02-92366f6fbf3a" executionId="53004fc9-3014-4851-980e-7e65cc178e09" testListId="8c84fa94-04c1-424b-9868-57a2d4851a1d" />
    <TestEntry testId="2a2826e9-1e37-c5e9-af51-8ec0d48dcba7" executionId="744b14e7-305d-481c-9a7a-bb75e3505d2a" testListId="8c84fa94-04c1-424b-9868-57a2d4851a1d" />
    <TestEntry testId="17e34384-f51e-b57d-329c-d3b513995bb4" executionId="7b5e8e14-4d12-453d-b2dd-05d625a08a26" testListId="8c84fa94-04c1-424b-9868-57a2d4851a1d" />
    <TestEntry testId="bbf4e4b6-a3e6-c065-6642-dcac4eeb6d9e" executionId="e60b88ad-daa4-41e4-930a-3e01120ca84e" testListId="8c84fa94-04c1-424b-9868-57a2d4851a1d" />
    <TestEntry testId="be0c5350-8836-2918-e325-3c1ba031c088" executionId="56765dcd-1586-4e81-9881-8f8d11e1b3fb" testListId="8c84fa94-04c1-424b-9868-57a2d4851a1d" />
    <TestEntry testId="8eb4bff4-5dcf-66b8-58c6-e894c13cf4df" executionId="df545bbf-294b-4b0f-8ebe-6d1444ea0317" testListId="8c84fa94-04c1-424b-9868-57a2d4851a1d" />
    <TestEntry testId="df005015-f69b-3df7-2b9a-e6991331b8a0" executionId="a6fce0f0-69a6-42d4-a252-2bdba5bcf1e1" testListId="8c84fa94-04c1-424b-9868-57a2d4851a1d" />
    <TestEntry testId="0a075dec-2038-e620-b513-49b8096a1297" executionId="b58161c9-7677-4608-b2ea-bdf8985820e2" testListId="8c84fa94-04c1-424b-9868-57a2d4851a1d" />
    <TestEntry testId="02fe7a7f-a60a-857f-42b1-827ca19e4a9d" executionId="eaec48bb-1b7c-435e-a596-31e29dfcd8ed" testListId="8c84fa94-04c1-424b-9868-57a2d4851a1d" />
    <TestEntry testId="fc67560a-907b-d535-1e78-d92123c3d0d2" executionId="9ac1ce90-1257-4787-9f0a-d896df30f986" testListId="8c84fa94-04c1-424b-9868-57a2d4851a1d" />
    <TestEntry testId="929a1f52-7257-b563-6fce-b70e411439b7" executionId="cb30e061-4600-4687-9046-65eaa79cd7a4" testListId="8c84fa94-04c1-424b-9868-57a2d4851a1d" />
    <TestEntry testId="e2578d55-e8ab-8e9d-bf34-fc21e6332680" executionId="f4b96576-f460-4f2b-a8d0-c919074c1e1d" testListId="8c84fa94-04c1-424b-9868-57a2d4851a1d" />
    <TestEntry testId="f789d0bd-9f00-840f-a67a-d03863f20f28" executionId="5ccae788-b0c4-4822-b43a-d4da3575afa1" testListId="8c84fa94-04c1-424b-9868-57a2d4851a1d" />
    <TestEntry testId="020684c3-030d-b9cf-1de6-928d0d3201d1" executionId="4290b95b-439a-4a9a-a773-e786cf0b4cdd" testListId="8c84fa94-04c1-424b-9868-57a2d4851a1d" />
    <TestEntry testId="1c8e81f1-6352-877a-8b3f-9fc338644a72" executionId="d0f76a95-9376-4300-94e0-03cec439d416" testListId="8c84fa94-04c1-424b-9868-57a2d4851a1d" />
    <TestEntry testId="73806078-f273-81ce-8082-8f3043dd57b5" executionId="2fca040c-eec3-47a7-9f33-88a24543d52e" testListId="8c84fa94-04c1-424b-9868-57a2d4851a1d" />
    <TestEntry testId="8348dcab-c662-7ab7-5663-c35b23b33b60" executionId="29b820bb-a99c-4172-ae60-5f6f7fdda038" testListId="8c84fa94-04c1-424b-9868-57a2d4851a1d" />
    <TestEntry testId="b45449e1-723a-2c45-f11a-69a3341f5e06" executionId="1652a37b-fda1-4016-91e8-d8c629a32568" testListId="8c84fa94-04c1-424b-9868-57a2d4851a1d" />
    <TestEntry testId="94371466-9076-9261-41a6-7005c4d6d632" executionId="1e8a1de1-6565-4826-9909-93da067b301c" testListId="8c84fa94-04c1-424b-9868-57a2d4851a1d" />
    <TestEntry testId="bcfa12ee-dc11-f321-14f8-ddfb994896fd" executionId="67f16e6a-7e54-45f7-9957-cfd7ad0578ca" testListId="8c84fa94-04c1-424b-9868-57a2d4851a1d" />
  </TestEntries>
  <TestLists>
    <TestList name="Results Not in a List" id="8c84fa94-04c1-424b-9868-57a2d4851a1d" />
    <TestList name="All Loaded Results" id="19431567-8539-422a-85d7-44ee4e166bda" />
  </TestLists>
  <ResultSummary outcome="Completed">
    <Counters total="47" executed="47" passed="47" failed="0" error="0" timeout="0" aborted="0" inconclusive="0" passedButRunAborted="0" notRunnable="0" notExecuted="0" disconnected="0" warning="0" completed="0" inProgress="0" pending="0" />
    <Output>
      <StdOut>[xUnit.net 00:00:00.00] xUnit.net VSTest Adapter v3.1.4+50e68bbb8b (64-bit .NET 8.0.27)
[xUnit.net 00:00:00.08]   Discovering: Opstrax.Telematics.Security.Tests
[xUnit.net 00:00:00.14]   Discovered:  Opstrax.Telematics.Security.Tests
[xUnit.net 00:00:00.16]   Starting:    Opstrax.Telematics.Security.Tests
[xUnit.net 00:00:00.25]   Finished:    Opstrax.Telematics.Security.Tests
</StdOut>
    </Output>
  </ResultSummary>
</TestRun>