<?xml version="1.0" encoding="utf-8"?>
<TestRun id="7fb2e11e-d9c8-41fe-b897-70ec3a69646f" name="@Mac 2026-08-22 22:27:05" xmlns="http://microsoft.com/schemas/VisualStudio/TeamTest/2010">
  <Times creation="2026-08-22T22:27:05.8171730-04:00" queuing="2026-08-22T22:27:05.8171730-04:00" start="2026-08-22T22:27:05.3210690-04:00" finish="2026-08-22T22:27:05.8452580-04:00" />
  <TestSettings name="default" id="66b7fc61-0613-421c-8971-060fada92b28">
    <Deployment runDeploymentRoot="_Mac_2026-08-22_22_27_05" />
  </TestSettings>
  <Results>
    <UnitTestResult executionId="a396c009-8c76-4d41-b41b-8887dc0fe1c6" testId="a2b0377e-b83a-409a-4123-2bb08f2968a2" testName="Opstrax.Telematics.Protocols.Tests.Gt06AdapterTests.Unknown_protocol_number_yields_Unknown_and_retains_raw_frame" computerName="Mac" duration="00:00:00.0008322" startTime="2026-08-22T22:27:05.7972790-04:00" endTime="2026-08-22T22:27:05.7973130-04:00" testType="13cdc9d9-ddb5-4fa4-a97d-d965ccfc6d4b" outcome="Passed" testListId="8c84fa94-04c1-424b-9868-57a2d4851a1d" relativeResultsDirectory="a396c009-8c76-4d41-b41b-8887dc0fe1c6" />
    <UnitTestResult executionId="0e027fb2-c090-46b5-a9c1-ccf4c2576f48" testId="46ff76e3-ee41-cdd1-ff32-ae1034dbdf90" testName="Opstrax.Telematics.Protocols.Tests.Gt06AdapterTests.EncodeAck_for_heartbeat_matches_the_expected_server_response" computerName="Mac" duration="00:00:00.0004410" startTime="2026-08-22T22:27:05.8044950-04:00" endTime="2026-08-22T22:27:05.8045240-04:00" testType="13cdc9d9-ddb5-4fa4-a97d-d965ccfc6d4b" outcome="Passed" testListId="8c84fa94-04c1-424b-9868-57a2d4851a1d" relativeResultsDirectory="0e027fb2-c090-46b5-a9c1-ccf4c2576f48" />
    <UnitTestResult executionId="9a3cc741-066e-412e-a3d2-d59b2a34c895" testId="e8fb5115-d3b3-f1e6-2d17-c180ba0965ee" testName="Opstrax.Telematics.Protocols.Tests.Gt06AdapterTests.Invalid_coordinates_are_surfaced_verbatim_and_flagged_not_dropped" computerName="Mac" duration="00:00:00.0004292" startTime="2026-08-22T22:27:05.8049650-04:00" endTime="2026-08-22T22:27:05.8050010-04:00" testType="13cdc9d9-ddb5-4fa4-a97d-d965ccfc6d4b" outcome="Passed" testListId="8c84fa94-04c1-424b-9868-57a2d4851a1d" relativeResultsDirectory="9a3cc741-066e-412e-a3d2-d59b2a34c895" />
    <UnitTestResult executionId="7e0f51b4-7d1b-4b6a-8c29-c87d4cca9efd" testId="643cfeef-a967-c355-56a6-a5700c9f7b3c" testName="Opstrax.Telematics.Protocols.Tests.Gt06AdapterTests.Metadata_publishes_gt06_name_and_version" computerName="Mac" duration="00:00:00.0000761" startTime="2026-08-22T22:27:05.8056390-04:00" endTime="2026-08-22T22:27:05.8056660-04:00" testType="13cdc9d9-ddb5-4fa4-a97d-d965ccfc6d4b" outcome="Passed" testListId="8c84fa94-04c1-424b-9868-57a2d4851a1d" relativeResultsDirectory="7e0f51b4-7d1b-4b6a-8c29-c87d4cca9efd" />
    <UnitTestResult executionId="c33b76d4-4a29-4596-a87c-ce200e0bf175" testId="a02dd75b-e995-5ec2-3ff2-4b81c5bd3075" testName="Opstrax.Telematics.Protocols.Tests.Gt06AdapterTests.Malformed_length_throws_ProtocolException_and_does_not_crash" computerName="Mac" duration="00:00:00.0004336" startTime="2026-08-22T22:27:05.7994220-04:00" endTime="2026-08-22T22:27:05.7994490-04:00" testType="13cdc9d9-ddb5-4fa4-a97d-d965ccfc6d4b" outcome="Passed" testListId="8c84fa94-04c1-424b-9868-57a2d4851a1d" relativeResultsDirectory="c33b76d4-4a29-4596-a87c-ce200e0bf175" />
    <UnitTestResult executionId="1cb715e7-7ce8-46d7-be1a-08783a20e0d7" testId="32483a69-cef5-349b-01ee-a22587c4426a" testName="Opstrax.Telematics.Protocols.Tests.Gt06AdapterTests.Imei_is_not_trusted_as_tenant_ownership_comes_only_from_the_registry" computerName="Mac" duration="00:00:00.0056342" startTime="2026-08-22T22:27:05.8046810-04:00" endTime="2026-08-22T22:27:05.8047080-04:00" testType="13cdc9d9-ddb5-4fa4-a97d-d965ccfc6d4b" outcome="Passed" testListId="8c84fa94-04c1-424b-9868-57a2d4851a1d" relativeResultsDirectory="1cb715e7-7ce8-46d7-be1a-08783a20e0d7" />
    <UnitTestResult executionId="02851ed5-fc41-47ca-afb4-1d644cea06aa" testId="a8bbd69c-2d2c-3d8b-65d0-438ea5743eb3" testName="Opstrax.Telematics.Protocols.Tests.Gt06AdapterTests.EncodeAck_for_login_matches_the_expected_server_response" computerName="Mac" duration="00:00:00.0005439" startTime="2026-08-22T22:27:05.8060560-04:00" endTime="2026-08-22T22:27:05.8065370-04:00" testType="13cdc9d9-ddb5-4fa4-a97d-d965ccfc6d4b" outcome="Passed" testListId="8c84fa94-04c1-424b-9868-57a2d4851a1d" relativeResultsDirectory="02851ed5-fc41-47ca-afb4-1d644cea06aa" />
    <UnitTestResult executionId="c645a926-1ecb-4c71-8f77-5b00917cf60a" testId="6e782c66-3c40-a7a7-9fb6-3307d583ec6a" testName="Opstrax.Telematics.Protocols.Tests.Gt06AdapterTests.TryIdentify_matches_both_start_markers_and_rejects_others" computerName="Mac" duration="00:00:00.0002820" startTime="2026-08-22T22:27:05.7990570-04:00" endTime="2026-08-22T22:27:05.7990850-04:00" testType="13cdc9d9-ddb5-4fa4-a97d-d965ccfc6d4b" outcome="Passed" testListId="8c84fa94-04c1-424b-9868-57a2d4851a1d" relativeResultsDirectory="c645a926-1ecb-4c71-8f77-5b00917cf60a" />
    <UnitTestResult executionId="521ab7d6-7728-4cb1-b513-a13ea95a0807" testId="abca7fd3-76c3-86c8-9458-24136aacf26d" testName="Opstrax.Telematics.Protocols.Tests.Gt06AdapterTests.Multiple_frames_in_one_buffer_decode_in_wire_order" computerName="Mac" duration="00:00:00.0002101" startTime="2026-08-22T22:27:05.7993330-04:00" endTime="2026-08-22T22:27:05.7993600-04:00" testType="13cdc9d9-ddb5-4fa4-a97d-d965ccfc6d4b" outcome="Passed" testListId="8c84fa94-04c1-424b-9868-57a2d4851a1d" relativeResultsDirectory="521ab7d6-7728-4cb1-b513-a13ea95a0807" />
    <UnitTestResult executionId="89e76d8d-c2c7-4539-ae07-56c1e230c9b1" testId="e92f88a9-4870-fa27-28ac-d5e4f8ea8259" testName="Opstrax.Telematics.Protocols.Tests.LifecycleTransitionsSmokeTests.Provisioned_never_transitions_directly_to_online" computerName="Mac" duration="00:00:00.0056221" startTime="2026-08-22T22:27:05.7624320-04:00" endTime="2026-08-22T22:27:05.7740720-04:00" testType="13cdc9d9-ddb5-4fa4-a97d-d965ccfc6d4b" outcome="Passed" testListId="8c84fa94-04c1-424b-9868-57a2d4851a1d" relativeResultsDirectory="89e76d8d-c2c7-4539-ae07-56c1e230c9b1" />
    <UnitTestResult executionId="690eb725-afe1-4032-b350-fab536f1f9fa" testId="2f59638b-b14e-b1f9-c4eb-1e91d1bfb348" testName="Opstrax.Telematics.Protocols.Tests.Gt06AdapterTests.Decodes_status_0x23_as_status_message" computerName="Mac" duration="00:00:00.0002527" startTime="2026-08-22T22:27:05.8066210-04:00" endTime="2026-08-22T22:27:05.8068170-04:00" testType="13cdc9d9-ddb5-4fa4-a97d-d965ccfc6d4b" outcome="Passed" testListId="8c84fa94-04c1-424b-9868-57a2d4851a1d" relativeResultsDirectory="690eb725-afe1-4032-b350-fab536f1f9fa" />
    <UnitTestResult executionId="7ac3d773-aa1f-490f-b652-29abf5128e6e" testId="8c4f87c3-7d8e-9b7b-4508-19d4066bd59f" testName="Opstrax.Telematics.Protocols.Tests.J1939DiagnosticDecoderTests.Decode_rejects_unsupported_or_malformed_payload(pgn: 65227, payload: [0, 0, 1])" computerName="Mac" duration="00:00:00.0002236" startTime="2026-08-22T22:27:05.7800840-04:00" endTime="2026-08-22T22:27:05.7801130-04:00" testType="13cdc9d9-ddb5-4fa4-a97d-d965ccfc6d4b" outcome="Passed" testListId="8c84fa94-04c1-424b-9868-57a2d4851a1d" relativeResultsDirectory="7ac3d773-aa1f-490f-b652-29abf5128e6e" />
    <UnitTestResult executionId="fdd77a9e-b12b-4a9a-8745-6880d1bf8d83" testId="8a87b71f-036d-b8ba-3ef8-e455bed480ae" testName="Opstrax.Telematics.Protocols.Tests.J1939DiagnosticDecoderTests.DecodeDm1_extracts_lamps_spn_fmi_occurrence_and_conversion_method" computerName="Mac" duration="00:00:00.0018357" startTime="2026-08-22T22:27:05.7970310-04:00" endTime="2026-08-22T22:27:05.7974270-04:00" testType="13cdc9d9-ddb5-4fa4-a97d-d965ccfc6d4b" outcome="Passed" testListId="8c84fa94-04c1-424b-9868-57a2d4851a1d" relativeResultsDirectory="fdd77a9e-b12b-4a9a-8745-6880d1bf8d83" />
    <UnitTestResult executionId="f1efe4b8-3e38-44a7-8d6a-b39d49d31934" testId="0ce6b6ce-e08d-f11c-8b74-2c902ff0e2d4" testName="Opstrax.Telematics.Protocols.Tests.J1939DiagnosticDecoderTests.Decode_rejects_unsupported_or_malformed_payload(pgn: 65225, payload: [0, 0])" computerName="Mac" duration="00:00:00.0002531" startTime="2026-08-22T22:27:05.7800000-04:00" endTime="2026-08-22T22:27:05.7800300-04:00" testType="13cdc9d9-ddb5-4fa4-a97d-d965ccfc6d4b" outcome="Passed" testListId="8c84fa94-04c1-424b-9868-57a2d4851a1d" relativeResultsDirectory="f1efe4b8-3e38-44a7-8d6a-b39d49d31934" />
    <UnitTestResult executionId="9f0599f7-a7a4-427e-a9be-560bfd6abf05" testId="0893f093-c29a-0e39-61ba-b1ab21c5ade1" testName="Opstrax.Telematics.Protocols.Tests.Gt06AdapterTests.Extreme_speed_is_decoded_verbatim_and_never_silently_clamped" computerName="Mac" duration="00:00:00.0003215" startTime="2026-08-22T22:27:05.8050840-04:00" endTime="2026-08-22T22:27:05.8051130-04:00" testType="13cdc9d9-ddb5-4fa4-a97d-d965ccfc6d4b" outcome="Passed" testListId="8c84fa94-04c1-424b-9868-57a2d4851a1d" relativeResultsDirectory="9f0599f7-a7a4-427e-a9be-560bfd6abf05" />
    <UnitTestResult executionId="41595d1f-0da3-456c-ba1f-c55a8692bce5" testId="e4931f6b-e25b-07d2-9c7d-e18869c09a05" testName="Opstrax.Telematics.Protocols.Tests.Gt06AdapterTests.Decodes_south_and_east_hemispheres_from_the_status_word" computerName="Mac" duration="00:00:00.0002986" startTime="2026-08-22T22:27:05.8043680-04:00" endTime="2026-08-22T22:27:05.8044070-04:00" testType="13cdc9d9-ddb5-4fa4-a97d-d965ccfc6d4b" outcome="Passed" testListId="8c84fa94-04c1-424b-9868-57a2d4851a1d" relativeResultsDirectory="41595d1f-0da3-456c-ba1f-c55a8692bce5" />
    <UnitTestResult executionId="90b69a85-c2ae-45bc-bae9-195e141b8c55" testId="0fdd8c1b-640b-981d-1aab-1e247b2950de" testName="Opstrax.Telematics.Protocols.Tests.Gt06AdapterTests.A_hostile_garbage_buffer_never_throws_anything_but_ProtocolException" computerName="Mac" duration="00:00:00.0002050" startTime="2026-08-22T22:27:05.7979800-04:00" endTime="2026-08-22T22:27:05.7980080-04:00" testType="13cdc9d9-ddb5-4fa4-a97d-d965ccfc6d4b" outcome="Passed" testListId="8c84fa94-04c1-424b-9868-57a2d4851a1d" relativeResultsDirectory="90b69a85-c2ae-45bc-bae9-195e141b8c55" />
    <UnitTestResult executionId="3a68b5ef-9e6e-4931-896a-5dfb32126993" testId="d9c4c1e8-add1-e9a5-92d9-9a602e92b767" testName="Opstrax.Telematics.Protocols.Tests.Gt06AdapterTests.Decodes_location_0x22_under_the_two_byte_length_7979_framing" computerName="Mac" duration="00:00:00.0002541" startTime="2026-08-22T22:27:05.8045910-04:00" endTime="2026-08-22T22:27:05.8046180-04:00" testType="13cdc9d9-ddb5-4fa4-a97d-d965ccfc6d4b" outcome="Passed" testListId="8c84fa94-04c1-424b-9868-57a2d4851a1d" relativeResultsDirectory="3a68b5ef-9e6e-4931-896a-5dfb32126993" />
    <UnitTestResult executionId="b2c9df48-f427-4b29-afa2-da5a9fe80c62" testId="826f014c-1049-0c7c-8b5c-219a7f005e7c" testName="Opstrax.Telematics.Protocols.Tests.Gt06AdapterTests.Truncated_frame_reports_needs_more_and_consumes_nothing" computerName="Mac" duration="00:00:00.0000850" startTime="2026-08-22T22:27:05.7992410-04:00" endTime="2026-08-22T22:27:05.7992730-04:00" testType="13cdc9d9-ddb5-4fa4-a97d-d965ccfc6d4b" outcome="Passed" testListId="8c84fa94-04c1-424b-9868-57a2d4851a1d" relativeResultsDirectory="b2c9df48-f427-4b29-afa2-da5a9fe80c62" />
    <UnitTestResult executionId="ac0e3780-178b-4ab5-b8cc-f5b9f5ad6b41" testId="cf9994de-9f12-8876-4f43-061bda8dff48" testName="Opstrax.Telematics.Protocols.Tests.Gt06AdapterTests.Out_of_order_frame_reports_its_own_earlier_device_time_and_higher_serial" computerName="Mac" duration="00:00:00.0003416" startTime="2026-08-22T22:27:05.7977060-04:00" endTime="2026-08-22T22:27:05.7977340-04:00" testType="13cdc9d9-ddb5-4fa4-a97d-d965ccfc6d4b" outcome="Passed" testListId="8c84fa94-04c1-424b-9868-57a2d4851a1d" relativeResultsDirectory="ac0e3780-178b-4ab5-b8cc-f5b9f5ad6b41" />
    <UnitTestResult executionId="a0a32e67-040b-4a4f-add5-9293d3c7b488" testId="e00f9cac-83d4-c992-f2e3-5d823886b3e6" testName="Opstrax.Telematics.Protocols.Tests.J1939DiagnosticDecoderTests.Decode_supports_multiple_dtcs_and_conversion_method_bit" computerName="Mac" duration="00:00:00.0037101" startTime="2026-08-22T22:27:05.7788650-04:00" endTime="2026-08-22T22:27:05.7797770-04:00" testType="13cdc9d9-ddb5-4fa4-a97d-d965ccfc6d4b" outcome="Passed" testListId="8c84fa94-04c1-424b-9868-57a2d4851a1d" relativeResultsDirectory="a0a32e67-040b-4a4f-add5-9293d3c7b488" />
    <UnitTestResult executionId="ee8d7b15-731b-4dab-8342-083989bdc560" testId="5f713ad2-b0fb-5f82-1f79-96954f268a72" testName="Opstrax.Telematics.Protocols.Tests.LifecycleTransitionsSmokeTests.Gt06_adapter_declares_protocol_name" computerName="Mac" duration="00:00:00.0005456" startTime="2026-08-22T22:27:05.7788850-04:00" endTime="2026-08-22T22:27:05.7789350-04:00" testType="13cdc9d9-ddb5-4fa4-a97d-d965ccfc6d4b" outcome="Passed" testListId="8c84fa94-04c1-424b-9868-57a2d4851a1d" relativeResultsDirectory="ee8d7b15-731b-4dab-8342-083989bdc560" />
    <UnitTestResult executionId="8d9e2613-f942-4939-aa1c-6d1c8a09c2ab" testId="f8e7f11d-a3ce-aeab-b34d-7e727c0f8a76" testName="Opstrax.Telematics.Protocols.Tests.Gt06AdapterTests.A_bad_crc_frame_between_good_frames_is_skipped_without_losing_the_others" computerName="Mac" duration="00:00:00.0010368" startTime="2026-08-22T22:27:05.7978900-04:00" endTime="2026-08-22T22:27:05.7979170-04:00" testType="13cdc9d9-ddb5-4fa4-a97d-d965ccfc6d4b" outcome="Passed" testListId="8c84fa94-04c1-424b-9868-57a2d4851a1d" relativeResultsDirectory="8d9e2613-f942-4939-aa1c-6d1c8a09c2ab" />
    <UnitTestResult executionId="dbb607dc-2e65-4f23-9e99-67b8d88533d6" testId="88aa3a1e-e9c0-f05a-1b98-436e3c554af5" testName="Opstrax.Telematics.Protocols.Tests.Gt06AdapterTests.Decodes_valid_location_0x12_fields" computerName="Mac" duration="00:00:00.0005691" startTime="2026-08-22T22:27:05.7995120-04:00" endTime="2026-08-22T22:27:05.7995390-04:00" testType="13cdc9d9-ddb5-4fa4-a97d-d965ccfc6d4b" outcome="Passed" testListId="8c84fa94-04c1-424b-9868-57a2d4851a1d" relativeResultsDirectory="dbb607dc-2e65-4f23-9e99-67b8d88533d6" />
    <UnitTestResult executionId="21dc125e-f7f3-4c11-a9d7-f2c731e404ed" testId="647132ae-3450-9b98-05ae-cd0bec1ed60c" testName="Opstrax.Telematics.Protocols.Tests.Gt06AdapterTests.Truncated_frame_completes_once_the_rest_of_the_bytes_arrive" computerName="Mac" duration="00:00:00.0010300" startTime="2026-08-22T22:27:05.7973970-04:00" endTime="2026-08-22T22:27:05.7975320-04:00" testType="13cdc9d9-ddb5-4fa4-a97d-d965ccfc6d4b" outcome="Passed" testListId="8c84fa94-04c1-424b-9868-57a2d4851a1d" relativeResultsDirectory="21dc125e-f7f3-4c11-a9d7-f2c731e404ed" />
    <UnitTestResult executionId="fa1d63a2-a9ad-4744-8181-4271dd805240" testId="5c9b8cc4-3cfe-2343-cd23-1e92484026e9" testName="Opstrax.Telematics.Protocols.Tests.Gt06AdapterTests.EncodeCommand_builds_a_valid_0x80_frame_when_given_command_text" computerName="Mac" duration="00:00:00.0002426" startTime="2026-08-22T22:27:05.8051790-04:00" endTime="2026-08-22T22:27:05.8052050-04:00" testType="13cdc9d9-ddb5-4fa4-a97d-d965ccfc6d4b" outcome="Passed" testListId="8c84fa94-04c1-424b-9868-57a2d4851a1d" relativeResultsDirectory="fa1d63a2-a9ad-4744-8181-4271dd805240" />
    <UnitTestResult executionId="656b926a-15b3-4ca7-8bb5-a0b3542b3af4" testId="e4973a09-c734-aa5b-c1de-daa9b3af70bb" testName="Opstrax.Telematics.Protocols.Tests.Gt06AdapterTests.Decodes_valid_login_with_imei_and_requires_ack" computerName="Mac" duration="00:00:00.0041174" startTime="2026-08-22T22:27:05.8048550-04:00" endTime="2026-08-22T22:27:05.8048810-04:00" testType="13cdc9d9-ddb5-4fa4-a97d-d965ccfc6d4b" outcome="Passed" testListId="8c84fa94-04c1-424b-9868-57a2d4851a1d" relativeResultsDirectory="656b926a-15b3-4ca7-8bb5-a0b3542b3af4" />
    <UnitTestResult executionId="283c3ec4-1eb8-4497-8ee8-bfe493423066" testId="f099230e-f654-5f73-ebcd-d382fc88dc0f" testName="Opstrax.Telematics.Protocols.Tests.J1939DiagnosticDecoderTests.DecodeDm2_marks_message_previously_active_and_skips_na_padding" computerName="Mac" duration="00:00:00.0004316" startTime="2026-08-22T22:27:05.7798840-04:00" endTime="2026-08-22T22:27:05.7799180-04:00" testType="13cdc9d9-ddb5-4fa4-a97d-d965ccfc6d4b" outcome="Passed" testListId="8c84fa94-04c1-424b-9868-57a2d4851a1d" relativeResultsDirectory="283c3ec4-1eb8-4497-8ee8-bfe493423066" />
    <UnitTestResult executionId="07610d16-8b09-4e31-85d0-36c40d2c439b" testId="bdae6d2e-dd9b-ba40-90bc-5ce80d3fdd0e" testName="Opstrax.Telematics.Protocols.Tests.Gt06AdapterTests.Decodes_sos_alarm_0x16_with_position_and_alarm_code" computerName="Mac" duration="00:00:00.0005472" startTime="2026-08-22T22:27:05.8037290-04:00" endTime="2026-08-22T22:27:05.8037670-04:00" testType="13cdc9d9-ddb5-4fa4-a97d-d965ccfc6d4b" outcome="Passed" testListId="8c84fa94-04c1-424b-9868-57a2d4851a1d" relativeResultsDirectory="07610d16-8b09-4e31-85d0-36c40d2c439b" />
    <UnitTestResult executionId="6d0a8bf6-3054-40b2-937f-0a386a9af365" testId="1116343a-dd1e-0b08-82a1-349922365330" testName="Opstrax.Telematics.Protocols.Tests.Gt06AdapterTests.EncodeAck_returns_empty_for_a_frame_that_needs_no_ack" computerName="Mac" duration="00:00:00.0010820" startTime="2026-08-22T22:27:05.7976020-04:00" endTime="2026-08-22T22:27:05.7976320-04:00" testType="13cdc9d9-ddb5-4fa4-a97d-d965ccfc6d4b" outcome="Passed" testListId="8c84fa94-04c1-424b-9868-57a2d4851a1d" relativeResultsDirectory="6d0a8bf6-3054-40b2-937f-0a386a9af365" />
    <UnitTestResult executionId="8513ff2c-e5b6-4a2c-bf27-78e089aa9d7d" testId="af69750e-309b-ae0f-a157-181bbd76fa07" testName="Opstrax.Telematics.Protocols.Tests.Gt06AdapterTests.Decodes_time_0x8A_as_a_known_non_location_message" computerName="Mac" duration="00:00:00.0011272" startTime="2026-08-22T22:27:05.8057300-04:00" endTime="2026-08-22T22:27:05.8059550-04:00" testType="13cdc9d9-ddb5-4fa4-a97d-d965ccfc6d4b" outcome="Passed" testListId="8c84fa94-04c1-424b-9868-57a2d4851a1d" relativeResultsDirectory="8513ff2c-e5b6-4a2c-bf27-78e089aa9d7d" />
    <UnitTestResult executionId="f3f50522-671d-4ee0-843d-195c051d6606" testId="9bac35aa-8ea7-2c4e-aea2-1ed8b46c06b2" testName="Opstrax.Telematics.Protocols.Tests.J1939DiagnosticDecoderTests.Decode_rejects_payload_over_transport_protocol_limit" computerName="Mac" duration="00:00:00.0045226" startTime="2026-08-22T22:27:05.7632670-04:00" endTime="2026-08-22T22:27:05.7717760-04:00" testType="13cdc9d9-ddb5-4fa4-a97d-d965ccfc6d4b" outcome="Passed" testListId="8c84fa94-04c1-424b-9868-57a2d4851a1d" relativeResultsDirectory="f3f50522-671d-4ee0-843d-195c051d6606" />
    <UnitTestResult executionId="8b0f5022-119b-4197-a52f-795d5ddc1855" testId="2586b801-2afd-b979-2ab2-fecd8227f84d" testName="Opstrax.Telematics.Protocols.Tests.J1939DiagnosticDecoderTests.Decode_rejects_unsupported_or_malformed_payload(pgn: 65226, payload: [0])" computerName="Mac" duration="00:00:00.0000349" startTime="2026-08-22T22:27:05.7801710-04:00" endTime="2026-08-22T22:27:05.7802010-04:00" testType="13cdc9d9-ddb5-4fa4-a97d-d965ccfc6d4b" outcome="Passed" testListId="8c84fa94-04c1-424b-9868-57a2d4851a1d" relativeResultsDirectory="8b0f5022-119b-4197-a52f-795d5ddc1855" />
    <UnitTestResult executionId="f0aa0b2d-1437-4a95-9669-04776836f547" testId="f82d3221-3584-3899-38c0-8d527a6db9b7" testName="Opstrax.Telematics.Protocols.Tests.Gt06AdapterTests.Decodes_heartbeat_0x13_status_and_requires_ack" computerName="Mac" duration="00:00:00.0125185" startTime="2026-08-22T22:27:05.7632940-04:00" endTime="2026-08-22T22:27:05.7970870-04:00" testType="13cdc9d9-ddb5-4fa4-a97d-d965ccfc6d4b" outcome="Passed" testListId="8c84fa94-04c1-424b-9868-57a2d4851a1d" relativeResultsDirectory="f0aa0b2d-1437-4a95-9669-04776836f547" />
    <UnitTestResult executionId="0014f4f4-5ddc-4293-a6eb-f100c50120bf" testId="bab09de1-1bfe-e3b7-74be-8ca4dee345c0" testName="Opstrax.Telematics.Protocols.Tests.Gt06AdapterTests.Duplicate_serial_is_reported_faithfully_for_downstream_idempotency" computerName="Mac" duration="00:00:00.0018357" startTime="2026-08-22T22:27:05.7977980-04:00" endTime="2026-08-22T22:27:05.7978260-04:00" testType="13cdc9d9-ddb5-4fa4-a97d-d965ccfc6d4b" outcome="Passed" testListId="8c84fa94-04c1-424b-9868-57a2d4851a1d" relativeResultsDirectory="0014f4f4-5ddc-4293-a6eb-f100c50120bf" />
    <UnitTestResult executionId="443d5eb0-442b-45f4-b9ae-c2e858a8dc28" testId="4d4bae88-c393-0739-db26-e98f29f565b6" testName="Opstrax.Telematics.Protocols.Tests.Gt06AdapterTests.Bad_crc_frame_is_rejected_without_throwing_and_emits_no_message" computerName="Mac" duration="00:00:00.0001967" startTime="2026-08-22T22:27:05.7991510-04:00" endTime="2026-08-22T22:27:05.7991790-04:00" testType="13cdc9d9-ddb5-4fa4-a97d-d965ccfc6d4b" outcome="Passed" testListId="8c84fa94-04c1-424b-9868-57a2d4851a1d" relativeResultsDirectory="443d5eb0-442b-45f4-b9ae-c2e858a8dc28" />
    <UnitTestResult executionId="79f66c37-38d3-40b4-9740-d63a437cea6c" testId="a071a1bc-597f-852d-1244-7b342431fc58" testName="Opstrax.Telematics.Protocols.Tests.Gt06AdapterTests.ToCanonicalEvent_stamps_gt06_provenance_and_maps_the_fix" computerName="Mac" duration="00:00:00.0059699" startTime="2026-08-22T22:27:05.7996010-04:00" endTime="2026-08-22T22:27:05.8034880-04:00" testType="13cdc9d9-ddb5-4fa4-a97d-d965ccfc6d4b" outcome="Passed" testListId="8c84fa94-04c1-424b-9868-57a2d4851a1d" relativeResultsDirectory="79f66c37-38d3-40b4-9740-d63a437cea6c" />
    <UnitTestResult executionId="22af63ef-4aac-4f40-8617-60719f79a32a" testId="86d00ac7-4f8e-861e-c528-21324b7fb5e9" testName="Opstrax.Telematics.Protocols.Tests.Gt06AdapterTests.Crc16Itu_matches_the_canonical_x25_check_value" computerName="Mac" duration="00:00:00.0001238" startTime="2026-08-22T22:27:05.8047680-04:00" endTime="2026-08-22T22:27:05.8047940-04:00" testType="13cdc9d9-ddb5-4fa4-a97d-d965ccfc6d4b" outcome="Passed" testListId="8c84fa94-04c1-424b-9868-57a2d4851a1d" relativeResultsDirectory="22af63ef-4aac-4f40-8617-60719f79a32a" />
    <UnitTestResult executionId="c4a4ed22-3e8c-4fcb-87cf-e33cfee42683" testId="5e6a113a-4f50-b637-8aeb-aef6bcc37eba" testName="Opstrax.Telematics.Protocols.Tests.Gt06AdapterTests.EncodeCommand_returns_null_when_no_command_text_is_supplied" computerName="Mac" duration="00:00:00.0003343" startTime="2026-08-22T22:27:05.7989490-04:00" endTime="2026-08-22T22:27:05.7989840-04:00" testType="13cdc9d9-ddb5-4fa4-a97d-d965ccfc6d4b" outcome="Passed" testListId="8c84fa94-04c1-424b-9868-57a2d4851a1d" relativeResultsDirectory="c4a4ed22-3e8c-4fcb-87cf-e33cfee42683" />
  </Results>
  <TestDefinitions>
    <UnitTest name="Opstrax.Telematics.Protocols.Tests.Gt06AdapterTests.TryIdentify_matches_both_start_markers_and_rejects_others" storage="/users/zackkhan/downloads/opstrax-enterprise-build-fixed-nginx/telematics/tests/opstrax.telematics.protocols.tests/bin/release/net8.0/opstrax.telematics.protocols.tests.dll" id="6e782c66-3c40-a7a7-9fb6-3307d583ec6a">
      <Execution id="c645a926-1ecb-4c71-8f77-5b00917cf60a" />
      <TestMethod codeBase="/Users/zackkhan/Downloads/opstrax-enterprise-build-fixed-nginx/telematics/tests/Opstrax.Telematics.Protocols.Tests/bin/Release/net8.0/Opstrax.Telematics.Protocols.Tests.dll" adapterTypeName="executor://xunit/VsTestRunner3/netcore/" className="Opstrax.Telematics.Protocols.Tests.Gt06AdapterTests" name="TryIdentify_matches_both_start_markers_and_rejects_others" />
    </UnitTest>
    <UnitTest name="Opstrax.Telematics.Protocols.Tests.Gt06AdapterTests.Duplicate_serial_is_reported_faithfully_for_downstream_idempotency" storage="/users/zackkhan/downloads/opstrax-enterprise-build-fixed-nginx/telematics/tests/opstrax.telematics.protocols.tests/bin/release/net8.0/opstrax.telematics.protocols.tests.dll" id="bab09de1-1bfe-e3b7-74be-8ca4dee345c0">
      <Execution id="0014f4f4-5ddc-4293-a6eb-f100c50120bf" />
      <TestMethod codeBase="/Users/zackkhan/Downloads/opstrax-enterprise-build-fixed-nginx/telematics/tests/Opstrax.Telematics.Protocols.Tests/bin/Release/net8.0/Opstrax.Telematics.Protocols.Tests.dll" adapterTypeName="executor://xunit/VsTestRunner3/netcore/" className="Opstrax.Telematics.Protocols.Tests.Gt06AdapterTests" name="Duplicate_serial_is_reported_faithfully_for_downstream_idempotency" />
    </UnitTest>
    <UnitTest name="Opstrax.Telematics.Protocols.Tests.J1939DiagnosticDecoderTests.DecodeDm2_marks_message_previously_active_and_skips_na_padding" storage="/users/zackkhan/downloads/opstrax-enterprise-build-fixed-nginx/telematics/tests/opstrax.telematics.protocols.tests/bin/release/net8.0/opstrax.telematics.protocols.tests.dll" id="f099230e-f654-5f73-ebcd-d382fc88dc0f">
      <Execution id="283c3ec4-1eb8-4497-8ee8-bfe493423066" />
      <TestMethod codeBase="/Users/zackkhan/Downloads/opstrax-enterprise-build-fixed-nginx/telematics/tests/Opstrax.Telematics.Protocols.Tests/bin/Release/net8.0/Opstrax.Telematics.Protocols.Tests.dll" adapterTypeName="executor://xunit/VsTestRunner3/netcore/" className="Opstrax.Telematics.Protocols.Tests.J1939DiagnosticDecoderTests" name="DecodeDm2_marks_message_previously_active_and_skips_na_padding" />
    </UnitTest>
    <UnitTest name="Opstrax.Telematics.Protocols.Tests.Gt06AdapterTests.Decodes_valid_location_0x12_fields" storage="/users/zackkhan/downloads/opstrax-enterprise-build-fixed-nginx/telematics/tests/opstrax.telematics.protocols.tests/bin/release/net8.0/opstrax.telematics.protocols.tests.dll" id="88aa3a1e-e9c0-f05a-1b98-436e3c554af5">
      <Execution id="dbb607dc-2e65-4f23-9e99-67b8d88533d6" />
      <TestMethod codeBase="/Users/zackkhan/Downloads/opstrax-enterprise-build-fixed-nginx/telematics/tests/Opstrax.Telematics.Protocols.Tests/bin/Release/net8.0/Opstrax.Telematics.Protocols.Tests.dll" adapterTypeName="executor://xunit/VsTestRunner3/netcore/" className="Opstrax.Telematics.Protocols.Tests.Gt06AdapterTests" name="Decodes_valid_location_0x12_fields" />
    </UnitTest>
    <UnitTest name="Opstrax.Telematics.Protocols.Tests.Gt06AdapterTests.Truncated_frame_reports_needs_more_and_consumes_nothing" storage="/users/zackkhan/downloads/opstrax-enterprise-build-fixed-nginx/telematics/tests/opstrax.telematics.protocols.tests/bin/release/net8.0/opstrax.telematics.protocols.tests.dll" id="826f014c-1049-0c7c-8b5c-219a7f005e7c">
      <Execution id="b2c9df48-f427-4b29-afa2-da5a9fe80c62" />
      <TestMethod codeBase="/Users/zackkhan/Downloads/opstrax-enterprise-build-fixed-nginx/telematics/tests/Opstrax.Telematics.Protocols.Tests/bin/Release/net8.0/Opstrax.Telematics.Protocols.Tests.dll" adapterTypeName="executor://xunit/VsTestRunner3/netcore/" className="Opstrax.Telematics.Protocols.Tests.Gt06AdapterTests" name="Truncated_frame_reports_needs_more_and_consumes_nothing" />
    </UnitTest>
    <UnitTest name="Opstrax.Telematics.Protocols.Tests.J1939DiagnosticDecoderTests.Decode_rejects_unsupported_or_malformed_payload(pgn: 65227, payload: [0, 0, 1])" storage="/users/zackkhan/downloads/opstrax-enterprise-build-fixed-nginx/telematics/tests/opstrax.telematics.protocols.tests/bin/release/net8.0/opstrax.telematics.protocols.tests.dll" id="8c4f87c3-7d8e-9b7b-4508-19d4066bd59f">
      <Execution id="7ac3d773-aa1f-490f-b652-29abf5128e6e" />
      <TestMethod codeBase="/Users/zackkhan/Downloads/opstrax-enterprise-build-fixed-nginx/telematics/tests/Opstrax.Telematics.Protocols.Tests/bin/Release/net8.0/Opstrax.Telematics.Protocols.Tests.dll" adapterTypeName="executor://xunit/VsTestRunner3/netcore/" className="Opstrax.Telematics.Protocols.Tests.J1939DiagnosticDecoderTests" name="Decode_rejects_unsupported_or_malformed_payload" />
    </UnitTest>
    <UnitTest name="Opstrax.Telematics.Protocols.Tests.Gt06AdapterTests.ToCanonicalEvent_stamps_gt06_provenance_and_maps_the_fix" storage="/users/zackkhan/downloads/opstrax-enterprise-build-fixed-nginx/telematics/tests/opstrax.telematics.protocols.tests/bin/release/net8.0/opstrax.telematics.protocols.tests.dll" id="a071a1bc-597f-852d-1244-7b342431fc58">
      <Execution id="79f66c37-38d3-40b4-9740-d63a437cea6c" />
      <TestMethod codeBase="/Users/zackkhan/Downloads/opstrax-enterprise-build-fixed-nginx/telematics/tests/Opstrax.Telematics.Protocols.Tests/bin/Release/net8.0/Opstrax.Telematics.Protocols.Tests.dll" adapterTypeName="executor://xunit/VsTestRunner3/netcore/" className="Opstrax.Telematics.Protocols.Tests.Gt06AdapterTests" name="ToCanonicalEvent_stamps_gt06_provenance_and_maps_the_fix" />
    </UnitTest>
    <UnitTest name="Opstrax.Telematics.Protocols.Tests.Gt06AdapterTests.EncodeAck_for_login_matches_the_expected_server_response" storage="/users/zackkhan/downloads/opstrax-enterprise-build-fixed-nginx/telematics/tests/opstrax.telematics.protocols.tests/bin/release/net8.0/opstrax.telematics.protocols.tests.dll" id="a8bbd69c-2d2c-3d8b-65d0-438ea5743eb3">
      <Execution id="02851ed5-fc41-47ca-afb4-1d644cea06aa" />
      <TestMethod codeBase="/Users/zackkhan/Downloads/opstrax-enterprise-build-fixed-nginx/telematics/tests/Opstrax.Telematics.Protocols.Tests/bin/Release/net8.0/Opstrax.Telematics.Protocols.Tests.dll" adapterTypeName="executor://xunit/VsTestRunner3/netcore/" className="Opstrax.Telematics.Protocols.Tests.Gt06AdapterTests" name="EncodeAck_for_login_matches_the_expected_server_response" />
    </UnitTest>
    <UnitTest name="Opstrax.Telematics.Protocols.Tests.Gt06AdapterTests.Multiple_frames_in_one_buffer_decode_in_wire_order" storage="/users/zackkhan/downloads/opstrax-enterprise-build-fixed-nginx/telematics/tests/opstrax.telematics.protocols.tests/bin/release/net8.0/opstrax.telematics.protocols.tests.dll" id="abca7fd3-76c3-86c8-9458-24136aacf26d">
      <Execution id="521ab7d6-7728-4cb1-b513-a13ea95a0807" />
      <TestMethod codeBase="/Users/zackkhan/Downloads/opstrax-enterprise-build-fixed-nginx/telematics/tests/Opstrax.Telematics.Protocols.Tests/bin/Release/net8.0/Opstrax.Telematics.Protocols.Tests.dll" adapterTypeName="executor://xunit/VsTestRunner3/netcore/" className="Opstrax.Telematics.Protocols.Tests.Gt06AdapterTests" name="Multiple_frames_in_one_buffer_decode_in_wire_order" />
    </UnitTest>
    <UnitTest name="Opstrax.Telematics.Protocols.Tests.J1939DiagnosticDecoderTests.Decode_rejects_unsupported_or_malformed_payload(pgn: 65226, payload: [0])" storage="/users/zackkhan/downloads/opstrax-enterprise-build-fixed-nginx/telematics/tests/opstrax.telematics.protocols.tests/bin/release/net8.0/opstrax.telematics.protocols.tests.dll" id="2586b801-2afd-b979-2ab2-fecd8227f84d">
      <Execution id="8b0f5022-119b-4197-a52f-795d5ddc1855" />
      <TestMethod codeBase="/Users/zackkhan/Downloads/opstrax-enterprise-build-fixed-nginx/telematics/tests/Opstrax.Telematics.Protocols.Tests/bin/Release/net8.0/Opstrax.Telematics.Protocols.Tests.dll" adapterTypeName="executor://xunit/VsTestRunner3/netcore/" className="Opstrax.Telematics.Protocols.Tests.J1939DiagnosticDecoderTests" name="Decode_rejects_unsupported_or_malformed_payload" />
    </UnitTest>
    <UnitTest name="Opstrax.Telematics.Protocols.Tests.Gt06AdapterTests.Invalid_coordinates_are_surfaced_verbatim_and_flagged_not_dropped" storage="/users/zackkhan/downloads/opstrax-enterprise-build-fixed-nginx/telematics/tests/opstrax.telematics.protocols.tests/bin/release/net8.0/opstrax.telematics.protocols.tests.dll" id="e8fb5115-d3b3-f1e6-2d17-c180ba0965ee">
      <Execution id="9a3cc741-066e-412e-a3d2-d59b2a34c895" />
      <TestMethod codeBase="/Users/zackkhan/Downloads/opstrax-enterprise-build-fixed-nginx/telematics/tests/Opstrax.Telematics.Protocols.Tests/bin/Release/net8.0/Opstrax.Telematics.Protocols.Tests.dll" adapterTypeName="executor://xunit/VsTestRunner3/netcore/" className="Opstrax.Telematics.Protocols.Tests.Gt06AdapterTests" name="Invalid_coordinates_are_surfaced_verbatim_and_flagged_not_dropped" />
    </UnitTest>
    <UnitTest name="Opstrax.Telematics.Protocols.Tests.Gt06AdapterTests.EncodeCommand_builds_a_valid_0x80_frame_when_given_command_text" storage="/users/zackkhan/downloads/opstrax-enterprise-build-fixed-nginx/telematics/tests/opstrax.telematics.protocols.tests/bin/release/net8.0/opstrax.telematics.protocols.tests.dll" id="5c9b8cc4-3cfe-2343-cd23-1e92484026e9">
      <Execution id="fa1d63a2-a9ad-4744-8181-4271dd805240" />
      <TestMethod codeBase="/Users/zackkhan/Downloads/opstrax-enterprise-build-fixed-nginx/telematics/tests/Opstrax.Telematics.Protocols.Tests/bin/Release/net8.0/Opstrax.Telematics.Protocols.Tests.dll" adapterTypeName="executor://xunit/VsTestRunner3/netcore/" className="Opstrax.Telematics.Protocols.Tests.Gt06AdapterTests" name="EncodeCommand_builds_a_valid_0x80_frame_when_given_command_text" />
    </UnitTest>
    <UnitTest name="Opstrax.Telematics.Protocols.Tests.Gt06AdapterTests.Crc16Itu_matches_the_canonical_x25_check_value" storage="/users/zackkhan/downloads/opstrax-enterprise-build-fixed-nginx/telematics/tests/opstrax.telematics.protocols.tests/bin/release/net8.0/opstrax.telematics.protocols.tests.dll" id="86d00ac7-4f8e-861e-c528-21324b7fb5e9">
      <Execution id="22af63ef-4aac-4f40-8617-60719f79a32a" />
      <TestMethod codeBase="/Users/zackkhan/Downloads/opstrax-enterprise-build-fixed-nginx/telematics/tests/Opstrax.Telematics.Protocols.Tests/bin/Release/net8.0/Opstrax.Telematics.Protocols.Tests.dll" adapterTypeName="executor://xunit/VsTestRunner3/netcore/" className="Opstrax.Telematics.Protocols.Tests.Gt06AdapterTests" name="Crc16Itu_matches_the_canonical_x25_check_value" />
    </UnitTest>
    <UnitTest name="Opstrax.Telematics.Protocols.Tests.J1939DiagnosticDecoderTests.Decode_rejects_payload_over_transport_protocol_limit" storage="/users/zackkhan/downloads/opstrax-enterprise-build-fixed-nginx/telematics/tests/opstrax.telematics.protocols.tests/bin/release/net8.0/opstrax.telematics.protocols.tests.dll" id="9bac35aa-8ea7-2c4e-aea2-1ed8b46c06b2">
      <Execution id="f3f50522-671d-4ee0-843d-195c051d6606" />
      <TestMethod codeBase="/Users/zackkhan/Downloads/opstrax-enterprise-build-fixed-nginx/telematics/tests/Opstrax.Telematics.Protocols.Tests/bin/Release/net8.0/Opstrax.Telematics.Protocols.Tests.dll" adapterTypeName="executor://xunit/VsTestRunner3/netcore/" className="Opstrax.Telematics.Protocols.Tests.J1939DiagnosticDecoderTests" name="Decode_rejects_payload_over_transport_protocol_limit" />
    </UnitTest>
    <UnitTest name="Opstrax.Telematics.Protocols.Tests.J1939DiagnosticDecoderTests.Decode_rejects_unsupported_or_malformed_payload(pgn: 65225, payload: [0, 0])" storage="/users/zackkhan/downloads/opstrax-enterprise-build-fixed-nginx/telematics/tests/opstrax.telematics.protocols.tests/bin/release/net8.0/opstrax.telematics.protocols.tests.dll" id="0ce6b6ce-e08d-f11c-8b74-2c902ff0e2d4">
      <Execution id="f1efe4b8-3e38-44a7-8d6a-b39d49d31934" />
      <TestMethod codeBase="/Users/zackkhan/Downloads/opstrax-enterprise-build-fixed-nginx/telematics/tests/Opstrax.Telematics.Protocols.Tests/bin/Release/net8.0/Opstrax.Telematics.Protocols.Tests.dll" adapterTypeName="executor://xunit/VsTestRunner3/netcore/" className="Opstrax.Telematics.Protocols.Tests.J1939DiagnosticDecoderTests" name="Decode_rejects_unsupported_or_malformed_payload" />
    </UnitTest>
    <UnitTest name="Opstrax.Telematics.Protocols.Tests.J1939DiagnosticDecoderTests.DecodeDm1_extracts_lamps_spn_fmi_occurrence_and_conversion_method" storage="/users/zackkhan/downloads/opstrax-enterprise-build-fixed-nginx/telematics/tests/opstrax.telematics.protocols.tests/bin/release/net8.0/opstrax.telematics.protocols.tests.dll" id="8a87b71f-036d-b8ba-3ef8-e455bed480ae">
      <Execution id="fdd77a9e-b12b-4a9a-8745-6880d1bf8d83" />
      <TestMethod codeBase="/Users/zackkhan/Downloads/opstrax-enterprise-build-fixed-nginx/telematics/tests/Opstrax.Telematics.Protocols.Tests/bin/Release/net8.0/Opstrax.Telematics.Protocols.Tests.dll" adapterTypeName="executor://xunit/VsTestRunner3/netcore/" className="Opstrax.Telematics.Protocols.Tests.J1939DiagnosticDecoderTests" name="DecodeDm1_extracts_lamps_spn_fmi_occurrence_and_conversion_method" />
    </UnitTest>
    <UnitTest name="Opstrax.Telematics.Protocols.Tests.J1939DiagnosticDecoderTests.Decode_supports_multiple_dtcs_and_conversion_method_bit" storage="/users/zackkhan/downloads/opstrax-enterprise-build-fixed-nginx/telematics/tests/opstrax.telematics.protocols.tests/bin/release/net8.0/opstrax.telematics.protocols.tests.dll" id="e00f9cac-83d4-c992-f2e3-5d823886b3e6">
      <Execution id="a0a32e67-040b-4a4f-add5-9293d3c7b488" />
      <TestMethod codeBase="/Users/zackkhan/Downloads/opstrax-enterprise-build-fixed-nginx/telematics/tests/Opstrax.Telematics.Protocols.Tests/bin/Release/net8.0/Opstrax.Telematics.Protocols.Tests.dll" adapterTypeName="executor://xunit/VsTestRunner3/netcore/" className="Opstrax.Telematics.Protocols.Tests.J1939DiagnosticDecoderTests" name="Decode_supports_multiple_dtcs_and_conversion_method_bit" />
    </UnitTest>
    <UnitTest name="Opstrax.Telematics.Protocols.Tests.Gt06AdapterTests.Decodes_time_0x8A_as_a_known_non_location_message" storage="/users/zackkhan/downloads/opstrax-enterprise-build-fixed-nginx/telematics/tests/opstrax.telematics.protocols.tests/bin/release/net8.0/opstrax.telematics.protocols.tests.dll" id="af69750e-309b-ae0f-a157-181bbd76fa07">
      <Execution id="8513ff2c-e5b6-4a2c-bf27-78e089aa9d7d" />
      <TestMethod codeBase="/Users/zackkhan/Downloads/opstrax-enterprise-build-fixed-nginx/telematics/tests/Opstrax.Telematics.Protocols.Tests/bin/Release/net8.0/Opstrax.Telematics.Protocols.Tests.dll" adapterTypeName="executor://xunit/VsTestRunner3/netcore/" className="Opstrax.Telematics.Protocols.Tests.Gt06AdapterTests" name="Decodes_time_0x8A_as_a_known_non_location_message" />
    </UnitTest>
    <UnitTest name="Opstrax.Telematics.Protocols.Tests.Gt06AdapterTests.A_hostile_garbage_buffer_never_throws_anything_but_ProtocolException" storage="/users/zackkhan/downloads/opstrax-enterprise-build-fixed-nginx/telematics/tests/opstrax.telematics.protocols.tests/bin/release/net8.0/opstrax.telematics.protocols.tests.dll" id="0fdd8c1b-640b-981d-1aab-1e247b2950de">
      <Execution id="90b69a85-c2ae-45bc-bae9-195e141b8c55" />
      <TestMethod codeBase="/Users/zackkhan/Downloads/opstrax-enterprise-build-fixed-nginx/telematics/tests/Opstrax.Telematics.Protocols.Tests/bin/Release/net8.0/Opstrax.Telematics.Protocols.Tests.dll" adapterTypeName="executor://xunit/VsTestRunner3/netcore/" className="Opstrax.Telematics.Protocols.Tests.Gt06AdapterTests" name="A_hostile_garbage_buffer_never_throws_anything_but_ProtocolException" />
    </UnitTest>
    <UnitTest name="Opstrax.Telematics.Protocols.Tests.Gt06AdapterTests.Bad_crc_frame_is_rejected_without_throwing_and_emits_no_message" storage="/users/zackkhan/downloads/opstrax-enterprise-build-fixed-nginx/telematics/tests/opstrax.telematics.protocols.tests/bin/release/net8.0/opstrax.telematics.protocols.tests.dll" id="4d4bae88-c393-0739-db26-e98f29f565b6">
      <Execution id="443d5eb0-442b-45f4-b9ae-c2e858a8dc28" />
      <TestMethod codeBase="/Users/zackkhan/Downloads/opstrax-enterprise-build-fixed-nginx/telematics/tests/Opstrax.Telematics.Protocols.Tests/bin/Release/net8.0/Opstrax.Telematics.Protocols.Tests.dll" adapterTypeName="executor://xunit/VsTestRunner3/netcore/" className="Opstrax.Telematics.Protocols.Tests.Gt06AdapterTests" name="Bad_crc_frame_is_rejected_without_throwing_and_emits_no_message" />
    </UnitTest>
    <UnitTest name="Opstrax.Telematics.Protocols.Tests.LifecycleTransitionsSmokeTests.Provisioned_never_transitions_directly_to_online" storage="/users/zackkhan/downloads/opstrax-enterprise-build-fixed-nginx/telematics/tests/opstrax.telematics.protocols.tests/bin/release/net8.0/opstrax.telematics.protocols.tests.dll" id="e92f88a9-4870-fa27-28ac-d5e4f8ea8259">
      <Execution id="89e76d8d-c2c7-4539-ae07-56c1e230c9b1" />
      <TestMethod codeBase="/Users/zackkhan/Downloads/opstrax-enterprise-build-fixed-nginx/telematics/tests/Opstrax.Telematics.Protocols.Tests/bin/Release/net8.0/Opstrax.Telematics.Protocols.Tests.dll" adapterTypeName="executor://xunit/VsTestRunner3/netcore/" className="Opstrax.Telematics.Protocols.Tests.LifecycleTransitionsSmokeTests" name="Provisioned_never_transitions_directly_to_online" />
    </UnitTest>
    <UnitTest name="Opstrax.Telematics.Protocols.Tests.Gt06AdapterTests.Decodes_heartbeat_0x13_status_and_requires_ack" storage="/users/zackkhan/downloads/opstrax-enterprise-build-fixed-nginx/telematics/tests/opstrax.telematics.protocols.tests/bin/release/net8.0/opstrax.telematics.protocols.tests.dll" id="f82d3221-3584-3899-38c0-8d527a6db9b7">
      <Execution id="f0aa0b2d-1437-4a95-9669-04776836f547" />
      <TestMethod codeBase="/Users/zackkhan/Downloads/opstrax-enterprise-build-fixed-nginx/telematics/tests/Opstrax.Telematics.Protocols.Tests/bin/Release/net8.0/Opstrax.Telematics.Protocols.Tests.dll" adapterTypeName="executor://xunit/VsTestRunner3/netcore/" className="Opstrax.Telematics.Protocols.Tests.Gt06AdapterTests" name="Decodes_heartbeat_0x13_status_and_requires_ack" />
    </UnitTest>
    <UnitTest name="Opstrax.Telematics.Protocols.Tests.Gt06AdapterTests.Decodes_location_0x22_under_the_two_byte_length_7979_framing" storage="/users/zackkhan/downloads/opstrax-enterprise-build-fixed-nginx/telematics/tests/opstrax.telematics.protocols.tests/bin/release/net8.0/opstrax.telematics.protocols.tests.dll" id="d9c4c1e8-add1-e9a5-92d9-9a602e92b767">
      <Execution id="3a68b5ef-9e6e-4931-896a-5dfb32126993" />
      <TestMethod codeBase="/Users/zackkhan/Downloads/opstrax-enterprise-build-fixed-nginx/telematics/tests/Opstrax.Telematics.Protocols.Tests/bin/Release/net8.0/Opstrax.Telematics.Protocols.Tests.dll" adapterTypeName="executor://xunit/VsTestRunner3/netcore/" className="Opstrax.Telematics.Protocols.Tests.Gt06AdapterTests" name="Decodes_location_0x22_under_the_two_byte_length_7979_framing" />
    </UnitTest>
    <UnitTest name="Opstrax.Telematics.Protocols.Tests.Gt06AdapterTests.Malformed_length_throws_ProtocolException_and_does_not_crash" storage="/users/zackkhan/downloads/opstrax-enterprise-build-fixed-nginx/telematics/tests/opstrax.telematics.protocols.tests/bin/release/net8.0/opstrax.telematics.protocols.tests.dll" id="a02dd75b-e995-5ec2-3ff2-4b81c5bd3075">
      <Execution id="c33b76d4-4a29-4596-a87c-ce200e0bf175" />
      <TestMethod codeBase="/Users/zackkhan/Downloads/opstrax-enterprise-build-fixed-nginx/telematics/tests/Opstrax.Telematics.Protocols.Tests/bin/Release/net8.0/Opstrax.Telematics.Protocols.Tests.dll" adapterTypeName="executor://xunit/VsTestRunner3/netcore/" className="Opstrax.Telematics.Protocols.Tests.Gt06AdapterTests" name="Malformed_length_throws_ProtocolException_and_does_not_crash" />
    </UnitTest>
    <UnitTest name="Opstrax.Telematics.Protocols.Tests.Gt06AdapterTests.Decodes_south_and_east_hemispheres_from_the_status_word" storage="/users/zackkhan/downloads/opstrax-enterprise-build-fixed-nginx/telematics/tests/opstrax.telematics.protocols.tests/bin/release/net8.0/opstrax.telematics.protocols.tests.dll" id="e4931f6b-e25b-07d2-9c7d-e18869c09a05">
      <Execution id="41595d1f-0da3-456c-ba1f-c55a8692bce5" />
      <TestMethod codeBase="/Users/zackkhan/Downloads/opstrax-enterprise-build-fixed-nginx/telematics/tests/Opstrax.Telematics.Protocols.Tests/bin/Release/net8.0/Opstrax.Telematics.Protocols.Tests.dll" adapterTypeName="executor://xunit/VsTestRunner3/netcore/" className="Opstrax.Telematics.Protocols.Tests.Gt06AdapterTests" name="Decodes_south_and_east_hemispheres_from_the_status_word" />
    </UnitTest>
    <UnitTest name="Opstrax.Telematics.Protocols.Tests.LifecycleTransitionsSmokeTests.Gt06_adapter_declares_protocol_name" storage="/users/zackkhan/downloads/opstrax-enterprise-build-fixed-nginx/telematics/tests/opstrax.telematics.protocols.tests/bin/release/net8.0/opstrax.telematics.protocols.tests.dll" id="5f713ad2-b0fb-5f82-1f79-96954f268a72">
      <Execution id="ee8d7b15-731b-4dab-8342-083989bdc560" />
      <TestMethod codeBase="/Users/zackkhan/Downloads/opstrax-enterprise-build-fixed-nginx/telematics/tests/Opstrax.Telematics.Protocols.Tests/bin/Release/net8.0/Opstrax.Telematics.Protocols.Tests.dll" adapterTypeName="executor://xunit/VsTestRunner3/netcore/" className="Opstrax.Telematics.Protocols.Tests.LifecycleTransitionsSmokeTests" name="Gt06_adapter_declares_protocol_name" />
    </UnitTest>
    <UnitTest name="Opstrax.Telematics.Protocols.Tests.Gt06AdapterTests.EncodeCommand_returns_null_when_no_command_text_is_supplied" storage="/users/zackkhan/downloads/opstrax-enterprise-build-fixed-nginx/telematics/tests/opstrax.telematics.protocols.tests/bin/release/net8.0/opstrax.telematics.protocols.tests.dll" id="5e6a113a-4f50-b637-8aeb-aef6bcc37eba">
      <Execution id="c4a4ed22-3e8c-4fcb-87cf-e33cfee42683" />
      <TestMethod codeBase="/Users/zackkhan/Downloads/opstrax-enterprise-build-fixed-nginx/telematics/tests/Opstrax.Telematics.Protocols.Tests/bin/Release/net8.0/Opstrax.Telematics.Protocols.Tests.dll" adapterTypeName="executor://xunit/VsTestRunner3/netcore/" className="Opstrax.Telematics.Protocols.Tests.Gt06AdapterTests" name="EncodeCommand_returns_null_when_no_command_text_is_supplied" />
    </UnitTest>
    <UnitTest name="Opstrax.Telematics.Protocols.Tests.Gt06AdapterTests.Imei_is_not_trusted_as_tenant_ownership_comes_only_from_the_registry" storage="/users/zackkhan/downloads/opstrax-enterprise-build-fixed-nginx/telematics/tests/opstrax.telematics.protocols.tests/bin/release/net8.0/opstrax.telematics.protocols.tests.dll" id="32483a69-cef5-349b-01ee-a22587c4426a">
      <Execution id="1cb715e7-7ce8-46d7-be1a-08783a20e0d7" />
      <TestMethod codeBase="/Users/zackkhan/Downloads/opstrax-enterprise-build-fixed-nginx/telematics/tests/Opstrax.Telematics.Protocols.Tests/bin/Release/net8.0/Opstrax.Telematics.Protocols.Tests.dll" adapterTypeName="executor://xunit/VsTestRunner3/netcore/" className="Opstrax.Telematics.Protocols.Tests.Gt06AdapterTests" name="Imei_is_not_trusted_as_tenant_ownership_comes_only_from_the_registry" />
    </UnitTest>
    <UnitTest name="Opstrax.Telematics.Protocols.Tests.Gt06AdapterTests.Decodes_valid_login_with_imei_and_requires_ack" storage="/users/zackkhan/downloads/opstrax-enterprise-build-fixed-nginx/telematics/tests/opstrax.telematics.protocols.tests/bin/release/net8.0/opstrax.telematics.protocols.tests.dll" id="e4973a09-c734-aa5b-c1de-daa9b3af70bb">
      <Execution id="656b926a-15b3-4ca7-8bb5-a0b3542b3af4" />
      <TestMethod codeBase="/Users/zackkhan/Downloads/opstrax-enterprise-build-fixed-nginx/telematics/tests/Opstrax.Telematics.Protocols.Tests/bin/Release/net8.0/Opstrax.Telematics.Protocols.Tests.dll" adapterTypeName="executor://xunit/VsTestRunner3/netcore/" className="Opstrax.Telematics.Protocols.Tests.Gt06AdapterTests" name="Decodes_valid_login_with_imei_and_requires_ack" />
    </UnitTest>
    <UnitTest name="Opstrax.Telematics.Protocols.Tests.Gt06AdapterTests.Decodes_status_0x23_as_status_message" storage="/users/zackkhan/downloads/opstrax-enterprise-build-fixed-nginx/telematics/tests/opstrax.telematics.protocols.tests/bin/release/net8.0/opstrax.telematics.protocols.tests.dll" id="2f59638b-b14e-b1f9-c4eb-1e91d1bfb348">
      <Execution id="690eb725-afe1-4032-b350-fab536f1f9fa" />
      <TestMethod codeBase="/Users/zackkhan/Downloads/opstrax-enterprise-build-fixed-nginx/telematics/tests/Opstrax.Telematics.Protocols.Tests/bin/Release/net8.0/Opstrax.Telematics.Protocols.Tests.dll" adapterTypeName="executor://xunit/VsTestRunner3/netcore/" className="Opstrax.Telematics.Protocols.Tests.Gt06AdapterTests" name="Decodes_status_0x23_as_status_message" />
    </UnitTest>
    <UnitTest name="Opstrax.Telematics.Protocols.Tests.Gt06AdapterTests.Decodes_sos_alarm_0x16_with_position_and_alarm_code" storage="/users/zackkhan/downloads/opstrax-enterprise-build-fixed-nginx/telematics/tests/opstrax.telematics.protocols.tests/bin/release/net8.0/opstrax.telematics.protocols.tests.dll" id="bdae6d2e-dd9b-ba40-90bc-5ce80d3fdd0e">
      <Execution id="07610d16-8b09-4e31-85d0-36c40d2c439b" />
      <TestMethod codeBase="/Users/zackkhan/Downloads/opstrax-enterprise-build-fixed-nginx/telematics/tests/Opstrax.Telematics.Protocols.Tests/bin/Release/net8.0/Opstrax.Telematics.Protocols.Tests.dll" adapterTypeName="executor://xunit/VsTestRunner3/netcore/" className="Opstrax.Telematics.Protocols.Tests.Gt06AdapterTests" name="Decodes_sos_alarm_0x16_with_position_and_alarm_code" />
    </UnitTest>
    <UnitTest name="Opstrax.Telematics.Protocols.Tests.Gt06AdapterTests.Unknown_protocol_number_yields_Unknown_and_retains_raw_frame" storage="/users/zackkhan/downloads/opstrax-enterprise-build-fixed-nginx/telematics/tests/opstrax.telematics.protocols.tests/bin/release/net8.0/opstrax.telematics.protocols.tests.dll" id="a2b0377e-b83a-409a-4123-2bb08f2968a2">
      <Execution id="a396c009-8c76-4d41-b41b-8887dc0fe1c6" />
      <TestMethod codeBase="/Users/zackkhan/Downloads/opstrax-enterprise-build-fixed-nginx/telematics/tests/Opstrax.Telematics.Protocols.Tests/bin/Release/net8.0/Opstrax.Telematics.Protocols.Tests.dll" adapterTypeName="executor://xunit/VsTestRunner3/netcore/" className="Opstrax.Telematics.Protocols.Tests.Gt06AdapterTests" name="Unknown_protocol_number_yields_Unknown_and_retains_raw_frame" />
    </UnitTest>
    <UnitTest name="Opstrax.Telematics.Protocols.Tests.Gt06AdapterTests.Out_of_order_frame_reports_its_own_earlier_device_time_and_higher_serial" storage="/users/zackkhan/downloads/opstrax-enterprise-build-fixed-nginx/telematics/tests/opstrax.telematics.protocols.tests/bin/release/net8.0/opstrax.telematics.protocols.tests.dll" id="cf9994de-9f12-8876-4f43-061bda8dff48">
      <Execution id="ac0e3780-178b-4ab5-b8cc-f5b9f5ad6b41" />
      <TestMethod codeBase="/Users/zackkhan/Downloads/opstrax-enterprise-build-fixed-nginx/telematics/tests/Opstrax.Telematics.Protocols.Tests/bin/Release/net8.0/Opstrax.Telematics.Protocols.Tests.dll" adapterTypeName="executor://xunit/VsTestRunner3/netcore/" className="Opstrax.Telematics.Protocols.Tests.Gt06AdapterTests" name="Out_of_order_frame_reports_its_own_earlier_device_time_and_higher_serial" />
    </UnitTest>
    <UnitTest name="Opstrax.Telematics.Protocols.Tests.Gt06AdapterTests.Metadata_publishes_gt06_name_and_version" storage="/users/zackkhan/downloads/opstrax-enterprise-build-fixed-nginx/telematics/tests/opstrax.telematics.protocols.tests/bin/release/net8.0/opstrax.telematics.protocols.tests.dll" id="643cfeef-a967-c355-56a6-a5700c9f7b3c">
      <Execution id="7e0f51b4-7d1b-4b6a-8c29-c87d4cca9efd" />
      <TestMethod codeBase="/Users/zackkhan/Downloads/opstrax-enterprise-build-fixed-nginx/telematics/tests/Opstrax.Telematics.Protocols.Tests/bin/Release/net8.0/Opstrax.Telematics.Protocols.Tests.dll" adapterTypeName="executor://xunit/VsTestRunner3/netcore/" className="Opstrax.Telematics.Protocols.Tests.Gt06AdapterTests" name="Metadata_publishes_gt06_name_and_version" />
    </UnitTest>
    <UnitTest name="Opstrax.Telematics.Protocols.Tests.Gt06AdapterTests.Extreme_speed_is_decoded_verbatim_and_never_silently_clamped" storage="/users/zackkhan/downloads/opstrax-enterprise-build-fixed-nginx/telematics/tests/opstrax.telematics.protocols.tests/bin/release/net8.0/opstrax.telematics.protocols.tests.dll" id="0893f093-c29a-0e39-61ba-b1ab21c5ade1">
      <Execution id="9f0599f7-a7a4-427e-a9be-560bfd6abf05" />
      <TestMethod codeBase="/Users/zackkhan/Downloads/opstrax-enterprise-build-fixed-nginx/telematics/tests/Opstrax.Telematics.Protocols.Tests/bin/Release/net8.0/Opstrax.Telematics.Protocols.Tests.dll" adapterTypeName="executor://xunit/VsTestRunner3/netcore/" className="Opstrax.Telematics.Protocols.Tests.Gt06AdapterTests" name="Extreme_speed_is_decoded_verbatim_and_never_silently_clamped" />
    </UnitTest>
    <UnitTest name="Opstrax.Telematics.Protocols.Tests.Gt06AdapterTests.EncodeAck_returns_empty_for_a_frame_that_needs_no_ack" storage="/users/zackkhan/downloads/opstrax-enterprise-build-fixed-nginx/telematics/tests/opstrax.telematics.protocols.tests/bin/release/net8.0/opstrax.telematics.protocols.tests.dll" id="1116343a-dd1e-0b08-82a1-349922365330">
      <Execution id="6d0a8bf6-3054-40b2-937f-0a386a9af365" />
      <TestMethod codeBase="/Users/zackkhan/Downloads/opstrax-enterprise-build-fixed-nginx/telematics/tests/Opstrax.Telematics.Protocols.Tests/bin/Release/net8.0/Opstrax.Telematics.Protocols.Tests.dll" adapterTypeName="executor://xunit/VsTestRunner3/netcore/" className="Opstrax.Telematics.Protocols.Tests.Gt06AdapterTests" name="EncodeAck_returns_empty_for_a_frame_that_needs_no_ack" />
    </UnitTest>
    <UnitTest name="Opstrax.Telematics.Protocols.Tests.Gt06AdapterTests.EncodeAck_for_heartbeat_matches_the_expected_server_response" storage="/users/zackkhan/downloads/opstrax-enterprise-build-fixed-nginx/telematics/tests/opstrax.telematics.protocols.tests/bin/release/net8.0/opstrax.telematics.protocols.tests.dll" id="46ff76e3-ee41-cdd1-ff32-ae1034dbdf90">
      <Execution id="0e027fb2-c090-46b5-a9c1-ccf4c2576f48" />
      <TestMethod codeBase="/Users/zackkhan/Downloads/opstrax-enterprise-build-fixed-nginx/telematics/tests/Opstrax.Telematics.Protocols.Tests/bin/Release/net8.0/Opstrax.Telematics.Protocols.Tests.dll" adapterTypeName="executor://xunit/VsTestRunner3/netcore/" className="Opstrax.Telematics.Protocols.Tests.Gt06AdapterTests" name="EncodeAck_for_heartbeat_matches_the_expected_server_response" />
    </UnitTest>
    <UnitTest name="Opstrax.Telematics.Protocols.Tests.Gt06AdapterTests.A_bad_crc_frame_between_good_frames_is_skipped_without_losing_the_others" storage="/users/zackkhan/downloads/opstrax-enterprise-build-fixed-nginx/telematics/tests/opstrax.telematics.protocols.tests/bin/release/net8.0/opstrax.telematics.protocols.tests.dll" id="f8e7f11d-a3ce-aeab-b34d-7e727c0f8a76">
      <Execution id="8d9e2613-f942-4939-aa1c-6d1c8a09c2ab" />
      <TestMethod codeBase="/Users/zackkhan/Downloads/opstrax-enterprise-build-fixed-nginx/telematics/tests/Opstrax.Telematics.Protocols.Tests/bin/Release/net8.0/Opstrax.Telematics.Protocols.Tests.dll" adapterTypeName="executor://xunit/VsTestRunner3/netcore/" className="Opstrax.Telematics.Protocols.Tests.Gt06AdapterTests" name="A_bad_crc_frame_between_good_frames_is_skipped_without_losing_the_others" />
    </UnitTest>
    <UnitTest name="Opstrax.Telematics.Protocols.Tests.Gt06AdapterTests.Truncated_frame_completes_once_the_rest_of_the_bytes_arrive" storage="/users/zackkhan/downloads/opstrax-enterprise-build-fixed-nginx/telematics/tests/opstrax.telematics.protocols.tests/bin/release/net8.0/opstrax.telematics.protocols.tests.dll" id="647132ae-3450-9b98-05ae-cd0bec1ed60c">
      <Execution id="21dc125e-f7f3-4c11-a9d7-f2c731e404ed" />
      <TestMethod codeBase="/Users/zackkhan/Downloads/opstrax-enterprise-build-fixed-nginx/telematics/tests/Opstrax.Telematics.Protocols.Tests/bin/Release/net8.0/Opstrax.Telematics.Protocols.Tests.dll" adapterTypeName="executor://xunit/VsTestRunner3/netcore/" className="Opstrax.Telematics.Protocols.Tests.Gt06AdapterTests" name="Truncated_frame_completes_once_the_rest_of_the_bytes_arrive" />
    </UnitTest>
  </TestDefinitions>
  <TestEntries>
    <TestEntry testId="a2b0377e-b83a-409a-4123-2bb08f2968a2" executionId="a396c009-8c76-4d41-b41b-8887dc0fe1c6" testListId="8c84fa94-04c1-424b-9868-57a2d4851a1d" />
    <TestEntry testId="46ff76e3-ee41-cdd1-ff32-ae1034dbdf90" executionId="0e027fb2-c090-46b5-a9c1-ccf4c2576f48" testListId="8c84fa94-04c1-424b-9868-57a2d4851a1d" />
    <TestEntry testId="e8fb5115-d3b3-f1e6-2d17-c180ba0965ee" executionId="9a3cc741-066e-412e-a3d2-d59b2a34c895" testListId="8c84fa94-04c1-424b-9868-57a2d4851a1d" />
    <TestEntry testId="643cfeef-a967-c355-56a6-a5700c9f7b3c" executionId="7e0f51b4-7d1b-4b6a-8c29-c87d4cca9efd" testListId="8c84fa94-04c1-424b-9868-57a2d4851a1d" />
    <TestEntry testId="a02dd75b-e995-5ec2-3ff2-4b81c5bd3075" executionId="c33b76d4-4a29-4596-a87c-ce200e0bf175" testListId="8c84fa94-04c1-424b-9868-57a2d4851a1d" />
    <TestEntry testId="32483a69-cef5-349b-01ee-a22587c4426a" executionId="1cb715e7-7ce8-46d7-be1a-08783a20e0d7" testListId="8c84fa94-04c1-424b-9868-57a2d4851a1d" />
    <TestEntry testId="a8bbd69c-2d2c-3d8b-65d0-438ea5743eb3" executionId="02851ed5-fc41-47ca-afb4-1d644cea06aa" testListId="8c84fa94-04c1-424b-9868-57a2d4851a1d" />
    <TestEntry testId="6e782c66-3c40-a7a7-9fb6-3307d583ec6a" executionId="c645a926-1ecb-4c71-8f77-5b00917cf60a" testListId="8c84fa94-04c1-424b-9868-57a2d4851a1d" />
    <TestEntry testId="abca7fd3-76c3-86c8-9458-24136aacf26d" executionId="521ab7d6-7728-4cb1-b513-a13ea95a0807" testListId="8c84fa94-04c1-424b-9868-57a2d4851a1d" />
    <TestEntry testId="e92f88a9-4870-fa27-28ac-d5e4f8ea8259" executionId="89e76d8d-c2c7-4539-ae07-56c1e230c9b1" testListId="8c84fa94-04c1-424b-9868-57a2d4851a1d" />
    <TestEntry testId="2f59638b-b14e-b1f9-c4eb-1e91d1bfb348" executionId="690eb725-afe1-4032-b350-fab536f1f9fa" testListId="8c84fa94-04c1-424b-9868-57a2d4851a1d" />
    <TestEntry testId="8c4f87c3-7d8e-9b7b-4508-19d4066bd59f" executionId="7ac3d773-aa1f-490f-b652-29abf5128e6e" testListId="8c84fa94-04c1-424b-9868-57a2d4851a1d" />
    <TestEntry testId="8a87b71f-036d-b8ba-3ef8-e455bed480ae" executionId="fdd77a9e-b12b-4a9a-8745-6880d1bf8d83" testListId="8c84fa94-04c1-424b-9868-57a2d4851a1d" />
    <TestEntry testId="0ce6b6ce-e08d-f11c-8b74-2c902ff0e2d4" executionId="f1efe4b8-3e38-44a7-8d6a-b39d49d31934" testListId="8c84fa94-04c1-424b-9868-57a2d4851a1d" />
    <TestEntry testId="0893f093-c29a-0e39-61ba-b1ab21c5ade1" executionId="9f0599f7-a7a4-427e-a9be-560bfd6abf05" testListId="8c84fa94-04c1-424b-9868-57a2d4851a1d" />
    <TestEntry testId="e4931f6b-e25b-07d2-9c7d-e18869c09a05" executionId="41595d1f-0da3-456c-ba1f-c55a8692bce5" testListId="8c84fa94-04c1-424b-9868-57a2d4851a1d" />
    <TestEntry testId="0fdd8c1b-640b-981d-1aab-1e247b2950de" executionId="90b69a85-c2ae-45bc-bae9-195e141b8c55" testListId="8c84fa94-04c1-424b-9868-57a2d4851a1d" />
    <TestEntry testId="d9c4c1e8-add1-e9a5-92d9-9a602e92b767" executionId="3a68b5ef-9e6e-4931-896a-5dfb32126993" testListId="8c84fa94-04c1-424b-9868-57a2d4851a1d" />
    <TestEntry testId="826f014c-1049-0c7c-8b5c-219a7f005e7c" executionId="b2c9df48-f427-4b29-afa2-da5a9fe80c62" testListId="8c84fa94-04c1-424b-9868-57a2d4851a1d" />
    <TestEntry testId="cf9994de-9f12-8876-4f43-061bda8dff48" executionId="ac0e3780-178b-4ab5-b8cc-f5b9f5ad6b41" testListId="8c84fa94-04c1-424b-9868-57a2d4851a1d" />
    <TestEntry testId="e00f9cac-83d4-c992-f2e3-5d823886b3e6" executionId="a0a32e67-040b-4a4f-add5-9293d3c7b488" testListId="8c84fa94-04c1-424b-9868-57a2d4851a1d" />
    <TestEntry testId="5f713ad2-b0fb-5f82-1f79-96954f268a72" executionId="ee8d7b15-731b-4dab-8342-083989bdc560" testListId="8c84fa94-04c1-424b-9868-57a2d4851a1d" />
    <TestEntry testId="f8e7f11d-a3ce-aeab-b34d-7e727c0f8a76" executionId="8d9e2613-f942-4939-aa1c-6d1c8a09c2ab" testListId="8c84fa94-04c1-424b-9868-57a2d4851a1d" />
    <TestEntry testId="88aa3a1e-e9c0-f05a-1b98-436e3c554af5" executionId="dbb607dc-2e65-4f23-9e99-67b8d88533d6" testListId="8c84fa94-04c1-424b-9868-57a2d4851a1d" />
    <TestEntry testId="647132ae-3450-9b98-05ae-cd0bec1ed60c" executionId="21dc125e-f7f3-4c11-a9d7-f2c731e404ed" testListId="8c84fa94-04c1-424b-9868-57a2d4851a1d" />
    <TestEntry testId="5c9b8cc4-3cfe-2343-cd23-1e92484026e9" executionId="fa1d63a2-a9ad-4744-8181-4271dd805240" testListId="8c84fa94-04c1-424b-9868-57a2d4851a1d" />
    <TestEntry testId="e4973a09-c734-aa5b-c1de-daa9b3af70bb" executionId="656b926a-15b3-4ca7-8bb5-a0b3542b3af4" testListId="8c84fa94-04c1-424b-9868-57a2d4851a1d" />
    <TestEntry testId="f099230e-f654-5f73-ebcd-d382fc88dc0f" executionId="283c3ec4-1eb8-4497-8ee8-bfe493423066" testListId="8c84fa94-04c1-424b-9868-57a2d4851a1d" />
    <TestEntry testId="bdae6d2e-dd9b-ba40-90bc-5ce80d3fdd0e" executionId="07610d16-8b09-4e31-85d0-36c40d2c439b" testListId="8c84fa94-04c1-424b-9868-57a2d4851a1d" />
    <TestEntry testId="1116343a-dd1e-0b08-82a1-349922365330" executionId="6d0a8bf6-3054-40b2-937f-0a386a9af365" testListId="8c84fa94-04c1-424b-9868-57a2d4851a1d" />
    <TestEntry testId="af69750e-309b-ae0f-a157-181bbd76fa07" executionId="8513ff2c-e5b6-4a2c-bf27-78e089aa9d7d" testListId="8c84fa94-04c1-424b-9868-57a2d4851a1d" />
    <TestEntry testId="9bac35aa-8ea7-2c4e-aea2-1ed8b46c06b2" executionId="f3f50522-671d-4ee0-843d-195c051d6606" testListId="8c84fa94-04c1-424b-9868-57a2d4851a1d" />
    <TestEntry testId="2586b801-2afd-b979-2ab2-fecd8227f84d" executionId="8b0f5022-119b-4197-a52f-795d5ddc1855" testListId="8c84fa94-04c1-424b-9868-57a2d4851a1d" />
    <TestEntry testId="f82d3221-3584-3899-38c0-8d527a6db9b7" executionId="f0aa0b2d-1437-4a95-9669-04776836f547" testListId="8c84fa94-04c1-424b-9868-57a2d4851a1d" />
    <TestEntry testId="bab09de1-1bfe-e3b7-74be-8ca4dee345c0" executionId="0014f4f4-5ddc-4293-a6eb-f100c50120bf" testListId="8c84fa94-04c1-424b-9868-57a2d4851a1d" />
    <TestEntry testId="4d4bae88-c393-0739-db26-e98f29f565b6" executionId="443d5eb0-442b-45f4-b9ae-c2e858a8dc28" testListId="8c84fa94-04c1-424b-9868-57a2d4851a1d" />
    <TestEntry testId="a071a1bc-597f-852d-1244-7b342431fc58" executionId="79f66c37-38d3-40b4-9740-d63a437cea6c" testListId="8c84fa94-04c1-424b-9868-57a2d4851a1d" />
    <TestEntry testId="86d00ac7-4f8e-861e-c528-21324b7fb5e9" executionId="22af63ef-4aac-4f40-8617-60719f79a32a" testListId="8c84fa94-04c1-424b-9868-57a2d4851a1d" />
    <TestEntry testId="5e6a113a-4f50-b637-8aeb-aef6bcc37eba" executionId="c4a4ed22-3e8c-4fcb-87cf-e33cfee42683" testListId="8c84fa94-04c1-424b-9868-57a2d4851a1d" />
  </TestEntries>
  <TestLists>
    <TestList name="Results Not in a List" id="8c84fa94-04c1-424b-9868-57a2d4851a1d" />
    <TestList name="All Loaded Results" id="19431567-8539-422a-85d7-44ee4e166bda" />
  </TestLists>
  <ResultSummary outcome="Completed">
    <Counters total="39" executed="39" passed="39" failed="0" error="0" timeout="0" aborted="0" inconclusive="0" passedButRunAborted="0" notRunnable="0" notExecuted="0" disconnected="0" warning="0" completed="0" inProgress="0" pending="0" />
    <Output>
      <StdOut>[xUnit.net 00:00:00.00] xUnit.net VSTest Adapter v3.1.4+50e68bbb8b (64-bit .NET 8.0.27)
[xUnit.net 00:00:00.05]   Discovering: Opstrax.Telematics.Protocols.Tests
[xUnit.net 00:00:00.08]   Discovered:  Opstrax.Telematics.Protocols.Tests
[xUnit.net 00:00:00.10]   Starting:    Opstrax.Telematics.Protocols.Tests
[xUnit.net 00:00:00.16]   Finished:    Opstrax.Telematics.Protocols.Tests
</StdOut>
    </Output>
  </ResultSummary>
</TestRun>