<?xml version="1.0" encoding="utf-8"?>
<TestRun id="50f27575-7bc9-4a6e-b8a0-68cd2d142204" name="@Mac 2026-08-22 14:32:59" xmlns="http://microsoft.com/schemas/VisualStudio/TeamTest/2010">
  <Times creation="2026-08-22T14:32:59.3059500-04:00" queuing="2026-08-22T14:32:59.3059500-04:00" start="2026-08-22T14:32:58.9231780-04:00" finish="2026-08-22T14:32:59.3217850-04:00" />
  <TestSettings name="default" id="be237054-e1af-4505-b99c-381a4c76a80e">
    <Deployment runDeploymentRoot="_Mac_2026-08-22_14_32_59" />
  </TestSettings>
  <Results>
    <UnitTestResult executionId="43ca2332-e1e2-4be7-a9fa-a34597037c17" testId="f30febec-0caa-b4f4-7e9e-370a61c421ba" testName="Opstrax.Telematics.Security.Tests.InMemoryReplayGuardTests.RecentUse_RefreshesLruRecency" computerName="Mac" duration="00:00:00.0001101" startTime="2026-08-22T14:32:59.2949330-04:00" endTime="2026-08-22T14:32:59.2949550-04:00" testType="13cdc9d9-ddb5-4fa4-a97d-d965ccfc6d4b" outcome="Passed" testListId="8c84fa94-04c1-424b-9868-57a2d4851a1d" relativeResultsDirectory="43ca2332-e1e2-4be7-a9fa-a34597037c17" />
    <UnitTestResult executionId="6d5f3c5a-0597-477d-a0c6-ad6234633ac2" testId="8eb4bff4-5dcf-66b8-58c6-e894c13cf4df" testName="Opstrax.Telematics.Security.Tests.InMemoryReplayGuardTests.CheckAsync_IsBehaviorParity_And_Dedups" computerName="Mac" duration="00:00:00.0004069" startTime="2026-08-22T14:32:59.2980800-04:00" endTime="2026-08-22T14:32:59.2981010-04:00" testType="13cdc9d9-ddb5-4fa4-a97d-d965ccfc6d4b" outcome="Passed" testListId="8c84fa94-04c1-424b-9868-57a2d4851a1d" relativeResultsDirectory="6d5f3c5a-0597-477d-a0c6-ad6234633ac2" />
    <UnitTestResult executionId="f96ae116-7b4d-40ac-ab6c-45efa59f0237" testId="e2578d55-e8ab-8e9d-bf34-fc21e6332680" testName="Opstrax.Telematics.Security.Tests.DefaultDeviceAuthenticatorTests.Suspended_device_is_rejected" computerName="Mac" duration="00:00:00.0001724" startTime="2026-08-22T14:32:59.2945210-04:00" endTime="2026-08-22T14:32:59.2945430-04:00" testType="13cdc9d9-ddb5-4fa4-a97d-d965ccfc6d4b" outcome="Passed" testListId="8c84fa94-04c1-424b-9868-57a2d4851a1d" relativeResultsDirectory="f96ae116-7b4d-40ac-ab6c-45efa59f0237" />
    <UnitTestResult executionId="7f15374f-2c1b-4efc-ba33-22b0a44e3d96" testId="8333762b-1700-7cee-ebe2-610c750cb938" testName="Opstrax.Telematics.Security.Tests.DefaultDeviceAuthenticatorTests.RawTcp_DoesNotPretendCertificateAuthenticationOccurred(mode: ClientCertificate)" computerName="Mac" duration="00:00:00.0002215" startTime="2026-08-22T14:32:59.2920580-04:00" endTime="2026-08-22T14:32:59.2920800-04:00" testType="13cdc9d9-ddb5-4fa4-a97d-d965ccfc6d4b" outcome="Passed" testListId="8c84fa94-04c1-424b-9868-57a2d4851a1d" relativeResultsDirectory="7f15374f-2c1b-4efc-ba33-22b0a44e3d96" />
    <UnitTestResult executionId="3c96b7ca-03a9-401e-9d8d-968e099ce5a3" testId="876a1422-ad18-208d-fc51-4e67f8114e7c" testName="Opstrax.Telematics.Security.Tests.DefaultDeviceAuthenticatorTests.Allowlisted_imei_passes_under_allowlist_only_policy" computerName="Mac" duration="00:00:00.0002052" startTime="2026-08-22T14:32:59.2919000-04:00" endTime="2026-08-22T14:32:59.2919300-04:00" testType="13cdc9d9-ddb5-4fa4-a97d-d965ccfc6d4b" outcome="Passed" testListId="8c84fa94-04c1-424b-9868-57a2d4851a1d" relativeResultsDirectory="3c96b7ca-03a9-401e-9d8d-968e099ce5a3" />
    <UnitTestResult executionId="f790b37a-a8df-40cc-b7e0-f07fe4fdf9f6" testId="fc67560a-907b-d535-1e78-d92123c3d0d2" testName="Opstrax.Telematics.Security.Tests.DefaultDeviceAuthenticatorTests.Valid_per_device_hmac_authenticates_cryptographically" computerName="Mac" duration="00:00:00.0022104" startTime="2026-08-22T14:32:59.2915110-04:00" endTime="2026-08-22T14:32:59.2918330-04:00" testType="13cdc9d9-ddb5-4fa4-a97d-d965ccfc6d4b" outcome="Passed" testListId="8c84fa94-04c1-424b-9868-57a2d4851a1d" relativeResultsDirectory="f790b37a-a8df-40cc-b7e0-f07fe4fdf9f6" />
    <UnitTestResult executionId="7db09f23-e7f8-4d74-b6f0-b97552231313" testId="445f4c58-7959-336d-ffba-506fa8aeae3c" testName="Opstrax.Telematics.Security.Tests.DefaultDeviceAuthenticatorTests.Unresolvable_credential_fails_closed" computerName="Mac" duration="00:00:00.0002130" startTime="2026-08-22T14:32:59.2939400-04:00" endTime="2026-08-22T14:32:59.2939610-04:00" testType="13cdc9d9-ddb5-4fa4-a97d-d965ccfc6d4b" outcome="Passed" testListId="8c84fa94-04c1-424b-9868-57a2d4851a1d" relativeResultsDirectory="7db09f23-e7f8-4d74-b6f0-b97552231313" />
    <UnitTestResult executionId="1d6f6e07-b688-41f6-9bad-d866654e9429" testId="a85b62a1-6990-178e-a216-93d9ecde86b9" testName="Opstrax.Telematics.Security.Tests.DefaultDeviceAuthenticatorTests.Successful_imei_allowlist_login_is_explicitly_not_cryptographically_authenticated" computerName="Mac" duration="00:00:00.0001872" startTime="2026-08-22T14:32:59.2944380-04:00" endTime="2026-08-22T14:32:59.2944650-04:00" testType="13cdc9d9-ddb5-4fa4-a97d-d965ccfc6d4b" outcome="Passed" testListId="8c84fa94-04c1-424b-9868-57a2d4851a1d" relativeResultsDirectory="1d6f6e07-b688-41f6-9bad-d866654e9429" />
    <UnitTestResult executionId="196ee251-38e0-49e6-b7c7-6e0e67873999" testId="94371466-9076-9261-41a6-7005c4d6d632" testName="Opstrax.Telematics.Security.Tests.InMemoryReplayGuardTests.DedupWindow_EvictsLeastRecentEntry_AtCapacity" computerName="Mac" duration="00:00:00.0001098" startTime="2026-08-22T14:32:59.2953340-04:00" endTime="2026-08-22T14:32:59.2953560-04:00" testType="13cdc9d9-ddb5-4fa4-a97d-d965ccfc6d4b" outcome="Passed" testListId="8c84fa94-04c1-424b-9868-57a2d4851a1d" relativeResultsDirectory="196ee251-38e0-49e6-b7c7-6e0e67873999" />
    <UnitTestResult executionId="d895d4ec-eaa8-4daa-a1c1-1f5acd0ce421" testId="44f1c6c1-beab-95ba-6355-0c3540d47682" testName="Opstrax.Telematics.Security.Tests.DefaultDeviceAuthenticatorTests.RawTcp_DoesNotPretendCertificateAuthenticationOccurred(mode: MutualTls)" computerName="Mac" duration="00:00:00.0000696" startTime="2026-08-22T14:32:59.2921160-04:00" endTime="2026-08-22T14:32:59.2921380-04:00" testType="13cdc9d9-ddb5-4fa4-a97d-d965ccfc6d4b" outcome="Passed" testListId="8c84fa94-04c1-424b-9868-57a2d4851a1d" relativeResultsDirectory="d895d4ec-eaa8-4daa-a1c1-1f5acd0ce421" />
    <UnitTestResult executionId="e6b4b45f-591e-41f7-a811-07a75511c4b5" testId="73806078-f273-81ce-8082-8f3043dd57b5" testName="Opstrax.Telematics.Security.Tests.InMemoryReplayGuardTests.ExactDuplicate_IsDuplicateReplay" computerName="Mac" duration="00:00:00.0000600" startTime="2026-08-22T14:32:59.2955660-04:00" endTime="2026-08-22T14:32:59.2955860-04:00" testType="13cdc9d9-ddb5-4fa4-a97d-d965ccfc6d4b" outcome="Passed" testListId="8c84fa94-04c1-424b-9868-57a2d4851a1d" relativeResultsDirectory="e6b4b45f-591e-41f7-a811-07a75511c4b5" />
    <UnitTestResult executionId="a167eff6-c29b-4425-bc27-77ff997b3081" testId="929a1f52-7257-b563-6fce-b70e411439b7" testName="Opstrax.Telematics.Security.Tests.DefaultDeviceAuthenticatorTests.Matching_sim_iccid_passes" computerName="Mac" duration="00:00:00.0061056" startTime="2026-08-22T14:32:59.2583900-04:00" endTime="2026-08-22T14:32:59.2700520-04:00" testType="13cdc9d9-ddb5-4fa4-a97d-d965ccfc6d4b" outcome="Passed" testListId="8c84fa94-04c1-424b-9868-57a2d4851a1d" relativeResultsDirectory="a167eff6-c29b-4425-bc27-77ff997b3081" />
    <UnitTestResult executionId="c0b2b324-39aa-43ed-b28f-92adf0875fdf" testId="0a075dec-2038-e620-b513-49b8096a1297" testName="Opstrax.Telematics.Security.Tests.DeploymentHardeningContractTests.Installer_NeverSeedsTheAllowlistFromTheExampleFile" computerName="Mac" duration="00:00:00.0037968" startTime="2026-08-22T14:32:59.2584100-04:00" endTime="2026-08-22T14:32:59.2648020-04:00" testType="13cdc9d9-ddb5-4fa4-a97d-d965ccfc6d4b" outcome="Passed" testListId="8c84fa94-04c1-424b-9868-57a2d4851a1d" relativeResultsDirectory="c0b2b324-39aa-43ed-b28f-92adf0875fdf" />
    <UnitTestResult executionId="c7d17493-63da-478e-9d78-a2fa6d28b80e" testId="bbf4e4b6-a3e6-c065-6642-dcac4eeb6d9e" testName="Opstrax.Telematics.Security.Tests.InMemoryReplayGuardTests.InvalidConstructorArgs_Throw" computerName="Mac" duration="00:00:00.0002674" startTime="2026-08-22T14:32:59.2954070-04:00" endTime="2026-08-22T14:32:59.2954300-04:00" testType="13cdc9d9-ddb5-4fa4-a97d-d965ccfc6d4b" outcome="Passed" testListId="8c84fa94-04c1-424b-9868-57a2d4851a1d" relativeResultsDirectory="c7d17493-63da-478e-9d78-a2fa6d28b80e" />
    <UnitTestResult executionId="c3090409-2184-4c91-aebf-0647ab50d90e" testId="12514c01-30ae-a549-8b88-514fe4f56103" testName="Opstrax.Telematics.Security.Tests.DeploymentHardeningContractTests.ServiceManifests_DoNotDeclareTheRetiredTelemetrySecretKeys(manifest: &quot;render.yaml&quot;)" computerName="Mac" duration="00:00:00.0002386" startTime="2026-08-22T14:32:59.2698610-04:00" endTime="2026-08-22T14:32:59.2698880-04:00" testType="13cdc9d9-ddb5-4fa4-a97d-d965ccfc6d4b" outcome="Passed" testListId="8c84fa94-04c1-424b-9868-57a2d4851a1d" relativeResultsDirectory="c3090409-2184-4c91-aebf-0647ab50d90e" />
    <UnitTestResult executionId="7b565522-5e20-40f8-99de-efaa2b105672" testId="b45449e1-723a-2c45-f11a-69a3341f5e06" testName="Opstrax.Telematics.Security.Tests.DefaultDeviceAuthenticatorTests.ImeiAllowlistOnly_is_flagged_low_trust_and_non_cryptographic" computerName="Mac" duration="00:00:00.0000396" startTime="2026-08-22T14:32:59.2921870-04:00" endTime="2026-08-22T14:32:59.2922090-04:00" testType="13cdc9d9-ddb5-4fa4-a97d-d965ccfc6d4b" outcome="Passed" testListId="8c84fa94-04c1-424b-9868-57a2d4851a1d" relativeResultsDirectory="7b565522-5e20-40f8-99de-efaa2b105672" />
    <UnitTestResult executionId="35001a01-0e59-42c4-9ad9-5e9bfcd45756" testId="020684c3-030d-b9cf-1de6-928d0d3201d1" testName="Opstrax.Telematics.Security.Tests.InMemoryReplayGuardTests.InvalidDeviceId_Throws(deviceId: &quot;&quot;)" computerName="Mac" duration="00:00:00.0000625" startTime="2026-08-22T14:32:59.2975440-04:00" endTime="2026-08-22T14:32:59.2975640-04:00" testType="13cdc9d9-ddb5-4fa4-a97d-d965ccfc6d4b" outcome="Passed" testListId="8c84fa94-04c1-424b-9868-57a2d4851a1d" relativeResultsDirectory="35001a01-0e59-42c4-9ad9-5e9bfcd45756" />
    <UnitTestResult executionId="e73ddc0c-86a6-4ecf-b78d-e93b6d53576e" testId="e3af3ca2-c63e-6042-08bd-7fde0088d2bb" testName="Opstrax.Telematics.Security.Tests.DefaultDeviceAuthenticatorTests.Invalid_per_device_hmac_is_rejected" computerName="Mac" duration="00:00:00.0030928" startTime="2026-08-22T14:32:59.2938690-04:00" endTime="2026-08-22T14:32:59.2938910-04:00" testType="13cdc9d9-ddb5-4fa4-a97d-d965ccfc6d4b" outcome="Passed" testListId="8c84fa94-04c1-424b-9868-57a2d4851a1d" relativeResultsDirectory="e73ddc0c-86a6-4ecf-b78d-e93b6d53576e" />
    <UnitTestResult executionId="b3b2338b-2536-4e40-95f4-916b0037836a" testId="ebd9c00c-8f04-3736-2030-578bdb5ef18b" testName="Opstrax.Telematics.Security.Tests.DefaultDeviceAuthenticatorTests.Changed_sim_iccid_quarantines_the_device" computerName="Mac" duration="00:00:00.0002247" startTime="2026-08-22T14:32:59.2932160-04:00" endTime="2026-08-22T14:32:59.2932370-04:00" testType="13cdc9d9-ddb5-4fa4-a97d-d965ccfc6d4b" outcome="Passed" testListId="8c84fa94-04c1-424b-9868-57a2d4851a1d" relativeResultsDirectory="b3b2338b-2536-4e40-95f4-916b0037836a" />
    <UnitTestResult executionId="f6d915db-1bf4-40b8-9006-607005be4468" testId="8348dcab-c662-7ab7-5663-c35b23b33b60" testName="Opstrax.Telematics.Security.Tests.DeploymentHardeningContractTests.Installer_AcceptsNoSecretOnTheCommandLine" computerName="Mac" duration="00:00:00.0001465" startTime="2026-08-22T14:32:59.2694260-04:00" endTime="2026-08-22T14:32:59.2694660-04:00" testType="13cdc9d9-ddb5-4fa4-a97d-d965ccfc6d4b" outcome="Passed" testListId="8c84fa94-04c1-424b-9868-57a2d4851a1d" relativeResultsDirectory="f6d915db-1bf4-40b8-9006-607005be4468" />
    <UnitTestResult executionId="aa843c2f-339d-40d1-989f-aee8804738c4" testId="7ddd372f-7024-a461-f6b2-948bfeaf7fa6" testName="Opstrax.Telematics.Security.Tests.InMemoryReplayGuardTests.ReplayOfAcceptedFrame_IsAlwaysRejected_EvenAfterEviction" computerName="Mac" duration="00:00:00.0001168" startTime="2026-08-22T14:32:59.2952510-04:00" endTime="2026-08-22T14:32:59.2952740-04:00" testType="13cdc9d9-ddb5-4fa4-a97d-d965ccfc6d4b" outcome="Passed" testListId="8c84fa94-04c1-424b-9868-57a2d4851a1d" relativeResultsDirectory="aa843c2f-339d-40d1-989f-aee8804738c4" />
    <UnitTestResult executionId="b5c2eccf-b9e9-426d-a44d-d9a8de31a2f3" testId="bcfa12ee-dc11-f321-14f8-ddfb994896fd" testName="Opstrax.Telematics.Security.Tests.DefaultDeviceAuthenticatorTests.Login_with_no_identifier_is_rejected" computerName="Mac" duration="00:00:00.0002097" startTime="2026-08-22T14:32:59.2943510-04:00" endTime="2026-08-22T14:32:59.2943770-04:00" testType="13cdc9d9-ddb5-4fa4-a97d-d965ccfc6d4b" outcome="Passed" testListId="8c84fa94-04c1-424b-9868-57a2d4851a1d" relativeResultsDirectory="b5c2eccf-b9e9-426d-a44d-d9a8de31a2f3" />
    <UnitTestResult executionId="6e6ccc5c-f6f1-42fb-b596-4b257bec38df" testId="c9e0dbfe-fb19-0513-1c60-0d5fa1cb9b4a" testName="Opstrax.Telematics.Security.Tests.DeploymentHardeningContractTests.GatewayCompositionRoot_HasNoCommandLineConfigurationSource" computerName="Mac" duration="00:00:00.0003200" startTime="2026-08-22T14:32:59.2699440-04:00" endTime="2026-08-22T14:32:59.2699700-04:00" testType="13cdc9d9-ddb5-4fa4-a97d-d965ccfc6d4b" outcome="Passed" testListId="8c84fa94-04c1-424b-9868-57a2d4851a1d" relativeResultsDirectory="6e6ccc5c-f6f1-42fb-b596-4b257bec38df" />
    <UnitTestResult executionId="98ec416c-e931-4f17-9975-6b7abe2f14f7" testId="f882a6bd-a657-b9a6-9021-f6e76a46ce70" testName="Opstrax.Telematics.Security.Tests.DefaultDeviceAuthenticatorTests.Cryptographic_modes_are_classified_as_such" computerName="Mac" duration="00:00:00.0000368" startTime="2026-08-22T14:32:59.2948030-04:00" endTime="2026-08-22T14:32:59.2948250-04:00" testType="13cdc9d9-ddb5-4fa4-a97d-d965ccfc6d4b" outcome="Passed" testListId="8c84fa94-04c1-424b-9868-57a2d4851a1d" relativeResultsDirectory="98ec416c-e931-4f17-9975-6b7abe2f14f7" />
    <UnitTestResult executionId="9e670f1e-e282-428a-9d42-9ba55213592c" testId="77228ea7-03de-2ec4-d54b-aa6f95815862" testName="Opstrax.Telematics.Security.Tests.DefaultDeviceAuthenticatorTests.Missing_source_ip_is_rejected_when_a_pin_is_configured" computerName="Mac" duration="00:00:00.0015536" startTime="2026-08-22T14:32:59.2919840-04:00" endTime="2026-08-22T14:32:59.2920060-04:00" testType="13cdc9d9-ddb5-4fa4-a97d-d965ccfc6d4b" outcome="Passed" testListId="8c84fa94-04c1-424b-9868-57a2d4851a1d" relativeResultsDirectory="9e670f1e-e282-428a-9d42-9ba55213592c" />
    <UnitTestResult executionId="ea9103ae-ae46-434f-bc82-a6f565f045ab" testId="0ed9aa71-184a-13d6-615c-3852b0f7c490" testName="Opstrax.Telematics.Security.Tests.DeploymentHardeningContractTests.ExampleAllowlist_NoLongerShipsThePilotImei" computerName="Mac" duration="00:00:00.0002352" startTime="2026-08-22T14:32:59.2696960-04:00" endTime="2026-08-22T14:32:59.2697250-04:00" testType="13cdc9d9-ddb5-4fa4-a97d-d965ccfc6d4b" outcome="Passed" testListId="8c84fa94-04c1-424b-9868-57a2d4851a1d" relativeResultsDirectory="ea9103ae-ae46-434f-bc82-a6f565f045ab" />
    <UnitTestResult executionId="8f8dc5d4-a59e-45f2-b452-2d368c724180" testId="17e34384-f51e-b57d-329c-d3b513995bb4" testName="Opstrax.Telematics.Security.Tests.InMemoryReplayGuardTests.EqualSerial_DistinctContent_IsAccepted_ButDoesNotBlockLaterProgress" computerName="Mac" duration="00:00:00.0000904" startTime="2026-08-22T14:32:59.2954950-04:00" endTime="2026-08-22T14:32:59.2955200-04:00" testType="13cdc9d9-ddb5-4fa4-a97d-d965ccfc6d4b" outcome="Passed" testListId="8c84fa94-04c1-424b-9868-57a2d4851a1d" relativeResultsDirectory="8f8dc5d4-a59e-45f2-b452-2d368c724180" />
    <UnitTestResult executionId="0246a7ce-6b7c-4f05-8eba-398ebe64fbf2" testId="f789d0bd-9f00-840f-a67a-d03863f20f28" testName="Opstrax.Telematics.Security.Tests.InMemoryReplayGuardTests.WraparoundMode_TreatsCounterWrap_AsForwardProgress" computerName="Mac" duration="00:00:00.0000666" startTime="2026-08-22T14:32:59.2978570-04:00" endTime="2026-08-22T14:32:59.2978800-04:00" testType="13cdc9d9-ddb5-4fa4-a97d-d965ccfc6d4b" outcome="Passed" testListId="8c84fa94-04c1-424b-9868-57a2d4851a1d" relativeResultsDirectory="0246a7ce-6b7c-4f05-8eba-398ebe64fbf2" />
    <UnitTestResult executionId="1cd1cc7a-0009-4b4b-9cbb-3a9806f469ce" testId="1ddca2af-2a79-d09b-7f3e-a66d5d3c477d" testName="Opstrax.Telematics.Security.Tests.DefaultDeviceAuthenticatorTests.Missing_hmac_proof_is_rejected_under_hmac_policy" computerName="Mac" duration="00:00:00.0001740" startTime="2026-08-22T14:32:59.2947290-04:00" endTime="2026-08-22T14:32:59.2947530-04:00" testType="13cdc9d9-ddb5-4fa4-a97d-d965ccfc6d4b" outcome="Passed" testListId="8c84fa94-04c1-424b-9868-57a2d4851a1d" relativeResultsDirectory="1cd1cc7a-0009-4b4b-9cbb-3a9806f469ce" />
    <UnitTestResult executionId="5f1e8c5a-3629-485f-9c05-ffd8d41baa4c" testId="b1840d51-a99d-014a-dda8-dd65b5943dd4" testName="Opstrax.Telematics.Security.Tests.InMemoryReplayGuardTests.WraparoundMode_ExactHalfRange_IsAmbiguousAndFailsClosed" computerName="Mac" duration="00:00:00.0000591" startTime="2026-08-22T14:32:59.2979330-04:00" endTime="2026-08-22T14:32:59.2979540-04:00" testType="13cdc9d9-ddb5-4fa4-a97d-d965ccfc6d4b" outcome="Passed" testListId="8c84fa94-04c1-424b-9868-57a2d4851a1d" relativeResultsDirectory="5f1e8c5a-3629-485f-9c05-ffd8d41baa4c" />
    <UnitTestResult executionId="b321ea14-0180-4b1f-a001-87df234f8463" testId="1c8e81f1-6352-877a-8b3f-9fc338644a72" testName="Opstrax.Telematics.Security.Tests.DeploymentHardeningContractTests.ServiceManifests_DoNotDeclareTheRetiredTelemetrySecretKeys(manifest: &quot;docker-compose.yml&quot;)" computerName="Mac" duration="00:00:00.0001894" startTime="2026-08-22T14:32:59.2697920-04:00" endTime="2026-08-22T14:32:59.2698170-04:00" testType="13cdc9d9-ddb5-4fa4-a97d-d965ccfc6d4b" outcome="Passed" testListId="8c84fa94-04c1-424b-9868-57a2d4851a1d" relativeResultsDirectory="b321ea14-0180-4b1f-a001-87df234f8463" />
    <UnitTestResult executionId="1e277e37-026b-4e57-aa2e-abdf26256c0b" testId="ba56164b-5b75-9c76-6eba-d8deae41552a" testName="Opstrax.Telematics.Security.Tests.DefaultDeviceAuthenticatorTests.Retired_device_is_rejected" computerName="Mac" duration="00:00:00.0001771" startTime="2026-08-22T14:32:59.2945900-04:00" endTime="2026-08-22T14:32:59.2946110-04:00" testType="13cdc9d9-ddb5-4fa4-a97d-d965ccfc6d4b" outcome="Passed" testListId="8c84fa94-04c1-424b-9868-57a2d4851a1d" relativeResultsDirectory="1e277e37-026b-4e57-aa2e-abdf26256c0b" />
    <UnitTestResult executionId="a01fa5dc-b809-400d-ab74-91157baa58ae" testId="be0c5350-8836-2918-e325-3c1ba031c088" testName="Opstrax.Telematics.Security.Tests.DefaultDeviceAuthenticatorTests.Matching_source_ip_passes_when_pinned" computerName="Mac" duration="00:00:00.0002314" startTime="2026-08-22T14:32:59.2940100-04:00" endTime="2026-08-22T14:32:59.2940320-04:00" testType="13cdc9d9-ddb5-4fa4-a97d-d965ccfc6d4b" outcome="Passed" testListId="8c84fa94-04c1-424b-9868-57a2d4851a1d" relativeResultsDirectory="a01fa5dc-b809-400d-ab74-91157baa58ae" />
    <UnitTestResult executionId="3b768251-de34-4bd4-8110-90f1e502ca3b" testId="d3d6281b-502d-f105-61f5-21203a86184c" testName="Opstrax.Telematics.Security.Tests.InMemoryReplayGuardTests.WraparoundMode_RepeatedHeartbeatInLaterGenerationGetsANewEventIdentity" computerName="Mac" duration="00:00:00.0007706" startTime="2026-08-22T14:32:59.2974190-04:00" endTime="2026-08-22T14:32:59.2974420-04:00" testType="13cdc9d9-ddb5-4fa4-a97d-d965ccfc6d4b" outcome="Passed" testListId="8c84fa94-04c1-424b-9868-57a2d4851a1d" relativeResultsDirectory="3b768251-de34-4bd4-8110-90f1e502ca3b" />
    <UnitTestResult executionId="f15d4a8d-6206-4430-885a-e1c511d56b9c" testId="50f25420-b2e5-2980-e396-6fa66e439793" testName="Opstrax.Telematics.Security.Tests.InMemoryReplayGuardTests.ConcurrentDuplicates_AcceptExactlyOnce_NoTornState" computerName="Mac" duration="00:00:00.0103142" startTime="2026-08-22T14:32:59.2918060-04:00" endTime="2026-08-22T14:32:59.2948860-04:00" testType="13cdc9d9-ddb5-4fa4-a97d-d965ccfc6d4b" outcome="Passed" testListId="8c84fa94-04c1-424b-9868-57a2d4851a1d" relativeResultsDirectory="f15d4a8d-6206-4430-885a-e1c511d56b9c" />
    <UnitTestResult executionId="a83512a0-a67c-4d49-a614-31639311dad3" testId="df005015-f69b-3df7-2b9a-e6991331b8a0" testName="Opstrax.Telematics.Security.Tests.DefaultDeviceAuthenticatorTests.Unknown_imei_does_not_resolve_to_an_owner_and_is_rejected" computerName="Mac" duration="00:00:00.0022762" startTime="2026-08-22T14:32:59.2932840-04:00" endTime="2026-08-22T14:32:59.2938140-04:00" testType="13cdc9d9-ddb5-4fa4-a97d-d965ccfc6d4b" outcome="Passed" testListId="8c84fa94-04c1-424b-9868-57a2d4851a1d" relativeResultsDirectory="a83512a0-a67c-4d49-a614-31639311dad3" />
    <UnitTestResult executionId="4ed69442-98a2-4be9-9207-5c5891c748a4" testId="ccbcbc7f-3460-9ab2-e32d-6b0aebd5c9f6" testName="Opstrax.Telematics.Security.Tests.InMemoryReplayGuardTests.OutOfOrder_IsRecorded_SoRetryHasStableEventIdentity" computerName="Mac" duration="00:00:00.0014161" startTime="2026-08-22T14:32:59.2917050-04:00" endTime="2026-08-22T14:32:59.2917300-04:00" testType="13cdc9d9-ddb5-4fa4-a97d-d965ccfc6d4b" outcome="Passed" testListId="8c84fa94-04c1-424b-9868-57a2d4851a1d" relativeResultsDirectory="4ed69442-98a2-4be9-9207-5c5891c748a4" />
    <UnitTestResult executionId="a9243e86-918d-4701-a4e3-5799cae61007" testId="09b67f79-67f3-dd19-acfc-24a9a027d1f8" testName="Opstrax.Telematics.Security.Tests.DefaultDeviceAuthenticatorTests.Provisioned_but_never_connected_device_cannot_authenticate" computerName="Mac" duration="00:00:00.0002282" startTime="2026-08-22T14:32:59.2929630-04:00" endTime="2026-08-22T14:32:59.2929890-04:00" testType="13cdc9d9-ddb5-4fa4-a97d-d965ccfc6d4b" outcome="Passed" testListId="8c84fa94-04c1-424b-9868-57a2d4851a1d" relativeResultsDirectory="a9243e86-918d-4701-a4e3-5799cae61007" />
    <UnitTestResult executionId="7cdf52f3-d19a-4c9b-9f34-9a9bcca349a1" testId="b226cdb9-5673-5946-91b7-489a2e973ea2" testName="Opstrax.Telematics.Security.Tests.DefaultDeviceAuthenticatorTests.Wrong_source_ip_is_rejected_when_pinned" computerName="Mac" duration="00:00:00.0004362" startTime="2026-08-22T14:32:59.2930530-04:00" endTime="2026-08-22T14:32:59.2931620-04:00" testType="13cdc9d9-ddb5-4fa4-a97d-d965ccfc6d4b" outcome="Passed" testListId="8c84fa94-04c1-424b-9868-57a2d4851a1d" relativeResultsDirectory="7cdf52f3-d19a-4c9b-9f34-9a9bcca349a1" />
    <UnitTestResult executionId="a28d9130-9576-4570-93ea-e6606d96350a" testId="5b940e85-0c26-a8cd-19e4-a4252bf33884" testName="Opstrax.Telematics.Security.Tests.InMemoryReplayGuardTests.LowerSerialAfterHigher_IsOutOfOrder_AndCarriesHighWater" computerName="Mac" duration="00:00:00.0068500" startTime="2026-08-22T14:32:59.2576780-04:00" endTime="2026-08-22T14:32:59.2915580-04:00" testType="13cdc9d9-ddb5-4fa4-a97d-d965ccfc6d4b" outcome="Passed" testListId="8c84fa94-04c1-424b-9868-57a2d4851a1d" relativeResultsDirectory="a28d9130-9576-4570-93ea-e6606d96350a" />
    <UnitTestResult executionId="f469cd41-bc27-4576-b237-2c1009cdda06" testId="d17baf58-e266-3d04-19ee-4953343e329e" testName="Opstrax.Telematics.Security.Tests.InMemoryReplayGuardTests.InvalidDeviceId_Throws(deviceId: null)" computerName="Mac" duration="00:00:00.0001016" startTime="2026-08-22T14:32:59.2974900-04:00" endTime="2026-08-22T14:32:59.2975110-04:00" testType="13cdc9d9-ddb5-4fa4-a97d-d965ccfc6d4b" outcome="Passed" testListId="8c84fa94-04c1-424b-9868-57a2d4851a1d" relativeResultsDirectory="f469cd41-bc27-4576-b237-2c1009cdda06" />
    <UnitTestResult executionId="b25e412f-0d79-4670-b75c-d63b96314acb" testId="cdd77305-7bfb-9fb0-2ac9-ffc552f4b4b1" testName="Opstrax.Telematics.Security.Tests.DeploymentHardeningContractTests.ExampleAllowlist_ParsesToZeroAdmissibleEntries_ThroughTheRealParser" computerName="Mac" duration="00:00:00.0051524" startTime="2026-08-22T14:32:59.2700270-04:00" endTime="2026-08-22T14:32:59.2930790-04:00" testType="13cdc9d9-ddb5-4fa4-a97d-d965ccfc6d4b" outcome="Passed" testListId="8c84fa94-04c1-424b-9868-57a2d4851a1d" relativeResultsDirectory="b25e412f-0d79-4670-b75c-d63b96314acb" />
    <UnitTestResult executionId="b0c894ba-ba90-47b9-9e08-6d4e89ae4039" testId="aa20771f-adb9-d906-cc6f-5ae00b53ea14" testName="Opstrax.Telematics.Security.Tests.InMemoryReplayGuardTests.FirstOccurrence_IsAccepted" computerName="Mac" duration="00:00:00.0000649" startTime="2026-08-22T14:32:59.2956320-04:00" endTime="2026-08-22T14:32:59.2973530-04:00" testType="13cdc9d9-ddb5-4fa4-a97d-d965ccfc6d4b" outcome="Passed" testListId="8c84fa94-04c1-424b-9868-57a2d4851a1d" relativeResultsDirectory="b0c894ba-ba90-47b9-9e08-6d4e89ae4039" />
    <UnitTestResult executionId="bdb5887e-66f9-47cd-9aef-98e6e96807fe" testId="2a2826e9-1e37-c5e9-af51-8ec0d48dcba7" testName="Opstrax.Telematics.Security.Tests.DefaultDeviceAuthenticatorTests.Quarantined_device_is_kept_quarantined" computerName="Mac" duration="00:00:00.0001659" startTime="2026-08-22T14:32:59.2946580-04:00" endTime="2026-08-22T14:32:59.2946790-04:00" testType="13cdc9d9-ddb5-4fa4-a97d-d965ccfc6d4b" outcome="Passed" testListId="8c84fa94-04c1-424b-9868-57a2d4851a1d" relativeResultsDirectory="bdb5887e-66f9-47cd-9aef-98e6e96807fe" />
    <UnitTestResult executionId="45e42099-590d-4419-9a0a-82d53c821b98" testId="02fe7a7f-a60a-857f-42b1-827ca19e4a9d" testName="Opstrax.Telematics.Security.Tests.InMemoryReplayGuardTests.DifferentDevices_AreTrackedIndependently" computerName="Mac" duration="00:00:00.0000610" startTime="2026-08-22T14:32:59.2980030-04:00" endTime="2026-08-22T14:32:59.2980260-04:00" testType="13cdc9d9-ddb5-4fa4-a97d-d965ccfc6d4b" outcome="Passed" testListId="8c84fa94-04c1-424b-9868-57a2d4851a1d" relativeResultsDirectory="45e42099-590d-4419-9a0a-82d53c821b98" />
    <UnitTestResult executionId="df3d0033-8683-4a18-884b-8741dca310c6" testId="7bb3df63-f03f-5f86-ea02-92366f6fbf3a" testName="Opstrax.Telematics.Security.Tests.InMemoryReplayGuardTests.ConcurrentDistinctDevices_DoNotContend_AndAllAccept" computerName="Mac" duration="00:00:00.0089578" startTime="2026-08-22T14:32:59.2981590-04:00" endTime="2026-08-22T14:32:59.2981800-04:00" testType="13cdc9d9-ddb5-4fa4-a97d-d965ccfc6d4b" outcome="Passed" testListId="8c84fa94-04c1-424b-9868-57a2d4851a1d" relativeResultsDirectory="df3d0033-8683-4a18-884b-8741dca310c6" />
    <UnitTestResult executionId="d8377e37-7a2c-4456-ac18-94864daaa7f1" testId="40809114-38e6-e601-3df7-c1cbc3eea77d" testName="Opstrax.Telematics.Security.Tests.DeploymentHardeningContractTests.DeployCompose_RefusesToStartWithoutAnExplicitAllowlistFile" computerName="Mac" duration="00:00:00.0003658" startTime="2026-08-22T14:32:59.2931370-04:00" endTime="2026-08-22T14:32:59.2933090-04:00" testType="13cdc9d9-ddb5-4fa4-a97d-d965ccfc6d4b" outcome="Passed" testListId="8c84fa94-04c1-424b-9868-57a2d4851a1d" relativeResultsDirectory="d8377e37-7a2c-4456-ac18-94864daaa7f1" />
  </Results>
  <TestDefinitions>
    <UnitTest name="Opstrax.Telematics.Security.Tests.DefaultDeviceAuthenticatorTests.Quarantined_device_is_kept_quarantined" storage="/users/zackkhan/downloads/opstrax-enterprise-build-fixed-nginx/telematics/tests/opstrax.telematics.security.tests/bin/release/net8.0/opstrax.telematics.security.tests.dll" id="2a2826e9-1e37-c5e9-af51-8ec0d48dcba7">
      <Execution id="bdb5887e-66f9-47cd-9aef-98e6e96807fe" />
      <TestMethod codeBase="/Users/zackkhan/Downloads/opstrax-enterprise-build-fixed-nginx/telematics/tests/Opstrax.Telematics.Security.Tests/bin/Release/net8.0/Opstrax.Telematics.Security.Tests.dll" adapterTypeName="executor://xunit/VsTestRunner3/netcore/" className="Opstrax.Telematics.Security.Tests.DefaultDeviceAuthenticatorTests" name="Quarantined_device_is_kept_quarantined" />
    </UnitTest>
    <UnitTest name="Opstrax.Telematics.Security.Tests.DeploymentHardeningContractTests.DeployCompose_RefusesToStartWithoutAnExplicitAllowlistFile" storage="/users/zackkhan/downloads/opstrax-enterprise-build-fixed-nginx/telematics/tests/opstrax.telematics.security.tests/bin/release/net8.0/opstrax.telematics.security.tests.dll" id="40809114-38e6-e601-3df7-c1cbc3eea77d">
      <Execution id="d8377e37-7a2c-4456-ac18-94864daaa7f1" />
      <TestMethod codeBase="/Users/zackkhan/Downloads/opstrax-enterprise-build-fixed-nginx/telematics/tests/Opstrax.Telematics.Security.Tests/bin/Release/net8.0/Opstrax.Telematics.Security.Tests.dll" adapterTypeName="executor://xunit/VsTestRunner3/netcore/" className="Opstrax.Telematics.Security.Tests.DeploymentHardeningContractTests" name="DeployCompose_RefusesToStartWithoutAnExplicitAllowlistFile" />
    </UnitTest>
    <UnitTest name="Opstrax.Telematics.Security.Tests.DefaultDeviceAuthenticatorTests.RawTcp_DoesNotPretendCertificateAuthenticationOccurred(mode: MutualTls)" storage="/users/zackkhan/downloads/opstrax-enterprise-build-fixed-nginx/telematics/tests/opstrax.telematics.security.tests/bin/release/net8.0/opstrax.telematics.security.tests.dll" id="44f1c6c1-beab-95ba-6355-0c3540d47682">
      <Execution id="d895d4ec-eaa8-4daa-a1c1-1f5acd0ce421" />
      <TestMethod codeBase="/Users/zackkhan/Downloads/opstrax-enterprise-build-fixed-nginx/telematics/tests/Opstrax.Telematics.Security.Tests/bin/Release/net8.0/Opstrax.Telematics.Security.Tests.dll" adapterTypeName="executor://xunit/VsTestRunner3/netcore/" className="Opstrax.Telematics.Security.Tests.DefaultDeviceAuthenticatorTests" name="RawTcp_DoesNotPretendCertificateAuthenticationOccurred" />
    </UnitTest>
    <UnitTest name="Opstrax.Telematics.Security.Tests.InMemoryReplayGuardTests.EqualSerial_DistinctContent_IsAccepted_ButDoesNotBlockLaterProgress" storage="/users/zackkhan/downloads/opstrax-enterprise-build-fixed-nginx/telematics/tests/opstrax.telematics.security.tests/bin/release/net8.0/opstrax.telematics.security.tests.dll" id="17e34384-f51e-b57d-329c-d3b513995bb4">
      <Execution id="8f8dc5d4-a59e-45f2-b452-2d368c724180" />
      <TestMethod codeBase="/Users/zackkhan/Downloads/opstrax-enterprise-build-fixed-nginx/telematics/tests/Opstrax.Telematics.Security.Tests/bin/Release/net8.0/Opstrax.Telematics.Security.Tests.dll" adapterTypeName="executor://xunit/VsTestRunner3/netcore/" className="Opstrax.Telematics.Security.Tests.InMemoryReplayGuardTests" name="EqualSerial_DistinctContent_IsAccepted_ButDoesNotBlockLaterProgress" />
    </UnitTest>
    <UnitTest name="Opstrax.Telematics.Security.Tests.DefaultDeviceAuthenticatorTests.Suspended_device_is_rejected" storage="/users/zackkhan/downloads/opstrax-enterprise-build-fixed-nginx/telematics/tests/opstrax.telematics.security.tests/bin/release/net8.0/opstrax.telematics.security.tests.dll" id="e2578d55-e8ab-8e9d-bf34-fc21e6332680">
      <Execution id="f96ae116-7b4d-40ac-ab6c-45efa59f0237" />
      <TestMethod codeBase="/Users/zackkhan/Downloads/opstrax-enterprise-build-fixed-nginx/telematics/tests/Opstrax.Telematics.Security.Tests/bin/Release/net8.0/Opstrax.Telematics.Security.Tests.dll" adapterTypeName="executor://xunit/VsTestRunner3/netcore/" className="Opstrax.Telematics.Security.Tests.DefaultDeviceAuthenticatorTests" name="Suspended_device_is_rejected" />
    </UnitTest>
    <UnitTest name="Opstrax.Telematics.Security.Tests.DefaultDeviceAuthenticatorTests.Unresolvable_credential_fails_closed" storage="/users/zackkhan/downloads/opstrax-enterprise-build-fixed-nginx/telematics/tests/opstrax.telematics.security.tests/bin/release/net8.0/opstrax.telematics.security.tests.dll" id="445f4c58-7959-336d-ffba-506fa8aeae3c">
      <Execution id="7db09f23-e7f8-4d74-b6f0-b97552231313" />
      <TestMethod codeBase="/Users/zackkhan/Downloads/opstrax-enterprise-build-fixed-nginx/telematics/tests/Opstrax.Telematics.Security.Tests/bin/Release/net8.0/Opstrax.Telematics.Security.Tests.dll" adapterTypeName="executor://xunit/VsTestRunner3/netcore/" className="Opstrax.Telematics.Security.Tests.DefaultDeviceAuthenticatorTests" name="Unresolvable_credential_fails_closed" />
    </UnitTest>
    <UnitTest name="Opstrax.Telematics.Security.Tests.InMemoryReplayGuardTests.WraparoundMode_RepeatedHeartbeatInLaterGenerationGetsANewEventIdentity" storage="/users/zackkhan/downloads/opstrax-enterprise-build-fixed-nginx/telematics/tests/opstrax.telematics.security.tests/bin/release/net8.0/opstrax.telematics.security.tests.dll" id="d3d6281b-502d-f105-61f5-21203a86184c">
      <Execution id="3b768251-de34-4bd4-8110-90f1e502ca3b" />
      <TestMethod codeBase="/Users/zackkhan/Downloads/opstrax-enterprise-build-fixed-nginx/telematics/tests/Opstrax.Telematics.Security.Tests/bin/Release/net8.0/Opstrax.Telematics.Security.Tests.dll" adapterTypeName="executor://xunit/VsTestRunner3/netcore/" className="Opstrax.Telematics.Security.Tests.InMemoryReplayGuardTests" name="WraparoundMode_RepeatedHeartbeatInLaterGenerationGetsANewEventIdentity" />
    </UnitTest>
    <UnitTest name="Opstrax.Telematics.Security.Tests.DefaultDeviceAuthenticatorTests.Invalid_per_device_hmac_is_rejected" storage="/users/zackkhan/downloads/opstrax-enterprise-build-fixed-nginx/telematics/tests/opstrax.telematics.security.tests/bin/release/net8.0/opstrax.telematics.security.tests.dll" id="e3af3ca2-c63e-6042-08bd-7fde0088d2bb">
      <Execution id="e73ddc0c-86a6-4ecf-b78d-e93b6d53576e" />
      <TestMethod codeBase="/Users/zackkhan/Downloads/opstrax-enterprise-build-fixed-nginx/telematics/tests/Opstrax.Telematics.Security.Tests/bin/Release/net8.0/Opstrax.Telematics.Security.Tests.dll" adapterTypeName="executor://xunit/VsTestRunner3/netcore/" className="Opstrax.Telematics.Security.Tests.DefaultDeviceAuthenticatorTests" name="Invalid_per_device_hmac_is_rejected" />
    </UnitTest>
    <UnitTest name="Opstrax.Telematics.Security.Tests.InMemoryReplayGuardTests.InvalidConstructorArgs_Throw" storage="/users/zackkhan/downloads/opstrax-enterprise-build-fixed-nginx/telematics/tests/opstrax.telematics.security.tests/bin/release/net8.0/opstrax.telematics.security.tests.dll" id="bbf4e4b6-a3e6-c065-6642-dcac4eeb6d9e">
      <Execution id="c7d17493-63da-478e-9d78-a2fa6d28b80e" />
      <TestMethod codeBase="/Users/zackkhan/Downloads/opstrax-enterprise-build-fixed-nginx/telematics/tests/Opstrax.Telematics.Security.Tests/bin/Release/net8.0/Opstrax.Telematics.Security.Tests.dll" adapterTypeName="executor://xunit/VsTestRunner3/netcore/" className="Opstrax.Telematics.Security.Tests.InMemoryReplayGuardTests" name="InvalidConstructorArgs_Throw" />
    </UnitTest>
    <UnitTest name="Opstrax.Telematics.Security.Tests.InMemoryReplayGuardTests.ConcurrentDistinctDevices_DoNotContend_AndAllAccept" storage="/users/zackkhan/downloads/opstrax-enterprise-build-fixed-nginx/telematics/tests/opstrax.telematics.security.tests/bin/release/net8.0/opstrax.telematics.security.tests.dll" id="7bb3df63-f03f-5f86-ea02-92366f6fbf3a">
      <Execution id="df3d0033-8683-4a18-884b-8741dca310c6" />
      <TestMethod codeBase="/Users/zackkhan/Downloads/opstrax-enterprise-build-fixed-nginx/telematics/tests/Opstrax.Telematics.Security.Tests/bin/Release/net8.0/Opstrax.Telematics.Security.Tests.dll" adapterTypeName="executor://xunit/VsTestRunner3/netcore/" className="Opstrax.Telematics.Security.Tests.InMemoryReplayGuardTests" name="ConcurrentDistinctDevices_DoNotContend_AndAllAccept" />
    </UnitTest>
    <UnitTest name="Opstrax.Telematics.Security.Tests.DefaultDeviceAuthenticatorTests.Provisioned_but_never_connected_device_cannot_authenticate" storage="/users/zackkhan/downloads/opstrax-enterprise-build-fixed-nginx/telematics/tests/opstrax.telematics.security.tests/bin/release/net8.0/opstrax.telematics.security.tests.dll" id="09b67f79-67f3-dd19-acfc-24a9a027d1f8">
      <Execution id="a9243e86-918d-4701-a4e3-5799cae61007" />
      <TestMethod codeBase="/Users/zackkhan/Downloads/opstrax-enterprise-build-fixed-nginx/telematics/tests/Opstrax.Telematics.Security.Tests/bin/Release/net8.0/Opstrax.Telematics.Security.Tests.dll" adapterTypeName="executor://xunit/VsTestRunner3/netcore/" className="Opstrax.Telematics.Security.Tests.DefaultDeviceAuthenticatorTests" name="Provisioned_but_never_connected_device_cannot_authenticate" />
    </UnitTest>
    <UnitTest name="Opstrax.Telematics.Security.Tests.DefaultDeviceAuthenticatorTests.Changed_sim_iccid_quarantines_the_device" storage="/users/zackkhan/downloads/opstrax-enterprise-build-fixed-nginx/telematics/tests/opstrax.telematics.security.tests/bin/release/net8.0/opstrax.telematics.security.tests.dll" id="ebd9c00c-8f04-3736-2030-578bdb5ef18b">
      <Execution id="b3b2338b-2536-4e40-95f4-916b0037836a" />
      <TestMethod codeBase="/Users/zackkhan/Downloads/opstrax-enterprise-build-fixed-nginx/telematics/tests/Opstrax.Telematics.Security.Tests/bin/Release/net8.0/Opstrax.Telematics.Security.Tests.dll" adapterTypeName="executor://xunit/VsTestRunner3/netcore/" className="Opstrax.Telematics.Security.Tests.DefaultDeviceAuthenticatorTests" name="Changed_sim_iccid_quarantines_the_device" />
    </UnitTest>
    <UnitTest name="Opstrax.Telematics.Security.Tests.DeploymentHardeningContractTests.ExampleAllowlist_ParsesToZeroAdmissibleEntries_ThroughTheRealParser" storage="/users/zackkhan/downloads/opstrax-enterprise-build-fixed-nginx/telematics/tests/opstrax.telematics.security.tests/bin/release/net8.0/opstrax.telematics.security.tests.dll" id="cdd77305-7bfb-9fb0-2ac9-ffc552f4b4b1">
      <Execution id="b25e412f-0d79-4670-b75c-d63b96314acb" />
      <TestMethod codeBase="/Users/zackkhan/Downloads/opstrax-enterprise-build-fixed-nginx/telematics/tests/Opstrax.Telematics.Security.Tests/bin/Release/net8.0/Opstrax.Telematics.Security.Tests.dll" adapterTypeName="executor://xunit/VsTestRunner3/netcore/" className="Opstrax.Telematics.Security.Tests.DeploymentHardeningContractTests" name="ExampleAllowlist_ParsesToZeroAdmissibleEntries_ThroughTheRealParser" />
    </UnitTest>
    <UnitTest name="Opstrax.Telematics.Security.Tests.DefaultDeviceAuthenticatorTests.RawTcp_DoesNotPretendCertificateAuthenticationOccurred(mode: ClientCertificate)" storage="/users/zackkhan/downloads/opstrax-enterprise-build-fixed-nginx/telematics/tests/opstrax.telematics.security.tests/bin/release/net8.0/opstrax.telematics.security.tests.dll" id="8333762b-1700-7cee-ebe2-610c750cb938">
      <Execution id="7f15374f-2c1b-4efc-ba33-22b0a44e3d96" />
      <TestMethod codeBase="/Users/zackkhan/Downloads/opstrax-enterprise-build-fixed-nginx/telematics/tests/Opstrax.Telematics.Security.Tests/bin/Release/net8.0/Opstrax.Telematics.Security.Tests.dll" adapterTypeName="executor://xunit/VsTestRunner3/netcore/" className="Opstrax.Telematics.Security.Tests.DefaultDeviceAuthenticatorTests" name="RawTcp_DoesNotPretendCertificateAuthenticationOccurred" />
    </UnitTest>
    <UnitTest name="Opstrax.Telematics.Security.Tests.InMemoryReplayGuardTests.ReplayOfAcceptedFrame_IsAlwaysRejected_EvenAfterEviction" storage="/users/zackkhan/downloads/opstrax-enterprise-build-fixed-nginx/telematics/tests/opstrax.telematics.security.tests/bin/release/net8.0/opstrax.telematics.security.tests.dll" id="7ddd372f-7024-a461-f6b2-948bfeaf7fa6">
      <Execution id="aa843c2f-339d-40d1-989f-aee8804738c4" />
      <TestMethod codeBase="/Users/zackkhan/Downloads/opstrax-enterprise-build-fixed-nginx/telematics/tests/Opstrax.Telematics.Security.Tests/bin/Release/net8.0/Opstrax.Telematics.Security.Tests.dll" adapterTypeName="executor://xunit/VsTestRunner3/netcore/" className="Opstrax.Telematics.Security.Tests.InMemoryReplayGuardTests" name="ReplayOfAcceptedFrame_IsAlwaysRejected_EvenAfterEviction" />
    </UnitTest>
    <UnitTest name="Opstrax.Telematics.Security.Tests.InMemoryReplayGuardTests.ExactDuplicate_IsDuplicateReplay" storage="/users/zackkhan/downloads/opstrax-enterprise-build-fixed-nginx/telematics/tests/opstrax.telematics.security.tests/bin/release/net8.0/opstrax.telematics.security.tests.dll" id="73806078-f273-81ce-8082-8f3043dd57b5">
      <Execution id="e6b4b45f-591e-41f7-a811-07a75511c4b5" />
      <TestMethod codeBase="/Users/zackkhan/Downloads/opstrax-enterprise-build-fixed-nginx/telematics/tests/Opstrax.Telematics.Security.Tests/bin/Release/net8.0/Opstrax.Telematics.Security.Tests.dll" adapterTypeName="executor://xunit/VsTestRunner3/netcore/" className="Opstrax.Telematics.Security.Tests.InMemoryReplayGuardTests" name="ExactDuplicate_IsDuplicateReplay" />
    </UnitTest>
    <UnitTest name="Opstrax.Telematics.Security.Tests.DeploymentHardeningContractTests.ExampleAllowlist_NoLongerShipsThePilotImei" storage="/users/zackkhan/downloads/opstrax-enterprise-build-fixed-nginx/telematics/tests/opstrax.telematics.security.tests/bin/release/net8.0/opstrax.telematics.security.tests.dll" id="0ed9aa71-184a-13d6-615c-3852b0f7c490">
      <Execution id="ea9103ae-ae46-434f-bc82-a6f565f045ab" />
      <TestMethod codeBase="/Users/zackkhan/Downloads/opstrax-enterprise-build-fixed-nginx/telematics/tests/Opstrax.Telematics.Security.Tests/bin/Release/net8.0/Opstrax.Telematics.Security.Tests.dll" adapterTypeName="executor://xunit/VsTestRunner3/netcore/" className="Opstrax.Telematics.Security.Tests.DeploymentHardeningContractTests" name="ExampleAllowlist_NoLongerShipsThePilotImei" />
    </UnitTest>
    <UnitTest name="Opstrax.Telematics.Security.Tests.InMemoryReplayGuardTests.InvalidDeviceId_Throws(deviceId: null)" storage="/users/zackkhan/downloads/opstrax-enterprise-build-fixed-nginx/telematics/tests/opstrax.telematics.security.tests/bin/release/net8.0/opstrax.telematics.security.tests.dll" id="d17baf58-e266-3d04-19ee-4953343e329e">
      <Execution id="f469cd41-bc27-4576-b237-2c1009cdda06" />
      <TestMethod codeBase="/Users/zackkhan/Downloads/opstrax-enterprise-build-fixed-nginx/telematics/tests/Opstrax.Telematics.Security.Tests/bin/Release/net8.0/Opstrax.Telematics.Security.Tests.dll" adapterTypeName="executor://xunit/VsTestRunner3/netcore/" className="Opstrax.Telematics.Security.Tests.InMemoryReplayGuardTests" name="InvalidDeviceId_Throws" />
    </UnitTest>
    <UnitTest name="Opstrax.Telematics.Security.Tests.InMemoryReplayGuardTests.InvalidDeviceId_Throws(deviceId: &quot;&quot;)" storage="/users/zackkhan/downloads/opstrax-enterprise-build-fixed-nginx/telematics/tests/opstrax.telematics.security.tests/bin/release/net8.0/opstrax.telematics.security.tests.dll" id="020684c3-030d-b9cf-1de6-928d0d3201d1">
      <Execution id="35001a01-0e59-42c4-9ad9-5e9bfcd45756" />
      <TestMethod codeBase="/Users/zackkhan/Downloads/opstrax-enterprise-build-fixed-nginx/telematics/tests/Opstrax.Telematics.Security.Tests/bin/Release/net8.0/Opstrax.Telematics.Security.Tests.dll" adapterTypeName="executor://xunit/VsTestRunner3/netcore/" className="Opstrax.Telematics.Security.Tests.InMemoryReplayGuardTests" name="InvalidDeviceId_Throws" />
    </UnitTest>
    <UnitTest name="Opstrax.Telematics.Security.Tests.DeploymentHardeningContractTests.GatewayCompositionRoot_HasNoCommandLineConfigurationSource" storage="/users/zackkhan/downloads/opstrax-enterprise-build-fixed-nginx/telematics/tests/opstrax.telematics.security.tests/bin/release/net8.0/opstrax.telematics.security.tests.dll" id="c9e0dbfe-fb19-0513-1c60-0d5fa1cb9b4a">
      <Execution id="6e6ccc5c-f6f1-42fb-b596-4b257bec38df" />
      <TestMethod codeBase="/Users/zackkhan/Downloads/opstrax-enterprise-build-fixed-nginx/telematics/tests/Opstrax.Telematics.Security.Tests/bin/Release/net8.0/Opstrax.Telematics.Security.Tests.dll" adapterTypeName="executor://xunit/VsTestRunner3/netcore/" className="Opstrax.Telematics.Security.Tests.DeploymentHardeningContractTests" name="GatewayCompositionRoot_HasNoCommandLineConfigurationSource" />
    </UnitTest>
    <UnitTest name="Opstrax.Telematics.Security.Tests.InMemoryReplayGuardTests.RecentUse_RefreshesLruRecency" storage="/users/zackkhan/downloads/opstrax-enterprise-build-fixed-nginx/telematics/tests/opstrax.telematics.security.tests/bin/release/net8.0/opstrax.telematics.security.tests.dll" id="f30febec-0caa-b4f4-7e9e-370a61c421ba">
      <Execution id="43ca2332-e1e2-4be7-a9fa-a34597037c17" />
      <TestMethod codeBase="/Users/zackkhan/Downloads/opstrax-enterprise-build-fixed-nginx/telematics/tests/Opstrax.Telematics.Security.Tests/bin/Release/net8.0/Opstrax.Telematics.Security.Tests.dll" adapterTypeName="executor://xunit/VsTestRunner3/netcore/" className="Opstrax.Telematics.Security.Tests.InMemoryReplayGuardTests" name="RecentUse_RefreshesLruRecency" />
    </UnitTest>
    <UnitTest name="Opstrax.Telematics.Security.Tests.InMemoryReplayGuardTests.OutOfOrder_IsRecorded_SoRetryHasStableEventIdentity" storage="/users/zackkhan/downloads/opstrax-enterprise-build-fixed-nginx/telematics/tests/opstrax.telematics.security.tests/bin/release/net8.0/opstrax.telematics.security.tests.dll" id="ccbcbc7f-3460-9ab2-e32d-6b0aebd5c9f6">
      <Execution id="4ed69442-98a2-4be9-9207-5c5891c748a4" />
      <TestMethod codeBase="/Users/zackkhan/Downloads/opstrax-enterprise-build-fixed-nginx/telematics/tests/Opstrax.Telematics.Security.Tests/bin/Release/net8.0/Opstrax.Telematics.Security.Tests.dll" adapterTypeName="executor://xunit/VsTestRunner3/netcore/" className="Opstrax.Telematics.Security.Tests.InMemoryReplayGuardTests" name="OutOfOrder_IsRecorded_SoRetryHasStableEventIdentity" />
    </UnitTest>
    <UnitTest name="Opstrax.Telematics.Security.Tests.DeploymentHardeningContractTests.Installer_AcceptsNoSecretOnTheCommandLine" storage="/users/zackkhan/downloads/opstrax-enterprise-build-fixed-nginx/telematics/tests/opstrax.telematics.security.tests/bin/release/net8.0/opstrax.telematics.security.tests.dll" id="8348dcab-c662-7ab7-5663-c35b23b33b60">
      <Execution id="f6d915db-1bf4-40b8-9006-607005be4468" />
      <TestMethod codeBase="/Users/zackkhan/Downloads/opstrax-enterprise-build-fixed-nginx/telematics/tests/Opstrax.Telematics.Security.Tests/bin/Release/net8.0/Opstrax.Telematics.Security.Tests.dll" adapterTypeName="executor://xunit/VsTestRunner3/netcore/" className="Opstrax.Telematics.Security.Tests.DeploymentHardeningContractTests" name="Installer_AcceptsNoSecretOnTheCommandLine" />
    </UnitTest>
    <UnitTest name="Opstrax.Telematics.Security.Tests.DefaultDeviceAuthenticatorTests.Successful_imei_allowlist_login_is_explicitly_not_cryptographically_authenticated" storage="/users/zackkhan/downloads/opstrax-enterprise-build-fixed-nginx/telematics/tests/opstrax.telematics.security.tests/bin/release/net8.0/opstrax.telematics.security.tests.dll" id="a85b62a1-6990-178e-a216-93d9ecde86b9">
      <Execution id="1d6f6e07-b688-41f6-9bad-d866654e9429" />
      <TestMethod codeBase="/Users/zackkhan/Downloads/opstrax-enterprise-build-fixed-nginx/telematics/tests/Opstrax.Telematics.Security.Tests/bin/Release/net8.0/Opstrax.Telematics.Security.Tests.dll" adapterTypeName="executor://xunit/VsTestRunner3/netcore/" className="Opstrax.Telematics.Security.Tests.DefaultDeviceAuthenticatorTests" name="Successful_imei_allowlist_login_is_explicitly_not_cryptographically_authenticated" />
    </UnitTest>
    <UnitTest name="Opstrax.Telematics.Security.Tests.DefaultDeviceAuthenticatorTests.Missing_hmac_proof_is_rejected_under_hmac_policy" storage="/users/zackkhan/downloads/opstrax-enterprise-build-fixed-nginx/telematics/tests/opstrax.telematics.security.tests/bin/release/net8.0/opstrax.telematics.security.tests.dll" id="1ddca2af-2a79-d09b-7f3e-a66d5d3c477d">
      <Execution id="1cd1cc7a-0009-4b4b-9cbb-3a9806f469ce" />
      <TestMethod codeBase="/Users/zackkhan/Downloads/opstrax-enterprise-build-fixed-nginx/telematics/tests/Opstrax.Telematics.Security.Tests/bin/Release/net8.0/Opstrax.Telematics.Security.Tests.dll" adapterTypeName="executor://xunit/VsTestRunner3/netcore/" className="Opstrax.Telematics.Security.Tests.DefaultDeviceAuthenticatorTests" name="Missing_hmac_proof_is_rejected_under_hmac_policy" />
    </UnitTest>
    <UnitTest name="Opstrax.Telematics.Security.Tests.InMemoryReplayGuardTests.CheckAsync_IsBehaviorParity_And_Dedups" storage="/users/zackkhan/downloads/opstrax-enterprise-build-fixed-nginx/telematics/tests/opstrax.telematics.security.tests/bin/release/net8.0/opstrax.telematics.security.tests.dll" id="8eb4bff4-5dcf-66b8-58c6-e894c13cf4df">
      <Execution id="6d5f3c5a-0597-477d-a0c6-ad6234633ac2" />
      <TestMethod codeBase="/Users/zackkhan/Downloads/opstrax-enterprise-build-fixed-nginx/telematics/tests/Opstrax.Telematics.Security.Tests/bin/Release/net8.0/Opstrax.Telematics.Security.Tests.dll" adapterTypeName="executor://xunit/VsTestRunner3/netcore/" className="Opstrax.Telematics.Security.Tests.InMemoryReplayGuardTests" name="CheckAsync_IsBehaviorParity_And_Dedups" />
    </UnitTest>
    <UnitTest name="Opstrax.Telematics.Security.Tests.InMemoryReplayGuardTests.WraparoundMode_TreatsCounterWrap_AsForwardProgress" storage="/users/zackkhan/downloads/opstrax-enterprise-build-fixed-nginx/telematics/tests/opstrax.telematics.security.tests/bin/release/net8.0/opstrax.telematics.security.tests.dll" id="f789d0bd-9f00-840f-a67a-d03863f20f28">
      <Execution id="0246a7ce-6b7c-4f05-8eba-398ebe64fbf2" />
      <TestMethod codeBase="/Users/zackkhan/Downloads/opstrax-enterprise-build-fixed-nginx/telematics/tests/Opstrax.Telematics.Security.Tests/bin/Release/net8.0/Opstrax.Telematics.Security.Tests.dll" adapterTypeName="executor://xunit/VsTestRunner3/netcore/" className="Opstrax.Telematics.Security.Tests.InMemoryReplayGuardTests" name="WraparoundMode_TreatsCounterWrap_AsForwardProgress" />
    </UnitTest>
    <UnitTest name="Opstrax.Telematics.Security.Tests.InMemoryReplayGuardTests.ConcurrentDuplicates_AcceptExactlyOnce_NoTornState" storage="/users/zackkhan/downloads/opstrax-enterprise-build-fixed-nginx/telematics/tests/opstrax.telematics.security.tests/bin/release/net8.0/opstrax.telematics.security.tests.dll" id="50f25420-b2e5-2980-e396-6fa66e439793">
      <Execution id="f15d4a8d-6206-4430-885a-e1c511d56b9c" />
      <TestMethod codeBase="/Users/zackkhan/Downloads/opstrax-enterprise-build-fixed-nginx/telematics/tests/Opstrax.Telematics.Security.Tests/bin/Release/net8.0/Opstrax.Telematics.Security.Tests.dll" adapterTypeName="executor://xunit/VsTestRunner3/netcore/" className="Opstrax.Telematics.Security.Tests.InMemoryReplayGuardTests" name="ConcurrentDuplicates_AcceptExactlyOnce_NoTornState" />
    </UnitTest>
    <UnitTest name="Opstrax.Telematics.Security.Tests.DefaultDeviceAuthenticatorTests.Retired_device_is_rejected" storage="/users/zackkhan/downloads/opstrax-enterprise-build-fixed-nginx/telematics/tests/opstrax.telematics.security.tests/bin/release/net8.0/opstrax.telematics.security.tests.dll" id="ba56164b-5b75-9c76-6eba-d8deae41552a">
      <Execution id="1e277e37-026b-4e57-aa2e-abdf26256c0b" />
      <TestMethod codeBase="/Users/zackkhan/Downloads/opstrax-enterprise-build-fixed-nginx/telematics/tests/Opstrax.Telematics.Security.Tests/bin/Release/net8.0/Opstrax.Telematics.Security.Tests.dll" adapterTypeName="executor://xunit/VsTestRunner3/netcore/" className="Opstrax.Telematics.Security.Tests.DefaultDeviceAuthenticatorTests" name="Retired_device_is_rejected" />
    </UnitTest>
    <UnitTest name="Opstrax.Telematics.Security.Tests.DefaultDeviceAuthenticatorTests.ImeiAllowlistOnly_is_flagged_low_trust_and_non_cryptographic" storage="/users/zackkhan/downloads/opstrax-enterprise-build-fixed-nginx/telematics/tests/opstrax.telematics.security.tests/bin/release/net8.0/opstrax.telematics.security.tests.dll" id="b45449e1-723a-2c45-f11a-69a3341f5e06">
      <Execution id="7b565522-5e20-40f8-99de-efaa2b105672" />
      <TestMethod codeBase="/Users/zackkhan/Downloads/opstrax-enterprise-build-fixed-nginx/telematics/tests/Opstrax.Telematics.Security.Tests/bin/Release/net8.0/Opstrax.Telematics.Security.Tests.dll" adapterTypeName="executor://xunit/VsTestRunner3/netcore/" className="Opstrax.Telematics.Security.Tests.DefaultDeviceAuthenticatorTests" name="ImeiAllowlistOnly_is_flagged_low_trust_and_non_cryptographic" />
    </UnitTest>
    <UnitTest name="Opstrax.Telematics.Security.Tests.InMemoryReplayGuardTests.WraparoundMode_ExactHalfRange_IsAmbiguousAndFailsClosed" storage="/users/zackkhan/downloads/opstrax-enterprise-build-fixed-nginx/telematics/tests/opstrax.telematics.security.tests/bin/release/net8.0/opstrax.telematics.security.tests.dll" id="b1840d51-a99d-014a-dda8-dd65b5943dd4">
      <Execution id="5f1e8c5a-3629-485f-9c05-ffd8d41baa4c" />
      <TestMethod codeBase="/Users/zackkhan/Downloads/opstrax-enterprise-build-fixed-nginx/telematics/tests/Opstrax.Telematics.Security.Tests/bin/Release/net8.0/Opstrax.Telematics.Security.Tests.dll" adapterTypeName="executor://xunit/VsTestRunner3/netcore/" className="Opstrax.Telematics.Security.Tests.InMemoryReplayGuardTests" name="WraparoundMode_ExactHalfRange_IsAmbiguousAndFailsClosed" />
    </UnitTest>
    <UnitTest name="Opstrax.Telematics.Security.Tests.DefaultDeviceAuthenticatorTests.Login_with_no_identifier_is_rejected" storage="/users/zackkhan/downloads/opstrax-enterprise-build-fixed-nginx/telematics/tests/opstrax.telematics.security.tests/bin/release/net8.0/opstrax.telematics.security.tests.dll" id="bcfa12ee-dc11-f321-14f8-ddfb994896fd">
      <Execution id="b5c2eccf-b9e9-426d-a44d-d9a8de31a2f3" />
      <TestMethod codeBase="/Users/zackkhan/Downloads/opstrax-enterprise-build-fixed-nginx/telematics/tests/Opstrax.Telematics.Security.Tests/bin/Release/net8.0/Opstrax.Telematics.Security.Tests.dll" adapterTypeName="executor://xunit/VsTestRunner3/netcore/" className="Opstrax.Telematics.Security.Tests.DefaultDeviceAuthenticatorTests" name="Login_with_no_identifier_is_rejected" />
    </UnitTest>
    <UnitTest name="Opstrax.Telematics.Security.Tests.DefaultDeviceAuthenticatorTests.Missing_source_ip_is_rejected_when_a_pin_is_configured" storage="/users/zackkhan/downloads/opstrax-enterprise-build-fixed-nginx/telematics/tests/opstrax.telematics.security.tests/bin/release/net8.0/opstrax.telematics.security.tests.dll" id="77228ea7-03de-2ec4-d54b-aa6f95815862">
      <Execution id="9e670f1e-e282-428a-9d42-9ba55213592c" />
      <TestMethod codeBase="/Users/zackkhan/Downloads/opstrax-enterprise-build-fixed-nginx/telematics/tests/Opstrax.Telematics.Security.Tests/bin/Release/net8.0/Opstrax.Telematics.Security.Tests.dll" adapterTypeName="executor://xunit/VsTestRunner3/netcore/" className="Opstrax.Telematics.Security.Tests.DefaultDeviceAuthenticatorTests" name="Missing_source_ip_is_rejected_when_a_pin_is_configured" />
    </UnitTest>
    <UnitTest name="Opstrax.Telematics.Security.Tests.InMemoryReplayGuardTests.LowerSerialAfterHigher_IsOutOfOrder_AndCarriesHighWater" storage="/users/zackkhan/downloads/opstrax-enterprise-build-fixed-nginx/telematics/tests/opstrax.telematics.security.tests/bin/release/net8.0/opstrax.telematics.security.tests.dll" id="5b940e85-0c26-a8cd-19e4-a4252bf33884">
      <Execution id="a28d9130-9576-4570-93ea-e6606d96350a" />
      <TestMethod codeBase="/Users/zackkhan/Downloads/opstrax-enterprise-build-fixed-nginx/telematics/tests/Opstrax.Telematics.Security.Tests/bin/Release/net8.0/Opstrax.Telematics.Security.Tests.dll" adapterTypeName="executor://xunit/VsTestRunner3/netcore/" className="Opstrax.Telematics.Security.Tests.InMemoryReplayGuardTests" name="LowerSerialAfterHigher_IsOutOfOrder_AndCarriesHighWater" />
    </UnitTest>
    <UnitTest name="Opstrax.Telematics.Security.Tests.DeploymentHardeningContractTests.Installer_NeverSeedsTheAllowlistFromTheExampleFile" storage="/users/zackkhan/downloads/opstrax-enterprise-build-fixed-nginx/telematics/tests/opstrax.telematics.security.tests/bin/release/net8.0/opstrax.telematics.security.tests.dll" id="0a075dec-2038-e620-b513-49b8096a1297">
      <Execution id="c0b2b324-39aa-43ed-b28f-92adf0875fdf" />
      <TestMethod codeBase="/Users/zackkhan/Downloads/opstrax-enterprise-build-fixed-nginx/telematics/tests/Opstrax.Telematics.Security.Tests/bin/Release/net8.0/Opstrax.Telematics.Security.Tests.dll" adapterTypeName="executor://xunit/VsTestRunner3/netcore/" className="Opstrax.Telematics.Security.Tests.DeploymentHardeningContractTests" name="Installer_NeverSeedsTheAllowlistFromTheExampleFile" />
    </UnitTest>
    <UnitTest name="Opstrax.Telematics.Security.Tests.DefaultDeviceAuthenticatorTests.Cryptographic_modes_are_classified_as_such" storage="/users/zackkhan/downloads/opstrax-enterprise-build-fixed-nginx/telematics/tests/opstrax.telematics.security.tests/bin/release/net8.0/opstrax.telematics.security.tests.dll" id="f882a6bd-a657-b9a6-9021-f6e76a46ce70">
      <Execution id="98ec416c-e931-4f17-9975-6b7abe2f14f7" />
      <TestMethod codeBase="/Users/zackkhan/Downloads/opstrax-enterprise-build-fixed-nginx/telematics/tests/Opstrax.Telematics.Security.Tests/bin/Release/net8.0/Opstrax.Telematics.Security.Tests.dll" adapterTypeName="executor://xunit/VsTestRunner3/netcore/" className="Opstrax.Telematics.Security.Tests.DefaultDeviceAuthenticatorTests" name="Cryptographic_modes_are_classified_as_such" />
    </UnitTest>
    <UnitTest name="Opstrax.Telematics.Security.Tests.InMemoryReplayGuardTests.DedupWindow_EvictsLeastRecentEntry_AtCapacity" storage="/users/zackkhan/downloads/opstrax-enterprise-build-fixed-nginx/telematics/tests/opstrax.telematics.security.tests/bin/release/net8.0/opstrax.telematics.security.tests.dll" id="94371466-9076-9261-41a6-7005c4d6d632">
      <Execution id="196ee251-38e0-49e6-b7c7-6e0e67873999" />
      <TestMethod codeBase="/Users/zackkhan/Downloads/opstrax-enterprise-build-fixed-nginx/telematics/tests/Opstrax.Telematics.Security.Tests/bin/Release/net8.0/Opstrax.Telematics.Security.Tests.dll" adapterTypeName="executor://xunit/VsTestRunner3/netcore/" className="Opstrax.Telematics.Security.Tests.InMemoryReplayGuardTests" name="DedupWindow_EvictsLeastRecentEntry_AtCapacity" />
    </UnitTest>
    <UnitTest name="Opstrax.Telematics.Security.Tests.DefaultDeviceAuthenticatorTests.Matching_source_ip_passes_when_pinned" storage="/users/zackkhan/downloads/opstrax-enterprise-build-fixed-nginx/telematics/tests/opstrax.telematics.security.tests/bin/release/net8.0/opstrax.telematics.security.tests.dll" id="be0c5350-8836-2918-e325-3c1ba031c088">
      <Execution id="a01fa5dc-b809-400d-ab74-91157baa58ae" />
      <TestMethod codeBase="/Users/zackkhan/Downloads/opstrax-enterprise-build-fixed-nginx/telematics/tests/Opstrax.Telematics.Security.Tests/bin/Release/net8.0/Opstrax.Telematics.Security.Tests.dll" adapterTypeName="executor://xunit/VsTestRunner3/netcore/" className="Opstrax.Telematics.Security.Tests.DefaultDeviceAuthenticatorTests" name="Matching_source_ip_passes_when_pinned" />
    </UnitTest>
    <UnitTest name="Opstrax.Telematics.Security.Tests.DefaultDeviceAuthenticatorTests.Unknown_imei_does_not_resolve_to_an_owner_and_is_rejected" storage="/users/zackkhan/downloads/opstrax-enterprise-build-fixed-nginx/telematics/tests/opstrax.telematics.security.tests/bin/release/net8.0/opstrax.telematics.security.tests.dll" id="df005015-f69b-3df7-2b9a-e6991331b8a0">
      <Execution id="a83512a0-a67c-4d49-a614-31639311dad3" />
      <TestMethod codeBase="/Users/zackkhan/Downloads/opstrax-enterprise-build-fixed-nginx/telematics/tests/Opstrax.Telematics.Security.Tests/bin/Release/net8.0/Opstrax.Telematics.Security.Tests.dll" adapterTypeName="executor://xunit/VsTestRunner3/netcore/" className="Opstrax.Telematics.Security.Tests.DefaultDeviceAuthenticatorTests" name="Unknown_imei_does_not_resolve_to_an_owner_and_is_rejected" />
    </UnitTest>
    <UnitTest name="Opstrax.Telematics.Security.Tests.DefaultDeviceAuthenticatorTests.Wrong_source_ip_is_rejected_when_pinned" storage="/users/zackkhan/downloads/opstrax-enterprise-build-fixed-nginx/telematics/tests/opstrax.telematics.security.tests/bin/release/net8.0/opstrax.telematics.security.tests.dll" id="b226cdb9-5673-5946-91b7-489a2e973ea2">
      <Execution id="7cdf52f3-d19a-4c9b-9f34-9a9bcca349a1" />
      <TestMethod codeBase="/Users/zackkhan/Downloads/opstrax-enterprise-build-fixed-nginx/telematics/tests/Opstrax.Telematics.Security.Tests/bin/Release/net8.0/Opstrax.Telematics.Security.Tests.dll" adapterTypeName="executor://xunit/VsTestRunner3/netcore/" className="Opstrax.Telematics.Security.Tests.DefaultDeviceAuthenticatorTests" name="Wrong_source_ip_is_rejected_when_pinned" />
    </UnitTest>
    <UnitTest name="Opstrax.Telematics.Security.Tests.InMemoryReplayGuardTests.DifferentDevices_AreTrackedIndependently" storage="/users/zackkhan/downloads/opstrax-enterprise-build-fixed-nginx/telematics/tests/opstrax.telematics.security.tests/bin/release/net8.0/opstrax.telematics.security.tests.dll" id="02fe7a7f-a60a-857f-42b1-827ca19e4a9d">
      <Execution id="45e42099-590d-4419-9a0a-82d53c821b98" />
      <TestMethod codeBase="/Users/zackkhan/Downloads/opstrax-enterprise-build-fixed-nginx/telematics/tests/Opstrax.Telematics.Security.Tests/bin/Release/net8.0/Opstrax.Telematics.Security.Tests.dll" adapterTypeName="executor://xunit/VsTestRunner3/netcore/" className="Opstrax.Telematics.Security.Tests.InMemoryReplayGuardTests" name="DifferentDevices_AreTrackedIndependently" />
    </UnitTest>
    <UnitTest name="Opstrax.Telematics.Security.Tests.InMemoryReplayGuardTests.FirstOccurrence_IsAccepted" storage="/users/zackkhan/downloads/opstrax-enterprise-build-fixed-nginx/telematics/tests/opstrax.telematics.security.tests/bin/release/net8.0/opstrax.telematics.security.tests.dll" id="aa20771f-adb9-d906-cc6f-5ae00b53ea14">
      <Execution id="b0c894ba-ba90-47b9-9e08-6d4e89ae4039" />
      <TestMethod codeBase="/Users/zackkhan/Downloads/opstrax-enterprise-build-fixed-nginx/telematics/tests/Opstrax.Telematics.Security.Tests/bin/Release/net8.0/Opstrax.Telematics.Security.Tests.dll" adapterTypeName="executor://xunit/VsTestRunner3/netcore/" className="Opstrax.Telematics.Security.Tests.InMemoryReplayGuardTests" name="FirstOccurrence_IsAccepted" />
    </UnitTest>
    <UnitTest name="Opstrax.Telematics.Security.Tests.DeploymentHardeningContractTests.ServiceManifests_DoNotDeclareTheRetiredTelemetrySecretKeys(manifest: &quot;render.yaml&quot;)" storage="/users/zackkhan/downloads/opstrax-enterprise-build-fixed-nginx/telematics/tests/opstrax.telematics.security.tests/bin/release/net8.0/opstrax.telematics.security.tests.dll" id="12514c01-30ae-a549-8b88-514fe4f56103">
      <Execution id="c3090409-2184-4c91-aebf-0647ab50d90e" />
      <TestMethod codeBase="/Users/zackkhan/Downloads/opstrax-enterprise-build-fixed-nginx/telematics/tests/Opstrax.Telematics.Security.Tests/bin/Release/net8.0/Opstrax.Telematics.Security.Tests.dll" adapterTypeName="executor://xunit/VsTestRunner3/netcore/" className="Opstrax.Telematics.Security.Tests.DeploymentHardeningContractTests" name="ServiceManifests_DoNotDeclareTheRetiredTelemetrySecretKeys" />
    </UnitTest>
    <UnitTest name="Opstrax.Telematics.Security.Tests.DefaultDeviceAuthenticatorTests.Allowlisted_imei_passes_under_allowlist_only_policy" storage="/users/zackkhan/downloads/opstrax-enterprise-build-fixed-nginx/telematics/tests/opstrax.telematics.security.tests/bin/release/net8.0/opstrax.telematics.security.tests.dll" id="876a1422-ad18-208d-fc51-4e67f8114e7c">
      <Execution id="3c96b7ca-03a9-401e-9d8d-968e099ce5a3" />
      <TestMethod codeBase="/Users/zackkhan/Downloads/opstrax-enterprise-build-fixed-nginx/telematics/tests/Opstrax.Telematics.Security.Tests/bin/Release/net8.0/Opstrax.Telematics.Security.Tests.dll" adapterTypeName="executor://xunit/VsTestRunner3/netcore/" className="Opstrax.Telematics.Security.Tests.DefaultDeviceAuthenticatorTests" name="Allowlisted_imei_passes_under_allowlist_only_policy" />
    </UnitTest>
    <UnitTest name="Opstrax.Telematics.Security.Tests.DefaultDeviceAuthenticatorTests.Matching_sim_iccid_passes" storage="/users/zackkhan/downloads/opstrax-enterprise-build-fixed-nginx/telematics/tests/opstrax.telematics.security.tests/bin/release/net8.0/opstrax.telematics.security.tests.dll" id="929a1f52-7257-b563-6fce-b70e411439b7">
      <Execution id="a167eff6-c29b-4425-bc27-77ff997b3081" />
      <TestMethod codeBase="/Users/zackkhan/Downloads/opstrax-enterprise-build-fixed-nginx/telematics/tests/Opstrax.Telematics.Security.Tests/bin/Release/net8.0/Opstrax.Telematics.Security.Tests.dll" adapterTypeName="executor://xunit/VsTestRunner3/netcore/" className="Opstrax.Telematics.Security.Tests.DefaultDeviceAuthenticatorTests" name="Matching_sim_iccid_passes" />
    </UnitTest>
    <UnitTest name="Opstrax.Telematics.Security.Tests.DeploymentHardeningContractTests.ServiceManifests_DoNotDeclareTheRetiredTelemetrySecretKeys(manifest: &quot;docker-compose.yml&quot;)" storage="/users/zackkhan/downloads/opstrax-enterprise-build-fixed-nginx/telematics/tests/opstrax.telematics.security.tests/bin/release/net8.0/opstrax.telematics.security.tests.dll" id="1c8e81f1-6352-877a-8b3f-9fc338644a72">
      <Execution id="b321ea14-0180-4b1f-a001-87df234f8463" />
      <TestMethod codeBase="/Users/zackkhan/Downloads/opstrax-enterprise-build-fixed-nginx/telematics/tests/Opstrax.Telematics.Security.Tests/bin/Release/net8.0/Opstrax.Telematics.Security.Tests.dll" adapterTypeName="executor://xunit/VsTestRunner3/netcore/" className="Opstrax.Telematics.Security.Tests.DeploymentHardeningContractTests" name="ServiceManifests_DoNotDeclareTheRetiredTelemetrySecretKeys" />
    </UnitTest>
    <UnitTest name="Opstrax.Telematics.Security.Tests.DefaultDeviceAuthenticatorTests.Valid_per_device_hmac_authenticates_cryptographically" storage="/users/zackkhan/downloads/opstrax-enterprise-build-fixed-nginx/telematics/tests/opstrax.telematics.security.tests/bin/release/net8.0/opstrax.telematics.security.tests.dll" id="fc67560a-907b-d535-1e78-d92123c3d0d2">
      <Execution id="f790b37a-a8df-40cc-b7e0-f07fe4fdf9f6" />
      <TestMethod codeBase="/Users/zackkhan/Downloads/opstrax-enterprise-build-fixed-nginx/telematics/tests/Opstrax.Telematics.Security.Tests/bin/Release/net8.0/Opstrax.Telematics.Security.Tests.dll" adapterTypeName="executor://xunit/VsTestRunner3/netcore/" className="Opstrax.Telematics.Security.Tests.DefaultDeviceAuthenticatorTests" name="Valid_per_device_hmac_authenticates_cryptographically" />
    </UnitTest>
  </TestDefinitions>
  <TestEntries>
    <TestEntry testId="f30febec-0caa-b4f4-7e9e-370a61c421ba" executionId="43ca2332-e1e2-4be7-a9fa-a34597037c17" testListId="8c84fa94-04c1-424b-9868-57a2d4851a1d" />
    <TestEntry testId="8eb4bff4-5dcf-66b8-58c6-e894c13cf4df" executionId="6d5f3c5a-0597-477d-a0c6-ad6234633ac2" testListId="8c84fa94-04c1-424b-9868-57a2d4851a1d" />
    <TestEntry testId="e2578d55-e8ab-8e9d-bf34-fc21e6332680" executionId="f96ae116-7b4d-40ac-ab6c-45efa59f0237" testListId="8c84fa94-04c1-424b-9868-57a2d4851a1d" />
    <TestEntry testId="8333762b-1700-7cee-ebe2-610c750cb938" executionId="7f15374f-2c1b-4efc-ba33-22b0a44e3d96" testListId="8c84fa94-04c1-424b-9868-57a2d4851a1d" />
    <TestEntry testId="876a1422-ad18-208d-fc51-4e67f8114e7c" executionId="3c96b7ca-03a9-401e-9d8d-968e099ce5a3" testListId="8c84fa94-04c1-424b-9868-57a2d4851a1d" />
    <TestEntry testId="fc67560a-907b-d535-1e78-d92123c3d0d2" executionId="f790b37a-a8df-40cc-b7e0-f07fe4fdf9f6" testListId="8c84fa94-04c1-424b-9868-57a2d4851a1d" />
    <TestEntry testId="445f4c58-7959-336d-ffba-506fa8aeae3c" executionId="7db09f23-e7f8-4d74-b6f0-b97552231313" testListId="8c84fa94-04c1-424b-9868-57a2d4851a1d" />
    <TestEntry testId="a85b62a1-6990-178e-a216-93d9ecde86b9" executionId="1d6f6e07-b688-41f6-9bad-d866654e9429" testListId="8c84fa94-04c1-424b-9868-57a2d4851a1d" />
    <TestEntry testId="94371466-9076-9261-41a6-7005c4d6d632" executionId="196ee251-38e0-49e6-b7c7-6e0e67873999" testListId="8c84fa94-04c1-424b-9868-57a2d4851a1d" />
    <TestEntry testId="44f1c6c1-beab-95ba-6355-0c3540d47682" executionId="d895d4ec-eaa8-4daa-a1c1-1f5acd0ce421" testListId="8c84fa94-04c1-424b-9868-57a2d4851a1d" />
    <TestEntry testId="73806078-f273-81ce-8082-8f3043dd57b5" executionId="e6b4b45f-591e-41f7-a811-07a75511c4b5" testListId="8c84fa94-04c1-424b-9868-57a2d4851a1d" />
    <TestEntry testId="929a1f52-7257-b563-6fce-b70e411439b7" executionId="a167eff6-c29b-4425-bc27-77ff997b3081" testListId="8c84fa94-04c1-424b-9868-57a2d4851a1d" />
    <TestEntry testId="0a075dec-2038-e620-b513-49b8096a1297" executionId="c0b2b324-39aa-43ed-b28f-92adf0875fdf" testListId="8c84fa94-04c1-424b-9868-57a2d4851a1d" />
    <TestEntry testId="bbf4e4b6-a3e6-c065-6642-dcac4eeb6d9e" executionId="c7d17493-63da-478e-9d78-a2fa6d28b80e" testListId="8c84fa94-04c1-424b-9868-57a2d4851a1d" />
    <TestEntry testId="12514c01-30ae-a549-8b88-514fe4f56103" executionId="c3090409-2184-4c91-aebf-0647ab50d90e" testListId="8c84fa94-04c1-424b-9868-57a2d4851a1d" />
    <TestEntry testId="b45449e1-723a-2c45-f11a-69a3341f5e06" executionId="7b565522-5e20-40f8-99de-efaa2b105672" testListId="8c84fa94-04c1-424b-9868-57a2d4851a1d" />
    <TestEntry testId="020684c3-030d-b9cf-1de6-928d0d3201d1" executionId="35001a01-0e59-42c4-9ad9-5e9bfcd45756" testListId="8c84fa94-04c1-424b-9868-57a2d4851a1d" />
    <TestEntry testId="e3af3ca2-c63e-6042-08bd-7fde0088d2bb" executionId="e73ddc0c-86a6-4ecf-b78d-e93b6d53576e" testListId="8c84fa94-04c1-424b-9868-57a2d4851a1d" />
    <TestEntry testId="ebd9c00c-8f04-3736-2030-578bdb5ef18b" executionId="b3b2338b-2536-4e40-95f4-916b0037836a" testListId="8c84fa94-04c1-424b-9868-57a2d4851a1d" />
    <TestEntry testId="8348dcab-c662-7ab7-5663-c35b23b33b60" executionId="f6d915db-1bf4-40b8-9006-607005be4468" testListId="8c84fa94-04c1-424b-9868-57a2d4851a1d" />
    <TestEntry testId="7ddd372f-7024-a461-f6b2-948bfeaf7fa6" executionId="aa843c2f-339d-40d1-989f-aee8804738c4" testListId="8c84fa94-04c1-424b-9868-57a2d4851a1d" />
    <TestEntry testId="bcfa12ee-dc11-f321-14f8-ddfb994896fd" executionId="b5c2eccf-b9e9-426d-a44d-d9a8de31a2f3" testListId="8c84fa94-04c1-424b-9868-57a2d4851a1d" />
    <TestEntry testId="c9e0dbfe-fb19-0513-1c60-0d5fa1cb9b4a" executionId="6e6ccc5c-f6f1-42fb-b596-4b257bec38df" testListId="8c84fa94-04c1-424b-9868-57a2d4851a1d" />
    <TestEntry testId="f882a6bd-a657-b9a6-9021-f6e76a46ce70" executionId="98ec416c-e931-4f17-9975-6b7abe2f14f7" testListId="8c84fa94-04c1-424b-9868-57a2d4851a1d" />
    <TestEntry testId="77228ea7-03de-2ec4-d54b-aa6f95815862" executionId="9e670f1e-e282-428a-9d42-9ba55213592c" testListId="8c84fa94-04c1-424b-9868-57a2d4851a1d" />
    <TestEntry testId="0ed9aa71-184a-13d6-615c-3852b0f7c490" executionId="ea9103ae-ae46-434f-bc82-a6f565f045ab" testListId="8c84fa94-04c1-424b-9868-57a2d4851a1d" />
    <TestEntry testId="17e34384-f51e-b57d-329c-d3b513995bb4" executionId="8f8dc5d4-a59e-45f2-b452-2d368c724180" testListId="8c84fa94-04c1-424b-9868-57a2d4851a1d" />
    <TestEntry testId="f789d0bd-9f00-840f-a67a-d03863f20f28" executionId="0246a7ce-6b7c-4f05-8eba-398ebe64fbf2" testListId="8c84fa94-04c1-424b-9868-57a2d4851a1d" />
    <TestEntry testId="1ddca2af-2a79-d09b-7f3e-a66d5d3c477d" executionId="1cd1cc7a-0009-4b4b-9cbb-3a9806f469ce" testListId="8c84fa94-04c1-424b-9868-57a2d4851a1d" />
    <TestEntry testId="b1840d51-a99d-014a-dda8-dd65b5943dd4" executionId="5f1e8c5a-3629-485f-9c05-ffd8d41baa4c" testListId="8c84fa94-04c1-424b-9868-57a2d4851a1d" />
    <TestEntry testId="1c8e81f1-6352-877a-8b3f-9fc338644a72" executionId="b321ea14-0180-4b1f-a001-87df234f8463" testListId="8c84fa94-04c1-424b-9868-57a2d4851a1d" />
    <TestEntry testId="ba56164b-5b75-9c76-6eba-d8deae41552a" executionId="1e277e37-026b-4e57-aa2e-abdf26256c0b" testListId="8c84fa94-04c1-424b-9868-57a2d4851a1d" />
    <TestEntry testId="be0c5350-8836-2918-e325-3c1ba031c088" executionId="a01fa5dc-b809-400d-ab74-91157baa58ae" testListId="8c84fa94-04c1-424b-9868-57a2d4851a1d" />
    <TestEntry testId="d3d6281b-502d-f105-61f5-21203a86184c" executionId="3b768251-de34-4bd4-8110-90f1e502ca3b" testListId="8c84fa94-04c1-424b-9868-57a2d4851a1d" />
    <TestEntry testId="50f25420-b2e5-2980-e396-6fa66e439793" executionId="f15d4a8d-6206-4430-885a-e1c511d56b9c" testListId="8c84fa94-04c1-424b-9868-57a2d4851a1d" />
    <TestEntry testId="df005015-f69b-3df7-2b9a-e6991331b8a0" executionId="a83512a0-a67c-4d49-a614-31639311dad3" testListId="8c84fa94-04c1-424b-9868-57a2d4851a1d" />
    <TestEntry testId="ccbcbc7f-3460-9ab2-e32d-6b0aebd5c9f6" executionId="4ed69442-98a2-4be9-9207-5c5891c748a4" testListId="8c84fa94-04c1-424b-9868-57a2d4851a1d" />
    <TestEntry testId="09b67f79-67f3-dd19-acfc-24a9a027d1f8" executionId="a9243e86-918d-4701-a4e3-5799cae61007" testListId="8c84fa94-04c1-424b-9868-57a2d4851a1d" />
    <TestEntry testId="b226cdb9-5673-5946-91b7-489a2e973ea2" executionId="7cdf52f3-d19a-4c9b-9f34-9a9bcca349a1" testListId="8c84fa94-04c1-424b-9868-57a2d4851a1d" />
    <TestEntry testId="5b940e85-0c26-a8cd-19e4-a4252bf33884" executionId="a28d9130-9576-4570-93ea-e6606d96350a" testListId="8c84fa94-04c1-424b-9868-57a2d4851a1d" />
    <TestEntry testId="d17baf58-e266-3d04-19ee-4953343e329e" executionId="f469cd41-bc27-4576-b237-2c1009cdda06" testListId="8c84fa94-04c1-424b-9868-57a2d4851a1d" />
    <TestEntry testId="cdd77305-7bfb-9fb0-2ac9-ffc552f4b4b1" executionId="b25e412f-0d79-4670-b75c-d63b96314acb" testListId="8c84fa94-04c1-424b-9868-57a2d4851a1d" />
    <TestEntry testId="aa20771f-adb9-d906-cc6f-5ae00b53ea14" executionId="b0c894ba-ba90-47b9-9e08-6d4e89ae4039" testListId="8c84fa94-04c1-424b-9868-57a2d4851a1d" />
    <TestEntry testId="2a2826e9-1e37-c5e9-af51-8ec0d48dcba7" executionId="bdb5887e-66f9-47cd-9aef-98e6e96807fe" testListId="8c84fa94-04c1-424b-9868-57a2d4851a1d" />
    <TestEntry testId="02fe7a7f-a60a-857f-42b1-827ca19e4a9d" executionId="45e42099-590d-4419-9a0a-82d53c821b98" testListId="8c84fa94-04c1-424b-9868-57a2d4851a1d" />
    <TestEntry testId="7bb3df63-f03f-5f86-ea02-92366f6fbf3a" executionId="df3d0033-8683-4a18-884b-8741dca310c6" testListId="8c84fa94-04c1-424b-9868-57a2d4851a1d" />
    <TestEntry testId="40809114-38e6-e601-3df7-c1cbc3eea77d" executionId="d8377e37-7a2c-4456-ac18-94864daaa7f1" testListId="8c84fa94-04c1-424b-9868-57a2d4851a1d" />
  </TestEntries>
  <TestLists>
    <TestList name="Results Not in a List" id="8c84fa94-04c1-424b-9868-57a2d4851a1d" />
    <TestList name="All Loaded Results" id="19431567-8539-422a-85d7-44ee4e166bda" />
  </TestLists>
  <ResultSummary outcome="Completed">
    <Counters total="47" executed="47" passed="47" failed="0" error="0" timeout="0" aborted="0" inconclusive="0" passedButRunAborted="0" notRunnable="0" notExecuted="0" disconnected="0" warning="0" completed="0" inProgress="0" pending="0" />
    <Output>
      <StdOut>[xUnit.net 00:00:00.00] xUnit.net VSTest Adapter v3.1.4+50e68bbb8b (64-bit .NET 8.0.27)
[xUnit.net 00:00:00.04]   Discovering: Opstrax.Telematics.Security.Tests
[xUnit.net 00:00:00.06]   Discovered:  Opstrax.Telematics.Security.Tests
[xUnit.net 00:00:00.07]   Starting:    Opstrax.Telematics.Security.Tests
[xUnit.net 00:00:00.12]   Finished:    Opstrax.Telematics.Security.Tests
</StdOut>
    </Output>
  </ResultSummary>
</TestRun>